03-27 11:08:24.689 14784 14784 D WindowOnBackDispatcher: setTopOnBackInvokedCallback (unwrapped): android.view.ViewRootImpl$$ExternalSyntheticLambda13@b4f0023
03-27 11:08:24.689   679  1144 D CoreBackPreview: Window{79d3fe4 u0 co.ke.roadready.provider/co.ke.roadready.provider.MainActivity}: Setting back callback OnBackInvokedCallbackInfo{mCallback=android.window.IOnBackInvokedCallback$Stub$Proxy@671c413, mPriority=0, mIsAnimationCallback=false, mOverrideBehavior=0}
03-27 11:08:24.694   679  1144 D WindowManager: setClientSurface Surface(name=VRI-co.ke.roadready.provider/co.ke.roadready.provider.MainActivity#387)/@0x1e07650 for 79d3fe4 co.ke.roadready.provider/co.ke.roadready.provider.MainActivity
03-27 11:08:24.699 14784 14784 I Surface : Creating surface for consumer unnamed-14784-0 with slotExpansion=1 for 64 slots
03-27 11:08:24.703 14784 14784 I Surface : Creating surface for consumer VRI[MainActivity]#0(BLAST Consumer)0 with slotExpansion=1 for 64 slots
03-27 11:08:24.711   506   582 W skia    : AGTM parsing failed flags.readFromStream(s) at 159
03-27 11:08:24.812   506   582 W skia    : AGTM parsing failed flags.readFromStream(s) at 159
03-27 11:08:24.885   679   711 W Looper  : Slow dispatch took 712ms android.ui app=system_server main=false group=TOP_APP h=android.view.Choreographer$FrameHandler c=android.view.Choreographer$FrameDisplayEventReceiver@202f2da m=0
03-27 11:08:24.888   679   711 W Looper  : Slow delivery took 743ms android.ui app=system_server main=false group=TOP_APP h=com.android.server.wm.DisplayPolicy$PolicyHandler c=com.android.server.wm.DisplayPolicy$$ExternalSyntheticLambda15@6aa8e6f m=0
03-27 11:08:24.889   679   711 I Choreographer: Skipped 42 frames!  The application may be doing too much work on its main thread.
03-27 11:08:24.923   679  1631 I HWUI    : Davey! duration=732ms; Flags=1, FrameTimelineVsyncId=36175, IntendedVsync=2810017103132, Vsync=2810050436464, InputEventId=0, HandleInputStart=2810060756694, AnimationStart=2810062404494, PerformTraversalsStart=2810062484194, DrawStart=2810405076794, FrameDeadline=2810033769798, FrameStartTime=2810060735894, FrameInterval=16666666, WorkloadTarget=16666666, SyncQueued=2810410981194, SyncStart=2810439214194, IssueDrawCommandsStart=2810439555894, SwapBuffers=2810752426194, FrameCompleted=2810777704094, DequeueBufferDuration=58500, QueueBufferDuration=2956300, GpuCompleted=2810777704094, SwapBuffersCompleted=2810767539894, DisplayPresentTime=0, CommandSubmissionCompleted=2810752426194, 
03-27 11:08:24.931   679   710 I ActivityTaskManager: Displayed co.ke.roadready.provider/.MainActivity for user 0: +1s602ms
03-27 11:08:24.932   679   711 W Looper  : Drained
03-27 11:08:24.943   679  1506 I HWUI    : Davey! duration=751ms; Flags=0, FrameTimelineVsyncId=36220, IntendedVsync=2810067103130, Vsync=2810767103102, InputEventId=0, HandleInputStart=2810777838194, AnimationStart=2810777938494, PerformTraversalsStart=2810778688694, DrawStart=2810781696294, FrameDeadline=2810800436434, FrameStartTime=2810775507294, FrameInterval=16666666, WorkloadTarget=16666666, SyncQueued=2810782126794, SyncStart=2810782901494, IssueDrawCommandsStart=2810783085794, SwapBuffers=2810789747094, FrameCompleted=2810819116194, DequeueBufferDuration=92700, QueueBufferDuration=4103000, GpuCompleted=2810819116194, SwapBuffersCompleted=2810804755494, DisplayPresentTime=0, CommandSubmissionCompleted=2810789747094, 
03-27 11:08:24.947   506   582 W skia    : AGTM parsing failed flags.readFromStream(s) at 159
03-27 11:08:24.947   506   582 W skia    : AGTM parsing failed flags.readFromStream(s) at 159
03-27 11:08:24.974 10234 10234 D BaseActivity: Launcher flags updated: [] -[state_started]
03-27 11:08:24.974 10234 10234 D BaseDepthController: setSurface:
03-27 11:08:24.974 10234 10234 D BaseDepthController: 	mWaitingOnSurfaceValidity: false
03-27 11:08:24.974 10234 10234 D BaseDepthController: 	mBaseSurface: null
03-27 11:08:24.974 10234 10234 D BaseDepthController: mSurface is null and mCurrentBlur is: 0
03-27 11:08:24.977 10234 10234 D LauncherStateManager: StateManager.goToState: fromState: Normal, toState: Normal, partial trace:
03-27 11:08:24.977 10234 10234 D LauncherStateManager: 	at com.android.launcher3.statemanager.StateManager.moveToRestState(go/retraceme 7226a759aa2bb3787a79806f85d80eaad84f1f1e15acd6db988f2df789d1680d:26)
03-27 11:08:24.977 10234 10234 D LauncherStateManager: 	at com.android.launcher3.statemanager.StateManager.moveToRestState(go/retraceme 7226a759aa2bb3787a79806f85d80eaad84f1f1e15acd6db988f2df789d1680d:35)
03-27 11:08:24.977 10234 10234 D LauncherStateManager: 	at com.android.launcher3.statemanager.StatefulActivity.onStop(go/retraceme 7226a759aa2bb3787a79806f85d80eaad84f1f1e15acd6db988f2df789d1680d:31)
03-27 11:08:24.979 10234 10234 D LauncherStateManager: StateManager.onRepeatStateSetAborted: state: Normal
03-27 11:08:24.982 10234 10234 D KeyboardStateManager: hideKeyboard
03-27 11:08:24.982 10234 10234 D KeyboardStateManager: isImeShown: false
03-27 11:08:24.983 10234 10234 D StatsLog: LAUNCHER_ONSTOP
03-27 11:08:24.988 10234 10234 D StatsLog: LAUNCHER_GOOGLE_SEARCH_RESTORE_LIST_SIZE_AFTER_ACTIVITY_RESTART
03-27 11:08:24.991 14784 14823 I ExpoModulesCore: Γ£à AppContext was initialized
03-27 11:08:25.007  4292  5787 I FontLog : (REDACTED) Received query %s, URI %s
03-27 11:08:25.007  4292  5787 I FontLog : (REDACTED) Query [%s] resolved to %s
03-27 11:08:25.046   506   582 W skia    : AGTM parsing failed flags.readFromStream(s) at 159
03-27 11:08:25.046   506   582 W skia    : AGTM parsing failed flags.readFromStream(s) at 159
03-27 11:08:25.046   506   582 W skia    : AGTM parsing failed flags.readFromStream(s) at 159
03-27 11:08:25.091  4292  9695 I FontLog : (REDACTED) Download failed for %s
03-27 11:08:25.093  4292  4501 W FontLog : Connection failure for https://fonts.gstatic.com/s/a/directory029.pb [CONTEXT service_id=132 ]
03-27 11:08:25.093  4292  4501 W FontLog : java.util.concurrent.ExecutionException: crpd: Failed to process request
03-27 11:08:25.093  4292  4501 W FontLog : 	at kok.n(:com.google.android.gms@260235038@26.02.35 (260800-862924022):21)
03-27 11:08:25.093  4292  4501 W FontLog : 	at kok.get(:com.google.android.gms@260235038@26.02.35 (260800-862924022):99)
03-27 11:08:25.093  4292  4501 W FontLog : 	at kop.get(:com.google.android.gms@260235038@26.02.35 (260800-862924022):8)
03-27 11:08:25.093  4292  4501 W FontLog : 	at bvgu.run(:com.google.android.gms@260235038@26.02.35 (260800-862924022):13)
03-27 11:08:25.093  4292  4501 W FontLog : 	at bera.c(:com.google.android.gms@260235038@26.02.35 (260800-862924022):50)
03-27 11:08:25.093  4292  4501 W FontLog : 	at bera.run(:com.google.android.gms@260235038@26.02.35 (260800-862924022):73)
03-27 11:08:25.093  4292  4501 W FontLog : 	at java.util.concurrent.ThreadPoolExecutor.runWorker(ThreadPoolExecutor.java:1100)
03-27 11:08:25.093  4292  4501 W FontLog : 	at java.util.concurrent.ThreadPoolExecutor$Worker.run(ThreadPoolExecutor.java:624)
03-27 11:08:25.093  4292  4501 W FontLog : 	at bewr.run(:com.google.android.gms@260235038@26.02.35 (260800-862924022):8)
03-27 11:08:25.093  4292  4501 W FontLog : 	at java.lang.Thread.run(Thread.java:1572)
03-27 11:08:25.093  4292  4501 W FontLog : Caused by: crpd: Failed to process request
03-27 11:08:25.093  4292  4501 W FontLog : 	at crpk.a(:com.google.android.gms@260235038@26.02.35 (260800-862924022):23)
03-27 11:08:25.093  4292  4501 W FontLog : 	at crtb.b(:com.google.android.gms@260235038@26.02.35 (260800-862924022):15)
03-27 11:08:25.093  4292  4501 W FontLog : 	at crts.onFailed(:com.google.android.gms@260235038@26.02.35 (260800-862924022):15)
03-27 11:08:25.093  4292  4501 W FontLog : 	at m1.nf.onFailed(:com.google.android.gms.dynamite_cronetdynamite@260235038@26.02.35 (260800-0):3)
03-27 11:08:25.093  4292  4501 W FontLog : 	at m1.mb.run(:com.google.android.gms.dynamite_cronetdynamite@260235038@26.02.35 (260800-0):16)
03-27 11:08:25.093  4292  4501 W FontLog : 	... 6 more
03-27 11:08:25.093  4292  4501 W FontLog : Caused by: m1.mo: Exception in CronetUrlRequest: net::ERR_INTERNET_DISCONNECTED, ErrorCode=2, InternalErrorCode=-106, Retryable=false
03-27 11:08:25.093  4292  4501 W FontLog : 	at org.chromium.net.impl.CronetUrlRequest.onError(:com.google.android.gms.dynamite_cronetdynamite@260235038@26.02.35 (260800-0):3)
03-27 11:08:25.095 14784 14823 D nativeloader: Load /data/app/~~Y2UdRi0AbfPnmo7cYbgK2Q==/co.ke.roadready.provider-kn14ZbhT_r1PU5off4HtIA==/lib/x86_64/libyoga.so using class loader ns clns-9 (caller=/data/app/~~Y2UdRi0AbfPnmo7cYbgK2Q==/co.ke.roadready.provider-kn14ZbhT_r1PU5off4HtIA==/base.apk): ok
03-27 11:08:25.096 14784 14823 D nativeloader: Load /data/app/~~Y2UdRi0AbfPnmo7cYbgK2Q==/co.ke.roadready.provider-kn14ZbhT_r1PU5off4HtIA==/lib/x86_64/libjsinspector.so using class loader ns clns-9 (caller=/data/app/~~Y2UdRi0AbfPnmo7cYbgK2Q==/co.ke.roadready.provider-kn14ZbhT_r1PU5off4HtIA==/base.apk): ok
03-27 11:08:25.097 14784 14823 D nativeloader: Load /data/app/~~Y2UdRi0AbfPnmo7cYbgK2Q==/co.ke.roadready.provider-kn14ZbhT_r1PU5off4HtIA==/lib/x86_64/libreact_render_core.so using class loader ns clns-9 (caller=/data/app/~~Y2UdRi0AbfPnmo7cYbgK2Q==/co.ke.roadready.provider-kn14ZbhT_r1PU5off4HtIA==/base.apk): ok
03-27 11:08:25.099 14784 14823 D nativeloader: Load /data/app/~~Y2UdRi0AbfPnmo7cYbgK2Q==/co.ke.roadready.provider-kn14ZbhT_r1PU5off4HtIA==/lib/x86_64/libreact_render_mapbuffer.so using class loader ns clns-9 (caller=/data/app/~~Y2UdRi0AbfPnmo7cYbgK2Q==/co.ke.roadready.provider-kn14ZbhT_r1PU5off4HtIA==/base.apk): ok
03-27 11:08:25.102 14784 14823 D nativeloader: Load /data/app/~~Y2UdRi0AbfPnmo7cYbgK2Q==/co.ke.roadready.provider-kn14ZbhT_r1PU5off4HtIA==/lib/x86_64/libreact_render_debug.so using class loader ns clns-9 (caller=/data/app/~~Y2UdRi0AbfPnmo7cYbgK2Q==/co.ke.roadready.provider-kn14ZbhT_r1PU5off4HtIA==/base.apk): ok
03-27 11:08:25.104 14784 14823 D nativeloader: Load /data/app/~~Y2UdRi0AbfPnmo7cYbgK2Q==/co.ke.roadready.provider-kn14ZbhT_r1PU5off4HtIA==/lib/x86_64/libruntimeexecutor.so using class loader ns clns-9 (caller=/data/app/~~Y2UdRi0AbfPnmo7cYbgK2Q==/co.ke.roadready.provider-kn14ZbhT_r1PU5off4HtIA==/base.apk): ok
03-27 11:08:25.111  4292  4501 W FontLog : No resolver, short-circuit {Noto Color Emoji Compat, wdth 100.0, wght 400, ital 0.0, bestEffort false}, isVf false} for co.ke.roadready.provider to failure [CONTEXT service_id=132 ]
03-27 11:08:25.116  4292  5787 I FontLog : (REDACTED) Fetch %s end status %s
03-27 11:08:25.139 14784 14823 D nativeloader: Load /data/app/~~Y2UdRi0AbfPnmo7cYbgK2Q==/co.ke.roadready.provider-kn14ZbhT_r1PU5off4HtIA==/lib/x86_64/libfolly_runtime.so using class loader ns clns-9 (caller=/data/app/~~Y2UdRi0AbfPnmo7cYbgK2Q==/co.ke.roadready.provider-kn14ZbhT_r1PU5off4HtIA==/base.apk): ok
03-27 11:08:25.140 14784 14823 D nativeloader: Load /data/app/~~Y2UdRi0AbfPnmo7cYbgK2Q==/co.ke.roadready.provider-kn14ZbhT_r1PU5off4HtIA==/lib/x86_64/libglog.so using class loader ns clns-9 (caller=/data/app/~~Y2UdRi0AbfPnmo7cYbgK2Q==/co.ke.roadready.provider-kn14ZbhT_r1PU5off4HtIA==/base.apk): ok
03-27 11:08:25.141 14784 14823 D nativeloader: Load /data/app/~~Y2UdRi0AbfPnmo7cYbgK2Q==/co.ke.roadready.provider-kn14ZbhT_r1PU5off4HtIA==/lib/x86_64/libc++_shared.so using class loader ns clns-9 (caller=/data/app/~~Y2UdRi0AbfPnmo7cYbgK2Q==/co.ke.roadready.provider-kn14ZbhT_r1PU5off4HtIA==/base.apk): ok
03-27 11:08:25.143 14784 14823 D nativeloader: Load /data/app/~~Y2UdRi0AbfPnmo7cYbgK2Q==/co.ke.roadready.provider-kn14ZbhT_r1PU5off4HtIA==/base.apk!/lib/x86_64/libjsi.so using class loader ns clns-9 (caller=/data/app/~~Y2UdRi0AbfPnmo7cYbgK2Q==/co.ke.roadready.provider-kn14ZbhT_r1PU5off4HtIA==/base.apk): ok
03-27 11:08:25.159   506   582 W skia    : AGTM parsing failed flags.readFromStream(s) at 159
03-27 11:08:25.159   506   582 W skia    : AGTM parsing failed flags.readFromStream(s) at 159
03-27 11:08:25.160   506   582 W skia    : AGTM parsing failed flags.readFromStream(s) at 159
03-27 11:08:25.177 14784 14823 D nativeloader: Load /data/app/~~Y2UdRi0AbfPnmo7cYbgK2Q==/co.ke.roadready.provider-kn14ZbhT_r1PU5off4HtIA==/lib/x86_64/libreact_featureflags.so using class loader ns clns-9 (caller=/data/app/~~Y2UdRi0AbfPnmo7cYbgK2Q==/co.ke.roadready.provider-kn14ZbhT_r1PU5off4HtIA==/base.apk): ok
03-27 11:08:25.204 14784 14823 D nativeloader: Load /data/app/~~Y2UdRi0AbfPnmo7cYbgK2Q==/co.ke.roadready.provider-kn14ZbhT_r1PU5off4HtIA==/base.apk!/lib/x86_64/libreact_debug.so using class loader ns clns-9 (caller=/data/app/~~Y2UdRi0AbfPnmo7cYbgK2Q==/co.ke.roadready.provider-kn14ZbhT_r1PU5off4HtIA==/base.apk): ok
03-27 11:08:25.205 14784 14823 D nativeloader: Load /data/app/~~Y2UdRi0AbfPnmo7cYbgK2Q==/co.ke.roadready.provider-kn14ZbhT_r1PU5off4HtIA==/base.apk!/lib/x86_64/libreact_utils.so using class loader ns clns-9 (caller=/data/app/~~Y2UdRi0AbfPnmo7cYbgK2Q==/co.ke.roadready.provider-kn14ZbhT_r1PU5off4HtIA==/base.apk): ok
03-27 11:08:25.244 14784 14823 D nativeloader: Load /data/app/~~Y2UdRi0AbfPnmo7cYbgK2Q==/co.ke.roadready.provider-kn14ZbhT_r1PU5off4HtIA==/base.apk!/lib/x86_64/libreact_render_graphics.so using class loader ns clns-9 (caller=/data/app/~~Y2UdRi0AbfPnmo7cYbgK2Q==/co.ke.roadready.provider-kn14ZbhT_r1PU5off4HtIA==/base.apk): ok
03-27 11:08:25.253 14784 14823 D nativeloader: Load /data/app/~~Y2UdRi0AbfPnmo7cYbgK2Q==/co.ke.roadready.provider-kn14ZbhT_r1PU5off4HtIA==/lib/x86_64/libreactperfloggerjni.so using class loader ns clns-9 (caller=/data/app/~~Y2UdRi0AbfPnmo7cYbgK2Q==/co.ke.roadready.provider-kn14ZbhT_r1PU5off4HtIA==/base.apk): ok
03-27 11:08:25.259 14784 14823 D nativeloader: Load /data/app/~~Y2UdRi0AbfPnmo7cYbgK2Q==/co.ke.roadready.provider-kn14ZbhT_r1PU5off4HtIA==/base.apk!/lib/x86_64/libreactnativejni.so using class loader ns clns-9 (caller=/data/app/~~Y2UdRi0AbfPnmo7cYbgK2Q==/co.ke.roadready.provider-kn14ZbhT_r1PU5off4HtIA==/base.apk): ok
03-27 11:08:25.260   506   582 W skia    : AGTM parsing failed flags.readFromStream(s) at 159
03-27 11:08:25.260   506   582 W skia    : AGTM parsing failed flags.readFromStream(s) at 159
03-27 11:08:25.260   506   582 W skia    : AGTM parsing failed flags.readFromStream(s) at 159
03-27 11:08:25.273 10234 10240 W System  : A resource failed to call release. 
03-27 11:08:25.273 10234 10240 W System  : A resource failed to call release. 
03-27 11:08:25.273 10234 10240 W System  : A resource failed to call release. 
03-27 11:08:25.347  1170  1306 D WindowOnBackDispatcher: setTopOnBackInvokedCallback (unwrapped): null
03-27 11:08:25.351   679   704 D CoreBackPreview: Window{dc2e848 u0 Splash Screen co.ke.roadready.provider EXITING}: Setting back callback null
03-27 11:08:25.361   506   582 W skia    : AGTM parsing failed flags.readFromStream(s) at 159
03-27 11:08:25.361   506   582 W skia    : AGTM parsing failed flags.readFromStream(s) at 159
03-27 11:08:25.361   506   582 W skia    : AGTM parsing failed flags.readFromStream(s) at 159
03-27 11:08:25.384 14784 14833 W unknown:ViewManagerPropertyUpdater: Could not find generated setter for class com.facebook.react.views.drawer.ReactDrawerLayoutManager
03-27 11:08:25.397 14784 14833 W unknown:ViewManagerPropertyUpdater: Could not find generated setter for class com.facebook.react.uimanager.LayoutShadowNode
03-27 11:08:25.400 14784 14833 W unknown:ViewManagerPropertyUpdater: Could not find generated setter for class com.facebook.react.views.scroll.ReactHorizontalScrollViewManager
03-27 11:08:25.406 14784 14833 W unknown:ViewManagerPropertyUpdater: Could not find generated setter for class com.facebook.react.views.scroll.ReactHorizontalScrollContainerViewManager
03-27 11:08:25.409 14784 14833 W unknown:ViewManagerPropertyUpdater: Could not find generated setter for class com.facebook.react.views.progressbar.ReactProgressBarViewManager
03-27 11:08:25.412 14784 14833 W unknown:ViewManagerPropertyUpdater: Could not find generated setter for class com.facebook.react.views.progressbar.ProgressBarShadowNode
03-27 11:08:25.413 14784 14833 W unknown:ViewManagerPropertyUpdater: Could not find generated setter for class com.facebook.react.views.scroll.ReactScrollViewManager
03-27 11:08:25.417 14784 14833 W unknown:ViewManagerPropertyUpdater: Could not find generated setter for class com.facebook.react.views.switchview.ReactSwitchManager
03-27 11:08:25.423 14784 14833 W unknown:ViewManagerPropertyUpdater: Could not find generated setter for class com.facebook.react.views.switchview.ReactSwitchManager$ReactSwitchShadowNode
03-27 11:08:25.423 14784 14833 W unknown:ViewManagerPropertyUpdater: Could not find generated setter for class com.facebook.react.views.swiperefresh.SwipeRefreshLayoutManager
03-27 11:08:25.428 14784 14833 W unknown:ViewManagerPropertyUpdater: Could not find generated setter for class com.facebook.react.views.text.frescosupport.FrescoBasedReactTextInlineImageViewManager
03-27 11:08:25.429 14784 14833 W unknown:ViewManagerPropertyUpdater: Could not find generated setter for class com.facebook.react.views.text.frescosupport.FrescoBasedReactTextInlineImageShadowNode
03-27 11:08:25.432 14784 14833 W unknown:ViewManagerPropertyUpdater: Could not find generated setter for class com.facebook.react.views.image.ReactImageManager
03-27 11:08:25.436 14784 14833 W unknown:ViewManagerPropertyUpdater: Could not find generated setter for class com.facebook.react.views.modal.ReactModalHostManager
03-27 11:08:25.438 14784 14833 W unknown:ViewManagerPropertyUpdater: Could not find generated setter for class com.facebook.react.views.modal.ModalHostShadowNode
03-27 11:08:25.438 14784 14833 W unknown:ViewManagerPropertyUpdater: Could not find generated setter for class com.facebook.react.views.text.ReactRawTextManager
03-27 11:08:25.443 14784 14833 W unknown:ViewManagerPropertyUpdater: Could not find generated setter for class com.facebook.react.views.text.ReactRawTextShadowNode
03-27 11:08:25.445 14784 14833 W unknown:ViewManagerPropertyUpdater: Could not find generated setter for class com.facebook.react.views.textinput.ReactTextInputManager
03-27 11:08:25.454 14784 14833 W unknown:ViewManagerPropertyUpdater: Could not find generated setter for class com.facebook.react.views.textinput.ReactTextInputShadowNode
03-27 11:08:25.457 14784 14833 W unknown:ViewManagerPropertyUpdater: Could not find generated setter for class com.facebook.react.views.text.ReactTextViewManager
03-27 11:08:25.459 14784 14833 W unknown:ViewManagerPropertyUpdater: Could not find generated setter for class com.facebook.react.views.text.ReactTextShadowNode
03-27 11:08:25.461 14784 14833 W unknown:ViewManagerPropertyUpdater: Could not find generated setter for class com.facebook.react.views.view.ReactViewManager
03-27 11:08:25.465 14784 14833 W unknown:ViewManagerPropertyUpdater: Could not find generated setter for class com.facebook.react.views.text.ReactVirtualTextViewManager
03-27 11:08:25.478 14784 14833 W unknown:ViewManagerPropertyUpdater: Could not find generated setter for class com.facebook.react.views.text.ReactVirtualTextShadowNode
03-27 11:08:25.479   506   582 W skia    : AGTM parsing failed flags.readFromStream(s) at 159
03-27 11:08:25.479   506   582 W skia    : AGTM parsing failed flags.readFromStream(s) at 159
03-27 11:08:25.479   506   582 W skia    : AGTM parsing failed flags.readFromStream(s) at 159
03-27 11:08:25.479 14784 14833 W unknown:ViewManagerPropertyUpdater: Could not find generated setter for class com.facebook.react.views.unimplementedview.ReactUnimplementedViewManager
03-27 11:08:25.481 14784 14833 W unknown:ViewManagerPropertyUpdater: Could not find generated setter for class io.sentry.react.RNSentryOnDrawReporterManager
03-27 11:08:25.484 14784 14833 W unknown:ViewManagerPropertyUpdater: Could not find generated setter for class com.rnmaps.maps.MapManager
03-27 11:08:25.489 14784 14833 W unknown:ViewManagerPropertyUpdater: Could not find generated setter for class com.rnmaps.maps.MapMarkerManager
03-27 11:08:25.492 14784 14833 W unknown:ViewManagerPropertyUpdater: Could not find generated setter for class com.rnmaps.maps.MapCalloutManager
03-27 11:08:25.495 14784 14833 W unknown:ViewManagerPropertyUpdater: Could not find generated setter for class com.rnmaps.maps.MapPolylineManager
03-27 11:08:25.499 14784 14833 W unknown:ViewManagerPropertyUpdater: Could not find generated setter for class com.rnmaps.maps.MapGradientPolylineManager
03-27 11:08:25.501 14784 14833 W unknown:ViewManagerPropertyUpdater: Could not find generated setter for class com.rnmaps.maps.MapPolygonManager
03-27 11:08:25.503 14784 14833 W unknown:ViewManagerPropertyUpdater: Could not find generated setter for class com.rnmaps.maps.MapCircleManager
03-27 11:08:25.504 14784 14833 W unknown:ViewManagerPropertyUpdater: Could not find generated setter for class com.rnmaps.maps.MapUrlTileManager
03-27 11:08:25.507 14784 14833 W unknown:ViewManagerPropertyUpdater: Could not find generated setter for class com.rnmaps.maps.MapWMSTileManager
03-27 11:08:25.510 14784 14833 W unknown:ViewManagerPropertyUpdater: Could not find generated setter for class com.rnmaps.maps.MapLocalTileManager
03-27 11:08:25.512 14784 14833 W unknown:ViewManagerPropertyUpdater: Could not find generated setter for class com.rnmaps.maps.MapOverlayManager
03-27 11:08:25.513 14784 14833 W unknown:ViewManagerPropertyUpdater: Could not find generated setter for class com.rnmaps.maps.MapHeatmapManager
03-27 11:08:25.581   506   582 W skia    : AGTM parsing failed flags.readFromStream(s) at 159
03-27 11:08:25.581   506   582 W skia    : AGTM parsing failed flags.readFromStream(s) at 159
03-27 11:08:25.600 14784 14832 D nativeloader: Load /data/app/~~Y2UdRi0AbfPnmo7cYbgK2Q==/co.ke.roadready.provider-kn14ZbhT_r1PU5off4HtIA==/lib/x86_64/libreactnativeblob.so using class loader ns clns-9 (caller=/data/app/~~Y2UdRi0AbfPnmo7cYbgK2Q==/co.ke.roadready.provider-kn14ZbhT_r1PU5off4HtIA==/base.apk): ok
03-27 11:08:25.608 14784 14832 V AsyncStorageExpoMigration: No scoped database found
03-27 11:08:25.632 14784 14832 D nativeloader: Load /data/app/~~Y2UdRi0AbfPnmo7cYbgK2Q==/co.ke.roadready.provider-kn14ZbhT_r1PU5off4HtIA==/lib/x86_64/libexpo-modules-core.so using class loader ns clns-9 (caller=/data/app/~~Y2UdRi0AbfPnmo7cYbgK2Q==/co.ke.roadready.provider-kn14ZbhT_r1PU5off4HtIA==/base.apk): ok
03-27 11:08:25.635   679  1631 D ConnectivityService: requestNetwork for uid/pid:10229/14784 activeRequest: null callbackRequest: 270 [NetworkRequest [ REQUEST id=271, [ Capabilities: INTERNET&NOT_RESTRICTED&TRUSTED&NOT_VCN_MANAGED&NOT_BANDWIDTH_CONSTRAINED Uid: 10229 RequestorUid: 10229 RequestorPkg: co.ke.roadready.provider UnderlyingNetworks: Null] ]] callback flags: 0 order: 2147483647 isUidTracked: false declaredMethods: AVAIL|LOSING|LOST|UNAVAIL|NC|LP
03-27 11:08:25.639   679  1075 D ConnectivityService: NetReassign [no changes] [c 0] [a 0] [i 2]
03-27 11:08:25.639   679  1068 D OemPaidWifiNetworkFactory: got request NetworkRequest [ REQUEST id=271, [ Capabilities: INTERNET&NOT_RESTRICTED&TRUSTED&NOT_VCN_MANAGED&NOT_BANDWIDTH_CONSTRAINED Uid: 10229 RequestorUid: 10229 RequestorPkg: co.ke.roadready.provider UnderlyingNetworks: Null] ]
03-27 11:08:25.639   679  1068 D MultiInternetWifiNetworkFactory: got request NetworkRequest [ REQUEST id=271, [ Capabilities: INTERNET&NOT_RESTRICTED&TRUSTED&NOT_VCN_MANAGED&NOT_BANDWIDTH_CONSTRAINED Uid: 10229 RequestorUid: 10229 RequestorPkg: co.ke.roadready.provider UnderlyingNetworks: Null] ]
03-27 11:08:25.640   679  1068 D WifiNetworkFactory: got request NetworkRequest [ REQUEST id=271, [ Capabilities: INTERNET&NOT_RESTRICTED&TRUSTED&NOT_VCN_MANAGED&NOT_BANDWIDTH_CONSTRAINED Uid: 10229 RequestorUid: 10229 RequestorPkg: co.ke.roadready.provider UnderlyingNetworks: Null] ]
03-27 11:08:25.640   679  1068 D UntrustedWifiNetworkFactory: got request NetworkRequest [ REQUEST id=271, [ Capabilities: INTERNET&NOT_RESTRICTED&TRUSTED&NOT_VCN_MANAGED&NOT_BANDWIDTH_CONSTRAINED Uid: 10229 RequestorUid: 10229 RequestorPkg: co.ke.roadready.provider UnderlyingNetworks: Null] ]
03-27 11:08:25.641 14784 14832 D nativeloader: Load /data/app/~~Y2UdRi0AbfPnmo7cYbgK2Q==/co.ke.roadready.provider-kn14ZbhT_r1PU5off4HtIA==/lib/x86_64/libturbomodulejsijni.so using class loader ns clns-9 (caller=/data/app/~~Y2UdRi0AbfPnmo7cYbgK2Q==/co.ke.roadready.provider-kn14ZbhT_r1PU5off4HtIA==/base.apk): ok
03-27 11:08:25.659 14784 14832 I ExpoModulesCore: Γ£à JSI interop was installed
03-27 11:08:25.660 14784 14832 W ExpoModulesCore: ΓÜá∩╕Å JSI interop was already installed
03-27 11:08:25.680 14784 14832 I ExpoModulesCore: Γ£à Constants were exported
03-27 11:08:25.688 14784 14832 I dev.expo.updates: {"timestamp":1774598905687,"message":"UpdatesModule: getConstants called","code":"None","level":"info"}
03-27 11:08:25.699   679   704 D CompatChangeReporter: Compat change id reported: 261072174; UID 10229; state: ENABLED
03-27 11:08:25.706   679   704 D FileUtils: Rounded bytes from 2061819904 to 4000000000
03-27 11:08:25.912   506   582 W skia    : AGTM parsing failed flags.readFromStream(s) at 159
03-27 11:08:25.913   506   582 W skia    : AGTM parsing failed flags.readFromStream(s) at 159
03-27 11:08:26.006   506   582 W skia    : AGTM parsing failed flags.readFromStream(s) at 159
03-27 11:08:26.006   506   582 W skia    : AGTM parsing failed flags.readFromStream(s) at 159
03-27 11:08:26.110   506   582 W skia    : AGTM parsing failed flags.readFromStream(s) at 159
03-27 11:08:26.111   506   582 W skia    : AGTM parsing failed flags.readFromStream(s) at 159
03-27 11:08:26.211   506   582 W skia    : AGTM parsing failed flags.readFromStream(s) at 159
03-27 11:08:26.211   506   582 W skia    : AGTM parsing failed flags.readFromStream(s) at 159
03-27 11:08:26.223 14784 14832 I ReactNativeJS: Running "main
03-27 11:08:26.224 14784 14832 E ReactNativeJS: Invariant Violation: "main" has not been registered. This can happen if:
03-27 11:08:26.224 14784 14832 E ReactNativeJS: * Metro (the local dev server) is run from the wrong folder. Check if Metro is running, stop it and restart it in the current project.
03-27 11:08:26.224 14784 14832 E ReactNativeJS: * A module failed to load due to an error and `AppRegistry.registerComponent` wasn't called., js engine: hermes
--------- beginning of crash
03-27 11:08:26.231 14784 14833 E AndroidRuntime: FATAL EXCEPTION: mqt_native_modules
03-27 11:08:26.231 14784 14833 E AndroidRuntime: Process: co.ke.roadready.provider, PID: 14784
03-27 11:08:26.231 14784 14833 E AndroidRuntime: com.facebook.react.common.JavascriptException: Invariant Violation: "main" has not been registered. This can happen if:
03-27 11:08:26.231 14784 14833 E AndroidRuntime: * Metro (the local dev server) is run from the wrong folder. Check if Metro is running, stop it and restart it in the current project.
03-27 11:08:26.231 14784 14833 E AndroidRuntime: * A module failed to load due to an error and `AppRegistry.registerComponent` wasn't called., js engine: hermes, stack:
03-27 11:08:26.231 14784 14833 E AndroidRuntime: invariant@1:73933
03-27 11:08:26.231 14784 14833 E AndroidRuntime: runApplication@1:308527
03-27 11:08:26.231 14784 14833 E AndroidRuntime: __callFunction@1:76936
03-27 11:08:26.231 14784 14833 E AndroidRuntime: anonymous@1:75378
03-27 11:08:26.231 14784 14833 E AndroidRuntime: __guard@1:76318
03-27 11:08:26.231 14784 14833 E AndroidRuntime: callFunctionReturnFlushedQueue@1:75336
03-27 11:08:26.231 14784 14833 E AndroidRuntime: 
03-27 11:08:26.231 14784 14833 E AndroidRuntime: 	at com.facebook.react.modules.core.ExceptionsManagerModule.reportException(ExceptionsManagerModule.java:65)
03-27 11:08:26.231 14784 14833 E AndroidRuntime: 	at java.lang.reflect.Method.invoke(Native Method)
03-27 11:08:26.231 14784 14833 E AndroidRuntime: 	at com.facebook.react.bridge.JavaMethodWrapper.invoke(JavaMethodWrapper.java:372)
03-27 11:08:26.231 14784 14833 E AndroidRuntime: 	at com.facebook.react.bridge.JavaModuleWrapper.invoke(JavaModuleWrapper.java:146)
03-27 11:08:26.231 14784 14833 E AndroidRuntime: 	at com.facebook.jni.NativeRunnable.run(Native Method)
03-27 11:08:26.231 14784 14833 E AndroidRuntime: 	at android.os.Handler.handleCallback(Handler.java:1095)
03-27 11:08:26.231 14784 14833 E AndroidRuntime: 	at android.os.Handler.dispatchMessageImpl(Handler.java:135)
03-27 11:08:26.231 14784 14833 E AndroidRuntime: 	at android.os.Handler.dispatchMessage(Handler.java:125)
03-27 11:08:26.231 14784 14833 E AndroidRuntime: 	at com.facebook.react.bridge.queue.MessageQueueThreadHandler.dispatchMessage(MessageQueueThreadHandler.java:27)
03-27 11:08:26.231 14784 14833 E AndroidRuntime: 	at android.os.Looper.loopOnce(Looper.java:292)
03-27 11:08:26.231 14784 14833 E AndroidRuntime: 	at android.os.Looper.loop(Looper.java:393)
03-27 11:08:26.231 14784 14833 E AndroidRuntime: 	at com.facebook.react.bridge.queue.MessageQueueThreadImpl$4.run(MessageQueueThreadImpl.java:233)
03-27 11:08:26.231 14784 14833 E AndroidRuntime: 	at java.lang.Thread.run(Thread.java:1572)
03-27 11:08:26.236   679 14839 I DropBoxManagerService: add tag=data_app_crash isTagEnabled=true flags=0x2
03-27 11:08:26.244   679   704 W ActivityTaskManager:   Force finishing activity co.ke.roadready.provider/.MainActivity
03-27 11:08:26.245   679   704 W TransitionChain: Combining AR.finish-force-crash into #68(CLOSE|R|0x10) from finishTopCrash
03-27 11:08:26.247  1170  1244 V WindowManagerShell: Transition requested (#68): android.os.BinderProxy@b8ae5ff TransitionRequestInfo { type = CLOSE, triggerTask = TaskInfo{userId=0 taskId=11 effectiveUid=10229 displayId=0 isRunning=true baseIntent=Intent { act=android.intent.action.MAIN cat=[android.intent.category.LAUNCHER] flg=0x10200000 cmp=co.ke.roadready.provider/.MainActivity } baseActivity=ComponentInfo{co.ke.roadready.provider/co.ke.roadready.provider.MainActivity} topActivity=ComponentInfo{co.ke.roadready.provider/co.ke.roadready.provider.MainActivity} origActivity=null realActivity=ComponentInfo{co.ke.roadready.provider/co.ke.roadready.provider.MainActivity} realActivityIsAppLockEnabled=false numActivities=1 lastActiveTime=2809931 supportsMultiWindow=true supportsMultiWindowWithoutConstraints=true resizeMode=1 isResizeable=true minWidth=-1 minHeight=-1 defaultMinSize=220 token=WCT{android.os.BinderProxy@dc714d1} topActivityType=1 pictureInPictureParams=null shouldDockBigOverlays=false launchIntoPipHostTaskId=-1 lastParentTaskIdBeforePip=-1 displayCutoutSafeInsets=Rect(0, 0 - 0, 0) topActivityInfo=ActivityInfo{e71cfcc co.ke.roadready.provider.MainActivity} launchCookies=[] positionInParent=Point(0, 0) parentTaskId=-1 isFocused=true isInteractive=false isVisible=true isVisibleRequested=true isTopActivityNoDisplay=false isSleeping=false locusId=null displayAreaFeatureId=1 isTopActivityTransparent=false isActivityStackTransparent=false lastNonFullscreenBounds=null leafTaskBoundsFromOptions= false capturedLink=null capturedLinkTimestamp=0 requestedVisibleTypes=503 topActivityRequestOpenInBrowserEducationTimestamp=0 appCompatTaskInfo=AppCompatTaskInfo { topActivityInSizeCompat=false isLeafTask= true eligibleForLetterboxEducation= false isLetterboxEducationEnabled= true isLetterboxDoubleTapEnabled= false eligibleForUserAspectRatioButton= false topActivityBoundsLetterboxed= false isFromLetterboxDoubleTap= false topActivityLetterboxVerticalPosition= -1 topActivityLetterboxHorizontalPosition= -1 topActivityLetterboxWidth=-1 topActivityLetterboxHeight=-1 topActivityAppBounds=Rect(0, 142 - 1080, 2361) isUserFullscreenOverrideEnabled=false isSystemFullscreenOverrideEnabled=false hasMinAspectRatioOverride=false topActivityLetterboxBounds=null topNonResizableActivityAspectRatio=-1.0} topActivityMainWindowFrame=null isAppBubble=false}, pipChange = null, remoteTransitionInfo = null, displayChange = null, requestedLocation = null, userChange = null, windowingLayerChange = null, fullscreenRequestChange = null, flags = 16, debugId = 68 }
03-27 11:08:26.247  1170  1244 W DisconnectHandler: No disconnect change found in the transition, not handling request.
03-27 11:08:26.247  1170  1244 V ShellDesktopMode: DesktopTasksController: skipping handleRequest reason=triggerTask's display doesn't support desktop mode
03-27 11:08:26.253   506   666 I libbinder.BpBinder: onLastStrongRef automatically unlinking death recipients for binder (0x74c433c42410) with descriptor: '(not cached)'
03-27 11:08:26.257   679   704 V WindowManager: Defer transition id=68 for TaskFragmentTransaction=android.os.Binder@5a5426b
03-27 11:08:26.261 14784 14833 I Process : Sending signal. PID: 14784 SIG: 9
03-27 11:08:26.263   679  1631 V WindowManager: Continue transition id=68 for TaskFragmentTransaction=android.os.Binder@5a5426b
03-27 11:08:26.271  1170  1244 V RecentTasksController: Notify recent tasks changed
03-27 11:08:26.277 10234 10234 D ViewRootImpl: Skipping stats log for color mode
03-27 11:08:26.277 10234 10234 D BaseActivity: Launcher flags updated: [state_started] +[state_started]
03-27 11:08:26.277 10234 10234 D BaseActivity: Launcher flags updated: [state_started|state_resumed|state_user_active] +[state_resumed|state_user_active]
03-27 11:08:26.283 10234 10234 D BaseActivity: Launcher flags updated: [state_started|state_resumed|state_user_active] +[]
03-27 11:08:26.283 10234 10234 D BaseActivity: Launcher flags updated: [state_started|state_resumed|state_deferred_resumed|state_user_active] +[state_deferred_resumed]
03-27 11:08:26.283 10234 10234 D StatsLog: LAUNCHER_ONRESUME
03-27 11:08:26.287 10234 10234 D SmartspaceInteractor: notifySmartspaceEvent: SmartspaceTargetEvent{mSmartspaceTarget=null, mSmartspaceActionId='null', mEventType=6}
03-27 11:08:26.292 10234 10268 D QuickstepModelDelegate: notifyAppTargetEvent action=1 launchLocation=workspace/0/[-1,-1]/[1,1]
03-27 11:08:26.292 10234 10234 I Surface : Creating surface for consumer unnamed-10234-13 with slotExpansion=1 for 64 slots
03-27 11:08:26.293   679  1631 D WindowManager: setClientSurface Surface(name=VRI-com.google.android.apps.nexuslauncher/com.google.android.apps.nexuslauncher.NexusLauncherActivity#392)/@0xb5c11c8 for 56309fb com.google.android.apps.nexuslauncher/com.google.android.apps.nexuslauncher.NexusLauncherActivity
03-27 11:08:26.294 10234 10234 I Surface : Creating surface for consumer VRI[NexusLauncherActivity]#4(BLAST Consumer)4 with slotExpansion=1 for 64 slots
03-27 11:08:26.297 10234 10234 D BaseDepthController: setSurface:
03-27 11:08:26.297 10234 10234 D BaseDepthController: 	mWaitingOnSurfaceValidity: false
03-27 11:08:26.297 10234 10234 D BaseDepthController: 	mBaseSurface: Surface(name=VRI-com.google.android.apps.nexuslauncher/com.google.android.apps.nexuslauncher.NexusLauncherActivity#392)/@0x92bf525
03-27 11:08:26.299 10234 10234 V BaseDepthController: Applying blur: 0 to Surface(name=VRI-com.google.android.apps.nexuslauncher/com.google.android.apps.nexuslauncher.NexusLauncherActivity#392)/@0x92bf525 applyImmediately: false
03-27 11:08:26.300 10234 10234 D BaseDepthController: shouldBlurWorkspace: false targetState: Normal currentStableState: Normal mCurrentBlur: 0 mLauncher.getDepthBlurTargets(): [com.android.launcher3.Workspace{c06d6fa V.ED..... .......D 0,0-1080,2424 #7f0a047d app:id/workspace}, com.android.launcher3.Hotseat{3c5e4ab V.ED..... .......D 0,1929-1080,2424 #7f0a01f1 app:id/hotseat}]
03-27 11:08:26.305  1170  1244 D WindowManagerShell: setLauncherKeepClearAreaHeight: visible=true, height=495
03-27 11:08:26.321  9581  9627 I AiAiEcho: Predicting[0]:  [CONTEXT sampling_count=5 ]
03-27 11:08:26.322  9581  9627 I AiAiEcho: EchoTargets: 
03-27 11:08:26.322  9581  9627 I AiAiEcho: Filtered by AiAi flag check: 
03-27 11:08:26.322  9581  9627 I AiAiEcho: [CONTEXT ratelimit_period="10 SECONDS" ]
03-27 11:08:26.323   679  1506 I ActivityManager: Process co.ke.roadready.provider (pid 14784) has died: fg  TOP 
03-27 11:08:26.325   679  1938 D SensorService: Unregistering client listener for PID 14784
03-27 11:08:26.326   679  1075 D ConnectivityService: releasing NetworkRequest [ REQUEST id=271, [ Capabilities: INTERNET&NOT_RESTRICTED&TRUSTED&NOT_VCN_MANAGED&NOT_BANDWIDTH_CONSTRAINED Uid: 10229 RequestorUid: 10229 RequestorPkg: co.ke.roadready.provider UnderlyingNetworks: Null] ] (release request)
03-27 11:08:26.327  1170  1498 D WallpaperService: onVisibilityChanged(true): com.android.systemui.wallpapers.ImageWallpaper$CanvasEngine@a3e553b
03-27 11:08:26.329  9581  9627 I AiAiEcho: #remoteViewsTwiddler: feature disabled.
03-27 11:08:26.330   679   721 I libprocessgroup: Removed cgroup /sys/fs/cgroup/apps/uid_10229/pid_14784
03-27 11:08:26.333   461   461 I Zygote  : Process 14784 exited due to signal 9 (Killed)
03-27 11:08:26.334  9581  9627 I AiAiEcho: #postPredictionTargets: Sending updates to UISurface home with targets# 0 (types=[])
03-27 11:08:26.342   679  1635 I WindowManager: WIN DEATH: Window{79d3fe4 u0 co.ke.roadready.provider/co.ke.roadready.provider.MainActivity}
03-27 11:08:26.359   679  1506 W TransitionChain: Combining appDied into #68(CLOSE|R|0x10) from finishTopCrash
03-27 11:08:26.370   679   713 W ActivityManager: setHasOverlayUi called on unknown pid: 14784
03-27 11:08:26.377  1170  1244 V RecentTasksController: Notify recent tasks changed
03-27 11:08:26.400   679  1075 D InetDiagMessage: Destroyed 0 sockets, proto=IPPROTO_TCP, family=AF_INET, states=14
03-27 11:08:26.402   679  1075 D InetDiagMessage: Destroyed 0 sockets, proto=IPPROTO_TCP, family=AF_INET6, states=14
03-27 11:08:26.403   679  1075 D InetDiagMessage: Destroyed live tcp sockets for uids={10229} in 7ms
03-27 11:08:26.404   679  1075 D InetDiagMessage: Destroyed 0 sockets, proto=IPPROTO_TCP, family=AF_INET, states=14
03-27 11:08:26.406   679  1075 D InetDiagMessage: Destroyed 0 sockets, proto=IPPROTO_TCP, family=AF_INET6, states=14
03-27 11:08:26.406   679  1075 D InetDiagMessage: Destroyed live tcp sockets for uids={20229} in 4ms
03-27 11:08:26.460 10234 10234 D RecentTasksList: invalidateLoadedTasks - previous requestLoadId: -1
03-27 11:08:26.465 10234 10234 D RecentTasksList: invalidateLoadedTasks - previous requestLoadId: -1
03-27 11:08:26.474  1170  1190 V WindowManagerShell: onTransitionReady(transaction=2916282798564)
03-27 11:08:26.475  1170  1244 V WindowManagerShell: onTransitionReady (#68) android.os.BinderProxy@b8ae5ff: {id=68 t=CLOSE f=0x10 trk=0 r=[0@Point(0, 0)] c=[
03-27 11:08:26.475  1170  1244 V WindowManagerShell:         {m=CLOSE f=NONE leash=Surface(name=Task=11#373)/@0x78dd215 sb=Rect(0, 0 - 1080, 2424) eb=Rect(0, 0 - 1080, 2424) epz=Point(1080, 2424) d=0 taskParent=-1 winMode=1 userId=0},
03-27 11:08:26.475  1170  1244 V WindowManagerShell:         {m=TO_FRONT f=SHOW_WALLPAPER|MOVE_TO_TOP leash=Surface(name=Task=1#34)/@0xea3092a sb=Rect(0, 0 - 1080, 2424) eb=Rect(0, 0 - 1080, 2424) epz=Point(1080, 2424) d=0 taskParent=-1 winMode=1 userId=0},
03-27 11:08:26.475  1170  1244 V WindowManagerShell:         {m=TO_FRONT f=IS_WALLPAPER leash=Surface(name=WallpaperWindowToken{71cefd8}#53)/@0x8b1e31b sb=Rect(0, 0 - 1080, 2424) eb=Rect(0, 0 - 1080, 2424) epz=Point(1080, 2424) d=0}
03-27 11:08:26.475  1170  1244 V WindowManagerShell:     ]}
03-27 11:08:26.476  1170  1244 V WindowManagerShell: Playing animation for (#68) android.os.BinderProxy@b8ae5ff@0
03-27 11:08:26.476  1170  1244 D ShellSplitScreen: startAnimation: transition=68 isSplitActive=false
03-27 11:08:26.476  1170  1244 V ShellRecents: RecentsTransitionHandler.startAnimation: no controller found
03-27 11:08:26.476  1170  1244 V ShellDesktopMode: DesktopMixedTransitionHandler: No pending desktop transition
03-27 11:08:26.477  1170  1244 V WindowManagerShell: Transition doesn't have explicit remote, search filters for match for {id=68 t=CLOSE f=0x10 trk=0 r=[0@Point(0, 0)] c=[{m=CLOSE f=NONE leash=Surface(name=Task=11#373)/@0x78dd215 sb=Rect(0, 0 - 1080, 2424) eb=Rect(0, 0 - 1080, 2424) epz=Point(1080, 2424) d=0 taskParent=-1 winMode=1 userId=0},{m=TO_FRONT f=SHOW_WALLPAPER|MOVE_TO_TOP leash=Surface(name=Task=1#34)/@0xea3092a sb=Rect(0, 0 - 1080, 2424) eb=Rect(0, 0 - 1080, 2424) epz=Point(1080, 2424) d=0 taskParent=-1 winMode=1 userId=0},{m=TO_FRONT f=IS_WALLPAPER leash=Surface(name=WallpaperWindowToken{71cefd8}#53)/@0x8b1e31b sb=Rect(0, 0 - 1080, 2424) eb=Rect(0, 0 - 1080, 2424) epz=Point(1080, 2424) d=0}]}
03-27 11:08:26.478  1170  1244 V WindowManagerShell:  Checking filter Pair{{types=[] flags=0x0 notFlags=0x0 checks=[{atype=undefined independent=true modes=[CLOSE,TO_BACK] flags=IN_TASK_WITH_EMBEDDED_ACTIVITY mustBeTask=false order=ANY topActivity=null launchCookie=null taskFragmentToken=android.os.BinderProxy@1c99f95 windowingMode=undefined isCrossDisplayMove=false}]} RemoteTransition { remoteTransition = android.window.IRemoteTransition$Stub$Proxy@3b688aa, appThread = android.app.IApplicationThread$Stub$Proxy@fd82c9b, debugName = overlayBackTransition, filter = {types=[] flags=0x0 notFlags=0x0 checks=[{atype=undefined independent=true modes=[CLOSE,TO_BACK] flags=IN_TASK_WITH_EMBEDDED_ACTIVITY mustBeTask=false order=ANY topActivity=null launchCookie=null taskFragmentToken=android.os.BinderProxy@1c99f95 windowingMode=undefined isCrossDisplayMove=false}]} }}
03-27 11:08:26.478  1170  1244 V WindowManagerShell:  Checking filter Pair{{types=[OPEN,TO_FRONT] flags=0x0 notFlags=0x0 checks=[{atype=standard independent=true modes=[OPEN,TO_FRONT] flags=NONE mustBeTask=true order=ANY topActivity=null launchCookie=null windowingMode=freeform isCrossDisplayMove=false}]} RemoteTransition { remoteTransition = android.window.IRemoteTransition$Stub$Proxy@7846838, appThread = null, debugName = DesktopWindowLimitUnminimize, filter = {types=[OPEN,TO_FRONT] flags=0x0 notFlags=0x0 checks=[{atype=standard independent=true modes=[OPEN,TO_FRONT] flags=NONE mustBeTask=true order=ANY topActivity=null launchCookie=null windowingMode=freeform isCrossDisplayMove=false}]} }}
03-27 11:08:26.478  1170  1244 V WindowManagerShell:  Checking filter Pair{{types=[] flags=0x0 notFlags=0x0 checks=[{atype=dream independent=true modes=[OPEN,TO_FRONT] flags=NONE mustBeTask=false order=ANY topActivity=null launchCookie=null windowingMode=undefined isCrossDisplayMove=false},{atype=home independent=true modes=[CLOSE,TO_BACK] flags=NONE mustBeTask=false order=ANY topActivity=null launchCookie=null windowingMode=undefined isCrossDisplayMove=false}]} RemoteTransition { remoteTransition = android.window.IRemoteTransition$Stub$Proxy@e71a011, appThread = android.app.IApplicationThread$Stub$Proxy@34c8576, debugName = LauncherToDream, filter = {types=[] flags=0x0 notFlags=0x0 checks=[{atype=dream independent=true modes=[OPEN,TO_FRONT] flags=NONE mustBeTask=false order=ANY topActivity=null launchCookie=null windowingMode=undefined isCrossDisplayMove=false},{atype=home independent=true modes=[CLOSE,TO_BACK] flags=NONE mustBeTask=false order=ANY topActivity=null launchCookie=null windowingMode=undefined isCrossDisplayMove=false}]} }}
03-27 11:08:26.479  1170  1244 V WindowManagerShell:  Checking filter Pair{{types=[] flags=0x0 notFlags=0x0 checks=[{atype=standard independent=false modes=[CHANGE] flags=NONE mustBeTask=true order=ANY topActivity=null launchCookie=null windowingMode=undefined isCrossDisplayMove=true}]} RemoteTransition { remoteTransition = android.window.IRemoteTransition$Stub$Proxy@782f777, appThread = android.app.IApplicationThread$Stub$Proxy@733cfe4, debugName = QuickstepDisplayMove, filter = {types=[] flags=0x0 notFlags=0x0 checks=[{atype=standard independent=false modes=[CHANGE] flags=NONE mustBeTask=true order=ANY topActivity=null launchCookie=null windowingMode=undefined isCrossDisplayMove=true}]} }}
03-27 11:08:26.480  1170  1244 V WindowManagerShell:  Checking filter Pair{{types=[] flags=0x0 notFlags=0x100 checks=[{atype=home independent=true modes=[OPEN,TO_FRONT] flags=NONE mustBeTask=false order=ANY topActivity=ComponentInfo{com.google.android.apps.nexuslauncher/com.google.android.apps.nexuslauncher.NexusLauncherActivity} launchCookie=null windowingMode=undefined isCrossDisplayMove=false},{atype=standard independent=true modes=[CLOSE,TO_BACK] flags=NONE mustBeTask=false order=ANY topActivity=null launchCookie=null windowingMode=undefined isCrossDisplayMove=false},{NOT atype=undefined independent=true modes=[] flags=NONE mustBeTask=true order=ANY topActivity=null launchCookie=null customAnim=true windowingMode=undefined isCrossDisplayMove=false}]} RemoteTransition { remoteTransition = android.window.IRemoteTransition$Stub$Proxy@8bf2c4d, appThread = android.app.IApplicationThread$Stub$Proxy@9738302, debugName = QuickstepLaunchHome, filter = {types=[] flags=0x0 notFlags=0x100 checks=[{atype=home independent=true modes=[OPEN,TO_FRONT] flags=NONE mustBeTask=false order=ANY topActivity=ComponentInfo{com.google.android.apps.nexuslauncher/com.google.android.apps.nexuslauncher.NexusLauncherActivity} launchCookie=null windowingMode=undefined isCrossDisplayMove=false},{atype=standard independent=true modes=[CLOSE,TO_BACK] flags=NONE mustBeTask=false order=ANY topActivity=null launchCookie=null windowingMode=undefined isCrossDisplayMove=false},{NOT atype=undefined independent=true modes=[] flags=NONE mustBeTask=true order=ANY topActivity=null launchCookie=null customAnim=true windowingMode=undefined isCrossDisplayMove=false}]} }}
03-27 11:08:26.480  1170  1244 D RemoteTransitionHandler: Found filterPair{{types=[] flags=0x0 notFlags=0x100 checks=[{atype=home independent=true modes=[OPEN,TO_FRONT] flags=NONE mustBeTask=false order=ANY topActivity=ComponentInfo{com.google.android.apps.nexuslauncher/com.google.android.apps.nexuslauncher.NexusLauncherActivity} launchCookie=null windowingMode=undefined isCrossDisplayMove=false},{atype=standard independent=true modes=[CLOSE,TO_BACK] flags=NONE mustBeTask=false order=ANY topActivity=null launchCookie=null windowingMode=undefined isCrossDisplayMove=false},{NOT atype=undefined independent=true modes=[] flags=NONE mustBeTask=true order=ANY topActivity=null launchCookie=null customAnim=true windowingMode=undefined isCrossDisplayMove=false}]} RemoteTransition { remoteTransition = android.window.IRemoteTransition$Stub$Proxy@8bf2c4d, appThread = android.app.IApplicationThread$Stub$Proxy@9738302, debugName = QuickstepLaunchHome, filter = {types=[] flags=0x0 notFlags=0x100 checks=[{atype=home independent=true modes=[OPEN,TO_FRONT] flags=NONE mustBeTask=false order=ANY topActivity=ComponentInfo{com.google.android.apps.nexuslauncher/com.google.android.apps.nexuslauncher.NexusLauncherActivity} launchCookie=null windowingMode=undefined isCrossDisplayMove=false},{atype=standard independent=true modes=[CLOSE,TO_BACK] flags=NONE mustBeTask=false order=ANY topActivity=null launchCookie=null windowingMode=undefined isCrossDisplayMove=false},{NOT atype=undefined independent=true modes=[] flags=NONE mustBeTask=true order=ANY topActivity=null launchCookie=null customAnim=true windowingMode=undefined isCrossDisplayMove=false}]} }}
03-27 11:08:26.481  1170  1244 V WindowManagerShell:  Delegate animation for (#68) to RemoteTransition { remoteTransition = android.window.IRemoteTransition$Stub$Proxy@8bf2c4d, appThread = android.app.IApplicationThread$Stub$Proxy@9738302, debugName = QuickstepLaunchHome, filter = {types=[] flags=0x0 notFlags=0x100 checks=[{atype=home independent=true modes=[OPEN,TO_FRONT] flags=NONE mustBeTask=false order=ANY topActivity=ComponentInfo{com.google.android.apps.nexuslauncher/com.google.android.apps.nexuslauncher.NexusLauncherActivity} launchCookie=null windowingMode=undefined isCrossDisplayMove=false},{atype=standard independent=true modes=[CLOSE,TO_BACK] flags=NONE mustBeTask=false order=ANY topActivity=null launchCookie=null windowingMode=undefined isCrossDisplayMove=false},{NOT atype=undefined independent=true modes=[] flags=NONE mustBeTask=true order=ANY topActivity=null launchCookie=null customAnim=true windowingMode=undefined isCrossDisplayMove=false}]} }
03-27 11:08:26.489 10234 10234 D SsBaseTemplateCard: Passed-in item info is null
03-27 11:08:26.489 10234 10234 D SsBaseTemplateCard: Passed-in item info is null
03-27 11:08:26.489 10234 10234 D SsBaseTemplateCard: Passed-in item info is null
03-27 11:08:26.489 10234 10234 D SsBaseTemplateCard: Passed-in item info is null
03-27 11:08:26.489 10234 10234 I SsBaseTemplateCard: Secondary card pane is null
03-27 11:08:26.497 10234 10234 D LauncherStateManager: StateManager.cancelAnimation: animation ongoing: false, partial trace:
03-27 11:08:26.497 10234 10234 D LauncherStateManager: 	at com.android.launcher3.statemanager.StateManager.setCurrentAnimation(go/retraceme 7226a759aa2bb3787a79806f85d80eaad84f1f1e15acd6db988f2df789d1680d:59)
03-27 11:08:26.497 10234 10234 D LauncherStateManager: 	at com.android.launcher3.QuickstepTransitionManager.createWallpaperOpenAnimations(go/retraceme 7226a759aa2bb3787a79806f85d80eaad84f1f1e15acd6db988f2df789d1680d:672)
03-27 11:08:26.497 10234 10234 D LauncherStateManager: 	at com.android.launcher3.QuickstepTransitionManager$WallpaperOpenLauncherAnimationRunner.onAnimationStart(go/retraceme 7226a759aa2bb3787a79806f85d80eaad84f1f1e15acd6db988f2df789d1680d:135)
03-27 11:08:26.502 10234 10234 D LauncherStateManager: StateManager.createAtomicAnimation: fromState: Normal, toState: Normal, partial trace:
03-27 11:08:26.502 10234 10234 D LauncherStateManager: 	at com.android.quickstep.util.WorkspaceRevealAnim.prepareToAnimate(go/retraceme 7226a759aa2bb3787a79806f85d80eaad84f1f1e15acd6db988f2df789d1680d:19)
03-27 11:08:26.502 10234 10234 D LauncherStateManager: 	at com.android.quickstep.util.WorkspaceRevealAnim.<init>(go/retraceme 7226a759aa2bb3787a79806f85d80eaad84f1f1e15acd6db988f2df789d1680d:10)
03-27 11:08:26.502 10234 10234 D LauncherStateManager: 	at com.android.launcher3.QuickstepTransitionManager.createWallpaperOpenAnimations(go/retraceme 7226a759aa2bb3787a79806f85d80eaad84f1f1e15acd6db988f2df789d1680d:713)
