--------- beginning of main
03-27 11:08:20.861  1638  1705 D SatelliteController: isInCarrierRoamingNbIotNtn: satellite is disabled
03-27 11:08:20.862  1638  1705 D SatelliteController: getCarrierRoamingNtnConnectType: Checking connect type from PLMN config for subId: 1
03-27 11:08:20.864  1638  1705 D SatelliteController: getSatellitePerPlmnConfiguration: invalid subId or not supported via carrier.
03-27 11:08:20.864  1638  1705 D SatelliteController: getCarrierRoamingNtnConnectType: config: null
03-27 11:08:20.866  1638  1705 D SatelliteController: getCarrierRoamingNtnConnectType: Falling back to global carrier config connect type: 0
03-27 11:08:20.867  1638  1705 D SatelliteController: updateLastNotifiedCarrierRoamingNtnSignalStrengthAndNotify(1)
03-27 11:08:20.868  1638  1705 D SatelliteController: updateLastNotifiedCarrierRoamingNtnSignalStrengthAndNotify(1) lastNotifiedSignalStrength level: 0
03-27 11:08:20.868  1638  1705 D SatelliteController: updateLastNotifiedCarrierRoamingNtnSignalStrengthAndNotify(1) currSignalStrength level: 0
03-27 11:08:21.228 14771 14771 D AndroidRuntime: >>>>>> START com.android.internal.os.RuntimeInit uid 2000 <<<<<<
03-27 11:08:21.397 14771 14771 I AndroidRuntime: Using default boot image
03-27 11:08:21.397 14771 14771 I AndroidRuntime: Leaving lock profiling enabled
03-27 11:08:21.427 14771 14771 I app_process: Core platform API enforcement enabled from the hiddenapi_platform_enforcement flag and the device API level
03-27 11:08:21.431 14771 14771 I app_process: Using generational CollectorTypeCMC GC.
03-27 11:08:22.391 14771 14771 D nativeloader: InitDefaultPublicLibraries for_preload=1: libandroid.so:libaaudio.so:libamidi.so:libbinder_ndk.so:libc.so:libcamera2ndk.so:libdl.so:libEGL.so:libGLESv1_CM.so:libGLESv2.so:libGLESv3.so:libicu.so:libicui18n.so:libicuuc.so:libjnigraphics.so:liblog.so:libmediandk.so:libm.so:libnativehelper.so:libnativewindow.so:libOpenMAXAL.so:libOpenSLES.so:libRS.so:libstdc++.so:libsync.so:libvulkan.so:libwebviewchromium_plat_support.so:libz.so
03-27 11:08:22.617 14771 14771 D nativeloader: Load libicu_jni.so using APEX ns com_android_art for caller /apex/com.android.art/javalib/core-oj.jar: ok
03-27 11:08:22.617 14771 14771 D app_process: u_setTimeZoneFilesDirectory("/apex/com.android.tzdata/etc/tz/versioned/10/icu") succeeded. 
03-27 11:08:22.617 14771 14771 D app_process: I18n APEX ICU file found: /apex/com.android.i18n/etc/icu/icudt78l.dat
03-27 11:08:22.653 14771 14771 D nativeloader: Load libjavacore.so using APEX ns com_android_art for caller /apex/com.android.art/javalib/core-oj.jar: ok
03-27 11:08:22.672 14771 14771 D nativeloader: Load libopenjdk.so using APEX ns com_android_art for caller /apex/com.android.art/javalib/core-oj.jar: ok
03-27 11:08:22.676 14771 14771 I app_process: Priority-to-niceness mapping: 19, 16, 13, 10, 0, -2, -4, -5, -6, -8
03-27 11:08:22.679 14771 14771 W app_process: Unexpected CPU variant for x86: x86_64.
03-27 11:08:22.679 14771 14771 W app_process: Known variants: atom, sandybridge, silvermont, goldmont, goldmont-plus, goldmont-without-sha-xsaves, tremont, kabylake, alderlake, lunarlake, default
03-27 11:08:22.910 14771 14771 D nativeloader: Load libframework-connectivity-tiramisu-jni.so using APEX ns com_android_tethering for caller /apex/com.android.tethering/javalib/framework-connectivity-t.jar: ok
03-27 11:08:22.912 14771 14771 D AndroidRuntime: Calling main entry com.android.commands.monkey.Monkey
03-27 11:08:22.916 14771 14771 D nativeloader: Load /system/lib64/libmonkey_jni.so using ns default for caller /system/framework/monkey.jar in same partition (is_bridged=0): ok
03-27 11:08:22.917 14771 14771 W Monkey  : args: [-p, co.ke.roadready.provider, -c, android.intent.category.LAUNCHER, 1]
03-27 11:08:22.960 14771 14771 I AconfigPackage: android.media.swcodec.flags is mapped to com.android.media.swcodec
03-27 11:08:22.963 14771 14771 W AconfigPackage: failed to map some package from com.android.permission.package.map: java.lang.IndexOutOfBoundsException: index=0 out of bounds (limit=0, nb=4)
03-27 11:08:22.967 14771 14771 W AconfigPackage: failed to map some package from com.google.android.widevine.package.map: java.lang.IndexOutOfBoundsException: index=0 out of bounds (limit=0, nb=4)
03-27 11:08:22.969 14771 14771 W AconfigPackage: failed to map some package from com.android.i18n.package.map: java.lang.IndexOutOfBoundsException: index=0 out of bounds (limit=0, nb=4)
03-27 11:08:22.972 14771 14771 W AconfigPackage: failed to map some package from com.android.appsearch.package.map: java.lang.IndexOutOfBoundsException: index=0 out of bounds (limit=0, nb=4)
03-27 11:08:22.976 14771 14771 W AconfigPackage: failed to map some package from com.android.uprobestats.package.map: java.lang.IndexOutOfBoundsException: index=0 out of bounds (limit=0, nb=4)
03-27 11:08:22.978 14771 14771 W AconfigPackage: failed to map some package from com.android.crashrecovery.package.map: java.lang.IndexOutOfBoundsException: index=0 out of bounds (limit=0, nb=4)
03-27 11:08:22.985 14771 14771 W AconfigPackage: failed to map some package from com.android.configinfrastructure.package.map: java.lang.IndexOutOfBoundsException: index=0 out of bounds (limit=0, nb=4)
03-27 11:08:22.988 14771 14771 W AconfigPackage: failed to map some package from com.android.art.package.map: java.lang.IndexOutOfBoundsException: index=0 out of bounds (limit=0, nb=4)
03-27 11:08:23.009 14771 14771 W AconfigPackage: failed to map some package from com.android.telephonycore.package.map: java.lang.IndexOutOfBoundsException: index=0 out of bounds (limit=0, nb=4)
03-27 11:08:23.015 14771 14771 I AconfigPackage: com.android.media.extractor.flags is mapped to com.android.media
03-27 11:08:23.015 14771 14771 I AconfigPackage: com.android.media.mainline.flags is mapped to com.android.media
03-27 11:08:23.017 14771 14771 W AconfigPackage: failed to map some package from com.android.wifi.package.map: java.lang.IndexOutOfBoundsException: index=0 out of bounds (limit=0, nb=4)
03-27 11:08:23.021 14771 14771 W AconfigPackage: failed to map some package from com.android.conscrypt.package.map: java.lang.IndexOutOfBoundsException: index=0 out of bounds (limit=0, nb=4)
03-27 11:08:23.048 14771 14771 W AconfigPackage: failed to map some package from com.android.healthfitness.package.map: java.lang.IndexOutOfBoundsException: index=0 out of bounds (limit=0, nb=4)
03-27 11:08:23.051 14771 14771 W AconfigPackage: failed to map some package from com.android.ipsec.package.map: java.lang.IndexOutOfBoundsException: index=0 out of bounds (limit=0, nb=4)
03-27 11:08:23.054 14771 14771 W AconfigPackage: failed to map some package from com.android.nfcservices.package.map: java.lang.IndexOutOfBoundsException: index=0 out of bounds (limit=0, nb=4)
03-27 11:08:23.057 14771 14771 W AconfigPackage: failed to map some package from com.android.ondevicepersonalization.package.map: java.lang.IndexOutOfBoundsException: index=0 out of bounds (limit=0, nb=4)
03-27 11:08:23.060 14771 14771 W AconfigPackage: failed to map some package from com.android.adbd.package.map: java.lang.IndexOutOfBoundsException: index=0 out of bounds (limit=0, nb=4)
03-27 11:08:23.063 14771 14771 W AconfigPackage: failed to map some package from com.android.bt.package.map: java.lang.IndexOutOfBoundsException: index=0 out of bounds (limit=0, nb=4)
03-27 11:08:23.066 14771 14771 W AconfigPackage: failed to map some package from com.android.devicelock.package.map: java.lang.IndexOutOfBoundsException: index=0 out of bounds (limit=0, nb=4)
03-27 11:08:23.068 14771 14771 W AconfigPackage: failed to map some package from com.android.profiling.package.map: java.lang.IndexOutOfBoundsException: index=0 out of bounds (limit=0, nb=4)
03-27 11:08:23.072 14771 14771 I AconfigPackage: com.android.os.statsd.flags is mapped to com.android.os.statsd
03-27 11:08:23.075 14771 14771 W AconfigPackage: failed to map some package from com.android.webapp.package.map: java.lang.IndexOutOfBoundsException: index=0 out of bounds (limit=0, nb=4)
03-27 11:08:23.077 14771 14771 W AconfigPackage: failed to map some package from com.android.rkpd.package.map: java.lang.IndexOutOfBoundsException: index=0 out of bounds (limit=0, nb=4)
03-27 11:08:23.080 14771 14771 W AconfigPackage: failed to map some package from com.android.cellbroadcast.package.map: java.lang.IndexOutOfBoundsException: index=0 out of bounds (limit=0, nb=4)
03-27 11:08:23.083 14771 14771 W AconfigPackage: failed to map some package from com.android.adservices.package.map: java.lang.IndexOutOfBoundsException: index=0 out of bounds (limit=0, nb=4)
03-27 11:08:23.086 14771 14771 W AconfigPackage: failed to map some package from com.android.uwb.package.map: java.lang.IndexOutOfBoundsException: index=0 out of bounds (limit=0, nb=4)
03-27 11:08:23.089 14771 14771 W AconfigPackage: failed to map some package from com.android.npumanager.package.map: java.lang.IndexOutOfBoundsException: index=0 out of bounds (limit=0, nb=4)
03-27 11:08:23.091 14771 14771 W AconfigPackage: failed to map some package from com.android.mediaprovider.package.map: java.lang.IndexOutOfBoundsException: index=0 out of bounds (limit=0, nb=4)
03-27 11:08:23.094 14771 14771 W AconfigPackage: failed to map some package from com.android.tethering.package.map: java.lang.IndexOutOfBoundsException: index=0 out of bounds (limit=0, nb=4)
03-27 11:08:23.099 14771 14771 W AconfigPackage: failed to map some package from com.android.virt.package.map: java.lang.IndexOutOfBoundsException: index=0 out of bounds (limit=0, nb=4)
03-27 11:08:23.100 14771 14771 E FeatureFlagsImplExport: android.os.flagging.AconfigStorageReadException: ERROR_PACKAGE_NOT_FOUND: package android.xr cannot be found on the device
03-27 11:08:23.118 14771 14771 W Monkey  :  arg: "-p"
03-27 11:08:23.119 14771 14771 W Monkey  :  arg: "co.ke.roadready.provider"
03-27 11:08:23.119 14771 14771 W Monkey  :  arg: "-c"
03-27 11:08:23.119 14771 14771 W Monkey  :  arg: "android.intent.category.LAUNCHER"
03-27 11:08:23.119 14771 14771 W Monkey  :  arg: "1"
03-27 11:08:23.119 14771 14771 W Monkey  : data="co.ke.roadready.provider"
03-27 11:08:23.120 14771 14771 W Monkey  : data="android.intent.category.LAUNCHER"
03-27 11:08:23.125   679   834 D EventHub: No input device configuration file found for device 'Monkey touch'.
03-27 11:08:23.125   679   834 I EventHub: usingClockIoctl=true
03-27 11:08:23.125   679   834 I EventHub: New device: id=19, fd=623, path='/dev/input/event14', name='Monkey touch', classes=TOUCH | TOUCH_MT, configuration='', keyLayout='', keyCharacterMap='', builtinKeyboard=false, 
03-27 11:08:23.128   679   834 I InputReader: Device reconfigured: id=19, name='Monkey touch', size 1080x2424, orientation Rotation0, mode DIRECT, display id 0
03-27 11:08:23.128   679   834 I InputReader: Device added: id=19, eventHubId=19, name='Monkey touch', descriptor='e1fe28b90f915c7d1febbd52c1ef84b3c4cbed9f',sources=TOUCHSCREEN
--------- beginning of system
03-27 11:08:23.168   679   713 D WindowManager: Direct invocation of sendNewConfiguration: Display{#0 state=ON size=1080x2424 ROTATION_0}
03-27 11:08:23.181 14395 14395 I PkDeviceHelper: PkDeviceHelper.refreshDevices():87 refreshing devices
03-27 11:08:23.183 14395 14395 I PkDeviceHelper: PkDeviceHelper.addDevice():125 device qwerty2 added
03-27 11:08:23.184 14395 14395 I PkDeviceHelper: PkDeviceHelper.addDevice():125 device AT Translated Set 2 keyboard added
03-27 11:08:23.193  1170  1244 V ShellDesktopMode: DesktopDisplayModeController: canDesktopFirstModeBeEnabledOnDefaultDisplay: isDefaultDisplayDesktopEligible=false
03-27 11:08:23.199  1170  1244 V WindowManagerShell: Directly starting a new transition type=CHANGE wct=WindowContainerTransaction { changes= {android.os.BinderProxy@df660f8={isTaskMoveAllowed:false,}} hops= [] flags= 0 errorCallbackToken=null taskFragmentOrganizer=null } handler=null
03-27 11:08:23.201   679   704 V WindowManager: deferTransitionReady deferReadyDepth=1 stack=com.android.server.wm.WindowOrganizerController.applyTransaction:717 com.android.server.wm.WindowOrganizerController.applyTransaction:651 com.android.server.wm.WindowOrganizerController.lambda$startTransition$3:388 com.android.server.wm.WindowOrganizerController.$r8$lambda$PHnU0rj5Bcvaq0dL-Wi7kOJt8bo:0 com.android.server.wm.WindowOrganizerController$$ExternalSyntheticLambda5.onCollectStarted:0 
03-27 11:08:23.203   679   704 V WindowManager: continueTransitionReady deferReadyDepth=0 stack=com.android.server.wm.WindowOrganizerController.applyTransaction:864 com.android.server.wm.WindowOrganizerController.applyTransaction:651 com.android.server.wm.WindowOrganizerController.lambda$startTransition$3:388 com.android.server.wm.WindowOrganizerController.$r8$lambda$PHnU0rj5Bcvaq0dL-Wi7kOJt8bo:0 com.android.server.wm.WindowOrganizerController$$ExternalSyntheticLambda5.onCollectStarted:0 
03-27 11:08:23.208   679   710 V WindowManager: Sent Transition (#65) createdAt=03-27 11:08:23.200
03-27 11:08:23.208   679   710 V WindowManager:     startWCT=WindowContainerTransaction { changes= {RemoteToken{6e038d DefaultTaskDisplayArea@1591504}={isTaskMoveAllowed:false,}} hops= [] flags= 0 errorCallbackToken=null taskFragmentOrganizer=null }
03-27 11:08:23.208   679   710 V WindowManager:     info={id=65 t=CHANGE f=0x0 trk=0 r=[] c=[]}
03-27 11:08:23.210  1170  1340 V WindowManagerShell: onTransitionReady(transaction=2916282798279)
03-27 11:08:23.211  1170  1244 V WindowManagerShell: onTransitionReady (#65) android.os.BinderProxy@2b3629d: {id=65 t=CHANGE f=0x0 trk=0 r=[] c=[]}
03-27 11:08:23.211  1170  1244 V WindowManagerShell: No transition roots in (#65) android.os.BinderProxy@2b3629d@0 so abort
03-27 11:08:23.213  1170  1244 V WindowManagerShell: Transition animation finished (aborted=true), notifying core (#65) android.os.BinderProxy@2b3629d@0
03-27 11:08:23.226   679   710 V WindowManager: Finish Transition (#65): created at 03-27 11:08:23.200 collect-started=0.783ms started=0.867ms ready=3.029ms sent=5.92ms commit=13.63ms finished=23.301ms
03-27 11:08:23.228  1170  1244 V WindowManagerShell: Track 0 became idle
03-27 11:08:23.228  1170  1244 V WindowManagerShell: All active transition animations finished
03-27 11:08:23.240   506   666 I libbinder.BpBinder: onLastStrongRef automatically unlinking death recipients for binder (0x74c433c44460) with descriptor: '(not cached)'
03-27 11:08:23.289   679  1506 W ActivityManager: registerReceiverWithFeature: no app for null
03-27 11:08:23.325   679  1506 W ActivityTaskManager: callingPackage for (uid=2000, pid=14771) has no WPC
03-27 11:08:23.332   679  1506 V GrammaticalInflectionUtils: AttributionSource: android.content.AttributionSource@9f32e22d does not have READ_SYSTEM_GRAMMATICAL_GENDER permission.
03-27 11:08:23.343 10234 10234 D RecentsView: onTaskDisplayChanged: 11, new displayId = 0
03-27 11:08:23.345   506   582 W skia    : AGTM parsing failed flags.readFromStream(s) at 159
03-27 11:08:23.345   506   582 W skia    : AGTM parsing failed flags.readFromStream(s) at 159
03-27 11:08:23.355   679  1506 V ActivityTaskManager: TaskLaunchParamsModifier: phase=3 task=Task{33d252e #11 type=standard A=10229:co.ke.roadready.provider} activity=ActivityRecord{116820905 u0 co.ke.roadready.provider/.MainActivity t-1} display-from-task=0 display-id=0 task-display-area-windowing-mode=1 suggested-display-area=DefaultTaskDisplayArea@1591504 inherit-from-task=fullscreen non-freeform-task-display-area display-area=DefaultTaskDisplayArea@1591504 skip-bounds-fullscreen
03-27 11:08:23.355   679  1506 I ActivityTaskManager: START u0 {act=android.intent.action.MAIN cat=[android.intent.category.LAUNCHER] flg=0x10200000 cmp=co.ke.roadready.provider/.MainActivity} with LAUNCH_SINGLE_TASK from uid 2000 (com.android.shell) (BAL_ALLOW_PERMISSION) result code=0
03-27 11:08:23.359 10234 10234 D BaseActivity: Launcher flags updated: [state_started|state_resumed|state_deferred_resumed|state_window_focused|state_user_active] -[]
03-27 11:08:23.363 14771 14771 I Monkey  : Events injected: 1
03-27 11:08:23.367 10234 10234 D BaseActivity: Launcher flags updated: [state_started|state_resumed|state_deferred_resumed|state_window_focused] -[state_user_active]
03-27 11:08:23.368 10234 10234 D BaseActivity: Launcher flags updated: [state_started|state_window_focused] -[state_resumed|state_deferred_resumed]
03-27 11:08:23.369 10234 10234 W SplitSelectStateCtor: Missing session instanceIds
03-27 11:08:23.369 10234 10234 D StatsLog: LAUNCHER_SPLIT_SELECTION_EXIT_INTERRUPTED
03-27 11:08:23.373   679   713 V GrammaticalInflectionUtils: AttributionSource: android.content.AttributionSource@9f32e22d does not have READ_SYSTEM_GRAMMATICAL_GENDER permission.
03-27 11:08:23.375   506   666 I libbinder.BpBinder: onLastStrongRef automatically unlinking death recipients for binder (0x74c433c44460) with descriptor: '(not cached)'
03-27 11:08:23.377  1170  1244 V WindowManagerShell: Transition requested (#66): android.os.BinderProxy@527b7f8 TransitionRequestInfo { type = OPEN, triggerTask = TaskInfo{userId=0 taskId=11 effectiveUid=10229 displayId=0 isRunning=true baseIntent=Intent { act=android.intent.action.MAIN cat=[android.intent.category.LAUNCHER] flg=0x10200000 cmp=co.ke.roadready.provider/.MainActivity } baseActivity=ComponentInfo{co.ke.roadready.provider/co.ke.roadready.provider.MainActivity} topActivity=ComponentInfo{co.ke.roadready.provider/co.ke.roadready.provider.MainActivity} origActivity=null realActivity=ComponentInfo{co.ke.roadready.provider/co.ke.roadready.provider.MainActivity} realActivityIsAppLockEnabled=false numActivities=1 lastActiveTime=2809240 supportsMultiWindow=true supportsMultiWindowWithoutConstraints=true resizeMode=1 isResizeable=true minWidth=-1 minHeight=-1 defaultMinSize=220 token=WCT{android.os.BinderProxy@dc714d1} topActivityType=1 pictureInPictureParams=null shouldDockBigOverlays=false launchIntoPipHostTaskId=-1 lastParentTaskIdBeforePip=-1 displayCutoutSafeInsets=Rect(0, 142 - 0, 0) topActivityInfo=ActivityInfo{c1bb36 co.ke.roadready.provider.MainActivity} launchCookies=[] positionInParent=Point(0, 0) parentTaskId=-1 isFocused=false isInteractive=false isVisible=false isVisibleRequested=false isTopActivityNoDisplay=false isSleeping=false locusId=null displayAreaFeatureId=1 isTopActivityTransparent=false isActivityStackTransparent=false lastNonFullscreenBounds=null leafTaskBoundsFromOptions= false capturedLink=null capturedLinkTimestamp=0 requestedVisibleTypes=503 topActivityRequestOpenInBrowserEducationTimestamp=0 appCompatTaskInfo=AppCompatTaskInfo { topActivityInSizeCompat=false isLeafTask= true eligibleForLetterboxEducation= false isLetterboxEducationEnabled= true isLetterboxDoubleTapEnabled= false eligibleForUserAspectRatioButton= false topActivityBoundsLetterboxed= false isFromLetterboxDoubleTap= false topActivityLetterboxVerticalPosition= -1 topActivityLetterboxHorizontalPosition= -1 topActivityLetterboxWidth=-1 topActivityLetterboxHeight=-1 topActivityAppBounds=Rect(0, 142 - 1080, 2361) isUserFullscreenOverrideEnabled=false isSystemFullscreenOverrideEnabled=false hasMinAspectRatioOverride=false topActivityLetterboxBounds=null topNonResizableActivityAspectRatio=-1.0} topActivityMainWindowFrame=null isAppBubble=false}, pipChange = null, remoteTransitionInfo = null, displayChange = null, requestedLocation = null, userChange = null, windowingLayerChange = null, fullscreenRequestChange = null, flags = 0, debugId = 66 }
03-27 11:08:23.378  1170  1244 W DisconnectHandler: No disconnect change found in the transition, not handling request.
03-27 11:08:23.378  1170  1244 V ShellDesktopMode: DesktopTasksController: skipping handleRequest reason=triggerTask's display doesn't support desktop mode
03-27 11:08:23.378  1170  1244 D ShellSplitScreen: logExit: no-op, mLoggerSessionId is null
03-27 11:08:23.400  1170  1244 V RecentTasksController: Notify recent tasks changed
03-27 11:08:23.400  1170  1244 D ShellDesktopMode: DesktopRepository(0): Removes freeform task: taskId=10
03-27 11:08:23.400  1170  1244 W ShellDesktopMode: DesktopRepository(0): No display id found for task: taskId=10
03-27 11:08:23.401  1170  1244 V RecentTasksController: Notify recent tasks changed
03-27 11:08:23.401  1170  1244 D WindowManagerShell: setLauncherKeepClearAreaHeight: visible=false, height=495
03-27 11:08:23.404   679  1506 V WindowManager: Defer transition id=66 for TaskFragmentTransaction=android.os.Binder@5fa663a
03-27 11:08:23.408   461   461 D Zygote  : Forked child process 14784
03-27 11:08:23.423   679  1506 W InputChannel-JNI: Channel already disposed.
03-27 11:08:23.432   679   720 W ActivityManager: Slow operation: 53ms so far, now at startProcess: returned from zygote!
03-27 11:08:23.445 14771 14771 I Monkey  : ## Network stats: elapsed time=102ms (0ms mobile, 0ms wifi, 102ms not connected)
03-27 11:08:23.449   679   720 W ActivityManager: Slow operation: 70ms so far, now at startProcess: done updating battery stats
03-27 11:08:23.450 14771 14771 I app_process: System.exit called, status: 0
03-27 11:08:23.451 14771 14771 I AndroidRuntime: VM exiting with result code 0.
03-27 11:08:23.451   679   720 W ActivityManager: Slow operation: 71ms so far, now at startProcess: building log message
03-27 11:08:23.451   679   720 I ActivityManager: Start proc 14784:co.ke.roadready.provider/u0a229 for next-top-activity {co.ke.roadready.provider/co.ke.roadready.provider.MainActivity}
03-27 11:08:23.452   679   720 W ActivityManager: Slow operation: 73ms so far, now at startProcess: starting to update pids map
03-27 11:08:23.452   679   720 W ActivityManager: Slow operation: 74ms so far, now at startProcess: done updating pids map
03-27 11:08:23.453 10234 10234 D RecentTasksList: invalidateLoadedTasks - previous requestLoadId: -1
03-27 11:08:23.454 10234 10234 D RecentTasksList: invalidateLoadedTasks - previous requestLoadId: -1
03-27 11:08:23.459   679  1924 V WindowManager: Continue transition id=66 for TaskFragmentTransaction=android.os.Binder@5fa663a
03-27 11:08:23.468 14784 14784 I Zygote  : Process 14784 created for co.ke.roadready.provider
03-27 11:08:23.469 14784 14784 I dready.provider: Using generational CollectorTypeCMC GC.
03-27 11:08:23.472 14784 14784 W dready.provider: Unexpected CPU variant for x86: x86_64.
03-27 11:08:23.472 14784 14784 W dready.provider: Known variants: atom, sandybridge, silvermont, goldmont, goldmont-plus, goldmont-without-sha-xsaves, tremont, kabylake, alderlake, lunarlake, default
03-27 11:08:23.474 10234 10234 D BaseActivity: Launcher flags updated: [state_started] -[state_window_focused]
03-27 11:08:23.495 14784 14784 D nativeloader: Load libframework-connectivity-tiramisu-jni.so using APEX ns com_android_tethering for caller /apex/com.android.tethering/javalib/framework-connectivity-t.jar: ok
03-27 11:08:23.499  1170  1307 I Surface : Creating surface for consumer unnamed-1170-10 with slotExpansion=1 for 64 slots
03-27 11:08:23.504   679   834 I EventHub: Removing device Monkey touch due to epoll hang-up event.
03-27 11:08:23.504   679   834 I EventHub: Removed device: path=/dev/input/event14 name=Monkey touch id=19 fd=623 classes=TOUCH | TOUCH_MT
03-27 11:08:23.521  1170  1244 V RecentTasksController: generateList(getRecentTasks)
03-27 11:08:23.522  1170  1244 V RecentTasksController: initializeDesksMap - allDeskIds: []
03-27 11:08:23.523  1170  1244 V RecentTasksController: Task 11 is not an active desktop task
03-27 11:08:23.523  1170  1244 V RecentTasksController: Added fullscreen task: 11
03-27 11:08:23.523  1170  1244 V RecentTasksController: generateList - complete
03-27 11:08:23.536   679   834 I InputReader: Device removed: id=19, eventHubId=19, name='Monkey touch', descriptor='e1fe28b90f915c7d1febbd52c1ef84b3c4cbed9f', sources=TOUCHSCREEN
03-27 11:08:23.556  1170  1244 V RecentTasksController: Notify recent tasks changed
03-27 11:08:23.556   679   719 I ActivityManager: Test idle passed
03-27 11:08:23.570  1170  1307 E ConsumerBase: [ImageReader-420x420f1u2816m2-1170-2] abandonLocked: ConsumerBase is abandoned!
03-27 11:08:23.588 14784 14784 D CompatChangeReporter: Compat change id reported: 242716250; UID 10229; state: ENABLED
03-27 11:08:23.600   679   834 I EventHub: Removing device '/dev/input/event14' due to inotify event
03-27 11:08:23.601 14784 14784 D ApplicationLoaders: Returning zygote-cached class loader: /system/framework/org.apache.http.legacy.jar
03-27 11:08:23.614  1170  1306 D WindowOnBackDispatcher: setTopOnBackInvokedCallback (unwrapped): android.view.ViewRootImpl$$ExternalSyntheticLambda13@3bfca79
03-27 11:08:23.617   679  1924 D CoreBackPreview: Window{dc2e848 u0 Splash Screen co.ke.roadready.provider}: Setting back callback OnBackInvokedCallbackInfo{mCallback=android.window.IOnBackInvokedCallback$Stub$Proxy@c2cb119, mPriority=0, mIsAnimationCallback=false, mOverrideBehavior=0}
03-27 11:08:23.627   679  1924 D WindowManager: setClientSurface Surface(name=VRI-Splash Screen co.ke.roadready.provider#376)/@0xf5335de for dc2e848 Splash Screen co.ke.roadready.provider
03-27 11:08:23.635   679   713 W PermissionService: getPermissionFlags: Unknown user -1
03-27 11:08:23.635   679   713 W PermissionService: getPermissionFlags: Unknown user -1
03-27 11:08:23.639  1170  1244 V ShellDesktopMode: DesktopDisplayModeController: canDesktopFirstModeBeEnabledOnDefaultDisplay: isDefaultDisplayDesktopEligible=false
03-27 11:08:23.639  1170  1244 V WindowManagerShell: Directly starting a new transition type=CHANGE wct=WindowContainerTransaction { changes= {android.os.BinderProxy@df660f8={isTaskMoveAllowed:false,}} hops= [] flags= 0 errorCallbackToken=null taskFragmentOrganizer=null } handler=null
03-27 11:08:23.640 14395 14395 I PkDeviceHelper: PkDeviceHelper.refreshDevices():87 refreshing devices
03-27 11:08:23.641 14395 14395 I PkDeviceHelper: PkDeviceHelper.addDevice():125 device qwerty2 added
03-27 11:08:23.643  1170  1170 D NavigationModeController: getCurrentUserContext: contextUser=0 currentUser=0
03-27 11:08:23.644 14395 14395 I PkDeviceHelper: PkDeviceHelper.addDevice():125 device AT Translated Set 2 keyboard added
03-27 11:08:23.650   679   679 E PersonalContext: No user state for user -1
03-27 11:08:23.646 10234 10234 D RecentTasksList: invalidateLoadedTasks - previous requestLoadId: -1
03-27 11:08:23.656  1170  1306 I Surface : Creating surface for consumer unnamed-1170-11 with slotExpansion=1 for 64 slots
03-27 11:08:23.662  1170  1306 I Surface : Creating surface for consumer VRI[provider]#8(BLAST Consumer)8 with slotExpansion=1 for 64 slots
03-27 11:08:23.665   679  1631 V WindowManager: Queueing transition: TransitionRecord{88bc3bf id=-1 type=CHANGE flags=0x0 parallelCollectType=NONE recentsDisplayId=-1}
03-27 11:08:23.869  1170  1407 V WindowManagerShell: onTransitionReady(transaction=2916282798336)
03-27 11:08:23.883   679   710 V WindowManager: Sent Transition (#66) createdAt=03-27 11:08:23.334 via request=TransitionRequestInfo { type = OPEN, triggerTask = TaskInfo{userId=0 taskId=11 effectiveUid=10229 displayId=0 isRunning=true baseIntent=Intent { act=android.intent.action.MAIN cat=[android.intent.category.LAUNCHER] flg=0x10200000 cmp=co.ke.roadready.provider/.MainActivity } baseActivity=ComponentInfo{co.ke.roadready.provider/co.ke.roadready.provider.MainActivity} topActivity=ComponentInfo{co.ke.roadready.provider/co.ke.roadready.provider.MainActivity} origActivity=null realActivity=ComponentInfo{co.ke.roadready.provider/co.ke.roadready.provider.MainActivity} realActivityIsAppLockEnabled=false numActivities=1 lastActiveTime=2809240 supportsMultiWindow=true supportsMultiWindowWithoutConstraints=true resizeMode=1 isResizeable=true minWidth=-1 minHeight=-1 defaultMinSize=220 token=WCT{RemoteToken{dedb442 Task{33d252e #11 type=standard A=10229:co.ke.roadready.provider}}} topActivityType=1 pictureInPictureParams=null shouldDockBigOverlays=false launchIntoPipHostTaskId=-1 lastParentTaskIdBeforePip=-1 displayCutoutSafeInsets=Rect(0, 142 - 0, 0) topActivityInfo=ActivityInfo{82e0c53 co.ke.roadready.provider.MainActivity} launchCookies=[] positionInParent=Point(0, 0) parentTaskId=-1 isFocused=false isInteractive=false isVisible=false isVisibleRequested=false isTopActivityNoDisplay=false isSleeping=false locusId=null displayAreaFeatureId=1 isTopActivityTransparent=false isActivityStackTransparent=false lastNonFullscreenBounds=null leafTaskBoundsFromOptions= false capturedLink=null capturedLinkTimestamp=0 requestedVisibleTypes=503 topActivityRequestOpenInBrowserEducationTimestamp=0 appCompatTaskInfo=AppCompatTaskInfo { topActivityInSizeCompat=false isLeafTask= true eligibleForLetterboxEducation= false isLetterboxEducationEnabled= true isLetterboxDoubleTapEnabled= false eligibleForUserAspectRatioButton= false topActivityBoundsLetterboxed= false isFromLetterboxDoubleTap= false topActivityLetterboxVerticalPosition= -1 topActivityLetterboxHorizontalPosition= -1 topActivityLetterboxWidth=-1 topActivityLetterboxHeight=-1 topActivityAppBounds=Rect(0, 142 - 1080, 2361) isUserFullscreenOverrideEnabled=false isSystemFullscreenOverrideEnabled=false hasMinAspectRatioOverride=false topActivityLetterboxBounds=null topNonResizableActivityAspectRatio=-1.0} topActivityMainWindowFrame=null isAppBubble=false}, pipChange = null, remoteTransitionInfo = null, displayChange = null, requestedLocation = null, userChange = null, windowingLayerChange = null, fullscreenRequestChange = null, flags = 0, debugId = 66 }
03-27 11:08:23.883   679   710 V WindowManager:     startWCT=WindowContainerTransaction { changes= {} hops= [] flags= 0 errorCallbackToken=null taskFragmentOrganizer=null }
03-27 11:08:23.883  1170  1244 V WindowManagerShell: onTransitionReady (#66) android.os.BinderProxy@527b7f8: {id=66 t=OPEN f=0x0 trk=0 r=[0@Point(0, 0)] c=[
03-27 11:08:23.883  1170  1244 V WindowManagerShell:         {m=OPEN f=MOVE_TO_TOP leash=Surface(name=Task=11#373)/@0xb124017 sb=Rect(0, 0 - 1080, 2424) eb=Rect(0, 0 - 1080, 2424) epz=Point(1080, 2424) d=0 taskParent=-1 winMode=1 userId=0},
03-27 11:08:23.883  1170  1244 V WindowManagerShell:         {m=TO_BACK f=SHOW_WALLPAPER leash=Surface(name=Task=1#34)/@0xf167c04 sb=Rect(0, 0 - 1080, 2424) eb=Rect(0, 0 - 1080, 2424) epz=Point(1080, 2424) d=0 taskParent=-1 winMode=1 userId=0},
03-27 11:08:23.883  1170  1244 V WindowManagerShell:         {m=TO_BACK f=IS_WALLPAPER leash=Surface(name=WallpaperWindowToken{71cefd8}#53)/@0x57435ed sb=Rect(0, 0 - 1080, 2424) eb=Rect(0, 0 - 1080, 2424) epz=Point(1080, 2424) d=0}
03-27 11:08:23.883  1170  1244 V WindowManagerShell:     ]}
03-27 11:08:23.883   679   710 V WindowManager:     info={id=66 t=OPEN f=0x0 trk=0 r=[0@Point(0, 0)] c=[
03-27 11:08:23.883   679   710 V WindowManager:         {WCT{RemoteToken{dedb442 Task{33d252e #11 type=standard A=10229:co.ke.roadready.provider}}} m=OPEN f=MOVE_TO_TOP leash=Surface(name=Task=11#373)/@0xde0ba8c sb=Rect(0, 0 - 1080, 2424) eb=Rect(0, 0 - 1080, 2424) epz=Point(1080, 2424) d=0 taskParent=-1 winMode=1 userId=0},
03-27 11:08:23.883   679   710 V WindowManager:         {WCT{RemoteToken{beaa066 Task{31cd01 #1 type=home}}} m=TO_BACK f=SHOW_WALLPAPER leash=Surface(name=Task=1#34)/@0x1db118d sb=Rect(0, 0 - 1080, 2424) eb=Rect(0, 0 - 1080, 2424) epz=Point(1080, 2424) d=0 taskParent=-1 winMode=1 userId=0},
03-27 11:08:23.883   679   710 V WindowManager:         {m=TO_BACK f=IS_WALLPAPER leash=Surface(name=WallpaperWindowToken{71cefd8}#53)/@0x1e74325 sb=Rect(0, 0 - 1080, 2424) eb=Rect(0, 0 - 1080, 2424) epz=Point(1080, 2424) d=0}
03-27 11:08:23.883   679   710 V WindowManager:     ]}
03-27 11:08:23.899 14784 14784 D nativeloader: Configuring clns-9 for other apk /data/app/~~Y2UdRi0AbfPnmo7cYbgK2Q==/co.ke.roadready.provider-kn14ZbhT_r1PU5off4HtIA==/base.apk. target_sdk_version=34, uses_libraries=, library_path=/data/app/~~Y2UdRi0AbfPnmo7cYbgK2Q==/co.ke.roadready.provider-kn14ZbhT_r1PU5off4HtIA==/lib/x86_64:/data/app/~~Y2UdRi0AbfPnmo7cYbgK2Q==/co.ke.roadready.provider-kn14ZbhT_r1PU5off4HtIA==/base.apk!/lib/x86_64, permitted_path=/data:/mnt/expand:/data/user/0/co.ke.roadready.provider
03-27 11:08:23.902   679   713 V WindowManager: deferTransitionReady deferReadyDepth=1 stack=com.android.server.wm.WindowOrganizerController.applyTransaction:717 com.android.server.wm.WindowOrganizerController.applyTransaction:641 com.android.server.wm.WindowOrganizerController.lambda$startTransition$3:388 com.android.server.wm.WindowOrganizerController.$r8$lambda$PHnU0rj5Bcvaq0dL-Wi7kOJt8bo:0 com.android.server.wm.WindowOrganizerController$$ExternalSyntheticLambda5.onCollectStarted:0 
03-27 11:08:23.907  1170  1244 V WindowManagerShell: Playing animation for (#66) android.os.BinderProxy@527b7f8@0
03-27 11:08:23.911   506   582 W skia    : AGTM parsing failed flags.readFromStream(s) at 159
03-27 11:08:23.911   506   582 W skia    : AGTM parsing failed flags.readFromStream(s) at 159
03-27 11:08:23.913  1170  1244 D ShellSplitScreen: startAnimation: transition=66 isSplitActive=false
03-27 11:08:23.917 14784 14784 V GraphicsEnvironment: Currently set values for:
03-27 11:08:23.917 14784 14784 V GraphicsEnvironment:   angle_gl_driver_selection_pkgs=[]
03-27 11:08:23.917 14784 14784 V GraphicsEnvironment:   angle_gl_driver_selection_values=[]
03-27 11:08:23.917 14784 14784 V GraphicsEnvironment: co.ke.roadready.provider is not listed in per-application setting
03-27 11:08:23.917 14784 14784 V GraphicsEnvironment: No special selections for ANGLE, returning default driver choice
03-27 11:08:23.921  1170  1244 V ShellRecents: RecentsTransitionHandler.startAnimation: no controller found
03-27 11:08:23.921 14784 14784 V GraphicsEnvironment: Neither updatable production driver nor prerelease driver is supported.
03-27 11:08:23.923  1170  1244 V ShellDesktopMode: DesktopMixedTransitionHandler: No pending desktop transition
03-27 11:08:23.926  9581  9716 W AiAiEcho: LyftNotificationParser Ridesharing ETA not enabled
03-27 11:08:23.927  9581  9716 I AiAiEcho: SmartspaceNotificationPredictor no parser can handle this notification or notification is invalid
03-27 11:08:23.925  1170  1244 V WindowManagerShell: Transition doesn't have explicit remote, search filters for match for {id=66 t=OPEN f=0x0 trk=0 r=[0@Point(0, 0)] c=[{m=OPEN f=MOVE_TO_TOP leash=Surface(name=Task=11#373)/@0xb124017 sb=Rect(0, 0 - 1080, 2424) eb=Rect(0, 0 - 1080, 2424) epz=Point(1080, 2424) d=0 taskParent=-1 winMode=1 userId=0},{m=TO_BACK f=SHOW_WALLPAPER leash=Surface(name=Task=1#34)/@0xf167c04 sb=Rect(0, 0 - 1080, 2424) eb=Rect(0, 0 - 1080, 2424) epz=Point(1080, 2424) d=0 taskParent=-1 winMode=1 userId=0},{m=TO_BACK f=IS_WALLPAPER leash=Surface(name=WallpaperWindowToken{71cefd8}#53)/@0x57435ed sb=Rect(0, 0 - 1080, 2424) eb=Rect(0, 0 - 1080, 2424) epz=Point(1080, 2424) d=0}]}
03-27 11:08:23.928  1170  1244 V WindowManagerShell:  Checking filter Pair{{types=[] flags=0x0 notFlags=0x0 checks=[{atype=undefined independent=true modes=[CLOSE,TO_BACK] flags=IN_TASK_WITH_EMBEDDED_ACTIVITY mustBeTask=false order=ANY topActivity=null launchCookie=null taskFragmentToken=android.os.BinderProxy@1c99f95 windowingMode=undefined isCrossDisplayMove=false}]} RemoteTransition { remoteTransition = android.window.IRemoteTransition$Stub$Proxy@3b688aa, appThread = android.app.IApplicationThread$Stub$Proxy@fd82c9b, debugName = overlayBackTransition, filter = {types=[] flags=0x0 notFlags=0x0 checks=[{atype=undefined independent=true modes=[CLOSE,TO_BACK] flags=IN_TASK_WITH_EMBEDDED_ACTIVITY mustBeTask=false order=ANY topActivity=null launchCookie=null taskFragmentToken=android.os.BinderProxy@1c99f95 windowingMode=undefined isCrossDisplayMove=false}]} }}
03-27 11:08:23.932  1170  1244 V WindowManagerShell:  Checking filter Pair{{types=[OPEN,TO_FRONT] flags=0x0 notFlags=0x0 checks=[{atype=standard independent=true modes=[OPEN,TO_FRONT] flags=NONE mustBeTask=true order=ANY topActivity=null launchCookie=null windowingMode=freeform isCrossDisplayMove=false}]} RemoteTransition { remoteTransition = android.window.IRemoteTransition$Stub$Proxy@7846838, appThread = null, debugName = DesktopWindowLimitUnminimize, filter = {types=[OPEN,TO_FRONT] flags=0x0 notFlags=0x0 checks=[{atype=standard independent=true modes=[OPEN,TO_FRONT] flags=NONE mustBeTask=true order=ANY topActivity=null launchCookie=null windowingMode=freeform isCrossDisplayMove=false}]} }}
03-27 11:08:23.933   679   713 V WindowManager: continueTransitionReady deferReadyDepth=0 stack=com.android.server.wm.WindowOrganizerController.applyTransaction:864 com.android.server.wm.WindowOrganizerController.applyTransaction:641 com.android.server.wm.WindowOrganizerController.lambda$startTransition$3:388 com.android.server.wm.WindowOrganizerController.$r8$lambda$PHnU0rj5Bcvaq0dL-Wi7kOJt8bo:0 com.android.server.wm.WindowOrganizerController$$ExternalSyntheticLambda5.onCollectStarted:0 
03-27 11:08:23.935  1170  1244 V WindowManagerShell:  Checking filter Pair{{types=[] flags=0x0 notFlags=0x0 checks=[{atype=dream independent=true modes=[OPEN,TO_FRONT] flags=NONE mustBeTask=false order=ANY topActivity=null launchCookie=null windowingMode=undefined isCrossDisplayMove=false},{atype=home independent=true modes=[CLOSE,TO_BACK] flags=NONE mustBeTask=false order=ANY topActivity=null launchCookie=null windowingMode=undefined isCrossDisplayMove=false}]} RemoteTransition { remoteTransition = android.window.IRemoteTransition$Stub$Proxy@e71a011, appThread = android.app.IApplicationThread$Stub$Proxy@34c8576, debugName = LauncherToDream, filter = {types=[] flags=0x0 notFlags=0x0 checks=[{atype=dream independent=true modes=[OPEN,TO_FRONT] flags=NONE mustBeTask=false order=ANY topActivity=null launchCookie=null windowingMode=undefined isCrossDisplayMove=false},{atype=home independent=true modes=[CLOSE,TO_BACK] flags=NONE mustBeTask=false order=ANY topActivity=null launchCookie=null windowingMode=undefined isCrossDisplayMove=false}]} }}
03-27 11:08:23.935  1170  1244 V WindowManagerShell:  Checking filter Pair{{types=[] flags=0x0 notFlags=0x0 checks=[{atype=standard independent=false modes=[CHANGE] flags=NONE mustBeTask=true order=ANY topActivity=null launchCookie=null windowingMode=undefined isCrossDisplayMove=true}]} RemoteTransition { remoteTransition = android.window.IRemoteTransition$Stub$Proxy@782f777, appThread = android.app.IApplicationThread$Stub$Proxy@733cfe4, debugName = QuickstepDisplayMove, filter = {types=[] flags=0x0 notFlags=0x0 checks=[{atype=standard independent=false modes=[CHANGE] flags=NONE mustBeTask=true order=ANY topActivity=null launchCookie=null windowingMode=undefined isCrossDisplayMove=true}]} }}
03-27 11:08:23.936  1170  1244 V WindowManagerShell:  Checking filter Pair{{types=[] flags=0x0 notFlags=0x100 checks=[{atype=home independent=true modes=[OPEN,TO_FRONT] flags=NONE mustBeTask=false order=ANY topActivity=ComponentInfo{com.google.android.apps.nexuslauncher/com.google.android.apps.nexuslauncher.NexusLauncherActivity} launchCookie=null windowingMode=undefined isCrossDisplayMove=false},{atype=standard independent=true modes=[CLOSE,TO_BACK] flags=NONE mustBeTask=false order=ANY topActivity=null launchCookie=null windowingMode=undefined isCrossDisplayMove=false},{NOT atype=undefined independent=true modes=[] flags=NONE mustBeTask=true order=ANY topActivity=null launchCookie=null customAnim=true windowingMode=undefined isCrossDisplayMove=false}]} RemoteTransition { remoteTransition = android.window.IRemoteTransition$Stub$Proxy@8bf2c4d, appThread = android.app.IApplicationThread$Stub$Proxy@9738302, debugName = QuickstepLaunchHome, filter = {types=[] flags=0x0 notFlags=0x100 checks=[{atype=home independent=true modes=[OPEN,TO_FRONT] flags=NONE mustBeTask=false order=ANY topActivity=ComponentInfo{com.google.android.apps.nexuslauncher/com.google.android.apps.nexuslauncher.NexusLauncherActivity} launchCookie=null windowingMode=undefined isCrossDisplayMove=false},{atype=standard independent=true modes=[CLOSE,TO_BACK] flags=NONE mustBeTask=false order=ANY topActivity=null launchCookie=null windowingMode=undefined isCrossDisplayMove=false},{NOT atype=undefined independent=true modes=[] flags=NONE mustBeTask=true order=ANY topActivity=null launchCookie=null customAnim=true windowingMode=undefined isCrossDisplayMove=false}]} }}
03-27 11:08:23.936  1170  1244 V WindowManagerShell:  Delegate animation for (#66) to null
03-27 11:08:23.937  1170  1244 V WindowManagerShell: start default transition animation, info = {id=66 t=OPEN f=0x0 trk=0 r=[0@Point(0, 0)] c=[{m=OPEN f=MOVE_TO_TOP leash=Surface(name=Task=11#373)/@0xb124017 sb=Rect(0, 0 - 1080, 2424) eb=Rect(0, 0 - 1080, 2424) epz=Point(1080, 2424) d=0 taskParent=-1 winMode=1 userId=0},{m=TO_BACK f=SHOW_WALLPAPER leash=Surface(name=Task=1#34)/@0xf167c04 sb=Rect(0, 0 - 1080, 2424) eb=Rect(0, 0 - 1080, 2424) epz=Point(1080, 2424) d=0 taskParent=-1 winMode=1 userId=0},{m=TO_BACK f=IS_WALLPAPER leash=Surface(name=WallpaperWindowToken{71cefd8}#53)/@0x57435ed sb=Rect(0, 0 - 1080, 2424) eb=Rect(0, 0 - 1080, 2424) epz=Point(1080, 2424) d=0}]}
03-27 11:08:23.939  1170  1244 V WindowManagerShell: loadAnimation: anim=android.view.animation.AnimationSet@d271b0f animAttr=0x13 type=OPEN isEntrance=false
03-27 11:08:23.940  1170  1244 V WindowManagerShell: loadAnimation: anim=android.view.animation.AnimationSet@7f479c animAttr=0x12 type=OPEN isEntrance=true
03-27 11:08:23.942  1170  1244 V WindowManagerShell:  animated by com.android.wm.shell.transition.DefaultTransitionHandler@5554e16
03-27 11:08:23.945  1170  1244 V ShellTaskOrganizer: Task appeared taskId=11 listener=FullscreenTaskListener
03-27 11:08:23.945   679   710 V WindowManager: Sent Transition (#67) createdAt=03-27 11:08:23.664
03-27 11:08:23.945   679   710 V WindowManager:     startWCT=WindowContainerTransaction { changes= {RemoteToken{6e038d DefaultTaskDisplayArea@1591504}={isTaskMoveAllowed:false,}} hops= [] flags= 0 errorCallbackToken=null taskFragmentOrganizer=null }
03-27 11:08:23.945  1170  1244 V ShellTaskOrganizer: Fullscreen Task Appeared: #11
03-27 11:08:23.947   679   710 V WindowManager:     info={id=67 t=CHANGE f=0x0 trk=0 r=[] c=[]}
03-27 11:08:23.949  1170  1407 V WindowManagerShell: onTransitionReady(transaction=2916282798349)
03-27 11:08:23.953   506   565 I libbinder.BpBinder: onLastStrongRef automatically unlinking death recipients for binder (0x74c433c42410) with descriptor: '(not cached)'
03-27 11:08:23.959  1170  1244 V RecentTasksController: Notify recent tasks changed
03-27 11:08:23.960  1170  1244 V WindowManagerShell: onTransitionReady (#67) android.os.BinderProxy@8699535: {id=67 t=CHANGE f=0x0 trk=0 r=[] c=[]}
03-27 11:08:23.962  1170  1244 V WindowManagerShell: No transition roots in (#67) android.os.BinderProxy@8699535@0 so abort
03-27 11:08:23.962  1170  1244 V WindowManagerShell: Transition was merged: (#67) android.os.BinderProxy@8699535@0 into (#66) android.os.BinderProxy@527b7f8@0
03-27 11:08:23.965 10234 10234 D RecentTasksList: invalidateLoadedTasks - previous requestLoadId: -1
03-27 11:08:23.968 14784 14784 I FirebaseApp: Device unlocked: initializing all Firebase APIs for app [DEFAULT]
03-27 11:08:23.975 14784 14784 I FirebaseInitProvider: FirebaseApp initialization successful
03-27 11:08:23.976 14784 14784 D Sentry  : io.sentry.auto-init read: false
03-27 11:08:23.983 14784 14784 D WM-WrkMgrInitializer: Initializing WorkManager with default configuration.
03-27 11:08:24.008 14784 14784 W SoLoader: Initializing SoLoader: 0
03-27 11:08:24.008 14784 14784 W SoLoader: Recording new base apk path: /data/app/~~Y2UdRi0AbfPnmo7cYbgK2Q==/co.ke.roadready.provider-kn14ZbhT_r1PU5off4HtIA==/base.apk
03-27 11:08:24.008 14784 14784 W SoLoader: Previously recorded 0 base apk paths.
03-27 11:08:24.012   506   582 W skia    : AGTM parsing failed flags.readFromStream(s) at 159
03-27 11:08:24.012   506   582 W skia    : AGTM parsing failed flags.readFromStream(s) at 159
03-27 11:08:24.033 14784 14784 W SoLoader: SoLoader initialized: 8
03-27 11:08:24.036   679  1924 D CompatChangeReporter: Compat change id reported: 161145287; UID 10229; state: ENABLED
03-27 11:08:24.060 14784 14812 I DisplayManager: Choreographer implicitly registered for the refresh rate.
03-27 11:08:24.112   679   711 W AppWarnings: Showing PageSizeMismatchDialog for package co.ke.roadready.provider
03-27 11:08:24.127   506   582 W skia    : AGTM parsing failed flags.readFromStream(s) at 159
03-27 11:08:24.128   506   582 W skia    : AGTM parsing failed flags.readFromStream(s) at 159
03-27 11:08:24.165 14784 14784 D DesktopExperienceFlags: Toggle override initialized to: false
03-27 11:08:24.169   679   711 W Looper  : Slow dispatch took 122ms android.ui app=system_server main=false group=TOP_APP h=com.android.server.wm.AppWarnings$UiHandler c=null m=7
03-27 11:08:24.174 14784 14784 D AppCompatDelegate: Checking for metadata for AppLocalesMetadataHolderService : Service not found
03-27 11:08:24.176   679   711 D WindowOnBackDispatcher: setTopOnBackInvokedCallback (unwrapped): android.app.Dialog$$ExternalSyntheticLambda2@11c01b4
03-27 11:08:24.179   679   711 D CoreBackPreview: Window{4b2afee u0 android}: Setting back callback OnBackInvokedCallbackInfo{mCallback=android.window.WindowOnBackInvokedDispatcher$OnBackInvokedCallbackWrapper@6a9c1dd, mPriority=-1, mIsAnimationCallback=false, mOverrideBehavior=0}
03-27 11:08:24.238 14784 14812 I GFXSTREAM: [eglDisplay.cpp(297)] Opening libGLESv1_CM_emulation.so
03-27 11:08:24.239 14784 14812 I GFXSTREAM: [eglDisplay.cpp(297)] Opening libGLESv2_emulation.so
03-27 11:08:24.241   506   582 W skia    : AGTM parsing failed flags.readFromStream(s) at 159
03-27 11:08:24.242   506   582 W skia    : AGTM parsing failed flags.readFromStream(s) at 159
03-27 11:08:24.243   506   582 W skia    : AGTM parsing failed flags.readFromStream(s) at 159
03-27 11:08:24.251  1170  1244 V WindowManagerShell: Transition animation finished (aborted=false), notifying core (#66) android.os.BinderProxy@527b7f8@0
03-27 11:08:24.253   679   711 D WindowManager: setClientSurface Surface(name=VRI-#385)/@0x518520 for 4b2afee android
03-27 11:08:24.269   679   710 V WindowManager: Finish Transition (#66): created at 03-27 11:08:23.334 collect-started=0.195ms request-sent=19.838ms started=45.549ms ready=520.533ms sent=529.227ms commit=87.751ms finished=931.304ms
03-27 11:08:24.270 10234 10234 D VRI[NexusLauncherActivity]: visibilityChanged oldVisibility=true newVisibility=false
03-27 11:08:24.272 14784 14812 W HWUI    : Failed to choose config with EGL_SWAP_BEHAVIOR_PRESERVED, retrying without...
03-27 11:08:24.273 14784 14812 W HWUI    : Failed to initialize 101010-2 format, error = EGL_SUCCESS
03-27 11:08:24.276  1170  1498 D WallpaperService: onVisibilityChanged(false): com.android.systemui.wallpapers.ImageWallpaper$CanvasEngine@a3e553b
03-27 11:08:24.281   679   710 V WindowManager: Finish Transition (#67): created at 03-27 11:08:23.664 collect-started=212.224ms started=237.517ms ready=270.566ms sent=278.559ms commit=328.227ms finished=615.186ms
03-27 11:08:24.286  1170  1244 V WindowManagerShell: Track 0 became idle
03-27 11:08:24.286  1170  1244 V WindowManagerShell: All active transition animations finished
03-27 11:08:24.299 10234 10234 D SmartspaceInteractor: notifySmartspaceEvent: SmartspaceTargetEvent{mSmartspaceTarget=null, mSmartspaceActionId='null', mEventType=7}
03-27 11:08:24.325   679   711 I Surface : Creating surface for consumer unnamed-679-5 with slotExpansion=1 for 64 slots
03-27 11:08:24.328   679   711 I Surface : Creating surface for consumer VRI[]#2(BLAST Consumer)2 with slotExpansion=1 for 64 slots
03-27 11:08:24.333   679 12141 I GFXSTREAM: [eglDisplay.cpp(297)] Opening libGLESv1_CM_emulation.so
03-27 11:08:24.344   506   582 W skia    : AGTM parsing failed flags.readFromStream(s) at 159
03-27 11:08:24.353 14784 14784 D DesktopModeFlags: Toggle override initialized to: OVERRIDE_UNSET
03-27 11:08:24.365   679 12141 I GFXSTREAM: [eglDisplay.cpp(297)] Opening libGLESv2_emulation.so
03-27 11:08:24.381   679 12141 W HWUI    : Failed to choose config with EGL_SWAP_BEHAVIOR_PRESERVED, retrying without...
03-27 11:08:24.381   679 12141 W HWUI    : Failed to initialize 101010-2 format, error = EGL_SUCCESS
03-27 11:08:24.440 14784 14816 W dev.expo.updates: {"timestamp":1774598904437,"message":"The expo-updates system is explicitly disabled. To enable it, set the enabled setting to true.","code":"InitializationError","level":"warn"}
03-27 11:08:24.464 14784 14784 W HWUI    : Unknown dataspace 0
03-27 11:08:24.496   679  1144 W InputChannel-JNI: Channel already disposed.
03-27 11:08:24.509   506   582 W skia    : AGTM parsing failed flags.readFromStream(s) at 159
03-27 11:08:24.537 14784 14784 W SoLoader: SoLoader already initialized
03-27 11:08:24.611   506   582 W skia    : AGTM parsing failed flags.readFromStream(s) at 159
03-27 11:08:24.621 14784 14784 D nativeloader: Load /data/app/~~Y2UdRi0AbfPnmo7cYbgK2Q==/co.ke.roadready.provider-kn14ZbhT_r1PU5off4HtIA==/lib/x86_64/libhermes.so using class loader ns clns-9 (caller=/data/app/~~Y2UdRi0AbfPnmo7cYbgK2Q==/co.ke.roadready.provider-kn14ZbhT_r1PU5off4HtIA==/base.apk): ok
03-27 11:08:24.669 14784 14784 D nativeloader: Load /data/app/~~Y2UdRi0AbfPnmo7cYbgK2Q==/co.ke.roadready.provider-kn14ZbhT_r1PU5off4HtIA==/lib/x86_64/libhermes_executor.so using class loader ns clns-9 (caller=/data/app/~~Y2UdRi0AbfPnmo7cYbgK2Q==/co.ke.roadready.provider-kn14ZbhT_r1PU5off4HtIA==/base.apk): ok
03-27 11:08:24.671 14784 14784 W SoLoader: SoLoader already initialized
03-27 11:08:24.680 14784 14823 D nativeloader: Load /data/app/~~Y2UdRi0AbfPnmo7cYbgK2Q==/co.ke.roadready.provider-kn14ZbhT_r1PU5off4HtIA==/lib/x86_64/libfbjni.so using class loader ns clns-9 (caller=/data/app/~~Y2UdRi0AbfPnmo7cYbgK2Q==/co.ke.roadready.provider-kn14ZbhT_r1PU5off4HtIA==/base.apk): ok
03-27 11:08:24.688 14784 14784 D VRI[MainActivity]: WindowInsets changed: 1080x2424 statusBars:[0,142,0,0] navigationBars:[0,0,0,63] mandatorySystemGestures:[0,174,0,84] 
