03-27 11:08:26.503 10234 10234 D AllAppsTransitionController: shouldProtectHeader: false skipScrim: true state: Normal stateManager.getState(): Normal
03-27 11:08:26.503 10234 10234 D KeyboardInsetsHandler: removePendingImeController: pendingImeController=null
03-27 11:08:26.504 10234 10234 D b/311077782: LauncherAnimationRunner.setAnimation
03-27 11:08:26.522   506   582 W skia    : AGTM parsing failed flags.readFromStream(s) at 159
03-27 11:08:26.532   506   582 W skia    : AGTM parsing failed flags.readFromStream(s) at 159
03-27 11:08:26.532   506   582 W skia    : AGTM parsing failed flags.readFromStream(s) at 159
03-27 11:08:26.538   679   710 V WindowManager: Sent Transition (#68) createdAt=03-27 11:08:26.245 via request=TransitionRequestInfo { type = CLOSE, triggerTask = TaskInfo{userId=0 taskId=11 effectiveUid=10229 displayId=0 isRunning=true baseIntent=Intent { act=android.intent.action.MAIN cat=[android.intent.category.LAUNCHER] flg=0x10200000 cmp=co.ke.roadready.provider/.MainActivity } baseActivity=ComponentInfo{co.ke.roadready.provider/co.ke.roadready.provider.MainActivity} topActivity=ComponentInfo{co.ke.roadready.provider/co.ke.roadready.provider.MainActivity} origActivity=null realActivity=ComponentInfo{co.ke.roadready.provider/co.ke.roadready.provider.MainActivity} realActivityIsAppLockEnabled=false numActivities=1 lastActiveTime=2809931 supportsMultiWindow=true supportsMultiWindowWithoutConstraints=true resizeMode=1 isResizeable=true minWidth=-1 minHeight=-1 defaultMinSize=220 token=WCT{RemoteToken{dedb442 Task{33d252e #11 type=standard A=10229:co.ke.roadready.provider}}} topActivityType=1 pictureInPictureParams=null shouldDockBigOverlays=false launchIntoPipHostTaskId=-1 lastParentTaskIdBeforePip=-1 displayCutoutSafeInsets=Rect(0, 0 - 0, 0) topActivityInfo=ActivityInfo{82e0c53 co.ke.roadready.provider.MainActivity} launchCookies=[] positionInParent=Point(0, 0) parentTaskId=-1 isFocused=true isInteractive=false isVisible=true isVisibleRequested=true isTopActivityNoDisplay=false isSleeping=false locusId=null displayAreaFeatureId=1 isTopActivityTransparent=false isActivityStackTransparent=false lastNonFullscreenBounds=null leafTaskBoundsFromOptions= false capturedLink=null capturedLinkTimestamp=0 requestedVisibleTypes=503 topActivityRequestOpenInBrowserEducationTimestamp=0 appCompatTaskInfo=AppCompatTaskInfo { topActivityInSizeCompat=false isLeafTask= true eligibleForLetterboxEducation= false isLetterboxEducationEnabled= true isLetterboxDoubleTapEnabled= false eligibleForUserAspectRatioButton= false topActivityBoundsLetterboxed= false isFromLetterboxDoubleTap= false topActivityLetterboxVerticalPosition= -1 topActivityLetterboxHorizontalPosition= -1 topActivityLetterboxWidth=-1 topActivityLetterboxHeight=-1 topActivityAppBounds=Rect(0, 142 - 1080, 2361) isUserFullscreenOverrideEnabled=false isSystemFullscreenOverrideEnabled=false hasMinAspectRatioOverride=false topActivityLetterboxBounds=null topNonResizableActivityAspectRatio=-1.0} topActivityMainWindowFrame=null isAppBubble=false}, pipChange = null, remoteTransitionInfo = null, displayChange = null, requestedLocation = null, userChange = null, windowingLayerChange = null, fullscreenRequestChange = null, flags = 16, debugId = 68 }
03-27 11:08:26.538   679   710 V WindowManager:     startWCT=WindowContainerTransaction { changes= {} hops= [] flags= 0 errorCallbackToken=null taskFragmentOrganizer=null }
03-27 11:08:26.539   679   710 V WindowManager:     info={id=68 t=CLOSE f=0x10 trk=0 r=[0@Point(0, 0)] c=[
03-27 11:08:26.539   679   710 V WindowManager:         {WCT{RemoteToken{dedb442 Task{33d252e #11 type=standard A=10229:co.ke.roadready.provider}}} m=CLOSE f=NONE leash=Surface(name=Task=11#373)/@0xde0ba8c sb=Rect(0, 0 - 1080, 2424) eb=Rect(0, 0 - 1080, 2424) epz=Point(1080, 2424) d=0 taskParent=-1 winMode=1 userId=0},
03-27 11:08:26.539   679   710 V WindowManager:         {WCT{RemoteToken{beaa066 Task{31cd01 #1 type=home}}} m=TO_FRONT f=SHOW_WALLPAPER|MOVE_TO_TOP leash=Surface(name=Task=1#34)/@0x1db118d sb=Rect(0, 0 - 1080, 2424) eb=Rect(0, 0 - 1080, 2424) epz=Point(1080, 2424) d=0 taskParent=-1 winMode=1 userId=0},
03-27 11:08:26.539   679   710 V WindowManager:         {m=TO_FRONT f=IS_WALLPAPER leash=Surface(name=WallpaperWindowToken{71cefd8}#53)/@0x1e74325 sb=Rect(0, 0 - 1080, 2424) eb=Rect(0, 0 - 1080, 2424) epz=Point(1080, 2424) d=0}
03-27 11:08:26.539   679   710 V WindowManager:     ]}
03-27 11:08:26.542   679  1635 W ActivityTaskManager: setRunningRemoteTransition: no process for null
03-27 11:08:26.543  1170  1244 V WindowManagerShell:  animated by com.android.wm.shell.transition.RemoteTransitionHandler@a4c0993
03-27 11:08:26.602   480   523 I RanchuHwc: logCompositionFallbackIfChanged: layer 65 CompositionType fallback from 2 to 1
03-27 11:08:26.602   480   523 I RanchuHwc: logCompositionFallbackIfChanged: layer 67 CompositionType fallback from 3 to 1
03-27 11:08:26.602   480   523 I RanchuHwc: logCompositionFallbackIfChanged: layer 68 CompositionType fallback from 2 to 1
03-27 11:08:26.602   480   523 I RanchuHwc: logCompositionFallbackIfChanged: layer 69 CompositionType fallback from 2 to 1
03-27 11:08:26.603   506   582 W skia    : AGTM parsing failed flags.readFromStream(s) at 159
03-27 11:08:26.604   506   582 W skia    : AGTM parsing failed flags.readFromStream(s) at 159
03-27 11:08:26.604   506   582 W skia    : AGTM parsing failed flags.readFromStream(s) at 159
03-27 11:08:26.604   506   582 W skia    : AGTM parsing failed flags.readFromStream(s) at 159
03-27 11:08:26.604   506   582 W skia    : AGTM parsing failed flags.readFromStream(s) at 159
03-27 11:08:26.604   506   582 W skia    : AGTM parsing failed flags.readFromStream(s) at 159
03-27 11:08:26.604   506   582 W skia    : AGTM parsing failed flags.readFromStream(s) at 159
03-27 11:08:26.605   506   582 W skia    : AGTM parsing failed flags.readFromStream(s) at 159
03-27 11:08:26.618   506   582 W skia    : AGTM parsing failed flags.readFromStream(s) at 159
03-27 11:08:26.618   506   582 W skia    : AGTM parsing failed flags.readFromStream(s) at 159
03-27 11:08:26.618   506   582 W skia    : AGTM parsing failed flags.readFromStream(s) at 159
03-27 11:08:26.618   506   582 W skia    : AGTM parsing failed flags.readFromStream(s) at 159
03-27 11:08:26.619   506   582 W skia    : AGTM parsing failed flags.readFromStream(s) at 159
03-27 11:08:26.619   506   582 W skia    : AGTM parsing failed flags.readFromStream(s) at 159
03-27 11:08:26.619   506   582 W skia    : AGTM parsing failed flags.readFromStream(s) at 159
03-27 11:08:26.619   506   582 W skia    : AGTM parsing failed flags.readFromStream(s) at 159
03-27 11:08:26.636   506   582 W skia    : AGTM parsing failed flags.readFromStream(s) at 159
03-27 11:08:26.636   506   582 W skia    : AGTM parsing failed flags.readFromStream(s) at 159
03-27 11:08:26.636   506   582 W skia    : AGTM parsing failed flags.readFromStream(s) at 159
03-27 11:08:26.637   506   582 W skia    : AGTM parsing failed flags.readFromStream(s) at 159
03-27 11:08:26.637   506   582 W skia    : AGTM parsing failed flags.readFromStream(s) at 159
03-27 11:08:26.637   506   582 W skia    : AGTM parsing failed flags.readFromStream(s) at 159
03-27 11:08:26.637   506   582 W skia    : AGTM parsing failed flags.readFromStream(s) at 159
03-27 11:08:26.637   506   582 W skia    : AGTM parsing failed flags.readFromStream(s) at 159
03-27 11:08:26.645   506   582 W skia    : AGTM parsing failed flags.readFromStream(s) at 159
03-27 11:08:26.646   506   582 W skia    : AGTM parsing failed flags.readFromStream(s) at 159
03-27 11:08:26.646   506   582 W skia    : AGTM parsing failed flags.readFromStream(s) at 159
03-27 11:08:26.647   506   582 W skia    : AGTM parsing failed flags.readFromStream(s) at 159
03-27 11:08:26.760   506   582 W skia    : AGTM parsing failed flags.readFromStream(s) at 159
03-27 11:08:26.760   506   582 W skia    : AGTM parsing failed flags.readFromStream(s) at 159
03-27 11:08:26.760   506   582 W skia    : AGTM parsing failed flags.readFromStream(s) at 159
03-27 11:08:26.852 10234 10234 D WorkspaceRevealAnim: onAnimationEnd: workspace alpha = 1.0
03-27 11:08:26.858  1170  1190 V WindowManagerShell: Received remote transition finished callback for (#68)
03-27 11:08:26.860  1170  1244 V WindowManagerShell: Transition animation finished (aborted=false), notifying core (#68) android.os.BinderProxy@b8ae5ff@0
03-27 11:08:26.862   506   582 W skia    : AGTM parsing failed flags.readFromStream(s) at 159
03-27 11:08:26.862   506   582 W skia    : AGTM parsing failed flags.readFromStream(s) at 159
03-27 11:08:26.862   506   582 W skia    : AGTM parsing failed flags.readFromStream(s) at 159
03-27 11:08:26.868   679   710 V WindowManager: Finish Transition (#68): created at 03-27 11:08:26.245 collect-started=0.062ms request-sent=0.254ms started=15.748ms ready=24.955ms sent=223.048ms commit=49.993ms finished=622.217ms
03-27 11:08:26.878   679  1924 E libbinder.IPCThreadState: Binder transaction failure. id: 640790, cmd: BR_DEAD_REPLY (29189), error: -22 (Invalid argument)
03-27 11:08:26.878   679  1924 W ActivityManager: pid 679 system sent binder code 7 with flags 1 and got error -32
03-27 11:08:26.879   679  1924 W WindowManager: Exception thrown during dispatchAppVisibility Window{79d3fe4 u0 co.ke.roadready.provider/co.ke.roadready.provider.MainActivity EXITING}
03-27 11:08:26.879   679  1924 W WindowManager: android.os.DeadObjectException
03-27 11:08:26.879   679  1924 W WindowManager: 	at android.os.BinderProxy.transactNative(Native Method)
03-27 11:08:26.879   679  1924 W WindowManager: 	at android.os.BinderProxy.transact(BinderProxy.java:617)
03-27 11:08:26.879   679  1924 W WindowManager: 	at android.view.IWindow$Stub$Proxy.dispatchAppVisibility(IWindow.java:596)
03-27 11:08:26.879   679  1924 W WindowManager: 	at com.android.server.wm.WindowState.sendAppVisibilityToClients(WindowState.java:3335)
03-27 11:08:26.879   679  1924 W WindowManager: 	at com.android.server.wm.WindowContainer.sendAppVisibilityToClients(WindowContainer.java:1245)
03-27 11:08:26.879   679  1924 W WindowManager: 	at com.android.server.wm.WindowToken.setClientVisible(WindowToken.java:392)
03-27 11:08:26.879   679  1924 W WindowManager: 	at com.android.server.wm.ActivityRecord.commitVisibility(ActivityRecord.java:5599)
03-27 11:08:26.879   679  1924 W WindowManager: 	at com.android.server.wm.Transition.finishTransition(Transition.java:1570)
03-27 11:08:26.879   679  1924 W WindowManager: 	at com.android.server.wm.TransitionController.finishTransition(TransitionController.java:1205)
03-27 11:08:26.879   679  1924 W WindowManager: 	at com.android.server.wm.WindowOrganizerController.finishTransition(WindowOrganizerController.java:533)
03-27 11:08:26.879   679  1924 W WindowManager: 	at android.window.IWindowOrganizerController$Stub.onTransact(IWindowOrganizerController.java:265)
03-27 11:08:26.879   679  1924 W WindowManager: 	at com.android.server.wm.WindowOrganizerController.onTransact(WindowOrganizerController.java:239)
03-27 11:08:26.879   679  1924 W WindowManager: 	at android.os.Binder.execTransactInternal(Binder.java:1466)
03-27 11:08:26.879   679  1924 W WindowManager: 	at android.os.Binder.execTransact(Binder.java:1411)
03-27 11:08:26.879   679  1924 W Process : Unable to open /proc/14784/status
03-27 11:08:26.898  1170  1244 V WindowManagerShell: Track 0 became idle
03-27 11:08:26.898  1170  1244 V WindowManagerShell: All active transition animations finished
03-27 11:08:26.903 10234 10234 D RecentsView: onTaskRemoved: 11, not handling task stack changes
03-27 11:08:26.903 10234 10234 D RecentsView: onTaskRemoved: 11, not handling task stack changes
03-27 11:08:26.908  1170  1244 V RecentTasksController: generateList(getRecentTasks)
03-27 11:08:26.908  1170  1244 V RecentTasksController: initializeDesksMap - allDeskIds: []
03-27 11:08:26.908  1170  1244 V RecentTasksController: Task 11 is not an active desktop task
03-27 11:08:26.909  1170  1244 V RecentTasksController: Added fullscreen task: 11
03-27 11:08:26.909  1170  1244 V RecentTasksController: generateList - complete
03-27 11:08:26.911  1170  1244 V ShellTaskOrganizer: Task vanished taskId=11
03-27 11:08:26.911  1170  1244 V ShellTaskOrganizer: Fullscreen Task Vanished: #11
03-27 11:08:26.911  1170  1244 V ShellDesktopMode: Task Vanished: #11 closed=true
03-27 11:08:26.911  1170  1244 V RecentTasksController: Notify recent tasks changed
03-27 11:08:26.912  1170  1244 D ShellDesktopMode: AppToWebRepository: Task 11 is vanishing. Removing task data from repository
03-27 11:08:26.913  1170  1244 V AppCompat: SingleSurfaceLetterboxController: []
03-27 11:08:26.913 10234 10234 D RecentTasksList: invalidateLoadedTasks - previous requestLoadId: -1
03-27 11:08:26.914  1170  1244 V AppCompat: MultiSurfaceLetterboxController: []
03-27 11:08:26.914  1170  1244 V AppCompat: LetterboxInputController: []
03-27 11:08:26.914  1170  1244 V AppCompat: RoundedCornersLetterboxController: {}
03-27 11:08:26.915   679  1147 I Surface : Creating surface for consumer unnamed-679-6 with slotExpansion=1 for 64 slots
03-27 11:08:26.915   679  1147 I Surface : Creating surface for consumer ImageReader-864x1939f1m1-679-3 with slotExpansion=1 for 64 slots
03-27 11:08:26.916   679  1147 W ImageReader_JNI: Unable to acquire a buffer item, very likely client tried to acquire more than maxImages buffers
03-27 11:08:26.916   679  1924 W WindowManager: takeTaskSnapshot: taskId=11 not found or not visible
03-27 11:08:26.932   506   506 E BpTransactionCompletedListener: Failed to transact (-32)
03-27 11:08:26.961   506   582 W skia    : AGTM parsing failed flags.readFromStream(s) at 159
03-27 11:08:26.962   506   582 W skia    : AGTM parsing failed flags.readFromStream(s) at 159
03-27 11:08:26.962   506   582 W skia    : AGTM parsing failed flags.readFromStream(s) at 159
03-27 11:08:27.011   679  1147 E ConsumerBase: [ImageReader-864x1939f1m1-679-3] abandonLocked: ConsumerBase is abandoned!
03-27 11:08:27.424   679  4829 E TaskPersister: File error accessing recents directory (directory doesn't exist?).
03-27 11:08:27.510   506   582 W skia    : AGTM parsing failed flags.readFromStream(s) at 159
03-27 11:08:27.510   506   582 W skia    : AGTM parsing failed flags.readFromStream(s) at 159
03-27 11:08:27.510   506   582 W skia    : AGTM parsing failed flags.readFromStream(s) at 159
03-27 11:08:27.610   506   582 W skia    : AGTM parsing failed flags.readFromStream(s) at 159
03-27 11:08:27.611   506   582 W skia    : AGTM parsing failed flags.readFromStream(s) at 159
03-27 11:08:27.611   506   582 W skia    : AGTM parsing failed flags.readFromStream(s) at 159
03-27 11:08:27.712   506   582 W skia    : AGTM parsing failed flags.readFromStream(s) at 159
03-27 11:08:27.712   506   582 W skia    : AGTM parsing failed flags.readFromStream(s) at 159
03-27 11:08:27.712   506   582 W skia    : AGTM parsing failed flags.readFromStream(s) at 159
03-27 11:08:27.826   506   582 W skia    : AGTM parsing failed flags.readFromStream(s) at 159
03-27 11:08:27.826   506   582 W skia    : AGTM parsing failed flags.readFromStream(s) at 159
03-27 11:08:27.826   506   582 W skia    : AGTM parsing failed flags.readFromStream(s) at 159
03-27 11:08:28.075   506   582 W skia    : AGTM parsing failed flags.readFromStream(s) at 159
03-27 11:08:28.077   506   582 W skia    : AGTM parsing failed flags.readFromStream(s) at 159
03-27 11:08:28.077   506   582 W skia    : AGTM parsing failed flags.readFromStream(s) at 159
03-27 11:08:28.388   506   582 W skia    : AGTM parsing failed flags.readFromStream(s) at 159
03-27 11:08:28.388   506   582 W skia    : AGTM parsing failed flags.readFromStream(s) at 159
03-27 11:08:28.388   506   582 W skia    : AGTM parsing failed flags.readFromStream(s) at 159
03-27 11:08:28.457   506   582 W skia    : AGTM parsing failed flags.readFromStream(s) at 159
03-27 11:08:28.457   506   582 W skia    : AGTM parsing failed flags.readFromStream(s) at 159
03-27 11:08:28.457   506   582 W skia    : AGTM parsing failed flags.readFromStream(s) at 159
