03-27 11:01:05.659   679   703 D ActivityManager: sync unfroze 11897 com.google.android.apps.wellbeing for 7
03-27 11:01:05.678   679  1934 W AppOpService: Ignored setUidMode call for runtime permission app op: uid = 1001, code = RECEIVE_WAP_PUSH, mode = allow, callingUid = 1001, oldMode = allow
03-27 11:01:05.682   679   720 W ActivityManager: Slow operation: 241ms so far, now at startProcess: done updating battery stats
03-27 11:01:05.682   679   720 W ActivityManager: Slow operation: 242ms so far, now at startProcess: building log message
03-27 11:01:05.682   679   720 I ActivityManager: Start proc 13651:com.android.keychain/1000 for started-service {com.android.keychain/com.android.keychain.KeyChainService}
03-27 11:01:05.683   679   720 W ActivityManager: Slow operation: 242ms so far, now at startProcess: starting to update pids map
03-27 11:01:05.687   679   720 W ActivityManager: Slow operation: 246ms so far, now at startProcess: done updating pids map
03-27 11:01:05.688   679  1934 W AppOpService: Ignored setUidMode call for runtime permission app op: uid = 1001, code = SEND_SMS, mode = allow, callingUid = 1001, oldMode = allow
03-27 11:01:05.693   679  1934 W AppOpService: Ignored setUidMode call for runtime permission app op: uid = 1001, code = READ_CELL_BROADCASTS, mode = allow, callingUid = 1001, oldMode = allow
03-27 11:01:05.698   679   679 D AppSearchAppsIndexerManagerS: userid in package receiver: 10229
03-27 11:01:05.720   679   747 D PackageInstallerSession: Marking session 1012066208 as applied
03-27 11:01:05.721 13623 13623 D ActivityThread: Package [co.ke.roadready.provider] reported as REPLACED, but missing application info. Assuming REMOVED.
03-27 11:01:05.743 12081 12149 I Finsky  : [51] Current account updated in PVS
03-27 11:01:05.743   679  1276 W SignedPackage: Package doesn't have required signing certificate: com.google.android.retaildemo
03-27 11:01:05.744 12081 12149 I Finsky  : [51] Current account updated in PVS
03-27 11:01:05.747 12262 12262 I Finsky:background: [2] ahsc - Received: android.intent.action.PACKAGE_REMOVED, [H7m5Hl44Mkku532xUSaee-CFBLrGL8FhuqV7dVL_vBA]
03-27 11:01:05.751   679  1511 W libbinder.Binder: Binder transaction to android.content.pm.IPackageManager, function: UNKNOWN_FUNCTION_NAME, code: 1598246212, took 8918ms. Data bytes: 200 Reply bytes: 4 Flags: 16
03-27 11:01:05.758  1638  1638 E SmsApplication: com.google.android.apps.messaging lost android:read_cell_broadcasts:  (fixing)
03-27 11:01:05.758   679   703 W AppOpService: Ignored setUidMode call for runtime permission app op: uid = 10155, code = READ_CELL_BROADCASTS, mode = allow, callingUid = 1001, oldMode = allow
03-27 11:01:05.759 13651 13651 D CompatChangeReporter: Compat change id reported: 333566037; UID 1000; state: ENABLED
03-27 11:01:05.735   679   679 W binder:679_E: type=1400 audit(0.0:26): avc:  denied  { getopt } for  scontext=u:r:system_server:s0 tcontext=u:r:shell:s0 tclass=unix_stream_socket permissive=0
03-27 11:01:05.762   679  1276 E RoleControllerServiceImpl: Default/fallback role holder package doesn't qualify for the role, package: com.google.android.gms.supervision, role: android.app.role.SYSTEM_SUPERVISION, user: 0
03-27 11:01:05.769   679   712 E AtomicFile: Failed to rename /data/system/install_sessions.xml.new to /data/system/install_sessions.xml
03-27 11:01:05.776 12081 12149 I Finsky  : [51] Current account updated in PVS
03-27 11:01:05.779  1170  1170 D ControlsListingControllerImpl: ServiceConfig reloaded, count: 0
03-27 11:01:05.781 12262 12315 I Finsky:background: [44] Current account updated in PVS
03-27 11:01:05.782 12262 12316 I Finsky:background: [45] Current account updated in PVS
03-27 11:01:05.747   679   679 W binder:679_E: type=1400 audit(0.0:27): avc:  denied  { getopt } for  scontext=u:r:system_server:s0 tcontext=u:r:shell:s0 tclass=unix_stream_socket permissive=0
03-27 11:01:05.784 12262 12306 I Finsky:background: [42] Current account updated in PVS
03-27 11:01:05.791 13623 13623 D ActivityThread: Package [co.ke.roadready.provider] reported as REPLACED, but missing application info. Assuming REMOVED.
03-27 11:01:05.796 12081 12150 I Finsky  : [52] Current account updated in PVS
03-27 11:01:05.747   679   679 W binder:679_E: type=1400 audit(0.0:28): avc:  denied  { getopt } for  scontext=u:r:system_server:s0 tcontext=u:r:shell:s0 tclass=unix_stream_socket permissive=0
03-27 11:01:05.805 12081 12150 I Finsky  : [52] Current account updated in PVS
03-27 11:01:05.808   679  1134 I SdkSandboxManager: No SDKs used. Skipping SDK data reconcilation for CallingInfo{mUid=10229, mPackageName='co.ke.roadready.provider, mAppProcessToken='null'}
03-27 11:01:05.809 12081 12149 I Finsky  : [51] Current account updated in PVS
03-27 11:01:05.810  1778  1778 W MediaProvider: WorkProfileOwnerApps cache is empty
03-27 11:01:05.810  1778  1778 D PickerSyncLockManager: Trying to acquire lock com.android.providers.media.photopicker.sync.CloseableReentrantLock@88eb5a7[Unlocked]. Lock Name = CLOUD_PROVIDER_LOCK. Threads that may be waiting to acquire this lock = []
03-27 11:01:05.810  1778  1778 D CloseableReentrantLock: Successfully acquired lock com.android.providers.media.photopicker.sync.CloseableReentrantLock@88eb5a7[Locked by thread main]. Lock Name = CLOUD_PROVIDER_LOCK. Threads that may be waiting to acquire this lock = []
03-27 11:01:05.815   461   461 D Zygote  : Forked child process 13672
03-27 11:01:05.822 12081 12146 I Finsky  : [48] Current account updated in PVS
03-27 11:01:05.844 13672 13672 I Zygote  : Process 13672 created for com.google.android.permissioncontroller
03-27 11:01:05.845   679   679 D BackupManagerConstants: getFullBackupIntervalMilliseconds(...) returns 86400000
03-27 11:01:05.845 13672 13672 I ssioncontroller: Using generational CollectorTypeCMC GC.
03-27 11:01:05.846  1778  1778 D CloseableReentrantLock: Successfully released lock com.android.providers.media.photopicker.sync.CloseableReentrantLock@88eb5a7[Unlocked]. Lock Name = CLOUD_PROVIDER_LOCK. Threads that may be waiting to acquire this lock = []
03-27 11:01:05.847   679  1506 W AppOpService: Ignored setUidMode call for runtime permission app op: uid = 1001, code = READ_SMS, mode = allow, callingUid = 1001, oldMode = allow
03-27 11:01:05.849 13672 13672 W ssioncontroller: Unexpected CPU variant for x86: x86_64.
03-27 11:01:05.849 13672 13672 W ssioncontroller: Known variants: atom, sandybridge, silvermont, goldmont, goldmont-plus, goldmont-without-sha-xsaves, tremont, kabylake, alderlake, lunarlake, default
03-27 11:01:05.852   679  1148 W Looper  : Slow dispatch took 151ms android.perm app=system_server main=false group=FOREGROUND h=android.os.Handler c=com.android.internal.infra.ServiceConnector$Impl$$ExternalSyntheticLambda2@44f07cf m=0
03-27 11:01:05.860   679   720 W ActivityManager: Slow operation: 78ms so far, now at startProcess: done updating battery stats
03-27 11:01:05.861   679   720 W ActivityManager: Slow operation: 79ms so far, now at startProcess: building log message
03-27 11:01:05.864   679   720 I ActivityManager: Start proc 13672:com.google.android.permissioncontroller/u0a223 for broadcast {com.google.android.permissioncontroller/com.android.permissioncontroller.safetylabel.SafetyLabelChangedBroadcastReceiver}
03-27 11:01:05.866   679   720 W ActivityManager: Slow operation: 85ms so far, now at startProcess: starting to update pids map
03-27 11:01:05.868   679   720 W ActivityManager: Slow operation: 87ms so far, now at startProcess: done updating pids map
03-27 11:01:05.874 12081 12149 I Finsky  : [51] Current account updated in PVS
03-27 11:01:05.875 12081 12150 I Finsky  : [52] Current account updated in PVS
03-27 11:01:05.876   679   679 D BackupManagerConstants: getFullBackupRequiredNetworkType(...) returns 2
03-27 11:01:05.876   679   679 D BackupManagerConstants: getFullBackupRequireCharging(...) returns true
03-27 11:01:05.888 11897 11897 D ActivityThread: Package [co.ke.roadready.provider] reported as REPLACED, but missing application info. Assuming REMOVED.
03-27 11:01:05.906 11897 11897 D ActivityThread: Package [co.ke.roadready.provider] reported as REPLACED, but missing application info. Assuming REMOVED.
03-27 11:01:05.908   679   679 I BackupManagerService: No delayed restore requests for the given dependency: co.ke.roadready.provider
03-27 11:01:05.908   679   679 W Looper  : Slow dispatch took 185ms main app=system_server main=true group=FOREGROUND h=android.app.ActivityThread$H c=android.app.LoadedApk$ReceiverDispatcher$Args$$ExternalSyntheticLambda0@6bb2066 m=0
03-27 11:01:05.920 12081 12150 I Finsky  : [52] Current account updated in PVS
03-27 11:01:05.921 12081 12148 I Finsky  : [50] Current account updated in PVS
03-27 11:01:05.925   679   679 D ActivityThread: Package [co.ke.roadready.provider] reported as REPLACED, but missing application info. Assuming REMOVED.
03-27 11:01:05.926 13651 13651 D nativeloader: Configuring clns-shared-9 for other apk /system/app/KeyChain/KeyChain.apk. target_sdk_version=37, uses_libraries=, library_path=/system/app/KeyChain/lib/x86_64:/system/app/KeyChain/KeyChain.apk!/lib/x86_64:/system/lib64:/system_ext/lib64, permitted_path=/data:/mnt/expand:/data/user/0/com.android.keychain:/system/app/KeyChain:/system/lib64:/system_ext/lib64
03-27 11:01:05.927   679   679 W Looper  : Slow delivery took 284ms main app=system_server main=true group=FOREGROUND h=android.app.ActivityThread$H c=null m=133
03-27 11:01:05.927 12081 12149 I Finsky  : [51] Current account updated in PVS
03-27 11:01:05.932   679   679 W AlarmManager: Package co.ke.roadready.provider, uid 10229 lost permission to set exact alarms!
03-27 11:01:05.933 13672 13672 D nativeloader: Load libframework-connectivity-tiramisu-jni.so using APEX ns com_android_tethering for caller /apex/com.android.tethering/javalib/framework-connectivity-t.jar: ok
03-27 11:01:05.943   679   679 D ActivityThread: Package [co.ke.roadready.provider] reported as REPLACED, but missing application info. Assuming REMOVED.
03-27 11:01:05.981   679  1506 W AppOpService: Ignored setUidMode call for runtime permission app op: uid = 1001, code = RECEIVE_SMS, mode = allow, callingUid = 1001, oldMode = allow
03-27 11:01:05.991   679  1635 W ApplicationInfo: Large ApplicationInfo parcel: size=17732 package=com.google.android.googlequicksearchbox sharedLibs=3 resDirs=2 overlayPaths=2
03-27 11:01:05.994   679   710 W Looper  : Slow delivery took 210ms android.fg app=system_server main=false group=FOREGROUND h=android.os.Handler c=com.android.internal.content.PackageMonitor$$ExternalSyntheticLambda0@4a5bc54 m=0
03-27 11:01:05.997 13651 13651 V GraphicsEnvironment: Currently set values for:
03-27 11:01:05.997   679  1896 W ApplicationInfo: Large ApplicationInfo parcel: size=17732 package=com.google.android.googlequicksearchbox sharedLibs=3 resDirs=2 overlayPaths=2
03-27 11:01:05.997 13651 13651 V GraphicsEnvironment:   angle_gl_driver_selection_pkgs=[]
03-27 11:01:05.997 13651 13651 V GraphicsEnvironment:   angle_gl_driver_selection_values=[]
03-27 11:01:05.997 13651 13651 V GraphicsEnvironment: com.android.keychain is not listed in per-application setting
03-27 11:01:05.998 13651 13651 V GraphicsEnvironment: No special selections for ANGLE, returning default driver choice
03-27 11:01:05.999   679  1896 W AppOpService: Ignored setUidMode call for runtime permission app op: uid = 1001, code = RECEIVE_WAP_PUSH, mode = allow, callingUid = 1001, oldMode = allow
03-27 11:01:06.000 13651 13651 V GraphicsEnvironment: Neither updatable production driver nor prerelease driver is supported.
03-27 11:01:06.001   679  1953 W AppOpService: Ignored setUidMode call for runtime permission app op: uid = 1001, code = SEND_SMS, mode = allow, callingUid = 1001, oldMode = allow
03-27 11:01:06.005   679  1953 W AppOpService: Ignored setUidMode call for runtime permission app op: uid = 1001, code = READ_CELL_BROADCASTS, mode = allow, callingUid = 1001, oldMode = allow
03-27 11:01:06.006   679   850 W PackageConfigPersister: App-specific configuration not found for packageName: co.ke.roadready.provider and userId: 0
03-27 11:01:06.009   679  1276 W SignedPackage: Package doesn't have required signing certificate: com.google.android.apps.work.clouddpc
03-27 11:01:06.015 13651 13651 D CompatChangeReporter: Compat change id reported: 407952621; UID 1000; state: ENABLED
03-27 11:01:06.015 13651 13651 D CompatChangeReporter: Compat change id reported: 419020719; UID 1000; state: ENABLED
03-27 11:01:06.023 12081 12149 I Finsky  : [51] Current account updated in PVS
03-27 11:01:06.034 12081 12148 I Finsky  : [50] Current account updated in PVS
03-27 11:01:06.025 12081 12149 I Finsky  : [51] Current account updated in PVS
03-27 11:01:06.092 13672 13672 D CompatChangeReporter: Compat change id reported: 333566037; UID 10223; state: ENABLED
03-27 11:01:06.100 13672 13672 D nativeloader: Configuring clns-shared-9 for other apk /system_ext/framework/com.android.extensions.appfunctions.jar. target_sdk_version=37, uses_libraries=ALL, library_path=/apex/com.android.permission/priv-app/GooglePermissionController@CP21.260306.017.A1/lib/x86_64:/system/lib64:/system_ext/lib64, permitted_path=/data:/mnt/expand:/data/user_de/0/com.google.android.permissioncontroller:/apex/com.android.permission/priv-app/GooglePermissionController@CP21.260306.017.A1:/system/lib64:/system_ext/lib64
03-27 11:01:06.101 13623 13623 D CompatChangeReporter: Compat change id reported: 418924588; UID 10221; state: ENABLED
03-27 11:01:06.103  1638  1721 D ImsResolver: maybeAddedImsService, packageName: co.ke.roadready.provider
03-27 11:01:06.103  1638  1721 V ImsResolver: searchForImsServices: package=co.ke.roadready.provider, users=[UserHandle{0}]
03-27 11:01:06.104  1638  1721 V ImsResolver: searchForImsServices: package=co.ke.roadready.provider, users=[UserHandle{0}]
03-27 11:01:06.105 13672 13672 D ApplicationLoaders: Returning zygote-cached class loader: /system_ext/framework/androidx.window.extensions.jar
03-27 11:01:06.109 13672 13672 D ApplicationLoaders: Returning zygote-cached class loader: /system_ext/framework/androidx.window.sidecar.jar
03-27 11:01:06.109 13672 13672 D ApplicationLoaders: Returning zygote-cached class loader: /system/framework/org.apache.http.legacy.jar
03-27 11:01:06.141  1638  1638 W VvmPkgInstalledRcvr: carrierVvmPkgAdded: carrier vvm packages doesn't contain co.ke.roadready.provider
03-27 11:01:06.194  1638  1638 D ActivityThread: Package [co.ke.roadready.provider] reported as REPLACED, but missing application info. Assuming REMOVED.
03-27 11:01:06.195 12262 12268 W ding:background: Suspending all threads took: 5.997ms
03-27 11:01:06.197  1638  1638 D ActivityThread: Package [co.ke.roadready.provider] reported as REPLACED, but missing application info. Assuming REMOVED.
03-27 11:01:06.221 12081 12081 I Finsky  : [2] ahsm - Received: android.intent.action.PACKAGE_ADDED, [H7m5Hl44Mkku532xUSaee-CFBLrGL8FhuqV7dVL_vBA]
03-27 11:01:06.223 13672 13672 D nativeloader: Configuring clns-shared-10 for other apk /apex/com.android.permission/priv-app/GooglePermissionController@CP21.260306.017.A1/GooglePermissionController.apk. target_sdk_version=37, uses_libraries=, library_path=/apex/com.android.permission/priv-app/GooglePermissionController@CP21.260306.017.A1/lib/x86_64:/system/lib64:/system_ext/lib64, permitted_path=/data:/mnt/expand:/data/user_de/0/com.google.android.permissioncontroller:/apex/com.android.permission/priv-app/GooglePermissionController@CP21.260306.017.A1:/system/lib64:/system_ext/lib64
03-27 11:01:06.225 13672 13672 D nativeloader: InitApexLibraries:
03-27 11:01:06.225 13672 13672 D nativeloader:   com_android_adservices: libhpke_jni.so:libtflite_support_classifiers_native.so
03-27 11:01:06.225 13672 13672 D nativeloader:   com_android_appsearch: libappsearchservice.so:libicing_anywhere.so
03-27 11:01:06.225 13672 13672 D nativeloader:   com_android_art: libartservice.so
03-27 11:01:06.225 13672 13672 D nativeloader:   com_android_bt: libbluetooth_jni.so
03-27 11:01:06.225 13672 13672 D nativeloader:   com_android_conscrypt: libjavacrypto.so
03-27 11:01:06.225 13672 13672 D nativeloader:   com_android_extservices: libtflite_support_classifiers_native.so
03-27 11:01:06.225 13672 13672 D nativeloader:   com_android_mediaprovider: libpdfclient.so
03-27 11:01:06.225 13672 13672 D nativeloader:   com_android_nfcservices: libnfc_nci_jni.so
03-27 11:01:06.225 13672 13672 D nativeloader:   com_android_npumanager: libnpumanager_service_jni.so
03-27 11:01:06.225 13672 13672 D nativeloader:   com_android_ondevicepersonalization: libfcp_cpp_dep_jni.so:libfcp_hpke_jni.so
03-27 11:01:06.225 13672 13672 D nativeloader:   com_android_os_statsd: libstats_jni.so
03-27 11:01:06.225 13672 13672 D nativeloader:   com_android_tethering: libandroid_net_connectivity_com_android_net_module_util_jni.so:libandroid_net_connectivity_com_android_net_module_util_jni_CommonConnectivityJni.so:libcrypto_httpengine.so:libframework-connectivity-jni.so:libframework-connectivity-tiramisu-jni.so:libhttpengine.so:libservice-connectivity.so:libservice-thread-jni.so
03-27 11:01:06.225 13672 13672 D nativeloader:   com_android_uwb: libuwb_uci_jni_rust.so
03-27 11:01:06.225 13672 13672 D nativeloader:   com_android_virt: Mi
03-27 11:01:06.235 12262 12315 I Finsky:background: [44] Current account updated in PVS
03-27 11:01:06.237 12081 12150 I Finsky  : [52] Current account updated in PVS
03-27 11:01:06.238 12262 12315 I Finsky:background: [44] Current account updated in PVS
03-27 11:01:06.256 12081 13688 I Finsky  : [129] [ContentSync] finished, scheduled=false
03-27 11:01:06.256 12081 12150 I Finsky  : [52] Current account updated in PVS
03-27 11:01:06.267 12081 12150 I Finsky  : [52] Current account updated in PVS
03-27 11:01:06.280 12081 12150 I Finsky  : [52] Current account updated in PVS
03-27 11:01:06.285   679  1896 W ActivityManager: Slow operation: 246ms so far, now at finishAttachApplicationInner: after mServices.attachApplicationLocked
03-27 11:01:06.285   679  1896 W ActivityManager: Slow operation: 246ms so far, now at finishAttachApplicationInner: after dispatching broadcasts
03-27 11:01:06.296 12262 12268 W ding:background: Reducing the number of considered missed Gc histogram windows from 131 to 100
03-27 11:01:06.303 12081 12150 I Finsky  : [52] Current account updated in PVS
03-27 11:01:06.334  1638  1638 D SatelliteController: packageStateChanged: package:co.ke.roadready.provider defaultSmsPackageName: com.google.android.apps.messaging satelliteGatewayServicePackageName: 
03-27 11:01:06.343 12262 12315 I Finsky:background: [44] Current account updated in PVS
03-27 11:01:06.344 13651 13651 D CompatChangeReporter: Compat change id reported: 458413887; UID 1000; state: ENABLED
03-27 11:01:06.352 12262 12315 I Finsky:background: [44] Current account updated in PVS
03-27 11:01:06.360 12262 12315 I Finsky:background: [44] Current account updated in PVS
03-27 11:01:06.363 12262 12315 I Finsky:background: [44] Current account updated in PVS
03-27 11:01:06.365   679   703 E AppOps  : attributionTag VCN not declared in manifest of android
03-27 11:01:06.397 12262 12317 I Finsky:background: [46] Current account updated in PVS
03-27 11:01:06.401 12262 12306 I Finsky:background: [42] Current account updated in PVS
03-27 11:01:06.402 12262 12317 I Finsky:background: [46] Current account updated in PVS
03-27 11:01:06.402   679   679 W Looper  : Slow dispatch took 395ms main app=system_server main=true group=FOREGROUND h=android.app.ActivityThread$H c=android.app.LoadedApk$ReceiverDispatcher$Args$$ExternalSyntheticLambda0@d61c612 m=0
03-27 11:01:06.403 12081 12081 I Finsky  : [2] DTU: Received onPackageAdded, replacing: true
03-27 11:01:06.416 12262 12306 I Finsky:background: [42] Current account updated in PVS
03-27 11:01:06.417 12262 12306 I Finsky:background: [42] Current account updated in PVS
03-27 11:01:06.426 13672 13672 V GraphicsEnvironment: Currently set values for:
03-27 11:01:06.426 13672 13672 V GraphicsEnvironment:   angle_gl_driver_selection_pkgs=[]
03-27 11:01:06.426 13672 13672 V GraphicsEnvironment:   angle_gl_driver_selection_values=[]
03-27 11:01:06.426 13672 13672 V GraphicsEnvironment: com.google.android.permissioncontroller is not listed in per-application setting
03-27 11:01:06.427 13672 13672 V GraphicsEnvironment: No special selections for ANGLE, returning default driver choice
03-27 11:01:06.428 13672 13672 V GraphicsEnvironment: Neither updatable production driver nor prerelease driver is supported.
03-27 11:01:06.441 12262 13687 I Finsky:background: [82] Wrote row to frosting DB: 266
03-27 11:01:06.447 12262 12317 I Finsky:background: [46] Current account updated in PVS
03-27 11:01:06.451 11897 11906 W .apps.wellbeing: Suspending all threads took: 8.205ms
03-27 11:01:06.456   679   679 D AS.AudioService: received android.intent.action.PACKAGE_REPLACED replacing: true archival: false for package co.ke.roadready.provider with uid 10229
03-27 11:01:06.458   679   679 D AppSearchAppsIndexerManagerS: userid in package receiver: 10229
03-27 11:01:06.462 13672 13672 D CompatChangeReporter: Compat change id reported: 407952621; UID 10223; state: ENABLED
03-27 11:01:06.463 13672 13672 D CompatChangeReporter: Compat change id reported: 419020719; UID 10223; state: ENABLED
03-27 11:01:06.469 12262 12262 I Finsky:background: [2] IQ: onPackageRemoved co.ke.roadready.provider, replacing=true, uninstallingFromPlay=false
03-27 11:01:06.475 12262 12316 I Finsky:background: [45] Current account updated in PVS
03-27 11:01:06.476 12262 12315 I Finsky:background: [44] Current account updated in PVS
03-27 11:01:06.483 12262 12315 I Finsky:background: [44] Current account updated in PVS
03-27 11:01:06.489   679  1276 I Role    : com.google.android.gms not qualified for android.app.role.SYSTEM_DEPENDENCY_INSTALLER due to missing RequiredComponent{mFlags='0', mIntentFilterData=IntentFilterData{mAction='android.content.pm.action.INSTALL_DEPENDENCY', mCategories='[]', mDataScheme='null', mDataType='null'}, mMetaData=[], mPermission='android.permission.BIND_DEPENDENCY_INSTALLER', mQueryFlags=0} Requirement{mFeatureFlag=null, mMinTargetSdkVersion=1}
03-27 11:01:06.489   679  1276 E RoleControllerServiceImpl: Default/fallback role holder package doesn't qualify for the role, package: com.google.android.gms, role: android.app.role.SYSTEM_DEPENDENCY_INSTALLER, user: 0
03-27 11:01:06.494 12098 12143 I fxxm    : (REDACTED) Shared storage file not found for %s
03-27 11:01:06.494 12098 12143 I fxxm    : (REDACTED) Unable to retrieve flag snapshot for %s, using defaults.
03-27 11:01:06.502 12262 12315 I Finsky:background: [44] Current account updated in PVS
03-27 11:01:06.506 12262 12306 I Finsky:background: [42] Current account updated in PVS
03-27 11:01:06.509 12262 12262 I Finsky:background: [2] ahsc - Received: android.intent.action.PACKAGE_ADDED, [H7m5Hl44Mkku532xUSaee-CFBLrGL8FhuqV7dVL_vBA]
03-27 11:01:06.523 12262 12317 I Finsky:background: [46] Current account updated in PVS
03-27 11:01:06.524 12262 12317 I Finsky:background: [46] Current account updated in PVS
03-27 11:01:06.525 12262 12317 I Finsky:background: [46] Current account updated in PVS
03-27 11:01:06.525 12262 12317 I Finsky:background: [46] Current account updated in PVS
03-27 11:01:06.544   679   679 W Looper  : Drained
03-27 11:01:06.544 12098 12143 I fxxm    : (REDACTED) Shared storage file not found for %s
03-27 11:01:06.545 12098 12143 I fxxm    : (REDACTED) Unable to retrieve flag snapshot for %s, using defaults.
03-27 11:01:06.557 12262 13687 I Finsky:background: [82] Wrote row to frosting DB: 267
03-27 11:01:06.592 12081 12150 I Finsky  : [52] Current account updated in PVS
03-27 11:01:06.600 12081 12148 I Finsky  : [50] Current account updated in PVS
03-27 11:01:06.602 12081 12148 I Finsky  : [50] Current account updated in PVS
03-27 11:01:06.604 12081 12146 I Finsky  : [48] Current account updated in PVS
03-27 11:01:06.605 12081 12146 I Finsky  : [48] Current account updated in PVS
03-27 11:01:06.605 12081 12146 I Finsky  : [48] Current account updated in PVS
03-27 11:01:06.607 12098 12143 I fxxm    : (REDACTED) Shared storage file not found for %s
03-27 11:01:06.608 12081 12146 I Finsky  : [48] Current account updated in PVS
03-27 11:01:06.609 12081 12146 I Finsky  : [48] Current account updated in PVS
03-27 11:01:06.611 12098 12143 I fxxm    : (REDACTED) Unable to retrieve flag snapshot for %s, using defaults.
03-27 11:01:06.614 12081 12146 I Finsky  : [48] Current account updated in PVS
03-27 11:01:06.623 12081 12146 I Finsky  : [48] Current account updated in PVS
03-27 11:01:06.625 12081 12146 I Finsky  : [48] Current account updated in PVS
03-27 11:01:06.626 12081 12146 I Finsky  : [48] Current account updated in PVS
03-27 11:01:06.636 12098 12143 I fxxm    : (REDACTED) Shared storage file not found for %s
03-27 11:01:06.638 12098 12143 I fxxm    : (REDACTED) Unable to retrieve flag snapshot for %s, using defaults.
03-27 11:01:06.647 12081 12146 I Finsky  : [48] Current account updated in PVS
03-27 11:01:06.655 12262 12317 I Finsky:background: [46] Current account updated in PVS
03-27 11:01:06.665 12081 12150 I Finsky  : [52] Current account updated in PVS
03-27 11:01:06.668 12081 12148 I Finsky  : [50] Current account updated in PVS
03-27 11:01:06.679 12262 12262 I Finsky:background: [2] ahsc - Received: android.intent.action.PACKAGE_ADDED, [H7m5Hl44Mkku532xUSaee-CFBLrGL8FhuqV7dVL_vBA]
03-27 11:01:06.680 12262 12317 I Finsky:background: [46] Current account updated in PVS
03-27 11:01:06.684 12262 12306 I Finsky:background: [42] Current account updated in PVS
03-27 11:01:06.694 12262 12317 I Finsky:background: [46] Current account updated in PVS
03-27 11:01:06.696 12262 12317 I Finsky:background: [46] Current account updated in PVS
03-27 11:01:06.697 12262 12317 I Finsky:background: [46] Current account updated in PVS
03-27 11:01:06.699 12081 12148 I Finsky  : [50] Current account updated in PVS
03-27 11:01:06.699 13651 13697 W KeyChain: Creating new DB.
03-27 11:01:06.710  4292 13683 I Fitness : (REDACTED) FitCleanupIntentOperation received Intent %s
03-27 11:01:06.715 12081 12149 I Finsky  : [51] Current account updated in PVS
03-27 11:01:06.718 12262 12317 I Finsky:background: [46] Current account updated in PVS
03-27 11:01:06.719 12262 12315 I Finsky:background: [44] Current account updated in PVS
03-27 11:01:06.721 12081 12146 I Finsky  : [48] Current account updated in PVS
03-27 11:01:06.722 12081 12146 I Finsky  : [48] Current account updated in PVS
03-27 11:01:06.723 12081 12146 I Finsky  : [48] Current account updated in PVS
03-27 11:01:06.731 12262 12262 I Finsky:background: [2] ahsc - Deduping intent android.intent.action.PACKAGE_ADDED
03-27 11:01:06.739 12262 12315 I Finsky:background: [44] Current account updated in PVS
03-27 11:01:06.752 12262 12315 I Finsky:background: [44] Current account updated in PVS
03-27 11:01:06.752 12262 12315 I Finsky:background: [44] Current account updated in PVS
03-27 11:01:06.766 12262 12306 I Finsky:background: [42] Current account updated in PVS
03-27 11:01:06.776 12262 12262 I Finsky:background: [2] ahsc - Received: android.intent.action.PACKAGE_ADDED, [H7m5Hl44Mkku532xUSaee-CFBLrGL8FhuqV7dVL_vBA]
03-27 11:01:06.783 12262 12306 I Finsky:background: [42] Current account updated in PVS
03-27 11:01:06.784 12081 12146 I Finsky  : [48] Current account updated in PVS
03-27 11:01:06.785 12262 12315 I Finsky:background: [44] Current account updated in PVS
03-27 11:01:06.788 12262 13687 I Finsky:background: [82] Wrote row to frosting DB: 268
03-27 11:01:06.808 11897 11906 W .apps.wellbeing: Reducing the number of considered missed Gc histogram windows from 131 to 100
03-27 11:01:06.809 12262 12315 I Finsky:background: [44] Current account updated in PVS
03-27 11:01:06.809 12262 13687 I Finsky:background: [82] Wrote row to frosting DB: 269
03-27 11:01:06.813 12262 12306 I Finsky:background: [42] Current account updated in PVS
03-27 11:01:06.816 12262 13710 I Finsky:background: [84] IQ: handled package removed
03-27 11:01:06.827   679   718 I AppBindingService: [Supervision app] feature disabled
03-27 11:01:06.833 12081 13688 I Finsky  : [129] [ContentSync] finished, scheduled=false
03-27 11:01:06.835 12081 12150 I Finsky  : [52] Current account updated in PVS
03-27 11:01:06.836 12081 12148 I Finsky  : [50] Current account updated in PVS
03-27 11:01:06.842 12262 12315 I Finsky:background: [44] Current account updated in PVS
03-27 11:01:06.843 12081 12146 I Finsky  : [48] Current account updated in PVS
03-27 11:01:06.844 12262 12315 I Finsky:background: [44] Current account updated in PVS
03-27 11:01:06.846 12081 12149 I Finsky  : [51] Current account updated in PVS
03-27 11:01:06.846 12262 12262 I Finsky:background: [2] ahsc - Deduping intent android.intent.action.PACKAGE_ADDED
03-27 11:01:06.848 12081 12081 I Finsky  : [2] ahsm - Received: android.intent.action.PACKAGE_ADDED, [H7m5Hl44Mkku532xUSaee-CFBLrGL8FhuqV7dVL_vBA]
03-27 11:01:06.849   679   699 W system_server: Suspending all threads took: 15.376ms
03-27 11:01:06.849 12081 12148 I Finsky  : [50] Current account updated in PVS
03-27 11:01:06.851 12081 12149 I Finsky  : [51] Current account updated in PVS
03-27 11:01:06.852 12081 12149 I Finsky  : [51] Current account updated in PVS
03-27 11:01:06.853 12081 12149 I Finsky  : [51] Current account updated in PVS
03-27 11:01:06.853 12081 12149 I Finsky  : [51] Current account updated in PVS
03-27 11:01:06.855 12081 12149 I Finsky  : [51] Current account updated in PVS
03-27 11:01:06.855 12262 12321 I Finsky:background: [47] RECEIVER_PACKAGE_MONITOR_BACKGROUND#logWorkEndAndFinishGoAsync: SUCCESS
03-27 11:01:06.856 12081 12149 I Finsky  : [51] Current account updated in PVS
03-27 11:01:06.859 12262 12315 I Finsky:background: [44] Current account updated in PVS
03-27 11:01:06.861 12081 12149 I Finsky  : [51] Current account updated in PVS
03-27 11:01:06.863 12081 12148 I Finsky  : [50] Current account updated in PVS
03-27 11:01:06.864 12262 12315 I Finsky:background: [44] Current account updated in PVS
03-27 11:01:06.871 12262 12317 I Finsky:background: [46] Current account updated in PVS
03-27 11:01:06.871 12081 12148 I Finsky  : [50] Current account updated in PVS
03-27 11:01:06.872 12262 12317 I Finsky:background: [46] Current account updated in PVS
03-27 11:01:06.873 12081 12150 I Finsky  : [52] Current account updated in PVS
03-27 11:01:06.874 12081 12146 I Finsky  : [48] Current account updated in PVS
03-27 11:01:06.875 12262 12317 I Finsky:background: [46] Current account updated in PVS
03-27 11:01:06.875 12081 12146 I Finsky  : [48] Current account updated in PVS
03-27 11:01:06.876 12262 12317 I Finsky:background: [46] Current account updated in PVS
03-27 11:01:06.877 12081 12146 I Finsky  : [48] Current account updated in PVS
03-27 11:01:06.877 12081 12149 I Finsky  : [51] Current account updated in PVS
03-27 11:01:06.878 12081 12149 I Finsky  : [51] Current account updated in PVS
03-27 11:01:06.879 12262 12317 I Finsky:background: [46] Current account updated in PVS
03-27 11:01:06.879 12081 12149 I Finsky  : [51] Current account updated in PVS
03-27 11:01:06.880 12262 12315 I Finsky:background: [44] Current account updated in PVS
03-27 11:01:06.880 12081 12149 I Finsky  : [51] Current account updated in PVS
03-27 11:01:06.881 12262 12315 I Finsky:background: [44] Current account updated in PVS
03-27 11:01:06.881 12081 12149 I Finsky  : [51] Current account updated in PVS
03-27 11:01:06.882 12262 12315 I Finsky:background: [44] Current account updated in PVS
03-27 11:01:06.882 12081 12149 I Finsky  : [51] Current account updated in PVS
03-27 11:01:06.884 12081 12149 I Finsky  : [51] Current account updated in PVS
03-27 11:01:06.884 12262 12316 I Finsky:background: [45] Current account updated in PVS
03-27 11:01:06.885 12081 12149 I Finsky  : [51] Current account updated in PVS
03-27 11:01:06.886 12262 12315 I Finsky:background: [44] Current account updated in PVS
03-27 11:01:06.888 12262 12316 I Finsky:background: [45] Current account updated in PVS
03-27 11:01:06.892 12262 12316 I Finsky:background: [45] Current account updated in PVS
03-27 11:01:06.894 12262 12306 I Finsky:background: [42] Current account updated in PVS
03-27 11:01:06.900 12262 12306 I Finsky:background: [42] Current account updated in PVS
03-27 11:01:06.901   679  1251 W ProcessStats: Tracking association SourceState{9cf7739 com.android.vending/10154 Receivr #5295} whose proc state 10 is better than process ProcessState{948d051 com.android.vending:background/10154 pkg=com.android.vending} proc state 14 (3 skipped)
03-27 11:01:06.914 12262 12315 I Finsky:background: [44] Current account updated in PVS
03-27 11:01:06.915 12262 12315 I Finsky:background: [44] Current account updated in PVS
03-27 11:01:06.933 12262 13687 I Finsky:background: [82] Wrote row to frosting DB: 270
03-27 11:01:06.941 12081 12150 I Finsky  : [52] Current account updated in PVS
03-27 11:01:06.948 12081 12150 I Finsky  : [52] Current account updated in PVS
03-27 11:01:06.967 12081 12088 W android.vending: Reducing the number of considered missed Gc histogram windows from 105 to 100
03-27 11:01:06.969 12081 12148 I Finsky  : [50] Current account updated in PVS
03-27 11:01:06.969 12262 13687 I Finsky:background: [82] Wrote row to frosting DB: 271
03-27 11:01:06.971 12081 12148 I Finsky  : [50] Current account updated in PVS
03-27 11:01:06.972 12081 12148 I Finsky  : [50] Current account updated in PVS
03-27 11:01:06.973 12081 12150 I Finsky  : [52] Current account updated in PVS
03-27 11:01:06.973 12081 12150 I Finsky  : [52] Current account updated in PVS
03-27 11:01:06.986 12098 13703 I Auth    : (REDACTED) [SupervisedAccountIntentOperation] onHandleIntent: %s
03-27 11:01:07.004 12098 12143 I fxxm    : (REDACTED) Shared storage file not found for %s
03-27 11:01:07.004 12098 12143 I fxxm    : (REDACTED) Unable to retrieve flag snapshot for %s, using defaults.
03-27 11:01:07.027 12098 12143 I fxxm    : (REDACTED) Shared storage file not found for %s
03-27 11:01:07.027 12098 12143 I fxxm    : (REDACTED) Unable to retrieve flag snapshot for %s, using defaults.
03-27 11:01:07.071   679   847 V AccessibilityUserState: updateShortcutTargets: type:accessibility_shortcut_target_service, current:{}, new:{}
03-27 11:01:07.071   679   847 V AccessibilityUserState: updateShortcutTargets: type:accessibility_qs_targets, current:{}, new:{}
03-27 11:01:07.071   679   847 V AccessibilityUserState: updateShortcutTargets: type:accessibility_button_targets, current:{}, new:{}
03-27 11:01:07.071   679   847 V AccessibilityUserState: updateShortcutTargets: type:accessibility_gesture_targets, current:{}, new:{}
03-27 11:01:07.071   679   847 V AccessibilityUserState: updateShortcutTargets: type:accessibility_key_gesture_targets, current:{}, new:{}
03-27 11:01:07.072   679   847 V AccessibilityUserState: updateShortcutTargets: type:accessibility_top_row_key_targets, current:{}, new:{}
03-27 11:01:07.072   679   847 V AccessibilityUserState: updateShortcutTargets: type:accessibility_quick_access_targets, current:{}, new:{}
03-27 11:01:07.072   679   847 V AccessibilityManagerService: onUserStateChangedLocked for userId: 0, forceUpdate: false
03-27 11:01:07.074   679   847 V AccessibilityUserState: updateShortcutTargets: type:accessibility_shortcut_target_service, current:{}, new:{}
03-27 11:01:07.074   679   847 V AccessibilityUserState: updateShortcutTargets: type:accessibility_button_targets, current:{}, new:{}
03-27 11:01:07.074   679   847 V AccessibilityUserState: updateShortcutTargets: type:accessibility_gesture_targets, current:{}, new:{}
03-27 11:01:07.075   679   847 V AccessibilityUserState: updateShortcutTargets: type:accessibility_qs_targets, current:{}, new:{}
03-27 11:01:07.075   679   847 V AccessibilityUserState: updateShortcutTargets: type:accessibility_key_gesture_targets, current:{}, new:{}
03-27 11:01:07.075   679   847 V AccessibilityUserState: updateShortcutTargets: type:accessibility_top_row_key_targets, current:{}, new:{}
03-27 11:01:07.075 12081 12081 I Finsky  : [2] ahsm - Deduping intent android.intent.action.PACKAGE_ADDED
03-27 11:01:07.075   679   847 V AccessibilityUserState: updateShortcutTargets: type:accessibility_quick_access_targets, current:{}, new:{}
03-27 11:01:07.075   679   847 W MagnificationConnectionManager: requestConnection duplicated request: connect=false, mConnectionState=DISCONNECTED
03-27 11:01:07.076   679   847 V AccessibilityUserState: updateShortcutTargets: type:accessibility_button_targets, current:{}, new:{}
03-27 11:01:07.076   679   847 V AccessibilityUserState: updateShortcutTargets: type:accessibility_qs_targets, current:{}, new:{}
03-27 11:01:07.078   679   679 V AccessibilityManagerService: onUserStateChangedLocked for userId: 0, forceUpdate: false
03-27 11:01:07.081 12081 12081 I Finsky  : [2] ahsm - Received: android.intent.action.PACKAGE_ADDED, [H7m5Hl44Mkku532xUSaee-CFBLrGL8FhuqV7dVL_vBA]
03-27 11:01:07.085   679   679 V AccessibilityUserState: updateShortcutTargets: type:accessibility_shortcut_target_service, current:{}, new:{}
03-27 11:01:07.085   679   679 V AccessibilityUserState: updateShortcutTargets: type:accessibility_button_targets, current:{}, new:{}
03-27 11:01:07.085   679   679 V AccessibilityUserState: updateShortcutTargets: type:accessibility_gesture_targets, current:{}, new:{}
03-27 11:01:07.085   679   679 V AccessibilityUserState: updateShortcutTargets: type:accessibility_qs_targets, current:{}, new:{}
03-27 11:01:07.085   679   679 V AccessibilityUserState: updateShortcutTargets: type:accessibility_key_gesture_targets, current:{}, new:{}
03-27 11:01:07.086   679   679 V AccessibilityUserState: updateShortcutTargets: type:accessibility_top_row_key_targets, current:{}, new:{}
03-27 11:01:07.086   679   679 V AccessibilityUserState: updateShortcutTargets: type:accessibility_quick_access_targets, current:{}, new:{}
03-27 11:01:07.086   679   679 W MagnificationConnectionManager: requestConnection duplicated request: connect=false, mConnectionState=DISCONNECTED
03-27 11:01:07.092   679   699 I system_server: Background concurrent mark compact GC freed 19MB AllocSpace bytes, 28(1440KB) LOS objects, 42% free, 31MB/55MB, paused 57.565ms,88.796ms total 1.781s
03-27 11:01:07.124 12081 12150 I Finsky  : [52] Current account updated in PVS
03-27 11:01:07.128 12081 12148 I Finsky  : [50] Current account updated in PVS
03-27 11:01:07.129 12081 12148 I Finsky  : [50] Current account updated in PVS
03-27 11:01:07.132   679  1502 W ActivityManager: Skipping manifest association check for null package. SourceUid: 10214, SourcePkg: null, TargetUid: 10214, TargetPkg: com.google.android.gms
03-27 11:01:07.136 12081 12148 I Finsky  : [50] Current account updated in PVS
03-27 11:01:07.137 12081 12148 I Finsky  : [50] Current account updated in PVS
03-27 11:01:07.138   679   701 W System  : A resource failed to call close. 
03-27 11:01:07.139   679   701 W System  : A resource failed to call close. 
03-27 11:01:07.143 12081 12148 I Finsky  : [50] Current account updated in PVS
03-27 11:01:07.144 12081 12150 I Finsky  : [52] Current account updated in PVS
03-27 11:01:07.145 12081 12150 I Finsky  : [52] Current account updated in PVS
03-27 11:01:07.147 12098 12098 D BoundBrokerSvc: onBind: Intent { act=com.google.android.gms.common.BIND_SHARED_PREFS xflg=0x4 pkg=com.google.android.gms }
03-27 11:01:07.147 12098 12098 D BoundBrokerSvc: Loading bound service for intent: Intent { act=com.google.android.gms.common.BIND_SHARED_PREFS xflg=0x4 pkg=com.google.android.gms }
03-27 11:01:07.161 12098 13698 I NearbyDiscovery: (REDACTED) processGrantSlicePermission: %s
03-27 11:01:07.172 12098 12143 I fxxm    : (REDACTED) Shared storage file not found for %s
03-27 11:01:07.187 12098 12143 I fxxm    : (REDACTED) Unable to retrieve flag snapshot for %s, using defaults.
03-27 11:01:07.201   679  1938 V SafetySourceDataValidat: Package: com.android.vending has expected signature
03-27 11:01:07.209 12098 12143 I fxxm    : (REDACTED) Shared storage file not found for %s
03-27 11:01:07.214 12081 12150 I Finsky  : [52] Current account updated in PVS
03-27 11:01:07.215 12081 12148 I Finsky  : [50] Current account updated in PVS
03-27 11:01:07.216 12098 12143 I fxxm    : (REDACTED) Unable to retrieve flag snapshot for %s, using defaults.
03-27 11:01:07.218 12081 12081 I Finsky  : [2] ahsm - Deduping intent android.intent.action.PACKAGE_ADDED
03-27 11:01:07.219 12081 12081 D ActivityThread: Package [co.ke.roadready.provider] reported as REPLACED, but missing application info. Assuming REMOVED.
03-27 11:01:07.220 12081 12081 D ActivityThread: Package [co.ke.roadready.provider] reported as REPLACED, but missing application info. Assuming REMOVED.
03-27 11:01:07.221 12081 12126 I Finsky  : [43] RECEIVER_PACKAGE_MONITOR#logWorkEndAndFinishGoAsync: SUCCESS
03-27 11:01:07.223 12081 12148 I Finsky  : [50] Current account updated in PVS
03-27 11:01:07.224 12081 12148 I Finsky  : [50] Current account updated in PVS
03-27 11:01:07.225 12081 12148 I Finsky  : [50] Current account updated in PVS
03-27 11:01:07.226 12098 12366 I GmscoreIpa: (REDACTED) Using %s flags by method %d
03-27 11:01:07.226 12081 12148 I Finsky  : [50] Current account updated in PVS
03-27 11:01:07.227 12081 12149 I Finsky  : [51] Current account updated in PVS
03-27 11:01:07.228 12081 12149 I Finsky  : [51] Current account updated in PVS
03-27 11:01:07.229 12081 12149 I Finsky  : [51] Current account updated in PVS
03-27 11:01:07.232   679   710 W Looper  : Drained
03-27 11:01:07.242 12262 12262 I Finsky:background: [2] Memory trim requested to level 40
03-27 11:01:07.253 12081 12149 I Finsky  : [51] Current account updated in PVS
03-27 11:01:07.253 12262 12315 I Finsky:background: [44] Current account updated in PVS
03-27 11:01:07.255 12081 12081 I Finsky  : [2] Memory trim requested to level 40
03-27 11:01:07.255 12081 12081 I Finsky  : [2] Flushing in-memory image cache
03-27 11:01:07.259   679  1953 W libbinder.Binder: Binder transaction to android.os.IRemoteCallback, function: UNKNOWN_FUNCTION_NAME, code: 1, took 1123ms. Data bytes: 73668 Reply bytes: 0 Flags: 17
03-27 11:01:07.270 12081 12149 I Finsky  : [51] Current account updated in PVS
03-27 11:01:07.272 12081 12149 I Finsky  : [51] Current account updated in PVS
03-27 11:01:07.273 12081 12149 I Finsky  : [51] Current account updated in PVS
03-27 11:01:07.274 12081 12149 I Finsky  : [51] Current account updated in PVS
03-27 11:01:07.276 12081 12149 I Finsky  : [51] Current account updated in PVS
03-27 11:01:07.279 12081 12149 I Finsky  : [51] Current account updated in PVS
03-27 11:01:07.280 12081 12149 I Finsky  : [51] Current account updated in PVS
03-27 11:01:07.281 12081 12149 I Finsky  : [51] Current account updated in PVS
03-27 11:01:07.281 12081 12149 I Finsky  : [51] Current account updated in PVS
03-27 11:01:07.281   679   847 V AccessibilityUserState: updateShortcutTargets: type:accessibility_shortcut_target_service, current:{}, new:{}
03-27 11:01:07.282   679   847 V AccessibilityUserState: updateShortcutTargets: type:accessibility_qs_targets, current:{}, new:{}
03-27 11:01:07.282   679   847 V AccessibilityUserState: updateShortcutTargets: type:accessibility_button_targets, current:{}, new:{}
03-27 11:01:07.282   679   847 V AccessibilityUserState: updateShortcutTargets: type:accessibility_gesture_targets, current:{}, new:{}
03-27 11:01:07.282   679   847 V AccessibilityUserState: updateShortcutTargets: type:accessibility_key_gesture_targets, current:{}, new:{}
03-27 11:01:07.282   679   847 V AccessibilityUserState: updateShortcutTargets: type:accessibility_top_row_key_targets, current:{}, new:{}
03-27 11:01:07.283  9581 13719 I AiAiEcho: AppIndexer Package:[co.ke.roadready.provider] UserProfile:[0] Enabled:[true].
03-27 11:01:07.283  9581 13719 I AiAiEcho: AppFetcherImplV2 updateApps package:[co.ke.roadready.provider], userId:[0], reason:[package is updated.].
03-27 11:01:07.293   679  1276 E RoleControllerServiceImpl: Default/fallback role holder package doesn't qualify for the role, package: com.google.android.gms, role: android.app.role.WALLET, user: 0
03-27 11:01:07.295   679   847 V AccessibilityUserState: updateShortcutTargets: type:accessibility_quick_access_targets, current:{}, new:{}
03-27 11:01:07.298   679   847 V AccessibilityManagerService: onUserStateChangedLocked for userId: 0, forceUpdate: false
03-27 11:01:07.300   679   847 V AccessibilityUserState: updateShortcutTargets: type:accessibility_shortcut_target_service, current:{}, new:{}
03-27 11:01:07.301   679   847 V AccessibilityUserState: updateShortcutTargets: type:accessibility_button_targets, current:{}, new:{}
03-27 11:01:07.301   679   847 V AccessibilityUserState: updateShortcutTargets: type:accessibility_gesture_targets, current:{}, new:{}
03-27 11:01:07.312   679   847 V AccessibilityUserState: updateShortcutTargets: type:accessibility_qs_targets, current:{}, new:{}
03-27 11:01:07.312   679   847 V AccessibilityUserState: updateShortcutTargets: type:accessibility_key_gesture_targets, current:{}, new:{}
03-27 11:01:07.319   679   847 V AccessibilityUserState: updateShortcutTargets: type:accessibility_top_row_key_targets, current:{}, new:{}
03-27 11:01:07.319   679   847 V AccessibilityUserState: updateShortcutTargets: type:accessibility_quick_access_targets, current:{}, new:{}
03-27 11:01:07.319   679   847 W MagnificationConnectionManager: requestConnection duplicated request: connect=false, mConnectionState=DISCONNECTED
03-27 11:01:07.320   679   679 V AccessibilityManagerService: onUserStateChangedLocked for userId: 0, forceUpdate: false
03-27 11:01:07.333   679   679 V AccessibilityUserState: updateShortcutTargets: type:accessibility_shortcut_target_service, current:{}, new:{}
03-27 11:01:07.333   679   679 V AccessibilityUserState: updateShortcutTargets: type:accessibility_button_targets, current:{}, new:{}
03-27 11:01:07.333   679   679 V AccessibilityUserState: updateShortcutTargets: type:accessibility_gesture_targets, current:{}, new:{}
03-27 11:01:07.338   679   679 V AccessibilityUserState: updateShortcutTargets: type:accessibility_qs_targets, current:{}, new:{}
03-27 11:01:07.338   679   679 V AccessibilityUserState: updateShortcutTargets: type:accessibility_key_gesture_targets, current:{}, new:{}
03-27 11:01:07.338   679   679 V AccessibilityUserState: updateShortcutTargets: type:accessibility_top_row_key_targets, current:{}, new:{}
03-27 11:01:07.338   679   679 V AccessibilityUserState: updateShortcutTargets: type:accessibility_quick_access_targets, current:{}, new:{}
03-27 11:01:07.338   679   679 W MagnificationConnectionManager: requestConnection duplicated request: connect=false, mConnectionState=DISCONNECTED
03-27 11:01:07.354   679  1512 W PackageInfo: Large parcel: size=84388 pkg=com.google.android.healthconnect.controller perm=80304(344) reqPerm=836(16)
03-27 11:01:07.424 13672 13672 E FeatureFlagsImplExport: android.os.flagging.AconfigStorageReadException: ERROR_PACKAGE_NOT_FOUND: package android.xr cannot be found on the device
03-27 11:01:07.485   679  1276 W SignedPackage: Cannot get ApplicationInfo for package: com.google.android.devicelockcontroller
03-27 11:01:07.490 10234 10313 W HWUI    : Failed to choose config with EGL_SWAP_BEHAVIOR_PRESERVED, retrying without...
03-27 11:01:07.491 10234 10313 W HWUI    : Failed to initialize 101010-2 format, error = EGL_SUCCESS
03-27 11:01:07.494   679  1506 W ActivityManager: Slow operation: 63ms so far, now at finishAttachApplicationInner: after dispatching broadcasts
03-27 11:01:07.495 13672 13672 D CompatChangeReporter: Compat change id reported: 458413887; UID 10223; state: ENABLED
03-27 11:01:07.505   679   719 V GrammaticalInflectionUtils: AttributionSource: android.content.AttributionSource@9f32e22d does not have READ_SYSTEM_GRAMMATICAL_GENDER permission.
03-27 11:01:07.512   679  1251 W ActivityManager: Skipping manifest association check for null package. SourceUid: 10214, SourcePkg: null, TargetUid: 10214, TargetPkg: com.google.android.gms
03-27 11:01:07.541 10234 10268 D AlphabeticIndexCompat: computeSectionName: cs: RoadReady Provider sectionName: R
03-27 11:01:07.551   461   461 D Zygote  : Forked child process 13722
03-27 11:01:07.552 10234 10234 D AllAppsStore: setApps: apps.length=21
03-27 11:01:07.553 10234 10234 D AllAppsStore: notifyUpdate: notifying listeners
03-27 11:01:07.553 10234 10234 D ActivityAllAppsContainerView: onAppsUpdated; number of apps: 21
03-27 11:01:07.553 10234 10234 D ActivityAllAppsContainerView: rebindAdapters: force: false
03-27 11:01:07.554 10234 10234 D ActivityAllAppsContainerView: rebindAdapters: Not needed.
03-27 11:01:07.554 10234 10234 D StatsLog: LAUNCHER_ALLAPPS_COUNT
03-27 11:01:07.554 10234 10234 D AlphabeticalAppsList: Clearing FastScrollerSections.
03-27 11:01:07.554 10234 10234 D AlphabeticalAppsList: Adding apps with sections. HasPrivateApps: false
03-27 11:01:07.554 10234 10234 D AlphabeticalAppsList: addAppsWithSections: adding sectionName: C with appInfoTitle: Calendar
03-27 11:01:07.554 10234 10234 D AlphabeticalAppsList: addAppsWithSections: adding sectionName: D with appInfoTitle: Drive
03-27 11:01:07.554 10234 10234 D AlphabeticalAppsList: addAppsWithSections: adding sectionName: F with appInfoTitle: Files
03-27 11:01:07.554 10234 10234 D AlphabeticalAppsList: addAppsWithSections: adding sectionName: G with appInfoTitle: Glasses
03-27 11:01:07.554 10234 10234 D AlphabeticalAppsList: addAppsWithSections: adding sectionName: M with appInfoTitle: Maps
03-27 11:01:07.554 10234 10234 D AlphabeticalAppsList: addAppsWithSections: adding sectionName: P with appInfoTitle: Phone
03-27 11:01:07.554 10234 10234 D AlphabeticalAppsList: addAppsWithSections: adding sectionName: R with appInfoTitle: RoadReady Provider
