--------- beginning of system
03-27 10:41:14.614   679   823 D ActivityManager: freezing 12098 com.google.android.gms
03-27 10:41:14.616   679   823 D ActivityManager: freezing 12292 com.google.android.gms.unstable
--------- beginning of main
03-27 10:41:15.000  4292  9095 W infv    : [{0}] Failed to resolve name. status={1}
03-27 10:41:18.820 11370 11372 I artd    : GetBestInfo: odex in dalvik-cache (/data/dalvik-cache/x86_64/apex@com.google.android.gmssystem@priv-app@PrebuiltGmsCoreVic@CP21.260306.017.A1@PrebuiltGmsCoreVic.apk@classes.dex) is kOatUpToDate with filter 'verify' executable 'false'
03-27 10:41:18.821 11370 11372 I artd    : GetBestInfo: /data/user_de/0/com.google.android.gms/app_chimera/m/00000001/CronetDynamite.apk has no usable artifacts
03-27 10:41:18.822 11370 11372 I artd    : GetBestInfo: /data/user_de/0/com.google.android.gms/app_chimera/m/00000002/DynamiteLoader.apk has no usable artifacts
03-27 10:41:18.823 11370 11372 I artd    : GetBestInfo: /data/user_de/0/com.google.android.gms/app_chimera/m/00000005/GoogleCertificates.apk has no usable artifacts
03-27 10:41:18.825 11370 11372 I artd    : GetBestInfo: /data/user_de/0/com.google.android.gms/app_chimera/m/00000007/MeasurementDynamite.apk has no usable artifacts
03-27 10:41:20.146  4292  9095 W infv    : [{0}] Failed to resolve name. status={1}
03-27 10:41:20.792  1638  1705 D SatelliteController: isInCarrierRoamingNbIotNtn: satellite is disabled
03-27 10:41:20.793  1638  1705 D SatelliteController: getCarrierRoamingNtnConnectType: Checking connect type from PLMN config for subId: 1
03-27 10:41:20.793  1638  1705 D SatelliteController: getSatellitePerPlmnConfiguration: invalid subId or not supported via carrier.
03-27 10:41:20.793  1638  1705 D SatelliteController: getCarrierRoamingNtnConnectType: config: null
03-27 10:41:20.796  1638  1705 D SatelliteController: getCarrierRoamingNtnConnectType: Falling back to global carrier config connect type: 0
03-27 10:41:20.799  1638  1705 D SatelliteController: updateLastNotifiedCarrierRoamingNtnSignalStrengthAndNotify(1)
03-27 10:41:20.799  1638  1705 D SatelliteController: updateLastNotifiedCarrierRoamingNtnSignalStrengthAndNotify(1) lastNotifiedSignalStrength level: 0
03-27 10:41:20.799  1638  1705 D SatelliteController: updateLastNotifiedCarrierRoamingNtnSignalStrengthAndNotify(1) currSignalStrength level: 0
03-27 10:41:21.368  4292  9095 W infv    : [{0}] Failed to resolve name. status={1}
03-27 10:41:25.009  4292  9095 W infv    : [{0}] Failed to resolve name. status={1}
03-27 10:41:28.806 11370 11372 I artd    : GetBestInfo: odex in dalvik-cache (/data/dalvik-cache/x86_64/apex@com.google.android.gmssystem@priv-app@PrebuiltGmsCoreVic@CP21.260306.017.A1@PrebuiltGmsCoreVic.apk@classes.dex) is kOatUpToDate with filter 'verify' executable 'false'
03-27 10:41:28.808 11370 11372 I artd    : GetBestInfo: /data/user_de/0/com.google.android.gms/app_chimera/m/00000001/CronetDynamite.apk has no usable artifacts
03-27 10:41:28.808 11370 11372 I artd    : GetBestInfo: /data/user_de/0/com.google.android.gms/app_chimera/m/00000002/DynamiteLoader.apk has no usable artifacts
03-27 10:41:28.809 11370 11372 I artd    : GetBestInfo: /data/user_de/0/com.google.android.gms/app_chimera/m/00000005/GoogleCertificates.apk has no usable artifacts
03-27 10:41:28.810 11370 11372 I artd    : GetBestInfo: /data/user_de/0/com.google.android.gms/app_chimera/m/00000007/MeasurementDynamite.apk has no usable artifacts
03-27 10:41:30.792  1638  1705 D SatelliteController: isInCarrierRoamingNbIotNtn: satellite is disabled
03-27 10:41:30.793  1638  1705 D SatelliteController: getCarrierRoamingNtnConnectType: Checking connect type from PLMN config for subId: 1
03-27 10:41:30.794  1638  1705 D SatelliteController: getSatellitePerPlmnConfiguration: invalid subId or not supported via carrier.
03-27 10:41:30.794  1638  1705 D SatelliteController: getCarrierRoamingNtnConnectType: config: null
03-27 10:41:30.796  1638  1705 D SatelliteController: getCarrierRoamingNtnConnectType: Falling back to global carrier config connect type: 0
03-27 10:41:30.797  1638  1705 D SatelliteController: updateLastNotifiedCarrierRoamingNtnSignalStrengthAndNotify(1)
03-27 10:41:30.797  1638  1705 D SatelliteController: updateLastNotifiedCarrierRoamingNtnSignalStrengthAndNotify(1) lastNotifiedSignalStrength level: 0
03-27 10:41:30.797  1638  1705 D SatelliteController: updateLastNotifiedCarrierRoamingNtnSignalStrengthAndNotify(1) currSignalStrength level: 0
03-27 10:41:38.452  4292  9095 W infv    : [{0}] Failed to resolve name. status={1}
03-27 10:41:38.842 11370 11372 I artd    : GetBestInfo: odex in dalvik-cache (/data/dalvik-cache/x86_64/apex@com.google.android.gmssystem@priv-app@PrebuiltGmsCoreVic@CP21.260306.017.A1@PrebuiltGmsCoreVic.apk@classes.dex) is kOatUpToDate with filter 'verify' executable 'false'
03-27 10:41:38.843 11370 11372 I artd    : GetBestInfo: /data/user_de/0/com.google.android.gms/app_chimera/m/00000001/CronetDynamite.apk has no usable artifacts
03-27 10:41:38.844 11370 11372 I artd    : GetBestInfo: /data/user_de/0/com.google.android.gms/app_chimera/m/00000002/DynamiteLoader.apk has no usable artifacts
03-27 10:41:38.845 11370 11372 I artd    : GetBestInfo: /data/user_de/0/com.google.android.gms/app_chimera/m/00000005/GoogleCertificates.apk has no usable artifacts
03-27 10:41:38.846 11370 11372 I artd    : GetBestInfo: /data/user_de/0/com.google.android.gms/app_chimera/m/00000007/MeasurementDynamite.apk has no usable artifacts
03-27 10:41:40.792  1638  1705 D SatelliteController: isInCarrierRoamingNbIotNtn: satellite is disabled
03-27 10:41:40.792  1638  1705 D SatelliteController: getCarrierRoamingNtnConnectType: Checking connect type from PLMN config for subId: 1
03-27 10:41:40.792  1638  1705 D SatelliteController: getSatellitePerPlmnConfiguration: invalid subId or not supported via carrier.
03-27 10:41:40.792  1638  1705 D SatelliteController: getCarrierRoamingNtnConnectType: config: null
03-27 10:41:40.793  1638  1705 D SatelliteController: getCarrierRoamingNtnConnectType: Falling back to global carrier config connect type: 0
03-27 10:41:40.794  1638  1705 D SatelliteController: updateLastNotifiedCarrierRoamingNtnSignalStrengthAndNotify(1)
03-27 10:41:40.794  1638  1705 D SatelliteController: updateLastNotifiedCarrierRoamingNtnSignalStrengthAndNotify(1) lastNotifiedSignalStrength level: 0
03-27 10:41:40.794  1638  1705 D SatelliteController: updateLastNotifiedCarrierRoamingNtnSignalStrengthAndNotify(1) currSignalStrength level: 0
03-27 10:41:44.240  4292  9095 W infv    : [{0}] Failed to resolve name. status={1}
03-27 10:41:45.108  4292  9095 W infv    : [{0}] Failed to resolve name. status={1}
03-27 10:41:48.790   679   699 I system_server: Background young concurrent mark compact GC freed 23MB AllocSpace bytes, 7(224KB) LOS objects, 43% free, 30MB/54MB, paused 5.976ms,21.343ms total 58.005ms
03-27 10:41:48.843 11370 11370 I artd    : GetBestInfo: odex in dalvik-cache (/data/dalvik-cache/x86_64/apex@com.google.android.gmssystem@priv-app@PrebuiltGmsCoreVic@CP21.260306.017.A1@PrebuiltGmsCoreVic.apk@classes.dex) is kOatUpToDate with filter 'verify' executable 'false'
03-27 10:41:48.844 11370 11370 I artd    : GetBestInfo: /data/user_de/0/com.google.android.gms/app_chimera/m/00000001/CronetDynamite.apk has no usable artifacts
03-27 10:41:48.845 11370 11370 I artd    : GetBestInfo: /data/user_de/0/com.google.android.gms/app_chimera/m/00000002/DynamiteLoader.apk has no usable artifacts
03-27 10:41:48.846 11370 11370 I artd    : GetBestInfo: /data/user_de/0/com.google.android.gms/app_chimera/m/00000005/GoogleCertificates.apk has no usable artifacts
03-27 10:41:48.847 11370 11370 I artd    : GetBestInfo: /data/user_de/0/com.google.android.gms/app_chimera/m/00000007/MeasurementDynamite.apk has no usable artifacts
03-27 10:41:50.793  1638  1705 D SatelliteController: isInCarrierRoamingNbIotNtn: satellite is disabled
03-27 10:41:50.793  1638  1705 D SatelliteController: getCarrierRoamingNtnConnectType: Checking connect type from PLMN config for subId: 1
03-27 10:41:50.794  1638  1705 D SatelliteController: getSatellitePerPlmnConfiguration: invalid subId or not supported via carrier.
03-27 10:41:50.795  1638  1705 D SatelliteController: getCarrierRoamingNtnConnectType: config: null
03-27 10:41:50.798  1638  1705 D SatelliteController: getCarrierRoamingNtnConnectType: Falling back to global carrier config connect type: 0
03-27 10:41:50.798  1638  1705 D SatelliteController: updateLastNotifiedCarrierRoamingNtnSignalStrengthAndNotify(1)
03-27 10:41:50.798  1638  1705 D SatelliteController: updateLastNotifiedCarrierRoamingNtnSignalStrengthAndNotify(1) lastNotifiedSignalStrength level: 0
03-27 10:41:50.798  1638  1705 D SatelliteController: updateLastNotifiedCarrierRoamingNtnSignalStrengthAndNotify(1) currSignalStrength level: 0
03-27 10:41:56.749   679   747 I SharedLibrariesImpl: Start pruneUnusedStaticSharedLibraries for neededSpace: 9223372036854775807 maxCachePeriod: 604800000
03-27 10:41:58.232  4292  9095 W infv    : [{0}] Failed to resolve name. status={1}
03-27 10:41:58.240  4292  9095 W infv    : [{0}] Failed to resolve name. status={1}
03-27 10:41:58.825 11370 11370 I artd    : GetBestInfo: odex in dalvik-cache (/data/dalvik-cache/x86_64/apex@com.google.android.gmssystem@priv-app@PrebuiltGmsCoreVic@CP21.260306.017.A1@PrebuiltGmsCoreVic.apk@classes.dex) is kOatUpToDate with filter 'verify' executable 'false'
03-27 10:41:58.826 11370 11370 I artd    : GetBestInfo: /data/user_de/0/com.google.android.gms/app_chimera/m/00000001/CronetDynamite.apk has no usable artifacts
03-27 10:41:58.827 11370 11370 I artd    : GetBestInfo: /data/user_de/0/com.google.android.gms/app_chimera/m/00000002/DynamiteLoader.apk has no usable artifacts
03-27 10:41:58.828 11370 11370 I artd    : GetBestInfo: /data/user_de/0/com.google.android.gms/app_chimera/m/00000005/GoogleCertificates.apk has no usable artifacts
03-27 10:41:58.829 11370 11370 I artd    : GetBestInfo: /data/user_de/0/com.google.android.gms/app_chimera/m/00000007/MeasurementDynamite.apk has no usable artifacts
03-27 10:42:00.793  1638  1705 D SatelliteController: isInCarrierRoamingNbIotNtn: satellite is disabled
03-27 10:42:00.794  1638  1705 D SatelliteController: getCarrierRoamingNtnConnectType: Checking connect type from PLMN config for subId: 1
03-27 10:42:00.794  1638  1705 D SatelliteController: getSatellitePerPlmnConfiguration: invalid subId or not supported via carrier.
03-27 10:42:00.794  1638  1705 D SatelliteController: getCarrierRoamingNtnConnectType: config: null
03-27 10:42:00.795  1638  1705 D SatelliteController: getCarrierRoamingNtnConnectType: Falling back to global carrier config connect type: 0
03-27 10:42:00.796  1638  1705 D SatelliteController: updateLastNotifiedCarrierRoamingNtnSignalStrengthAndNotify(1)
03-27 10:42:00.796  1638  1705 D SatelliteController: updateLastNotifiedCarrierRoamingNtnSignalStrengthAndNotify(1) lastNotifiedSignalStrength level: 0
03-27 10:42:00.796  1638  1705 D SatelliteController: updateLastNotifiedCarrierRoamingNtnSignalStrengthAndNotify(1) currSignalStrength level: 0
03-27 10:42:01.912  4292  9095 W infv    : [{0}] Failed to resolve name. status={1}
03-27 10:42:02.776  4292  9095 W infv    : [{0}] Failed to resolve name. status={1}
03-27 10:42:08.787 11370 11370 I artd    : GetBestInfo: odex in dalvik-cache (/data/dalvik-cache/x86_64/apex@com.google.android.gmssystem@priv-app@PrebuiltGmsCoreVic@CP21.260306.017.A1@PrebuiltGmsCoreVic.apk@classes.dex) is kOatUpToDate with filter 'verify' executable 'false'
03-27 10:42:08.788 11370 11372 I artd    : GetBestInfo: /data/user_de/0/com.google.android.gms/app_chimera/m/00000001/CronetDynamite.apk has no usable artifacts
03-27 10:42:08.788 11370 11372 I artd    : GetBestInfo: /data/user_de/0/com.google.android.gms/app_chimera/m/00000002/DynamiteLoader.apk has no usable artifacts
03-27 10:42:08.789 11370 11372 I artd    : GetBestInfo: /data/user_de/0/com.google.android.gms/app_chimera/m/00000005/GoogleCertificates.apk has no usable artifacts
03-27 10:42:08.791 11370 11372 I artd    : GetBestInfo: /data/user_de/0/com.google.android.gms/app_chimera/m/00000007/MeasurementDynamite.apk has no usable artifacts
03-27 10:42:09.864  4292  9095 W infv    : [{0}] Failed to resolve name. status={1}
03-27 10:42:10.358  4292  9095 W infv    : [{0}] Failed to resolve name. status={1}
03-27 10:42:10.794  1638  1705 D SatelliteController: isInCarrierRoamingNbIotNtn: satellite is disabled
03-27 10:42:10.794  1638  1705 D SatelliteController: getCarrierRoamingNtnConnectType: Checking connect type from PLMN config for subId: 1
03-27 10:42:10.794  1638  1705 D SatelliteController: getSatellitePerPlmnConfiguration: invalid subId or not supported via carrier.
03-27 10:42:10.795  1638  1705 D SatelliteController: getCarrierRoamingNtnConnectType: config: null
03-27 10:42:10.795  1638  1705 D SatelliteController: getCarrierRoamingNtnConnectType: Falling back to global carrier config connect type: 0
03-27 10:42:10.796  1638  1705 D SatelliteController: updateLastNotifiedCarrierRoamingNtnSignalStrengthAndNotify(1)
03-27 10:42:10.796  1638  1705 D SatelliteController: updateLastNotifiedCarrierRoamingNtnSignalStrengthAndNotify(1) lastNotifiedSignalStrength level: 0
03-27 10:42:10.796  1638  1705 D SatelliteController: updateLastNotifiedCarrierRoamingNtnSignalStrengthAndNotify(1) currSignalStrength level: 0
03-27 10:42:17.690  4292  9095 W infv    : [{0}] Failed to resolve name. status={1}
03-27 10:42:18.819 11370 11372 I artd    : GetBestInfo: odex in dalvik-cache (/data/dalvik-cache/x86_64/apex@com.google.android.gmssystem@priv-app@PrebuiltGmsCoreVic@CP21.260306.017.A1@PrebuiltGmsCoreVic.apk@classes.dex) is kOatUpToDate with filter 'verify' executable 'false'
03-27 10:42:18.820 11370 11372 I artd    : GetBestInfo: /data/user_de/0/com.google.android.gms/app_chimera/m/00000001/CronetDynamite.apk has no usable artifacts
03-27 10:42:18.821 11370 11372 I artd    : GetBestInfo: /data/user_de/0/com.google.android.gms/app_chimera/m/00000002/DynamiteLoader.apk has no usable artifacts
03-27 10:42:18.821 11370 11372 I artd    : GetBestInfo: /data/user_de/0/com.google.android.gms/app_chimera/m/00000005/GoogleCertificates.apk has no usable artifacts
03-27 10:42:18.823 11370 11372 I artd    : GetBestInfo: /data/user_de/0/com.google.android.gms/app_chimera/m/00000007/MeasurementDynamite.apk has no usable artifacts
03-27 10:42:20.792  1638  1705 D SatelliteController: isInCarrierRoamingNbIotNtn: satellite is disabled
03-27 10:42:20.792  1638  1705 D SatelliteController: getCarrierRoamingNtnConnectType: Checking connect type from PLMN config for subId: 1
03-27 10:42:20.793  1638  1705 D SatelliteController: getSatellitePerPlmnConfiguration: invalid subId or not supported via carrier.
03-27 10:42:20.793  1638  1705 D SatelliteController: getCarrierRoamingNtnConnectType: config: null
03-27 10:42:20.793  1638  1705 D SatelliteController: getCarrierRoamingNtnConnectType: Falling back to global carrier config connect type: 0
03-27 10:42:20.793  1638  1705 D SatelliteController: updateLastNotifiedCarrierRoamingNtnSignalStrengthAndNotify(1)
03-27 10:42:20.793  1638  1705 D SatelliteController: updateLastNotifiedCarrierRoamingNtnSignalStrengthAndNotify(1) lastNotifiedSignalStrength level: 0
03-27 10:42:20.794  1638  1705 D SatelliteController: updateLastNotifiedCarrierRoamingNtnSignalStrengthAndNotify(1) currSignalStrength level: 0
03-27 10:42:24.618   679  1073 E Nl80211Native: getChannelsMhzForBand: Wiphy index not recorded for band 8
03-27 10:42:24.618   679  1073 E Nl80211Native: getChannelsMhzForBand: Wiphy index not recorded for band 16
03-27 10:42:24.619   679  1073 D Nl80211Native: Ignoring unsupported scan type 2
03-27 10:42:24.619   679  1073 I Nl80211Proxy: Sending Nl80211 message: GenericNetlinkMsg{ nlHeader{StructNlMsgHdr{ nlmsg_len{352}, nlmsg_type{30()}, nlmsg_flags{5(NLM_F_REQUEST|NLM_F_ACK)}, nlmsg_seq{37}, nlmsg_pid{0} }}, genNlHeader{StructGenNlMsgHdr{ command{33}, version{1}, reserved{0} }}, attributes{[StructNlAttr{ nla_len{8}, nla_type{-32723}, nla_value{04000000}, }, StructNlAttr{ nla_len{8}, nla_type{3}, nla_value{10000000}, }, StructNlAttr{ nla_len{308}, nla_type{-32724}, nla_value{080000006C09000008000100710900000800020076090000080003007B09000008000400800900000800050085090000080006008A090000080007008F0900000800080094090000080009009909000008000A009E09000008000B00A309000008000C00A809000008000D00B409000008000E003C14000008000F005014000008001000641400000800110078140000080012008C14000008001300A014000008001400B414000008001500C8140000080016007C150000080017009015000008001800A415000008001900B815000008001A00CC15000008001B00E015000008001C00F415000008001D000816000008001E001C16000008001F0030160000080020004416000008002100711600000800220085160000080023009916000008002400AD16000008002500C1160000}, }, StructNlAttr{ nla_len{8}, nla_type{158}, nla_value{08000000}, }]} }
03-27 10:42:24.619   679  1073 I Nl80211Proxy: Received NLMSG_ERROR with error 0 for message GenericNetlinkMsg{ nlHeader{StructNlMsgHdr{ nlmsg_len{352}, nlmsg_type{30()}, nlmsg_flags{5(NLM_F_REQUEST|NLM_F_ACK)}, nlmsg_seq{37}, nlmsg_pid{0} }}, genNlHeader{StructGenNlMsgHdr{ command{33}, version{1}, reserved{0} }}, attributes{[StructNlAttr{ nla_len{8}, nla_type{-32723}, nla_value{04000000}, }, StructNlAttr{ nla_len{8}, nla_type{3}, nla_value{10000000}, }, StructNlAttr{ nla_len{308}, nla_type{-32724}, nla_value{080000006C09000008000100710900000800020076090000080003007B09000008000400800900000800050085090000080006008A090000080007008F0900000800080094090000080009009909000008000A009E09000008000B00A309000008000C00A809000008000D00B409000008000E003C14000008000F005014000008001000641400000800110078140000080012008C14000008001300A014000008001400B414000008001500C8140000080016007C150000080017009015000008001800A415000008001900B815000008001A00CC15000008001B00E015000008001C00F415000008001D000816000008001E001C16000008001F0030160000080020004416000008002100711600000800220085160000080023009916000008002400AD16000008002500C1160000}, }, StructNlAttr{ nla_len{8}, nla_type{158}, nla_value{08000000}, }]} }
03-27 10:42:28.382   679  1068 D WifiNative: Scan result ready event
03-27 10:42:28.383   679  1073 I Nl80211Proxy: Sending Nl80211 message: GenericNetlinkMsg{ nlHeader{StructNlMsgHdr{ nlmsg_len{20}, nlmsg_type{30()}, nlmsg_flags{769(NLM_F_REQUEST|NLM_F_DUMP)}, nlmsg_seq{38}, nlmsg_pid{0} }}, genNlHeader{StructGenNlMsgHdr{ command{5}, version{1}, reserved{0} }}, attributes{[]} }
03-27 10:42:28.383   679  1073 I Nl80211Proxy: Received NLMSG_DONE for message GenericNetlinkMsg{ nlHeader{StructNlMsgHdr{ nlmsg_len{20}, nlmsg_type{30()}, nlmsg_flags{769(NLM_F_REQUEST|NLM_F_DUMP)}, nlmsg_seq{38}, nlmsg_pid{0} }}, genNlHeader{StructGenNlMsgHdr{ command{5}, version{1}, reserved{0} }}, attributes{[]} }
03-27 10:42:28.383   679  1073 W Nl80211Utils: Malformed NEW_INTERFACE response: missing attributes
03-27 10:42:28.383   679  1073 I Nl80211Proxy: Sending Nl80211 message: GenericNetlinkMsg{ nlHeader{StructNlMsgHdr{ nlmsg_len{28}, nlmsg_type{30()}, nlmsg_flags{769(NLM_F_REQUEST|NLM_F_DUMP)}, nlmsg_seq{39}, nlmsg_pid{0} }}, genNlHeader{StructGenNlMsgHdr{ command{32}, version{1}, reserved{0} }}, attributes{[StructNlAttr{ nla_len{8}, nla_type{3}, nla_value{10000000}, }]} }
03-27 10:42:28.383   679  1073 I Nl80211Proxy: Received NLMSG_DONE for message GenericNetlinkMsg{ nlHeader{StructNlMsgHdr{ nlmsg_len{28}, nlmsg_type{30()}, nlmsg_flags{769(NLM_F_REQUEST|NLM_F_DUMP)}, nlmsg_seq{39}, nlmsg_pid{0} }}, genNlHeader{StructGenNlMsgHdr{ command{32}, version{1}, reserved{0} }}, attributes{[StructNlAttr{ nla_len{8}, nla_type{3}, nla_value{10000000}, }]} }
03-27 10:42:28.385  4292  6277 I WifiScanner: onFullResults
03-27 10:42:28.388   679  1068 I HalDevMgr: bestIfaceCreationProposal is null, requestIface=STA, existingIface=[name=wlan0 type=STA]
03-27 10:42:28.823 11370 11372 I artd    : GetBestInfo: odex in dalvik-cache (/data/dalvik-cache/x86_64/apex@com.google.android.gmssystem@priv-app@PrebuiltGmsCoreVic@CP21.260306.017.A1@PrebuiltGmsCoreVic.apk@classes.dex) is kOatUpToDate with filter 'verify' executable 'false'
03-27 10:42:28.824 11370 11372 I artd    : GetBestInfo: /data/user_de/0/com.google.android.gms/app_chimera/m/00000001/CronetDynamite.apk has no usable artifacts
03-27 10:42:28.825 11370 11372 I artd    : GetBestInfo: /data/user_de/0/com.google.android.gms/app_chimera/m/00000002/DynamiteLoader.apk has no usable artifacts
03-27 10:42:28.826 11370 11372 I artd    : GetBestInfo: /data/user_de/0/com.google.android.gms/app_chimera/m/00000005/GoogleCertificates.apk has no usable artifacts
03-27 10:42:28.827 11370 11372 I artd    : GetBestInfo: /data/user_de/0/com.google.android.gms/app_chimera/m/00000007/MeasurementDynamite.apk has no usable artifacts
03-27 10:42:30.793  1638  1705 D SatelliteController: isInCarrierRoamingNbIotNtn: satellite is disabled
03-27 10:42:30.793  1638  1705 D SatelliteController: getCarrierRoamingNtnConnectType: Checking connect type from PLMN config for subId: 1
03-27 10:42:30.794  1638  1705 D SatelliteController: getSatellitePerPlmnConfiguration: invalid subId or not supported via carrier.
03-27 10:42:30.794  1638  1705 D SatelliteController: getCarrierRoamingNtnConnectType: config: null
03-27 10:42:30.794  1638  1705 D SatelliteController: getCarrierRoamingNtnConnectType: Falling back to global carrier config connect type: 0
03-27 10:42:30.795  1638  1705 D SatelliteController: updateLastNotifiedCarrierRoamingNtnSignalStrengthAndNotify(1)
03-27 10:42:30.796  1638  1705 D SatelliteController: updateLastNotifiedCarrierRoamingNtnSignalStrengthAndNotify(1) lastNotifiedSignalStrength level: 0
03-27 10:42:30.796  1638  1705 D SatelliteController: updateLastNotifiedCarrierRoamingNtnSignalStrengthAndNotify(1) currSignalStrength level: 0
03-27 10:42:31.063  4292  9095 W infv    : [{0}] Failed to resolve name. status={1}
03-27 10:42:31.128  4292  9095 W infv    : [{0}] Failed to resolve name. status={1}
03-27 10:42:38.840 11370 11372 I artd    : GetBestInfo: odex in dalvik-cache (/data/dalvik-cache/x86_64/apex@com.google.android.gmssystem@priv-app@PrebuiltGmsCoreVic@CP21.260306.017.A1@PrebuiltGmsCoreVic.apk@classes.dex) is kOatUpToDate with filter 'verify' executable 'false'
03-27 10:42:38.841 11370 11372 I artd    : GetBestInfo: /data/user_de/0/com.google.android.gms/app_chimera/m/00000001/CronetDynamite.apk has no usable artifacts
03-27 10:42:38.842 11370 11372 I artd    : GetBestInfo: /data/user_de/0/com.google.android.gms/app_chimera/m/00000002/DynamiteLoader.apk has no usable artifacts
03-27 10:42:38.842 11370 11372 I artd    : GetBestInfo: /data/user_de/0/com.google.android.gms/app_chimera/m/00000005/GoogleCertificates.apk has no usable artifacts
03-27 10:42:38.843 11370 11372 I artd    : GetBestInfo: /data/user_de/0/com.google.android.gms/app_chimera/m/00000007/MeasurementDynamite.apk has no usable artifacts
03-27 10:42:40.167  4292  9095 W infv    : [{0}] Failed to resolve name. status={1}
03-27 10:42:40.793  1638  1705 D SatelliteController: isInCarrierRoamingNbIotNtn: satellite is disabled
03-27 10:42:40.793  1638  1705 D SatelliteController: getCarrierRoamingNtnConnectType: Checking connect type from PLMN config for subId: 1
03-27 10:42:40.794  1638  1705 D SatelliteController: getSatellitePerPlmnConfiguration: invalid subId or not supported via carrier.
03-27 10:42:40.794  1638  1705 D SatelliteController: getCarrierRoamingNtnConnectType: config: null
03-27 10:42:40.794  1638  1705 D SatelliteController: getCarrierRoamingNtnConnectType: Falling back to global carrier config connect type: 0
03-27 10:42:40.795  1638  1705 D SatelliteController: updateLastNotifiedCarrierRoamingNtnSignalStrengthAndNotify(1)
03-27 10:42:40.795  1638  1705 D SatelliteController: updateLastNotifiedCarrierRoamingNtnSignalStrengthAndNotify(1) lastNotifiedSignalStrength level: 0
03-27 10:42:40.795  1638  1705 D SatelliteController: updateLastNotifiedCarrierRoamingNtnSignalStrengthAndNotify(1) currSignalStrength level: 0
03-27 10:42:45.811  4292  9095 W infv    : [{0}] Failed to resolve name. status={1}
03-27 10:42:48.807 11370 11370 I artd    : GetBestInfo: odex in dalvik-cache (/data/dalvik-cache/x86_64/apex@com.google.android.gmssystem@priv-app@PrebuiltGmsCoreVic@CP21.260306.017.A1@PrebuiltGmsCoreVic.apk@classes.dex) is kOatUpToDate with filter 'verify' executable 'false'
03-27 10:42:48.808 11370 11370 I artd    : GetBestInfo: /data/user_de/0/com.google.android.gms/app_chimera/m/00000001/CronetDynamite.apk has no usable artifacts
03-27 10:42:48.808 11370 11370 I artd    : GetBestInfo: /data/user_de/0/com.google.android.gms/app_chimera/m/00000002/DynamiteLoader.apk has no usable artifacts
03-27 10:42:48.809 11370 11370 I artd    : GetBestInfo: /data/user_de/0/com.google.android.gms/app_chimera/m/00000005/GoogleCertificates.apk has no usable artifacts
03-27 10:42:48.810 11370 11370 I artd    : GetBestInfo: /data/user_de/0/com.google.android.gms/app_chimera/m/00000007/MeasurementDynamite.apk has no usable artifacts
03-27 10:42:50.794  1638  1705 D SatelliteController: isInCarrierRoamingNbIotNtn: satellite is disabled
03-27 10:42:50.794  1638  1705 D SatelliteController: getCarrierRoamingNtnConnectType: Checking connect type from PLMN config for subId: 1
03-27 10:42:50.795  1638  1705 D SatelliteController: getSatellitePerPlmnConfiguration: invalid subId or not supported via carrier.
03-27 10:42:50.795  1638  1705 D SatelliteController: getCarrierRoamingNtnConnectType: config: null
03-27 10:42:50.795  1638  1705 D SatelliteController: getCarrierRoamingNtnConnectType: Falling back to global carrier config connect type: 0
03-27 10:42:50.796  1638  1705 D SatelliteController: updateLastNotifiedCarrierRoamingNtnSignalStrengthAndNotify(1)
03-27 10:42:50.796  1638  1705 D SatelliteController: updateLastNotifiedCarrierRoamingNtnSignalStrengthAndNotify(1) lastNotifiedSignalStrength level: 0
03-27 10:42:50.796  1638  1705 D SatelliteController: updateLastNotifiedCarrierRoamingNtnSignalStrengthAndNotify(1) currSignalStrength level: 0
03-27 10:42:53.078  4292  9095 W infv    : [{0}] Failed to resolve name. status={1}
03-27 10:42:53.708  4292  9095 W infv    : [{0}] Failed to resolve name. status={1}
03-27 10:42:54.951   679   814 I UsageStatsService: User[0] Flushing usage stats to disk
03-27 10:42:58.837   679   699 I system_server: Background young concurrent mark compact GC freed 23MB AllocSpace bytes, 9(352KB) LOS objects, 43% free, 30MB/54MB, paused 6.364ms,22.672ms total 53.891ms
03-27 10:42:58.856 11370 11370 I artd    : GetBestInfo: odex in dalvik-cache (/data/dalvik-cache/x86_64/apex@com.google.android.gmssystem@priv-app@PrebuiltGmsCoreVic@CP21.260306.017.A1@PrebuiltGmsCoreVic.apk@classes.dex) is kOatUpToDate with filter 'verify' executable 'false'
03-27 10:42:58.857 11370 11370 I artd    : GetBestInfo: /data/user_de/0/com.google.android.gms/app_chimera/m/00000001/CronetDynamite.apk has no usable artifacts
03-27 10:42:58.858 11370 11370 I artd    : GetBestInfo: /data/user_de/0/com.google.android.gms/app_chimera/m/00000002/DynamiteLoader.apk has no usable artifacts
03-27 10:42:58.859 11370 11370 I artd    : GetBestInfo: /data/user_de/0/com.google.android.gms/app_chimera/m/00000005/GoogleCertificates.apk has no usable artifacts
03-27 10:42:58.860 11370 11370 I artd    : GetBestInfo: /data/user_de/0/com.google.android.gms/app_chimera/m/00000007/MeasurementDynamite.apk has no usable artifacts
03-27 10:42:59.052  4292  9095 W infv    : [{0}] Failed to resolve name. status={1}
03-27 10:43:00.794  1638  1705 D SatelliteController: isInCarrierRoamingNbIotNtn: satellite is disabled
03-27 10:43:00.795  1638  1705 D SatelliteController: getCarrierRoamingNtnConnectType: Checking connect type from PLMN config for subId: 1
03-27 10:43:00.797  1638  1705 D SatelliteController: getSatellitePerPlmnConfiguration: invalid subId or not supported via carrier.
03-27 10:43:00.797  1638  1705 D SatelliteController: getCarrierRoamingNtnConnectType: config: null
03-27 10:43:00.799  1638  1705 D SatelliteController: getCarrierRoamingNtnConnectType: Falling back to global carrier config connect type: 0
03-27 10:43:00.799  1638  1705 D SatelliteController: updateLastNotifiedCarrierRoamingNtnSignalStrengthAndNotify(1)
03-27 10:43:00.799  1638  1705 D SatelliteController: updateLastNotifiedCarrierRoamingNtnSignalStrengthAndNotify(1) lastNotifiedSignalStrength level: 0
03-27 10:43:00.800  1638  1705 D SatelliteController: updateLastNotifiedCarrierRoamingNtnSignalStrengthAndNotify(1) currSignalStrength level: 0
03-27 10:43:03.479  4292  9095 W infv    : [{0}] Failed to resolve name. status={1}
03-27 10:43:08.677  4292  9095 W infv    : [{0}] Failed to resolve name. status={1}
03-27 10:43:08.803 11370 11370 I artd    : GetBestInfo: odex in dalvik-cache (/data/dalvik-cache/x86_64/apex@com.google.android.gmssystem@priv-app@PrebuiltGmsCoreVic@CP21.260306.017.A1@PrebuiltGmsCoreVic.apk@classes.dex) is kOatUpToDate with filter 'verify' executable 'false'
03-27 10:43:08.804 11370 11370 I artd    : GetBestInfo: /data/user_de/0/com.google.android.gms/app_chimera/m/00000001/CronetDynamite.apk has no usable artifacts
03-27 10:43:08.805 11370 11370 I artd    : GetBestInfo: /data/user_de/0/com.google.android.gms/app_chimera/m/00000002/DynamiteLoader.apk has no usable artifacts
03-27 10:43:08.805 11370 11370 I artd    : GetBestInfo: /data/user_de/0/com.google.android.gms/app_chimera/m/00000005/GoogleCertificates.apk has no usable artifacts
03-27 10:43:08.807 11370 11370 I artd    : GetBestInfo: /data/user_de/0/com.google.android.gms/app_chimera/m/00000007/MeasurementDynamite.apk has no usable artifacts
03-27 10:43:10.797  1638  1705 D SatelliteController: isInCarrierRoamingNbIotNtn: satellite is disabled
03-27 10:43:10.797  1638  1705 D SatelliteController: getCarrierRoamingNtnConnectType: Checking connect type from PLMN config for subId: 1
03-27 10:43:10.800  1638  1705 D SatelliteController: getSatellitePerPlmnConfiguration: invalid subId or not supported via carrier.
03-27 10:43:10.800  1638  1705 D SatelliteController: getCarrierRoamingNtnConnectType: config: null
03-27 10:43:10.803  1638  1705 D SatelliteController: getCarrierRoamingNtnConnectType: Falling back to global carrier config connect type: 0
03-27 10:43:10.804  1638  1705 D SatelliteController: updateLastNotifiedCarrierRoamingNtnSignalStrengthAndNotify(1)
03-27 10:43:10.804  1638  1705 D SatelliteController: updateLastNotifiedCarrierRoamingNtnSignalStrengthAndNotify(1) lastNotifiedSignalStrength level: 0
03-27 10:43:10.804  1638  1705 D SatelliteController: updateLastNotifiedCarrierRoamingNtnSignalStrengthAndNotify(1) currSignalStrength level: 0
03-27 10:43:11.703  4292  9095 W infv    : [{0}] Failed to resolve name. status={1}
03-27 10:43:11.805  4292  9095 W infv    : [{0}] Failed to resolve name. status={1}
03-27 10:43:18.815 11370 11372 I artd    : GetBestInfo: odex in dalvik-cache (/data/dalvik-cache/x86_64/apex@com.google.android.gmssystem@priv-app@PrebuiltGmsCoreVic@CP21.260306.017.A1@PrebuiltGmsCoreVic.apk@classes.dex) is kOatUpToDate with filter 'verify' executable 'false'
03-27 10:43:18.816 11370 11372 I artd    : GetBestInfo: /data/user_de/0/com.google.android.gms/app_chimera/m/00000001/CronetDynamite.apk has no usable artifacts
03-27 10:43:18.817 11370 11372 I artd    : GetBestInfo: /data/user_de/0/com.google.android.gms/app_chimera/m/00000002/DynamiteLoader.apk has no usable artifacts
03-27 10:43:18.817 11370 11372 I artd    : GetBestInfo: /data/user_de/0/com.google.android.gms/app_chimera/m/00000005/GoogleCertificates.apk has no usable artifacts
03-27 10:43:18.819 11370 11372 I artd    : GetBestInfo: /data/user_de/0/com.google.android.gms/app_chimera/m/00000007/MeasurementDynamite.apk has no usable artifacts
03-27 10:43:19.121  4292  9095 W infv    : [{0}] Failed to resolve name. status={1}
03-27 10:43:19.706  4292  9095 W infv    : [{0}] Failed to resolve name. status={1}
03-27 10:43:20.799  1638  1705 D SatelliteController: isInCarrierRoamingNbIotNtn: satellite is disabled
03-27 10:43:20.799  1638  1705 D SatelliteController: getCarrierRoamingNtnConnectType: Checking connect type from PLMN config for subId: 1
03-27 10:43:20.801  1638  1705 D SatelliteController: getSatellitePerPlmnConfiguration: invalid subId or not supported via carrier.
03-27 10:43:20.801  1638  1705 D SatelliteController: getCarrierRoamingNtnConnectType: config: null
03-27 10:43:20.803  1638  1705 D SatelliteController: getCarrierRoamingNtnConnectType: Falling back to global carrier config connect type: 0
03-27 10:43:20.803  1638  1705 D SatelliteController: updateLastNotifiedCarrierRoamingNtnSignalStrengthAndNotify(1)
03-27 10:43:20.804  1638  1705 D SatelliteController: updateLastNotifiedCarrierRoamingNtnSignalStrengthAndNotify(1) lastNotifiedSignalStrength level: 0
03-27 10:43:20.804  1638  1705 D SatelliteController: updateLastNotifiedCarrierRoamingNtnSignalStrengthAndNotify(1) currSignalStrength level: 0
03-27 10:43:27.384 12081 12121 I Finsky  : [41] Stats for Executor: BlockingExecutor uww@6c3c533[Running, pool size = 5, active threads = 0, queued tasks = 0, completed tasks = 31]
03-27 10:43:27.384 12081 12121 I Finsky  : [41] Stats for Executor: LightweightExecutor uww@e2708ee[Running, pool size = 3, active threads = 2, queued tasks = 0, completed tasks = 1078]
03-27 10:43:27.384 12081 12121 I Finsky  : [41] Stats for Executor: bgExecutor uww@fb2d068[Running, pool size = 4, active threads = 1, queued tasks = 0, completed tasks = 187]
03-27 10:43:27.386   679   815 D ActivityManager: sync unfroze 12081 com.android.vending for 6
03-27 10:43:27.393  4292  5329 W DeviceStateUtils: Active network is null
03-27 10:43:27.394  4292  5329 W DeviceStateUtils: Active network is null
03-27 10:43:27.400 12081 12149 I Finsky  : [51] Current account updated in PVS
03-27 10:43:27.402 12081 12149 I Finsky  : [51] Current account updated in PVS
03-27 10:43:27.403 12081 12148 I Finsky  : [50] Current account updated in PVS
03-27 10:43:27.403 12081 12148 I Finsky  : [50] Current account updated in PVS
03-27 10:43:27.404 12081 12148 I Finsky  : [50] Current account updated in PVS
03-27 10:43:27.404 12081 12148 I Finsky  : [50] Current account updated in PVS
03-27 10:43:27.422   679   815 D ActivityManager: sync unfroze 12529 com.android.vending:quick_launch for 6
03-27 10:43:27.423 12529 12547 I Finsky:quick_launch: [41] Stats for Executor: bgExecutor uww@23a5697[Running, pool size = 2, active threads = 0, queued tasks = 0, completed tasks = 2]
03-27 10:43:27.424 12529 12547 I Finsky:quick_launch: [41] Stats for Executor: LightweightExecutor uww@f624025[Running, pool size = 3, active threads = 0, queued tasks = 0, completed tasks = 43]
03-27 10:43:27.425   679   815 D ActivityManager: sync unfroze 12262 com.android.vending:background for 6
03-27 10:43:27.426 12262 12291 I Finsky:background: [41] Stats for Executor: bgExecutor uww@f28a7ab[Running, pool size = 4, active threads = 0, queued tasks = 0, completed tasks = 31]
03-27 10:43:27.426 12262 12291 I Finsky:background: [41] Stats for Executor: LightweightExecutor uww@d5d899e[Running, pool size = 3, active threads = 0, queued tasks = 0, completed tasks = 127]
03-27 10:43:27.426 12262 12291 I Finsky:background: [41] Stats for Executor: BlockingExecutor uww@fd8e521[Running, pool size = 0, active threads = 0, queued tasks = 0, completed tasks = 1]
03-27 10:43:27.432 12081 12149 I Finsky  : [51] Current account updated in PVS
03-27 10:43:27.432 12081 12150 I Finsky  : [52] Current account updated in PVS
03-27 10:43:27.433 12081 12150 I Finsky  : [52] Current account updated in PVS
03-27 10:43:27.434 12262 12530 I PlayCommon: [74] Preparing logs for uploading
03-27 10:43:27.435   679  1251 W ProcessStats: Tracking association SourceState{5c2b07b com.android.vending/10154 ImpBg #5146} whose proc state 6 is better than process ProcessState{28a6cd com.android.vending:quick_launch/10154 pkg=com.android.vending} proc state 14 (0 skipped)
03-27 10:43:27.435 12262 12530 E Finsky:background: [74] Unexpected android-id = 0
03-27 10:43:27.435 12081 12081 I Finsky  : [2] SCH: job service start with id 9548.
03-27 10:43:27.441  4292  7622 I NetworkScheduler.Stats: (REDACTED) Task %s/%s started execution. cause:%s exec_start_elapsed_seconds: %s
03-27 10:43:27.441  4292 10903 I TapAndPay: deviceSupportsHce has detected emulator [CONTEXT service_id=79 ]
03-27 10:43:27.442 12262 12530 I PlayCommon: [74] Connecting to server for timestamp: https://play.googleapis.com/play/log/timestamp
03-27 10:43:27.443 12081 12148 I Finsky  : [50] Current account updated in PVS
03-27 10:43:27.443 12081 12772 I Finsky  : [123] SCH: Satisfied jobs for 9548 are: 26-1414141414
03-27 10:43:27.443 12262 12530 E PlayCommon: [74] Failed to connect to server for server timestamp: java.net.UnknownHostException: Unable to resolve host "play.googleapis.com": No address associated with hostname
03-27 10:43:27.443 12081 12771 I Finsky  : [122] SCH: Job 26-1414141414 starting
03-27 10:43:27.444 12262 12530 W PlayCommon: [74] No account for auth token provided
03-27 10:43:27.444 12081 12148 I Finsky  : [50] Current account updated in PVS
03-27 10:43:27.444 12262 12530 I PlayCommon: [74] Connecting to server: https://play.googleapis.com/play/log?format=raw&proto_v2=true
03-27 10:43:27.444  4292 10903 I TapAndPay: NfcAdapter is null while obtaining CardEmulation instance. [CONTEXT service_id=79 ]
03-27 10:43:27.444 12262 12530 E PlayCommon: [74] Failed to connect to server for log upload.
03-27 10:43:27.444 12081 12148 I Finsky  : [50] Current account updated in PVS
03-27 10:43:27.446 12081 12149 I Finsky  : [51] Current account updated in PVS
03-27 10:43:27.446 12081 12081 I Finsky  : [2] WM::SCH: Logging work start for 26-1414141414
03-27 10:43:27.448 12081 12150 I Finsky  : [52] Current account updated in PVS
03-27 10:43:27.450 12081 12150 I Finsky  : [52] Current account updated in PVS
03-27 10:43:27.450 12081 12149 I Finsky  : [51] Current account updated in PVS
03-27 10:43:27.451 12081 12150 I Finsky  : [52] Current account updated in PVS
03-27 10:43:27.451 12081 12146 I Finsky  : [48] Current account updated in PVS
03-27 10:43:27.452 12081 12149 I Finsky  : [51] Current account updated in PVS
03-27 10:43:27.453 12081 12148 I Finsky  : [50] Current account updated in PVS
03-27 10:43:27.453 12081 12148 I Finsky  : [50] Current account updated in PVS
03-27 10:43:27.455 12081 12148 I Finsky  : [50] Current account updated in PVS
03-27 10:43:27.458 12081 12148 I Finsky  : [50] Current account updated in PVS
03-27 10:43:27.458 12081 12148 I Finsky  : [50] Current account updated in PVS
03-27 10:43:27.459 12081 12150 I Finsky  : [52] Current account updated in PVS
03-27 10:43:27.459 12081 12150 I Finsky  : [52] Current account updated in PVS
03-27 10:43:27.460 12081 12150 I Finsky  : [52] Current account updated in PVS
03-27 10:43:27.460  4292 10903 I NetworkScheduler.Stats: (REDACTED) Task %s/%s finished executing. cause:%s result: %s elapsed_millis: %s uptime_millis: %s exec_start_elapsed_seconds: %s
03-27 10:43:27.460 12081 12150 I Finsky  : [52] Current account updated in PVS
03-27 10:43:27.462 12081 12148 I Finsky  : [50] Current account updated in PVS
03-27 10:43:27.462 12081 12148 I Finsky  : [50] Current account updated in PVS
03-27 10:43:27.463 12081 12146 I Finsky  : [48] Current account updated in PVS
03-27 10:43:27.464 12081 12146 I Finsky  : [48] Current account updated in PVS
03-27 10:43:27.465 12081 12146 I Finsky  : [48] Current account updated in PVS
03-27 10:43:27.487 12081 12169 I Finsky  : [57] [Counters Flush] Successfully flushed counter events
03-27 10:43:27.487 12081 12169 I Finsky  : [57] [Counters Flush] Counters flushed successfully
03-27 10:43:27.487  4292  5329 W DeviceStateUtils: Active network is null
03-27 10:43:27.487 12081 12169 I Finsky  : [57] SCH: jobFinished: 26-1414141414. TimeElapsed: 41ms.
03-27 10:43:27.487 12081 12169 I Finsky  : [57] WM::SCH: Logging work end for 26-1414141414
03-27 10:43:27.488  4292  5329 W DeviceStateUtils: Active network is null
03-27 10:43:27.488 12081 12150 I Finsky  : [52] Current account updated in PVS
03-27 10:43:27.489 12081 12148 I Finsky  : [50] Current account updated in PVS
03-27 10:43:27.489 12081 12146 I Finsky  : [48] Current account updated in PVS
03-27 10:43:27.490 12081 12149 I Finsky  : [51] Current account updated in PVS
03-27 10:43:27.490 12081 12146 I Finsky  : [48] Current account updated in PVS
03-27 10:43:27.492 12081 12150 I Finsky  : [52] Current account updated in PVS
03-27 10:43:27.493 12081 12150 I Finsky  : [52] Current account updated in PVS
03-27 10:43:27.494 12081 12148 I Finsky  : [50] Current account updated in PVS
03-27 10:43:27.495 12081 12146 I Finsky  : [48] Current account updated in PVS
03-27 10:43:27.496 12081 12146 I Finsky  : [48] Current account updated in PVS
03-27 10:43:27.496 12081 12146 I Finsky  : [48] Current account updated in PVS
03-27 10:43:27.504 12081 12772 I Finsky  : [123] SCH: Attempting to reschedule job: Id: 26-1414141414, Constraints: [{ L: 43200000, D: 44100000, C: CHARGING_NONE, I: IDLE_NONE, N: NET_NONE, B: BATTERY_ANY }]
03-27 10:43:27.506 12081 12148 I Finsky  : [50] Current account updated in PVS
03-27 10:43:27.506 12081 12148 I Finsky  : [50] Current account updated in PVS
03-27 10:43:27.507 12081 12148 I Finsky  : [50] Current account updated in PVS
03-27 10:43:27.507 12081 12148 I Finsky  : [50] Current account updated in PVS
03-27 10:43:27.509 12081 12150 I Finsky  : [52] Current account updated in PVS
03-27 10:43:27.509 12081 12150 I Finsky  : [52] Current account updated in PVS
03-27 10:43:27.509 12081 12150 I Finsky  : [52] Current account updated in PVS
03-27 10:43:27.510 12081 12150 I Finsky  : [52] Current account updated in PVS
03-27 10:43:27.510 12081 12148 I Finsky  : [50] Current account updated in PVS
03-27 10:43:27.511 12081 12146 I Finsky  : [48] Current account updated in PVS
03-27 10:43:27.511 12081 12146 I Finsky  : [48] Current account updated in PVS
03-27 10:43:27.512 12081 12146 I Finsky  : [48] Current account updated in PVS
03-27 10:43:27.514 12081 12149 I Finsky  : [51] Current account updated in PVS
03-27 10:43:27.515 12081 12146 I Finsky  : [48] Current account updated in PVS
03-27 10:43:27.515 12081 12155 I Finsky  : [53] SCH: Scheduling phonesky job Id: 10-4, CT: 1774597158130, Constraints: [{ L: 1200000, D: 86400000, C: CHARGING_NONE, I: IDLE_NONE, N: NET_NONE, B: BATTERY_ANY }]
03-27 10:43:27.515 12081 12146 I Finsky  : [48] Current account updated in PVS
03-27 10:43:27.516 12081 12146 I Finsky  : [48] Current account updated in PVS
03-27 10:43:27.516 12081 12150 I Finsky  : [52] Current account updated in PVS
03-27 10:43:27.517 12081 12150 I Finsky  : [52] Current account updated in PVS
03-27 10:43:27.518 12081 12146 I Finsky  : [48] Current account updated in PVS
03-27 10:43:27.518 12081 12148 I Finsky  : [50] WM::SCH: Logging work initialize for 26-1414141414
03-27 10:43:27.518 12081 12150 I Finsky  : [52] Current account updated in PVS
03-27 10:43:27.519 12081 12150 I Finsky  : [52] Current account updated in PVS
03-27 10:43:27.520 12081 12146 I Finsky  : [48] Current account updated in PVS
03-27 10:43:27.521 12081 12169 I Finsky  : [57] SCH: Scheduling 1 system job(s)
03-27 10:43:27.521 12081 12169 W JobInfo : Job 'com.android.vending/com.google.android.finsky.scheduler.process.mainimpl.PhoneskyJobServiceMain#9551' has a deadline with no functional constraints. The deadline won't improve job execution latency. Consider removing the deadline.
03-27 10:43:27.521 12081 12169 I Finsky  : [57] SCH: Scheduling system job Id: 9551, L: 950609, D: 86150609, C: false, I: false, N: 0
03-27 10:43:27.522 12081 12150 I Finsky  : [52] Current account updated in PVS
03-27 10:43:27.522   679  1511 W JobInfo : Job 'com.android.vending/com.google.android.finsky.scheduler.process.mainimpl.PhoneskyJobServiceMain#9551' has a deadline with no functional constraints. The deadline won't improve job execution latency. Consider removing the deadline.
03-27 10:43:27.523 12081 12148 I Finsky  : [50] Current account updated in PVS
03-27 10:43:27.525 12081 12150 I Finsky  : [52] Current account updated in PVS
03-27 10:43:27.526 12081 12149 I Finsky  : [51] Current account updated in PVS
03-27 10:43:27.526 12081 12148 I Finsky  : [50] Current account updated in PVS
03-27 10:43:27.532 12081 12771 I Finsky  : [122] SCH: job service finished with id 9548.
03-27 10:43:27.540 12081 12175 I Finsky  : [61] SCH: Scheduling phonesky job Id: 26-1414141414, CT: 1774597407504, Constraints: [{ L: 43200000, D: 44100000, C: CHARGING_NONE, I: IDLE_NONE, N: NET_NONE, B: BATTERY_ANY }]
03-27 10:43:27.546 12081 12081 I Finsky  : [2] Memory trim requested to level 40
03-27 10:43:27.546 12081 12081 I Finsky  : [2] Flushing in-memory image cache
03-27 10:43:27.547 12529 12529 I Finsky:quick_launch: [2] Memory trim requested to level 40
03-27 10:43:27.547 12262 12262 I Finsky:background: [2] Memory trim requested to level 40
03-27 10:43:27.548 12262 12315 I Finsky:background: [44] Current account updated in PVS
03-27 10:43:27.549 12081 12127 I Finsky  : [44] Current account updated in PVS
03-27 10:43:27.549 12081 12174 I Finsky  : [60] SCH: Scheduling 1 system job(s)
03-27 10:43:27.550 12529 12550 I Finsky:quick_launch: [44] Current account updated in PVS
03-27 10:43:27.550 12081 12174 W JobInfo : Job 'com.android.vending/com.google.android.finsky.scheduler.process.mainimpl.PhoneskyJobServiceMain#9551' has a deadline with no functional constraints. The deadline won't improve job execution latency. Consider removing the deadline.
03-27 10:43:27.550 12081 12174 I Finsky  : [60] SCH: Scheduling system job Id: 9551, L: 950580, D: 44099954, C: false, I: false, N: 0
03-27 10:43:27.551   679  1511 W JobInfo : Job 'com.android.vending/com.google.android.finsky.scheduler.process.mainimpl.PhoneskyJobServiceMain#9551' has a deadline with no functional constraints. The deadline won't improve job execution latency. Consider removing the deadline.
03-27 10:43:27.560 12081 12148 I Finsky  : [50] Current account updated in PVS
03-27 10:43:28.818 11370 11372 I artd    : GetBestInfo: odex in dalvik-cache (/data/dalvik-cache/x86_64/apex@com.google.android.gmssystem@priv-app@PrebuiltGmsCoreVic@CP21.260306.017.A1@PrebuiltGmsCoreVic.apk@classes.dex) is kOatUpToDate with filter 'verify' executable 'false'
03-27 10:43:28.819 11370 11372 I artd    : GetBestInfo: /data/user_de/0/com.google.android.gms/app_chimera/m/00000001/CronetDynamite.apk has no usable artifacts
03-27 10:43:28.820 11370 11372 I artd    : GetBestInfo: /data/user_de/0/com.google.android.gms/app_chimera/m/00000002/DynamiteLoader.apk has no usable artifacts
03-27 10:43:28.821 11370 11372 I artd    : GetBestInfo: /data/user_de/0/com.google.android.gms/app_chimera/m/00000005/GoogleCertificates.apk has no usable artifacts
03-27 10:43:28.823 11370 11372 I artd    : GetBestInfo: /data/user_de/0/com.google.android.gms/app_chimera/m/00000007/MeasurementDynamite.apk has no usable artifacts
03-27 10:43:30.799  1638  1705 D SatelliteController: isInCarrierRoamingNbIotNtn: satellite is disabled
03-27 10:43:30.799  1638  1705 D SatelliteController: getCarrierRoamingNtnConnectType: Checking connect type from PLMN config for subId: 1
03-27 10:43:30.800  1638  1705 D SatelliteController: getSatellitePerPlmnConfiguration: invalid subId or not supported via carrier.
03-27 10:43:30.801  1638  1705 D SatelliteController: getCarrierRoamingNtnConnectType: config: null
03-27 10:43:30.804  1638  1705 D SatelliteController: getCarrierRoamingNtnConnectType: Falling back to global carrier config connect type: 0
03-27 10:43:30.805  1638  1705 D SatelliteController: updateLastNotifiedCarrierRoamingNtnSignalStrengthAndNotify(1)
03-27 10:43:30.805  1638  1705 D SatelliteController: updateLastNotifiedCarrierRoamingNtnSignalStrengthAndNotify(1) lastNotifiedSignalStrength level: 0
03-27 10:43:30.805  1638  1705 D SatelliteController: updateLastNotifiedCarrierRoamingNtnSignalStrengthAndNotify(1) currSignalStrength level: 0
03-27 10:43:32.387 12081 12099 I libbinder.IPCThreadState: oneway function results for code 2 on binder at 0x70856284c960 will be dropped but finished with status UNKNOWN_TRANSACTION
03-27 10:43:32.387 12081 12099 I libbinder.IPCThreadState: oneway function results for code 2 on binder at 0x708562839760 will be dropped but finished with status UNKNOWN_TRANSACTION
03-27 10:43:32.392 12262 12262 I Finsky:background: [2] Memory trim requested to level 40
03-27 10:43:32.393 12262 12306 I Finsky:background: [42] Current account updated in PVS
03-27 10:43:32.394 12529 12529 I Finsky:quick_launch: [2] Memory trim requested to level 40
03-27 10:43:32.395 12529 12551 I Finsky:quick_launch: [45] Current account updated in PVS
03-27 10:43:33.669  4292  9095 W infv    : [{0}] Failed to resolve name. status={1}
03-27 10:43:34.235  4292  9095 W infv    : [{0}] Failed to resolve name. status={1}
03-27 10:43:37.408 12081 12149 I Finsky  : [51] Current account updated in PVS
03-27 10:43:37.419   679  2159 W libbinder.IPCThreadState: Sending oneway calls to frozen process.
03-27 10:43:37.419   679  2159 W libbinder.IPCThreadState: Sending oneway calls to frozen process.
03-27 10:43:37.421 12081 12148 I Finsky  : [50] Current account updated in PVS
03-27 10:43:37.423 12081 12148 I Finsky  : [50] Current account updated in PVS
03-27 10:43:37.427 12081 12169 E AbstractLogEventBuilder: The provided ProductIdOrigin 3 is not one of the process-level expected values: 1 or 2
03-27 10:43:37.431 12081 12150 I Finsky  : [52] Current account updated in PVS
03-27 10:43:37.456  4292 12207 W GetConfigSnapshotOp: Succeeded but not registered: com.google.android.gms.clearcut_client#com.android.vending [CONTEXT service_id=51 ]
03-27 10:43:37.564   679   823 D ActivityManager: freezing 12081 com.android.vending
