03-27 10:39:07.182 12098 12221 I GMS_MM_Logger: (REDACTED) Start time: %s
03-27 10:39:07.189 12081 12150 I Finsky  : [52] Current account updated in PVS
03-27 10:39:07.189 12098 12221 I GMS_MM_Logger: Started.
03-27 10:39:07.195 12098 12143 I fxxm    : (REDACTED) Shared storage file not found for %s
03-27 10:39:07.195 12098 12143 I fxxm    : (REDACTED) Unable to retrieve flag snapshot for %s, using defaults.
03-27 10:39:07.197 12098 12143 I fxxm    : (REDACTED) Shared storage file not found for %s
03-27 10:39:07.197 12098 12143 I fxxm    : (REDACTED) Unable to retrieve flag snapshot for %s, using defaults.
03-27 10:39:07.209 12057 12191 I ExpoModulesCore: Γ£à AppContext was initialized
03-27 10:39:07.210 12081 12150 I Finsky  : [52] Current account updated in PVS
03-27 10:39:07.215 12081 12150 I Finsky  : [52] Current account updated in PVS
03-27 10:39:07.224 12081 12150 I Finsky  : [52] Current account updated in PVS
03-27 10:39:07.225 12081 12150 I Finsky  : [52] Current account updated in PVS
03-27 10:39:07.229 12081 12146 I Finsky  : [48] Current account updated in PVS
03-27 10:39:07.232 12081 12148 I Finsky  : [50] Current account updated in PVS
03-27 10:39:07.274 12057 12191 D nativeloader: Load /data/app/~~O6POpeUl1m8-b7bTr4ZbeA==/co.ke.roadready.provider-4A3AjUqd8WGK7RF96r61Uw==/lib/x86_64/libyoga.so using class loader ns clns-9 (caller=/data/app/~~O6POpeUl1m8-b7bTr4ZbeA==/co.ke.roadready.provider-4A3AjUqd8WGK7RF96r61Uw==/base.apk): ok
03-27 10:39:07.276 12057 12191 D nativeloader: Load /data/app/~~O6POpeUl1m8-b7bTr4ZbeA==/co.ke.roadready.provider-4A3AjUqd8WGK7RF96r61Uw==/lib/x86_64/libjsinspector.so using class loader ns clns-9 (caller=/data/app/~~O6POpeUl1m8-b7bTr4ZbeA==/co.ke.roadready.provider-4A3AjUqd8WGK7RF96r61Uw==/base.apk): ok
03-27 10:39:07.278 12057 12191 D nativeloader: Load /data/app/~~O6POpeUl1m8-b7bTr4ZbeA==/co.ke.roadready.provider-4A3AjUqd8WGK7RF96r61Uw==/lib/x86_64/libreact_render_core.so using class loader ns clns-9 (caller=/data/app/~~O6POpeUl1m8-b7bTr4ZbeA==/co.ke.roadready.provider-4A3AjUqd8WGK7RF96r61Uw==/base.apk): ok
03-27 10:39:07.279 12057 12191 D nativeloader: Load /data/app/~~O6POpeUl1m8-b7bTr4ZbeA==/co.ke.roadready.provider-4A3AjUqd8WGK7RF96r61Uw==/lib/x86_64/libreact_render_mapbuffer.so using class loader ns clns-9 (caller=/data/app/~~O6POpeUl1m8-b7bTr4ZbeA==/co.ke.roadready.provider-4A3AjUqd8WGK7RF96r61Uw==/base.apk): ok
03-27 10:39:07.280 12081 12148 I Finsky  : [50] Current account updated in PVS
03-27 10:39:07.280 12057 12191 D nativeloader: Load /data/app/~~O6POpeUl1m8-b7bTr4ZbeA==/co.ke.roadready.provider-4A3AjUqd8WGK7RF96r61Uw==/lib/x86_64/libreact_render_debug.so using class loader ns clns-9 (caller=/data/app/~~O6POpeUl1m8-b7bTr4ZbeA==/co.ke.roadready.provider-4A3AjUqd8WGK7RF96r61Uw==/base.apk): ok
03-27 10:39:07.281  4292  9695 W FontLog : No resolver, short-circuit {Noto Color Emoji Compat, wdth 100.0, wght 400, ital 0.0, bestEffort false}, isVf false} for co.ke.roadready.provider to failure [CONTEXT service_id=132 ]
03-27 10:39:07.282 12057 12191 D nativeloader: Load /data/app/~~O6POpeUl1m8-b7bTr4ZbeA==/co.ke.roadready.provider-4A3AjUqd8WGK7RF96r61Uw==/lib/x86_64/libruntimeexecutor.so using class loader ns clns-9 (caller=/data/app/~~O6POpeUl1m8-b7bTr4ZbeA==/co.ke.roadready.provider-4A3AjUqd8WGK7RF96r61Uw==/base.apk): ok
03-27 10:39:07.284  4292  6889 I FontLog : (REDACTED) Fetch %s end status %s
03-27 10:39:07.295 12081 12148 I Finsky  : [50] Current account updated in PVS
03-27 10:39:07.298 12081 12148 I Finsky  : [50] Current account updated in PVS
03-27 10:39:07.310 12081 12150 I Finsky  : [52] Current account updated in PVS
03-27 10:39:07.311 12057 12191 D nativeloader: Load /data/app/~~O6POpeUl1m8-b7bTr4ZbeA==/co.ke.roadready.provider-4A3AjUqd8WGK7RF96r61Uw==/lib/x86_64/libfolly_runtime.so using class loader ns clns-9 (caller=/data/app/~~O6POpeUl1m8-b7bTr4ZbeA==/co.ke.roadready.provider-4A3AjUqd8WGK7RF96r61Uw==/base.apk): ok
03-27 10:39:07.312 12081 12146 I Finsky  : [48] Current account updated in PVS
03-27 10:39:07.312 12057 12191 D nativeloader: Load /data/app/~~O6POpeUl1m8-b7bTr4ZbeA==/co.ke.roadready.provider-4A3AjUqd8WGK7RF96r61Uw==/lib/x86_64/libglog.so using class loader ns clns-9 (caller=/data/app/~~O6POpeUl1m8-b7bTr4ZbeA==/co.ke.roadready.provider-4A3AjUqd8WGK7RF96r61Uw==/base.apk): ok
03-27 10:39:07.313 12057 12191 D nativeloader: Load /data/app/~~O6POpeUl1m8-b7bTr4ZbeA==/co.ke.roadready.provider-4A3AjUqd8WGK7RF96r61Uw==/lib/x86_64/libc++_shared.so using class loader ns clns-9 (caller=/data/app/~~O6POpeUl1m8-b7bTr4ZbeA==/co.ke.roadready.provider-4A3AjUqd8WGK7RF96r61Uw==/base.apk): ok
03-27 10:39:07.315 12057 12191 D nativeloader: Load /data/app/~~O6POpeUl1m8-b7bTr4ZbeA==/co.ke.roadready.provider-4A3AjUqd8WGK7RF96r61Uw==/base.apk!/lib/x86_64/libjsi.so using class loader ns clns-9 (caller=/data/app/~~O6POpeUl1m8-b7bTr4ZbeA==/co.ke.roadready.provider-4A3AjUqd8WGK7RF96r61Uw==/base.apk): ok
03-27 10:39:07.323 12081 12146 I Finsky  : [48] Current account updated in PVS
03-27 10:39:07.326 12081 12149 I Finsky  : [51] Current account updated in PVS
03-27 10:39:07.328 12081 12150 I Finsky  : [52] Current account updated in PVS
03-27 10:39:07.330 12081 12149 I Finsky  : [51] Current account updated in PVS
03-27 10:39:07.347 12081 12149 I Finsky  : [51] Current account updated in PVS
03-27 10:39:07.348 12057 12191 D nativeloader: Load /data/app/~~O6POpeUl1m8-b7bTr4ZbeA==/co.ke.roadready.provider-4A3AjUqd8WGK7RF96r61Uw==/lib/x86_64/libreact_featureflags.so using class loader ns clns-9 (caller=/data/app/~~O6POpeUl1m8-b7bTr4ZbeA==/co.ke.roadready.provider-4A3AjUqd8WGK7RF96r61Uw==/base.apk): ok
03-27 10:39:07.348 12081 12149 I Finsky  : [51] Current account updated in PVS
03-27 10:39:07.356 12081 12149 I Finsky  : [51] Current account updated in PVS
03-27 10:39:07.358 12081 12150 I Finsky  : [52] Current account updated in PVS
03-27 10:39:07.359 12081 12150 I Finsky  : [52] Current account updated in PVS
03-27 10:39:07.362 12081 12146 I Finsky  : [48] Current account updated in PVS
03-27 10:39:07.365 12081 12146 I Finsky  : [48] Current account updated in PVS
03-27 10:39:07.372 12057 12191 D nativeloader: Load /data/app/~~O6POpeUl1m8-b7bTr4ZbeA==/co.ke.roadready.provider-4A3AjUqd8WGK7RF96r61Uw==/base.apk!/lib/x86_64/libreact_debug.so using class loader ns clns-9 (caller=/data/app/~~O6POpeUl1m8-b7bTr4ZbeA==/co.ke.roadready.provider-4A3AjUqd8WGK7RF96r61Uw==/base.apk): ok
03-27 10:39:07.375 12057 12191 D nativeloader: Load /data/app/~~O6POpeUl1m8-b7bTr4ZbeA==/co.ke.roadready.provider-4A3AjUqd8WGK7RF96r61Uw==/base.apk!/lib/x86_64/libreact_utils.so using class loader ns clns-9 (caller=/data/app/~~O6POpeUl1m8-b7bTr4ZbeA==/co.ke.roadready.provider-4A3AjUqd8WGK7RF96r61Uw==/base.apk): ok
03-27 10:39:07.377 12081 12150 I Finsky  : [52] Current account updated in PVS
03-27 10:39:07.380 12081 12146 I Finsky  : [48] Current account updated in PVS
03-27 10:39:07.384 12081 12149 I Finsky  : [51] Current account updated in PVS
03-27 10:39:07.385 12081 12149 I Finsky  : [51] Current account updated in PVS
03-27 10:39:07.391 12081 12149 I Finsky  : [51] Current account updated in PVS
03-27 10:39:07.393 12081 12149 I Finsky  : [51] Current account updated in PVS
03-27 10:39:07.395 12081 12149 I Finsky  : [51] Current account updated in PVS
03-27 10:39:07.396 12081 12149 I Finsky  : [51] Current account updated in PVS
03-27 10:39:07.397 12081 12149 I Finsky  : [51] Current account updated in PVS
03-27 10:39:07.398 12057 12191 D nativeloader: Load /data/app/~~O6POpeUl1m8-b7bTr4ZbeA==/co.ke.roadready.provider-4A3AjUqd8WGK7RF96r61Uw==/base.apk!/lib/x86_64/libreact_render_graphics.so using class loader ns clns-9 (caller=/data/app/~~O6POpeUl1m8-b7bTr4ZbeA==/co.ke.roadready.provider-4A3AjUqd8WGK7RF96r61Uw==/base.apk): ok
03-27 10:39:07.398 12057 12191 D nativeloader: Load /data/app/~~O6POpeUl1m8-b7bTr4ZbeA==/co.ke.roadready.provider-4A3AjUqd8WGK7RF96r61Uw==/lib/x86_64/libreactperfloggerjni.so using class loader ns clns-9 (caller=/data/app/~~O6POpeUl1m8-b7bTr4ZbeA==/co.ke.roadready.provider-4A3AjUqd8WGK7RF96r61Uw==/base.apk): ok
03-27 10:39:07.399 12081 12150 I Finsky  : [52] Current account updated in PVS
03-27 10:39:07.401 12057 12191 D nativeloader: Load /data/app/~~O6POpeUl1m8-b7bTr4ZbeA==/co.ke.roadready.provider-4A3AjUqd8WGK7RF96r61Uw==/base.apk!/lib/x86_64/libreactnativejni.so using class loader ns clns-9 (caller=/data/app/~~O6POpeUl1m8-b7bTr4ZbeA==/co.ke.roadready.provider-4A3AjUqd8WGK7RF96r61Uw==/base.apk): ok
03-27 10:39:07.401 12081 12150 I Finsky  : [52] Current account updated in PVS
03-27 10:39:07.407 12081 12146 I Finsky  : [48] Current account updated in PVS
03-27 10:39:07.409 12081 12146 I Finsky  : [48] Current account updated in PVS
03-27 10:39:07.411 12081 12146 I Finsky  : [48] Current account updated in PVS
03-27 10:39:07.412 12081 12146 I Finsky  : [48] Current account updated in PVS
03-27 10:39:07.414 12081 12146 I Finsky  : [48] Current account updated in PVS
03-27 10:39:07.415 12081 12148 I Finsky  : [50] Current account updated in PVS
03-27 10:39:07.417 12081 12148 I Finsky  : [50] Current account updated in PVS
03-27 10:39:07.421 12081 12148 I Finsky  : [50] Current account updated in PVS
03-27 10:39:07.423 12081 12146 I Finsky  : [48] Current account updated in PVS
03-27 10:39:07.425 12081 12146 I Finsky  : [48] Current account updated in PVS
03-27 10:39:07.426 12081 12146 I Finsky  : [48] Current account updated in PVS
03-27 10:39:07.428 12081 12146 I Finsky  : [48] Current account updated in PVS
03-27 10:39:07.448   679   699 I system_server: Background young concurrent mark compact GC freed 19MB AllocSpace bytes, 16(672KB) LOS objects, 43% free, 30MB/54MB, paused 44.863ms,516.847ms total 1.944s
03-27 10:39:07.463 12081 12149 I Finsky  : [51] Current account updated in PVS
03-27 10:39:07.465 12081 12149 I Finsky  : [51] Current account updated in PVS
03-27 10:39:07.467   679  1506 W JobScheduler: Job didn't exist in JobStore: 75be91d #u0a153/8192 com.google.android.partnersetup/.ClientIdJobService
03-27 10:39:07.467 12081 12148 I Finsky  : [50] Current account updated in PVS
03-27 10:39:07.476   506   582 W skia    : AGTM parsing failed flags.readFromStream(s) at 159
03-27 10:39:07.476   506   582 W skia    : AGTM parsing failed flags.readFromStream(s) at 159
03-27 10:39:07.479 12081 12126 I Finsky  : [43] RECEIVER_SINGLE_USER_SETTINGS#logWorkEndAndFinishGoAsync: SUCCESS
03-27 10:39:07.480  1170  1306 D WindowOnBackDispatcher: setTopOnBackInvokedCallback (unwrapped): null
03-27 10:39:07.494 12081 12149 I Finsky  : [51] Current account updated in PVS
03-27 10:39:07.496 12081 12149 I Finsky  : [51] Current account updated in PVS
03-27 10:39:07.503 12081 12149 I Finsky  : [51] Current account updated in PVS
03-27 10:39:07.508   679  2147 D CoreBackPreview: Window{8b29a9e u0 Splash Screen co.ke.roadready.provider EXITING}: Setting back callback null
03-27 10:39:07.509 12081 12149 I Finsky  : [51] Current account updated in PVS
03-27 10:39:07.518 12081 12149 I Finsky  : [51] Current account updated in PVS
03-27 10:39:07.519 12081 12081 I Finsky  : [2] SCH: job service start with id 9527.
03-27 10:39:07.524 12081 12149 I Finsky  : [51] Current account updated in PVS
03-27 10:39:07.538 12081 12150 I Finsky  : [52] Current account updated in PVS
03-27 10:39:07.540 12081 12150 I Finsky  : [52] Current account updated in PVS
03-27 10:39:07.542 12081 12149 I Finsky  : [51] SCH: system job info for 9527 doesn't exist
03-27 10:39:07.544 12081 12150 I Finsky  : [52] Current account updated in PVS
03-27 10:39:07.552 12081 12155 I Finsky  : [53] SCH: canceling system job 9527
03-27 10:39:07.552  4292  9095 W infv    : [{0}] Failed to resolve name. status={1}
03-27 10:39:07.560 12081 12150 I Finsky  : [52] Current account updated in PVS
03-27 10:39:07.574 12081 12150 I Finsky  : [52] Current account updated in PVS
03-27 10:39:07.578 12081 12146 I Finsky  : [48] Current account updated in PVS
03-27 10:39:07.597 12081 12146 I Finsky  : [48] Current account updated in PVS
03-27 10:39:07.606   679   711 W Looper  : Slow dispatch took 3210ms android.ui app=system_server main=false group=TOP_APP h=android.view.Choreographer$FrameHandler c=android.view.Choreographer$FrameDisplayEventReceiver@202f2da m=0
03-27 10:39:07.608   506   582 W skia    : AGTM parsing failed flags.readFromStream(s) at 159
03-27 10:39:07.608   506   582 W skia    : AGTM parsing failed flags.readFromStream(s) at 159
03-27 10:39:07.620   679  1502 I HWUI    : Davey! duration=3294ms; Flags=1, FrameTimelineVsyncId=30003, IntendedVsync=1050117173528, Vsync=1050267173513, InputEventId=0, HandleInputStart=1050285128694, AnimationStart=1050285212994, PerformTraversalsStart=1050285306094, DrawStart=1051466097494, FrameDeadline=1050133840194, FrameStartTime=1050283123994, FrameInterval=16666665, WorkloadTarget=16666666, SyncQueued=1051569430994, SyncStart=1051614028694, IssueDrawCommandsStart=1051614553494, SwapBuffers=1053407698694, FrameCompleted=1053456030194, DequeueBufferDuration=172300, QueueBufferDuration=1021400, GpuCompleted=1053456030194, SwapBuffersCompleted=1053420264394, DisplayPresentTime=-4294953930, CommandSubmissionCompleted=1053407698694, 
03-27 10:39:07.624 12081 12150 I Finsky  : [52] Current account updated in PVS
03-27 10:39:07.625 12081 12150 I Finsky  : [52] Current account updated in PVS
03-27 10:39:07.628   333 11917 I keystore2: system/security/keystore2/watchdog/src/lib.rs:371 - Watchdog thread idle -> terminating. Have a great day.
03-27 10:39:07.635 12081 12150 I Finsky  : [52] Current account updated in PVS
03-27 10:39:07.639 12081 12150 I Finsky  : [52] Current account updated in PVS
03-27 10:39:07.641 12081 12150 I Finsky  : [52] Current account updated in PVS
03-27 10:39:07.643 12081 12150 I Finsky  : [52] Current account updated in PVS
03-27 10:39:07.646 12081 12149 I Finsky  : [51] Current account updated in PVS
03-27 10:39:07.658   679   711 I Choreographer: Skipped 191 frames!  The application may be doing too much work on its main thread.
03-27 10:39:07.664 12081 12149 I Finsky  : [51] Current account updated in PVS
03-27 10:39:07.669 12081 12149 I Finsky  : [51] Current account updated in PVS
03-27 10:39:07.673 12081 12149 I Finsky  : [51] Current account updated in PVS
03-27 10:39:07.678 12081 12146 I Finsky  : [48] Current account updated in PVS
03-27 10:39:07.688 12081 12149 I Finsky  : [51] Current account updated in PVS
03-27 10:39:07.690 12081 12149 I Finsky  : [51] Current account updated in PVS
03-27 10:39:07.694 12057 12228 W unknown:ViewManagerPropertyUpdater: Could not find generated setter for class com.facebook.react.views.drawer.ReactDrawerLayoutManager
03-27 10:39:07.701 12081 12149 I Finsky  : [51] Current account updated in PVS
03-27 10:39:07.707 12081 12149 I Finsky  : [51] Current account updated in PVS
03-27 10:39:07.710   506   582 W skia    : AGTM parsing failed flags.readFromStream(s) at 159
03-27 10:39:07.728 12081 12149 I Finsky  : [51] Current account updated in PVS
03-27 10:39:07.732 12081 12149 I Finsky  : [51] Current account updated in PVS
03-27 10:39:07.741 12081 12149 I Finsky  : [51] Current account updated in PVS
03-27 10:39:07.747   679   710 W Looper  : Drained
03-27 10:39:07.751 12081 12146 I Finsky  : [48] Current account updated in PVS
03-27 10:39:07.763   679  1276 W SignedPackage: Cannot get ApplicationInfo for package: com.google.android.devicelockcontroller
03-27 10:39:07.764 12081 12149 I Finsky  : [51] Current account updated in PVS
03-27 10:39:07.765 12081 12148 I Finsky  : [50] Current account updated in PVS
03-27 10:39:07.780 12081 12149 I Finsky  : [51] Current account updated in PVS
03-27 10:39:07.796 12081 12148 I Finsky  : [50] Current account updated in PVS
03-27 10:39:07.809 12057 12228 W unknown:ViewManagerPropertyUpdater: Could not find generated setter for class com.facebook.react.uimanager.LayoutShadowNode
03-27 10:39:07.812 12057 12228 W unknown:ViewManagerPropertyUpdater: Could not find generated setter for class com.facebook.react.views.scroll.ReactHorizontalScrollViewManager
03-27 10:39:07.820 12081 12148 I Finsky  : [50] Current account updated in PVS
03-27 10:39:07.830 12081 12148 I Finsky  : [50] Current account updated in PVS
03-27 10:39:07.840 12057 12228 W unknown:ViewManagerPropertyUpdater: Could not find generated setter for class com.facebook.react.views.scroll.ReactHorizontalScrollContainerViewManager
03-27 10:39:07.848 12081 12148 I Finsky  : [50] Current account updated in PVS
03-27 10:39:07.856 12081 12148 I Finsky  : [50] Current account updated in PVS
03-27 10:39:07.870 12057 12228 W unknown:ViewManagerPropertyUpdater: Could not find generated setter for class com.facebook.react.views.progressbar.ReactProgressBarViewManager
03-27 10:39:08.000 12081 12149 I Finsky  : [51] Current account updated in PVS
03-27 10:39:08.015 12081 12150 I Finsky  : [52] Current account updated in PVS
03-27 10:39:08.060 12081 12081 I Finsky  : [2] onSubscriptionsChanged
03-27 10:39:08.063 12081 12150 I Finsky  : [52] Current account updated in PVS
03-27 10:39:08.064 12081 12146 I Finsky  : [48] Current account updated in PVS
03-27 10:39:08.073   679  1512 W ActivityManager: Slow operation: 120ms so far, now at finishAttachApplicationInner: after mServices.attachApplicationLocked
03-27 10:39:08.073   679  1512 W ActivityManager: Slow operation: 121ms so far, now at finishAttachApplicationInner: after dispatching broadcasts
03-27 10:39:08.076 12057 12228 W unknown:ViewManagerPropertyUpdater: Could not find generated setter for class com.facebook.react.views.progressbar.ProgressBarShadowNode
03-27 10:39:08.090 12081 12148 I Finsky  : [50] Current account updated in PVS
03-27 10:39:08.091 12081 12150 I Finsky  : [52] Current account updated in PVS
03-27 10:39:08.093 12081 12150 I Finsky  : [52] Current account updated in PVS
03-27 10:39:08.096 12057 12228 W unknown:ViewManagerPropertyUpdater: Could not find generated setter for class com.facebook.react.views.scroll.ReactScrollViewManager
03-27 10:39:08.098 12057 12228 W unknown:ViewManagerPropertyUpdater: Could not find generated setter for class com.facebook.react.views.switchview.ReactSwitchManager
03-27 10:39:08.119 12081 12149 I Finsky  : [51] Current account updated in PVS
03-27 10:39:08.128 12081 12126 I Finsky  : [43] SysUA: Disable SystemUpdateActivity, because no login account
03-27 10:39:08.132 12057 12228 W unknown:ViewManagerPropertyUpdater: Could not find generated setter for class com.facebook.react.views.switchview.ReactSwitchManager$ReactSwitchShadowNode
03-27 10:39:08.141 12081 12149 I Finsky  : [51] Current account updated in PVS
03-27 10:39:08.155 12081 12149 I Finsky  : [51] Current account updated in PVS
03-27 10:39:08.155   506   582 W skia    : AGTM parsing failed flags.readFromStream(s) at 159
03-27 10:39:08.156   506   582 W skia    : AGTM parsing failed flags.readFromStream(s) at 159
03-27 10:39:08.157 12081 12149 I Finsky  : [51] Current account updated in PVS
03-27 10:39:08.163 12081 12150 I Finsky  : [52] Current account updated in PVS
03-27 10:39:08.165 12057 12228 W unknown:ViewManagerPropertyUpdater: Could not find generated setter for class com.facebook.react.views.swiperefresh.SwipeRefreshLayoutManager
03-27 10:39:08.177 12081 12081 I Finsky  : [2] SCH: system job 9527 received onStopJob signal.
03-27 10:39:08.180 12081 12149 I Finsky  : [51] Current account updated in PVS
03-27 10:39:08.192 12081 12149 I Finsky  : [51] Current account updated in PVS
03-27 10:39:08.193   679   719 W ActivityManager: Rescheduling restart of crashed service com.google.android.inputmethod.latin/com.android.inputmethod.latin.LatinIME in 0ms for other
03-27 10:39:08.200 12081 12125 I Finsky  : [42] cubesStatesValueStore = [0, 0, 0, 0, 0, 0, 0]
03-27 10:39:08.205 12081 12149 I Finsky  : [51] Current account updated in PVS
03-27 10:39:08.208 12057 12228 W unknown:ViewManagerPropertyUpdater: Could not find generated setter for class com.facebook.react.views.text.frescosupport.FrescoBasedReactTextInlineImageViewManager
03-27 10:39:08.208 12057 12228 W unknown:ViewManagerPropertyUpdater: Could not find generated setter for class com.facebook.react.views.text.frescosupport.FrescoBasedReactTextInlineImageShadowNode
03-27 10:39:08.209 12081 12149 I Finsky  : [51] Current account updated in PVS
03-27 10:39:08.212 12057 12228 W unknown:ViewManagerPropertyUpdater: Could not find generated setter for class com.facebook.react.views.image.ReactImageManager
03-27 10:39:08.218 12057 12228 W unknown:ViewManagerPropertyUpdater: Could not find generated setter for class com.facebook.react.views.modal.ReactModalHostManager
03-27 10:39:08.220 12081 12149 I Finsky  : [51] Current account updated in PVS
03-27 10:39:08.221 12081 12149 I Finsky  : [51] Current account updated in PVS
03-27 10:39:08.223 12057 12228 W unknown:ViewManagerPropertyUpdater: Could not find generated setter for class com.facebook.react.views.modal.ModalHostShadowNode
03-27 10:39:08.244 12081 12081 I Finsky  : [2] SCH: system job 9527 stopped.
03-27 10:39:08.253   679  1716 D FileUtils: Rounded bytes from 2061819904 to 4000000000
03-27 10:39:08.257 12057 12228 W unknown:ViewManagerPropertyUpdater: Could not find generated setter for class com.facebook.react.views.text.ReactRawTextManager
03-27 10:39:08.261   679   719 V GrammaticalInflectionUtils: AttributionSource: android.content.AttributionSource@371b444a does not have READ_SYSTEM_GRAMMATICAL_GENDER permission.
03-27 10:39:08.262 12081 12155 I Finsky  : [53] Set UnhibernateActivity enabled state to 1
03-27 10:39:08.263   679   719 W ActivityManager: Slow operation: 68ms so far, now at startProcess: done creating new process record
03-27 10:39:08.263   679   719 W ActivityManager: Slow operation: 68ms so far, now at startProcess: stepping in to startProcess
03-27 10:39:08.264 12081 12150 I Finsky  : [52] Current account updated in PVS
03-27 10:39:08.265   679   719 W ActivityManager: Slow operation: 70ms so far, now at startProcess: done starting proc!
03-27 10:39:08.267 12081 12169 I Finsky  : [57] SysUA: Set SystemUpdateActivity enabled state to 2
03-27 10:39:08.275   679   711 W Looper  : Slow dispatch took 539ms android.ui app=system_server main=false group=TOP_APP h=com.android.server.am.ActivityManagerService$UiHandler c=com.android.server.am.UidObserverController$$ExternalSyntheticLambda0@b94f6d m=0
03-27 10:39:08.279 12081 12150 I Finsky  : [52] Current account updated in PVS
03-27 10:39:08.284 12081 12150 I Finsky  : [52] Current account updated in PVS
03-27 10:39:08.286 12057 12228 W unknown:ViewManagerPropertyUpdater: Could not find generated setter for class com.facebook.react.views.text.ReactRawTextShadowNode
03-27 10:39:08.289 12057 12228 W unknown:ViewManagerPropertyUpdater: Could not find generated setter for class com.facebook.react.views.textinput.ReactTextInputManager
03-27 10:39:08.292 12081 12176 I Finsky  : [62] Initializing pausers from value store.
03-27 10:39:08.293 12081 12176 I Finsky  : [62] IQ::HLD: Callers (Pausers) in PauseUpdatesCallersValueStore: []
03-27 10:39:08.296   679  1716 I HWUI    : Davey! duration=3769ms; Flags=0, FrameTimelineVsyncId=30041, IntendedVsync=1050350506852, Vsync=1053533840058, InputEventId=0, HandleInputStart=1053555346694, AnimationStart=1053555430794, PerformTraversalsStart=1053574822894, DrawStart=1053576611194, FrameDeadline=1053483839859, FrameStartTime=1053544626594, FrameInterval=16666666, WorkloadTarget=16666666, SyncQueued=1053577082094, SyncStart=1053609365494, IssueDrawCommandsStart=1053609595894, SwapBuffers=1054084009694, FrameCompleted=1054151807194, DequeueBufferDuration=471700, QueueBufferDuration=49568800, GpuCompleted=1054135040394, SwapBuffersCompleted=1054151807194, DisplayPresentTime=8030604432720789582, CommandSubmissionCompleted=1054084009694, 
03-27 10:39:08.303 12081 12174 I Finsky  : [60] SysCUA: Set {com.android.vending/com.google.android.finsky.systemcomponentupdateui.common.SystemComponentUpdateActivity} enabled state to 0
03-27 10:39:08.304   679   711 I Choreographer: Skipped 37 frames!  The application may be doing too much work on its main thread.
03-27 10:39:08.306 12081 12150 I Finsky  : [52] Current account updated in PVS
03-27 10:39:08.306   506   582 W skia    : AGTM parsing failed flags.readFromStream(s) at 159
03-27 10:39:08.306   506   582 W skia    : AGTM parsing failed flags.readFromStream(s) at 159
03-27 10:39:08.324 12081 12150 I Finsky  : [52] Current account updated in PVS
03-27 10:39:08.325 12081 12146 I Finsky  : [48] Current account updated in PVS
03-27 10:39:08.329 12098 12221 I GmsModuleFndr: Beginning GMS chimera module scan
03-27 10:39:08.335 12081 12150 I Finsky  : [52] Current account updated in PVS
03-27 10:39:08.336 12081 12150 I Finsky  : [52] Current account updated in PVS
03-27 10:39:08.340 12081 12175 I Finsky  : [61] SCH: Scheduling 1 system job(s)
03-27 10:39:08.351 12081 12175 W JobInfo : Job 'com.android.vending/com.google.android.finsky.scheduler.process.mainimpl.PhoneskyJobServiceMain#9532' has a deadline with no functional constraints. The deadline won't improve job execution latency. Consider removing the deadline.
03-27 10:39:08.351 12081 12175 I Finsky  : [61] SCH: Scheduling system job Id: 9532, L: 152768, D: 1052768, C: false, I: false, N: 0
03-27 10:39:08.351 12081 12148 I Finsky  : [50] Current account updated in PVS
03-27 10:39:08.352 12057 12228 W unknown:ViewManagerPropertyUpdater: Could not find generated setter for class com.facebook.react.views.textinput.ReactTextInputShadowNode
03-27 10:39:08.353 12081 12148 I Finsky  : [50] Current account updated in PVS
03-27 10:39:08.354 12081 12148 I Finsky  : [50] Current account updated in PVS
03-27 10:39:08.356 12057 12228 W unknown:ViewManagerPropertyUpdater: Could not find generated setter for class com.facebook.react.views.text.ReactTextViewManager
03-27 10:39:08.360   679   720 W ActivityManager: Slow operation: 96ms so far, now at startProcess: asking zygote to start proc
03-27 10:39:08.361 12057 12228 W unknown:ViewManagerPropertyUpdater: Could not find generated setter for class com.facebook.react.views.text.ReactTextShadowNode
03-27 10:39:08.365 12081 12148 I Finsky  : [50] Current account updated in PVS
03-27 10:39:08.369   679  1511 W JobInfo : Job 'com.android.vending/com.google.android.finsky.scheduler.process.mainimpl.PhoneskyJobServiceMain#9532' has a deadline with no functional constraints. The deadline won't improve job execution latency. Consider removing the deadline.
03-27 10:39:08.369 12057 12228 W unknown:ViewManagerPropertyUpdater: Could not find generated setter for class com.facebook.react.views.view.ReactViewManager
03-27 10:39:08.372 12081 12150 I Finsky  : [52] Current account updated in PVS
03-27 10:39:08.372 12081 12146 I Finsky  : [48] Current account updated in PVS
03-27 10:39:08.373 12081 12149 I Finsky  : [51] Current account updated in PVS
03-27 10:39:08.375 12081 12150 I Finsky  : [52] Current account updated in PVS
03-27 10:39:08.375   506   582 W skia    : AGTM parsing failed flags.readFromStream(s) at 159
03-27 10:39:08.376   506   582 W skia    : AGTM parsing failed flags.readFromStream(s) at 159
03-27 10:39:08.378 12081 12150 I Finsky  : [52] Current account updated in PVS
03-27 10:39:08.380 12081 12148 I Finsky  : [50] Current account updated in PVS
03-27 10:39:08.388 12081 12149 I Finsky  : [51] Current account updated in PVS
03-27 10:39:08.388 12057 12228 W unknown:ViewManagerPropertyUpdater: Could not find generated setter for class com.facebook.react.views.text.ReactVirtualTextViewManager
03-27 10:39:08.389 12081 12148 I Finsky  : [50] Current account updated in PVS
03-27 10:39:08.389 12057 12228 W unknown:ViewManagerPropertyUpdater: Could not find generated setter for class com.facebook.react.views.text.ReactVirtualTextShadowNode
03-27 10:39:08.389 12057 12228 W unknown:ViewManagerPropertyUpdater: Could not find generated setter for class com.facebook.react.views.unimplementedview.ReactUnimplementedViewManager
03-27 10:39:08.390 12081 12146 I Finsky  : [48] Current account updated in PVS
03-27 10:39:08.393 12081 12150 I Finsky  : [52] Current account updated in PVS
03-27 10:39:08.394 12081 12146 I Finsky  : [48] Current account updated in PVS
03-27 10:39:08.406 12081 12146 I Finsky  : [48] Current account updated in PVS
03-27 10:39:08.412 12081 12146 I Finsky  : [48] Current account updated in PVS
03-27 10:39:08.423 12081 12146 I Finsky  : [48] Current account updated in PVS
03-27 10:39:08.428 12057 12228 W unknown:ViewManagerPropertyUpdater: Could not find generated setter for class io.sentry.react.RNSentryOnDrawReporterManager
03-27 10:39:08.433 12057 12228 W unknown:ViewManagerPropertyUpdater: Could not find generated setter for class com.rnmaps.maps.MapManager
03-27 10:39:08.445 12081 12148 I Finsky  : [50] Current account updated in PVS
03-27 10:39:08.461   461   461 D Zygote  : Forked child process 12242
03-27 10:39:08.469 12081 12150 I Finsky  : [52] Current account updated in PVS
03-27 10:39:08.473 12098 12143 I fxxm    : (REDACTED) Shared storage file not found for %s
03-27 10:39:08.481 12081 12149 I Finsky  : [51] Current account updated in PVS
03-27 10:39:08.484 12081 12146 I Finsky  : [48] Current account updated in PVS
03-27 10:39:08.487 12081 12146 I Finsky  : [48] Current account updated in PVS
03-27 10:39:08.489 12081 12149 I Finsky  : [51] Current account updated in PVS
03-27 10:39:08.493 12081 12150 I Finsky  : [52] Current account updated in PVS
03-27 10:39:08.506 12081 12146 I Finsky  : [48] Current account updated in PVS
