03-27 10:38:57.676 10916 10940 I Finsky  : [41] Stats for Executor: LightweightExecutor uww@e2708ee[Running, pool size = 3, active threads = 2, queued tasks = 2, completed tasks = 7869]
03-27 10:38:57.675 11021 11069 I Finsky:background: [41] Stats for Executor: bgExecutor uww@f28a7ab[Running, pool size = 4, active threads = 0, queued tasks = 0, completed tasks = 30]
03-27 10:38:57.677 10916 10940 I Finsky  : [41] Stats for Executor: bgExecutor uww@e7b578b[Running, pool size = 4, active threads = 1, queued tasks = 0, completed tasks = 2094]
03-27 10:38:57.677 11021 11069 I Finsky:background: [41] Stats for Executor: LightweightExecutor uww@d5d899e[Running, pool size = 3, active threads = 0, queued tasks = 1, completed tasks = 132]
03-27 10:38:57.679 11021 11069 I Finsky:background: [41] Stats for Executor: BlockingExecutor uww@b77e90f[Running, pool size = 1, active threads = 0, queued tasks = 0, completed tasks = 1]
03-27 10:38:57.680 10916 10951 I Finsky  : [51] Current account updated in PVS
03-27 10:38:57.688 11021 11070 I Finsky:background: [42] Current account updated in PVS
03-27 10:38:57.693 10916 10916 I Finsky  : [2] Memory trim requested to level 40
03-27 10:38:57.693 10916 10916 I Finsky  : [2] Flushing in-memory image cache
03-27 10:38:57.694 11194 11194 I Finsky:quick_launch: [2] Memory trim requested to level 40
03-27 10:38:57.701 11021 11021 I Finsky:background: [2] Memory trim requested to level 40
03-27 10:38:57.719 11194 11310 I PlayCommon: [56] Preparing logs for uploading
03-27 10:38:57.720 10916 10916 I Finsky  : [2] ahsm - Received: android.intent.action.PACKAGE_ADDED, [H7m5Hl44Mkku532xUSaee-CFBLrGL8FhuqV7dVL_vBA]
03-27 10:38:57.735 11021 11075 I Finsky:background: [44] Current account updated in PVS
03-27 10:38:57.740   679  1501 W AppOpService: Ignored setUidMode call for runtime permission app op: uid = 1001, code = READ_SMS, mode = allow, callingUid = 1001, oldMode = allow
03-27 10:38:57.746 11194 11214 I Finsky:quick_launch: [44] Current account updated in PVS
03-27 10:38:57.748 11021 11021 I Finsky:background: [2] Memory trim requested to level 40
03-27 10:38:57.752 10916 10996 I PlayCommon: [76] Preparing logs for uploading
03-27 10:38:57.753 11021 11124 I PlayCommon: [74] Preparing logs for uploading
03-27 10:38:57.753 11021 11021 I Finsky:background: [2] Memory trim requested to level 40
03-27 10:38:57.758 10916 10996 E Finsky  : [76] Unexpected android-id = 0
03-27 10:38:57.759 10916 10996 I PlayCommon: [76] Connecting to server for timestamp: https://play.googleapis.com/play/log/timestamp
03-27 10:38:57.765   506   582 W skia    : AGTM parsing failed flags.readFromStream(s) at 159
03-27 10:38:57.765   506   582 W skia    : AGTM parsing failed flags.readFromStream(s) at 159
03-27 10:38:57.772 11194 11310 E Finsky:quick_launch: [56] Unexpected android-id = 0
03-27 10:38:57.781 10916 10996 E PlayCommon: [76] Failed to connect to server for server timestamp: java.net.UnknownHostException: Unable to resolve host "play.googleapis.com": No address associated with hostname
03-27 10:38:57.783 10916 10996 W PlayCommon: [76] No account for auth token provided
03-27 10:38:57.783 10916 10996 I PlayCommon: [76] Connecting to server: https://play.googleapis.com/play/log?format=raw&proto_v2=true
03-27 10:38:57.783 10916 10996 E PlayCommon: [76] Failed to connect to server for log upload.
03-27 10:38:57.794   679  1937 W AppOpService: Ignored setUidMode call for runtime permission app op: uid = 1001, code = RECEIVE_SMS, mode = allow, callingUid = 1001, oldMode = allow
03-27 10:38:57.795 11021 11021 I Finsky:background: [2] ahsc - Received: android.intent.action.PACKAGE_ADDED, [H7m5Hl44Mkku532xUSaee-CFBLrGL8FhuqV7dVL_vBA]
03-27 10:38:57.807  4292  9095 W infv    : [{0}] Failed to resolve name. status={1}
03-27 10:38:57.828   679   703 W AppOpService: Ignored setUidMode call for runtime permission app op: uid = 1001, code = RECEIVE_WAP_PUSH, mode = allow, callingUid = 1001, oldMode = allow
03-27 10:38:57.832 11021 11076 I Finsky:background: [45] Current account updated in PVS
03-27 10:38:57.851 11021 11075 I Finsky:background: [44] Current account updated in PVS
03-27 10:38:57.852 10916 10951 I Finsky  : [51] Current account updated in PVS
03-27 10:38:57.863 11021 11075 I Finsky:background: [44] Current account updated in PVS
03-27 10:38:57.867   679   703 W AppOpService: Ignored setUidMode call for runtime permission app op: uid = 1001, code = SEND_SMS, mode = allow, callingUid = 1001, oldMode = allow
03-27 10:38:57.868   506   582 W skia    : AGTM parsing failed flags.readFromStream(s) at 159
03-27 10:38:57.868   506   582 W skia    : AGTM parsing failed flags.readFromStream(s) at 159
03-27 10:38:57.869   679   679 W Looper  : Slow dispatch took 141ms main app=system_server main=true group=FOREGROUND h=android.app.ActivityThread$H c=android.app.LoadedApk$ReceiverDispatcher$Args$$ExternalSyntheticLambda0@3906e0f m=0
03-27 10:38:57.869   679  1716 W AppOpService: Ignored setUidMode call for runtime permission app op: uid = 1001, code = READ_CELL_BROADCASTS, mode = allow, callingUid = 1001, oldMode = allow
03-27 10:38:57.871   679   679 W Looper  : Slow delivery took 258ms main app=system_server main=true group=FOREGROUND h=android.app.ActivityThread$H c=android.app.LoadedApk$ReceiverDispatcher$Args$$ExternalSyntheticLambda0@4a19e9c m=0
03-27 10:38:57.872 10916 10951 I Finsky  : [51] Current account updated in PVS
03-27 10:38:57.873 10916 10952 I Finsky  : [52] Current account updated in PVS
03-27 10:38:57.875   679   679 D AppSearchAppsIndexerManagerS: userid in package receiver: 10229
03-27 10:38:57.884 11021 11075 I Finsky:background: [44] Current account updated in PVS
03-27 10:38:57.887 10916 10952 I Finsky  : [52] Current account updated in PVS
03-27 10:38:57.893 11021 11075 I Finsky:background: [44] Current account updated in PVS
03-27 10:38:57.894 10916 10951 I Finsky  : [51] Current account updated in PVS
03-27 10:38:57.901   679   679 W Looper  : Drained
03-27 10:38:57.944 11021 11124 E Finsky:background: [74] Unexpected android-id = 0
03-27 10:38:57.973   307   307 I lowmemorykiller: Kill 'com.google.android.as.oss' (9690), uid 10146, oom_score_adj 985 to free 112120kB rss, 27916kB swap, 0kB dmabuf_pss, 0kB dmabuf_rss; reason: min watermark is breached
03-27 10:38:57.988   506   582 W skia    : AGTM parsing failed flags.readFromStream(s) at 159
03-27 10:38:57.988   506   582 W skia    : AGTM parsing failed flags.readFromStream(s) at 159
03-27 10:38:58.017   307   307 I lowmemorykiller: Kill 'com.android.vending:instant_app_installer' (11223), uid 10154, oom_score_adj 945 to free 123640kB rss, 34424kB swap, 0kB dmabuf_pss, 0kB dmabuf_rss; reason: min watermark is breached even after kill
03-27 10:38:58.018   679  1075 D ConnectivityService: releasing NetworkRequest [ REQUEST id=208, [ Capabilities: INTERNET&NOT_RESTRICTED&TRUSTED&NOT_VCN_MANAGED&NOT_BANDWIDTH_CONSTRAINED Uid: 10146 RequestorUid: 10146 RequestorPkg: com.google.android.as.oss UnderlyingNetworks: Null] ] (release request)
03-27 10:38:58.024   461   461 I Zygote  : Process 9690 exited due to signal 9 (Killed)
03-27 10:38:58.031   307   315 E lowmemorykiller: process_mrelease 11223 failed: No such process
03-27 10:38:58.043  1638  1721 D ImsResolver: maybeAddedImsService, packageName: co.ke.roadready.provider
03-27 10:38:58.043  1638  1721 V ImsResolver: searchForImsServices: package=co.ke.roadready.provider, users=[UserHandle{0}]
03-27 10:38:58.044  1638  1721 V ImsResolver: searchForImsServices: package=co.ke.roadready.provider, users=[UserHandle{0}]
03-27 10:38:58.058   506   582 W skia    : AGTM parsing failed flags.readFromStream(s) at 159
03-27 10:38:58.059   506   582 W skia    : AGTM parsing failed flags.readFromStream(s) at 159
03-27 10:38:58.071   307   307 I lowmemorykiller: Kill 'com.google.android.settings.intelligence' (11222), uid 10158, oom_score_adj 935 to free 144572kB rss, 34136kB swap, 0kB dmabuf_pss, 0kB dmabuf_rss; reason: min watermark is breached even after kill
03-27 10:38:58.073   461   461 I Zygote  : Process 11223 exited due to signal 9 (Killed)
03-27 10:38:58.102   679  1924 I ActivityManager: Process com.google.android.as.oss (pid 9690) has died: cch  +85 CEM 
03-27 10:38:58.110   679   799 I ActivityManager: Process com.android.vending:instant_app_installer (pid 11223) has died: cch  +45 CEM 
03-27 10:38:58.116  1638  1638 D SatelliteController: packageStateChanged: package:co.ke.roadready.provider defaultSmsPackageName: com.google.android.apps.messaging satelliteGatewayServicePackageName: 
03-27 10:38:58.129 11897 11911 W PrimesLoggerHolder: Primes not initialized, returning default (no-op) Primes instance which will ignore all calls. Please call Primes.initialize(...) before using any Primes API.
03-27 10:38:58.145   679   721 I libprocessgroup: Removed cgroup /sys/fs/cgroup/apps/uid_10146/pid_9690
03-27 10:38:58.151   679   721 I libprocessgroup: Removed cgroup /sys/fs/cgroup/apps/uid_10154/pid_11223
03-27 10:38:58.156 11194 11310 I PlayCommon: [56] Connecting to server for timestamp: https://play.googleapis.com/play/log/timestamp
03-27 10:38:58.161   679  1937 I ActivityManager: Process com.google.android.settings.intelligence (pid 11222) has died: cch  +35 CEM 
03-27 10:38:58.168 11194 11310 E PlayCommon: [56] Failed to connect to server for server timestamp: java.net.UnknownHostException: Unable to resolve host "play.googleapis.com": No address associated with hostname
03-27 10:38:58.168 11194 11310 W PlayCommon: [56] No account for auth token provided
03-27 10:38:58.169 11194 11310 I PlayCommon: [56] Connecting to server: https://play.googleapis.com/play/log?format=raw&proto_v2=true
03-27 10:38:58.171   307   307 I lowmemorykiller: Kill 'com.android.settings' (11271), uid 1000, oom_score_adj 925 to free 164304kB rss, 25128kB swap, 0kB dmabuf_pss, 0kB dmabuf_rss; reason: min watermark is breached even after kill
03-27 10:38:58.171 11194 11310 E PlayCommon: [56] Failed to connect to server for log upload.
03-27 10:38:58.192  1638  1723 E SmsApplication: com.google.android.apps.messaging lost android:read_cell_broadcasts:  (fixing)
03-27 10:38:58.195   679  1502 W AppOpService: Ignored setUidMode call for runtime permission app op: uid = 10155, code = READ_CELL_BROADCASTS, mode = allow, callingUid = 1001, oldMode = allow
03-27 10:38:58.199   307   307 I lowmemorykiller: Kill 'android.process.acore' (10924), uid 10103, oom_score_adj 915 to free 102248kB rss, 27372kB swap, 0kB dmabuf_pss, 0kB dmabuf_rss; reason: low watermark is breached
03-27 10:38:58.200   461   461 I Zygote  : Process 11271 exited due to signal 9 (Killed)
03-27 10:38:58.204   307   313 W lowmemorykiller: Failed to open /proc/11271/task; errno=2: process pid(11271) might have died
03-27 10:38:58.206  9581  9668 I AiAiEcho: EchoSearch: WidgetFetcherImpl is initialized with [33] widgets [reason=package added for userId: 0]
03-27 10:38:58.211   679   704 D SensorService: Unregistering client listener for PID 11271
03-27 10:38:58.212   307   314 E lowmemorykiller: process_mrelease 10924 failed: No such process
03-27 10:38:58.223   679  2158 I MR2ServiceImpl: unregisterManager | Manager com.android.settings (id=2,pid=11271,userId=0,uid=1000,targetPkg=null), user: 0, died: true
03-27 10:38:58.223   679  1716 I MR2ServiceImpl: unregisterManager | Manager com.android.settings (id=1,pid=11271,userId=0,uid=1000,targetPkg=com.android.settings), user: 0, died: true
03-27 10:38:58.227 10916 10950 I Finsky  : [50] Current account updated in PVS
03-27 10:38:58.228 10916 10950 I Finsky  : [50] Current account updated in PVS
03-27 10:38:58.232   679  1953 D CountryDetector: No listener is left
03-27 10:38:58.232   461   461 I Zygote  : Process 10924 exited due to signal 9 (Killed)
03-27 10:38:58.237   679  2158 W AppOpService: Ignored setUidMode call for runtime permission app op: uid = 1001, code = READ_SMS, mode = allow, callingUid = 1001, oldMode = allow
03-27 10:38:58.237 10916 10916 I Finsky  : [2] DTU: Received onPackageAdded, replacing: false
03-27 10:38:58.242 10916 10950 I Finsky  : [50] Current account updated in PVS
03-27 10:38:58.245   679  1924 W PackageInfo: Large parcel: size=84388 pkg=com.google.android.healthconnect.controller perm=80304(344) reqPerm=836(16)
03-27 10:38:58.247 10916 10950 I Finsky  : [50] Current account updated in PVS
03-27 10:38:58.248 10916 10950 I Finsky  : [50] Current account updated in PVS
03-27 10:38:58.252 10916 10951 I Finsky  : [51] Current account updated in PVS
03-27 10:38:58.258   461   461 I Zygote  : Process 11222 exited due to signal 9 (Killed)
03-27 10:38:58.259 10916 10952 I Finsky  : [52] Current account updated in PVS
03-27 10:38:58.265   679  1937 W AppOpService: Ignored setUidMode call for runtime permission app op: uid = 1001, code = RECEIVE_SMS, mode = allow, callingUid = 1001, oldMode = allow
03-27 10:38:58.270 10916 10951 I Finsky  : [51] Current account updated in PVS
03-27 10:38:58.272 10916 10950 I Finsky  : [50] Current account updated in PVS
03-27 10:38:58.273 10916 10948 I Finsky  : [48] Current account updated in PVS
03-27 10:38:58.274 10916 10948 I Finsky  : [48] Current account updated in PVS
03-27 10:38:58.280 11021 11077 I Finsky:background: [46] Current account updated in PVS
03-27 10:38:58.281   679   799 W AppOpService: Ignored setUidMode call for runtime permission app op: uid = 1001, code = RECEIVE_WAP_PUSH, mode = allow, callingUid = 1001, oldMode = allow
03-27 10:38:58.284   679   799 W AppOpService: Ignored setUidMode call for runtime permission app op: uid = 1001, code = SEND_SMS, mode = allow, callingUid = 1001, oldMode = allow
03-27 10:38:58.287   679   799 W AppOpService: Ignored setUidMode call for runtime permission app op: uid = 1001, code = READ_CELL_BROADCASTS, mode = allow, callingUid = 1001, oldMode = allow
03-27 10:38:58.287  1638  1723 D SatelliteAccessController: Current default SMS app:ComponentInfo{com.google.android.apps.messaging/com.google.android.apps.messaging.shared.receiver.SmsDeliverReceiver}
03-27 10:38:58.288  1638  1723 D SatelliteController: getSelectedSatelliteSubId: subId=-1
03-27 10:38:58.288 11021 11077 I Finsky:background: [46] Current account updated in PVS
03-27 10:38:58.288  1638  1723 D SatelliteAccessController: supportedMsgApps:com.google.android.apps.messaging
03-27 10:38:58.289 11021 11077 I Finsky:background: [46] Current account updated in PVS
03-27 10:38:58.295 11888 11888 E FeatureFlagsImplExport: android.os.flagging.AconfigStorageReadException: ERROR_PACKAGE_NOT_FOUND: package android.xr cannot be found on the device
03-27 10:38:58.302 10916 10950 I Finsky  : [50] Current account updated in PVS
03-27 10:38:58.304 10916 10952 I Finsky  : [52] Current account updated in PVS
03-27 10:38:58.307 10916 10950 I Finsky  : [50] Current account updated in PVS
03-27 10:38:58.312 10916 10916 I Finsky  : [2] Clearing split related stale data.
03-27 10:38:58.323 11021 11070 I Finsky:background: [42] Current account updated in PVS
03-27 10:38:58.330   679   721 I libprocessgroup: Removed cgroup /sys/fs/cgroup/apps/uid_10158/pid_11222
03-27 10:38:58.338 11021 11070 I Finsky:background: [42] Current account updated in PVS
03-27 10:38:58.340 11021 11070 I Finsky:background: [42] Current account updated in PVS
03-27 10:38:58.345   679  1511 I ActivityManager: Process com.android.settings (pid 11271) has died: cch  +25 CEM 
03-27 10:38:58.349 10916 10952 I Finsky  : [52] Current account updated in PVS
03-27 10:38:58.357   679  1896 I ActivityManager: Process android.process.acore (pid 10924) has died: cch  +15 CEM 
03-27 10:38:58.368 11021 11070 I Finsky:background: [42] Current account updated in PVS
03-27 10:38:58.369 11021 11070 I Finsky:background: [42] Current account updated in PVS
03-27 10:38:58.371 11021 11076 I Finsky:background: [45] Current account updated in PVS
03-27 10:38:58.386   679   703 W ActivityManager: Slow operation: 69ms so far, now at finishAttachApplicationInner: after mServices.attachApplicationLocked
03-27 10:38:58.403 11021 11076 I Finsky:background: [45] Current account updated in PVS
03-27 10:38:58.404 11021 11076 I Finsky:background: [45] Current account updated in PVS
03-27 10:38:58.411 11021 11076 I Finsky:background: [45] Current account updated in PVS
03-27 10:38:58.413 11021 11021 I Finsky:background: [2] ahsc - Received: android.intent.action.PACKAGE_CHANGED, [H7m5Hl44Mkku532xUSaee-CFBLrGL8FhuqV7dVL_vBA]
03-27 10:38:58.429 11021 11077 I Finsky:background: [46] Current account updated in PVS
03-27 10:38:58.430 11021 11077 I Finsky:background: [46] Current account updated in PVS
03-27 10:38:58.430   679   703 W ActivityManager: Slow operation: 113ms so far, now at finishAttachApplicationInner: after dispatching broadcasts
03-27 10:38:58.432 11021 11077 I Finsky:background: [46] Current account updated in PVS
03-27 10:38:58.433 11021 11077 I Finsky:background: [46] Current account updated in PVS
03-27 10:38:58.434 11021 11076 I Finsky:background: [45] Current account updated in PVS
03-27 10:38:58.437 11888 11888 D CompatChangeReporter: Compat change id reported: 458413887; UID 10223; state: ENABLED
03-27 10:38:58.442 10916 10916 I Finsky  : [2] Do not start WearSupportService due to Wear service optimization
03-27 10:38:58.448   679  1835 W system_server: Weak pointer dereference blocked for 16 milliseconds.
03-27 10:38:58.450 10916 10951 I Finsky  : [51] Current account updated in PVS
03-27 10:38:58.454 10916 10950 I Finsky  : [50] Current account updated in PVS
03-27 10:38:58.455 10916 10976 I Finsky  : [58] AIM: AppInfoManager-Perf > OnDeviceAppInfo > cacheHitCount=0, cacheMissCount=1. Missed  in cache (limit 10) : [co.ke.roadready.provider]
03-27 10:38:58.455   679   721 I libprocessgroup: Removed cgroup /sys/fs/cgroup/system/uid_1000/pid_11271
03-27 10:38:58.455 10916 10972 I Finsky  : [57] AIM: Got app ownership map. App counts: . Unique apps: 0
03-27 10:38:58.460 10916 10951 I Finsky  : [51] Current account updated in PVS
03-27 10:38:58.460 10916 10972 E Finsky  : [57] [Counters] attempted to use a non-positive increment for: 4752
03-27 10:38:58.461 10916 10972 E Finsky  : [57] [Counters] attempted to use a non-positive increment for: 4753
03-27 10:38:58.463 11021 11076 I Finsky:background: [45] Current account updated in PVS
03-27 10:38:58.467 11021 11124 I PlayCommon: [74] Connecting to server for timestamp: https://play.googleapis.com/play/log/timestamp
03-27 10:38:58.470 11021 11075 I Finsky:background: [44] Current account updated in PVS
03-27 10:38:58.470 11021 11124 E PlayCommon: [74] Failed to connect to server for server timestamp: java.net.UnknownHostException: Unable to resolve host "play.googleapis.com": No address associated with hostname
03-27 10:38:58.470 11021 11124 W PlayCommon: [74] No account for auth token provided
03-27 10:38:58.471 11021 11124 I PlayCommon: [74] Connecting to server: https://play.googleapis.com/play/log?format=raw&proto_v2=true
03-27 10:38:58.471 11021 11124 E PlayCommon: [74] Failed to connect to server for log upload.
03-27 10:38:58.472 11021 11075 I Finsky:background: [44] Current account updated in PVS
03-27 10:38:58.481 10916 10950 I Finsky  : [50] Current account updated in PVS
03-27 10:38:58.495 11021 11075 I Finsky:background: [44] Current account updated in PVS
03-27 10:38:58.496 10916 10950 I Finsky  : [50] Current account updated in PVS
03-27 10:38:58.497 11021 11075 I Finsky:background: [44] Current account updated in PVS
03-27 10:38:58.499 10916 10950 I Finsky  : [50] Current account updated in PVS
03-27 10:38:58.500 11021 11075 I Finsky:background: [44] Current account updated in PVS
03-27 10:38:58.501 10916 10952 I Finsky  : [52] Current account updated in PVS
03-27 10:38:58.505 10916 10952 I Finsky  : [52] Current account updated in PVS
03-27 10:38:58.508 11021 11075 I Finsky:background: [44] Current account updated in PVS
03-27 10:38:58.511 10916 10952 I Finsky  : [52] Current account updated in PVS
03-27 10:38:58.512 11021 11075 I Finsky:background: [44] Current account updated in PVS
03-27 10:38:58.523 10916 10948 I Finsky  : [48] Current account updated in PVS
03-27 10:38:58.524 11021 11077 I Finsky:background: [46] Current account updated in PVS
03-27 10:38:58.525 11021 11077 I Finsky:background: [46] Current account updated in PVS
03-27 10:38:58.525 10916 10951 I Finsky  : [51] Current account updated in PVS
03-27 10:38:58.525 10916 10948 I Finsky  : [48] Current account updated in PVS
03-27 10:38:58.526 10916 10951 I Finsky  : [51] Current account updated in PVS
03-27 10:38:58.527 10916 10951 I Finsky  : [51] Current account updated in PVS
03-27 10:38:58.535 10916 10951 I Finsky  : [51] Current account updated in PVS
03-27 10:38:58.535 11021 11943 I Finsky:background: [83] Wrote row to frosting DB: 262
03-27 10:38:58.536 10916 10948 I Finsky  : [48] Current account updated in PVS
03-27 10:38:58.536 10916 10948 I Finsky  : [48] Current account updated in PVS
03-27 10:38:58.537 10916 10948 I Finsky  : [48] Current account updated in PVS
03-27 10:38:58.540 10916 10948 I Finsky  : [48] Current account updated in PVS
03-27 10:38:58.543 10916 10952 I Finsky  : [52] Current account updated in PVS
03-27 10:38:58.547 10916 10950 I Finsky  : [50] Current account updated in PVS
03-27 10:38:58.551 10916 10948 I Finsky  : [48] Current account updated in PVS
03-27 10:38:58.555 10916 10950 I Finsky  : [50] Current account updated in PVS
03-27 10:38:58.556 10916 10951 I Finsky  : [51] Current account updated in PVS
03-27 10:38:58.559 10916 10948 I Finsky  : [48] Current account updated in PVS
03-27 10:38:58.564 10916 10948 I Finsky  : [48] Current account updated in PVS
03-27 10:38:58.568 11021 11943 I Finsky:background: [83] Wrote row to frosting DB: 263
03-27 10:38:58.582 10916 10948 I Finsky  : [48] Current account updated in PVS
03-27 10:38:58.593 10916 10948 I Finsky  : [48] Current account updated in PVS
03-27 10:38:58.600 10916 10948 I Finsky  : [48] Current account updated in PVS
03-27 10:38:58.603 10916 10952 I Finsky  : [52] Current account updated in PVS
03-27 10:38:58.604 10916 10952 I Finsky  : [52] Current account updated in PVS
03-27 10:38:58.610 10916 10952 I Finsky  : [52] Current account updated in PVS
03-27 10:38:58.613 10916 10952 I Finsky  : [52] Current account updated in PVS
03-27 10:38:58.614 10916 10948 I Finsky  : [48] Current account updated in PVS
03-27 10:38:58.615 10916 10951 I Finsky  : [51] Current account updated in PVS
03-27 10:38:58.617 10916 10951 I Finsky  : [51] Current account updated in PVS
03-27 10:38:58.622 11021 11943 I Finsky:background: [83] Wrote row to frosting DB: 264
03-27 10:38:58.623 10916 10951 I Finsky  : [51] Current account updated in PVS
03-27 10:38:58.628 10916 10948 I Finsky  : [48] Current account updated in PVS
03-27 10:38:58.631 10916 10950 I Finsky  : [50] Current account updated in PVS
03-27 10:38:58.633 10916 10952 I Finsky  : [52] Current account updated in PVS
03-27 10:38:58.643 10916 10952 I Finsky  : [52] Current account updated in PVS
03-27 10:38:58.650 11899 11899 D AndroidRuntime: >>>>>> START com.android.internal.os.RuntimeInit uid 2000 <<<<<<
03-27 10:38:58.663 10916 10952 I Finsky  : [52] Current account updated in PVS
03-27 10:38:58.668 10916 10952 I Finsky  : [52] Current account updated in PVS
03-27 10:38:58.669 11899 11899 I AndroidRuntime: Using default boot image
03-27 10:38:58.670 11899 11899 I AndroidRuntime: Leaving lock profiling enabled
03-27 10:38:58.672   679   721 I libprocessgroup: Removed cgroup /sys/fs/cgroup/apps/uid_10103/pid_10924
03-27 10:38:58.677 10916 10952 I Finsky  : [52] Current account updated in PVS
03-27 10:38:58.679   679   699 I system_server: Background concurrent mark compact GC freed 19MB AllocSpace bytes, 29(1488KB) LOS objects, 44% free, 30MB/54MB, paused 24.253ms,191.435ms total 1.965s
03-27 10:38:58.681 11899 11899 I app_process: Core platform API enforcement enabled from the hiddenapi_platform_enforcement flag and the device API level
03-27 10:38:58.681   461   461 D Zygote  : Forked child process 11952
03-27 10:38:58.683 11899 11899 I app_process: Using generational CollectorTypeCMC GC.
03-27 10:38:58.713 11897 11911 W MendelPackageState: Shared storage file not found for com.google.android.apps.wellbeing.device#com.google.android.apps.wellbeing
03-27 10:38:58.720 11888 11900 D CompatChangeReporter: Compat change id reported: 418924588; UID 10223; state: ENABLED
03-27 10:38:58.723   679   720 W ActivityManager: Slow operation: 347ms so far, now at startProcess: returned from zygote!
03-27 10:38:58.724   679   720 W ActivityManager: Slow operation: 348ms so far, now at startProcess: done updating battery stats
03-27 10:38:58.725   679   720 W ActivityManager: Slow operation: 349ms so far, now at startProcess: building log message
03-27 10:38:58.725   679   720 I ActivityManager: Start proc 11952:com.android.settings/1000 for content provider {com.android.settings/com.android.settings.slices.SettingsSliceProvider}
03-27 10:38:58.725   679   720 W ActivityManager: Slow operation: 349ms so far, now at startProcess: starting to update pids map
03-27 10:38:58.747 10916 10952 I Finsky  : [52] Current account updated in PVS
03-27 10:38:58.753   679   720 W ActivityManager: Slow operation: 377ms so far, now at startProcess: done updating pids map
03-27 10:38:58.753 11888 11900 I PermissionControllerServiceImpl: Updating user sensitive for uid 10229
03-27 10:38:58.761 10916 10952 I Finsky  : [52] Current account updated in PVS
03-27 10:38:58.763   679   720 W ActivityManager: Slow operation: 89ms so far, now at startProcess: asking zygote to start proc
03-27 10:38:58.765 11021 11077 I Finsky:background: [46] Current account updated in PVS
03-27 10:38:58.767 11021 11077 I Finsky:background: [46] Current account updated in PVS
03-27 10:38:58.768 10581 11936 I Auth    : (REDACTED) [SupervisedAccountIntentOperation] onHandleIntent: %s
03-27 10:38:58.780 11888 11953 E BackupHelper: Could not parse delayed permissions
03-27 10:38:58.780 11888 11953 E BackupHelper: java.io.FileNotFoundException: /data/user_de/0/com.google.android.permissioncontroller/files/delayed_restore_permissions.xml: open failed: ENOENT (No such file or directory)
03-27 10:38:58.780 11888 11953 E BackupHelper: 	at libcore.io.IoBridge.open(IoBridge.java:574)
03-27 10:38:58.780 11888 11953 E BackupHelper: 	at java.io.FileInputStream.<init>(FileInputStream.java:179)
03-27 10:38:58.780 11888 11953 E BackupHelper: 	at android.app.ContextImpl.openFileInput(ContextImpl.java:816)
03-27 10:38:58.780 11888 11953 E BackupHelper: 	at com.android.permissioncontroller.permission.service.BackupHelper.restoreDelayedState(BackupHelper.java:408)
03-27 10:38:58.780 11888 11953 E BackupHelper: 	at com.android.permissioncontroller.permission.service.PermissionControllerServiceImpl.onRestoreDelayedRuntimePermissionsBackup(PermissionControllerServiceImpl.java:429)
03-27 10:38:58.780 11888 11953 E BackupHelper: 	at com.android.permissioncontroller.permission.service.PermissionControllerServiceImpl.lambda$onApplyStagedRuntimePermissionBackup$4(PermissionControllerServiceImpl.java:423)
03-27 10:38:58.780 11888 11953 E BackupHelper: 	at com.android.permissioncontroller.permission.service.PermissionControllerServiceImpl.$r8$lambda$TbAZrpVHU85LYBnlVdzyQvclH0Q(PermissionControllerServiceImpl.java:0)
03-27 10:38:58.780 11888 11953 E BackupHelper: 	at com.android.permissioncontroller.permission.service.PermissionControllerServiceImpl$$ExternalSyntheticLambda4.run(R8$$SyntheticClass:0)
03-27 10:38:58.780 11888 11953 E BackupHelper: 	at android.os.AsyncTask$SerialExecutor$1.run(AsyncTask.java:307)
03-27 10:38:58.780 11888 11953 E BackupHelper: 	at java.util.concurrent.ThreadPoolExecutor.runWorker(ThreadPoolExecutor.java:1100)
03-27 10:38:58.780 11888 11953 E BackupHelper: 	at java.util.concurrent.ThreadPoolExecutor$Worker.run(ThreadPoolExecutor.java:624)
03-27 10:38:58.780 11888 11953 E BackupHelper: 	at java.lang.Thread.run(Thread.java:1572)
03-27 10:38:58.780 11888 11953 E BackupHelper: Caused by: android.system.ErrnoException: open failed: ENOENT (No such file or directory)
03-27 10:38:58.780 11888 11953 E BackupHelper: 	at libcore.io.Linux.open(Native Method)
03-27 10:38:58.780 11888 11953 E BackupHelper: 	at libcore.io.ForwardingOs.open(ForwardingOs.java:579)
03-27 10:38:58.780 11888 11953 E BackupHelper: 	at libcore.io.BlockGuardOs.open(BlockGuardOs.java:274)
03-27 10:38:58.780 11888 11953 E BackupHelper: 	at libcore.io.ForwardingOs.open(ForwardingOs.java:579)
03-27 10:38:58.780 11888 11953 E BackupHelper: 	at android.app.AndroidForwardingOs.open(AndroidForwardingOs.java:120)
03-27 10:38:58.780 11888 11953 E BackupHelper: 	at libcore.io.IoBridge.open(IoBridge.java:560)
03-27 10:38:58.780 11888 11953 E BackupHelper: 	... 11 more
03-27 10:38:58.781 11952 11952 I Zygote  : Process 11952 created for com.android.settings
03-27 10:38:58.783 11952 11952 I ndroid.settings: Using generational CollectorTypeCMC GC.
03-27 10:38:58.784 11952 11952 W ndroid.settings: Unexpected CPU variant for x86: x86_64.
03-27 10:38:58.784 11952 11952 W ndroid.settings: Known variants: atom, sandybridge, silvermont, goldmont, goldmont-plus, goldmont-without-sha-xsaves, tremont, kabylake, alderlake, lunarlake, default
03-27 10:38:58.787 11021 11077 I Finsky:background: [46] Current account updated in PVS
03-27 10:38:58.788 11021 11070 I Finsky:background: [42] Current account updated in PVS
03-27 10:38:58.789 11021 11070 I Finsky:background: [42] Current account updated in PVS
03-27 10:38:58.790 10916 10920 W android.vending: Suspending all threads took: 18.546ms
03-27 10:38:58.798  9581 11913 I AiAiEcho: AppIndexer Package:[co.ke.roadready.provider] UserProfile:[0] Enabled:[true].
03-27 10:38:58.798  9581 11913 I AiAiEcho: AppFetcherImplV2 updateApps package:[co.ke.roadready.provider], userId:[0], reason:[package is updated.].
03-27 10:38:58.804 10581 10581 D BoundBrokerSvc: onBind: Intent { act=com.google.android.gms.common.BIND_SHARED_PREFS xflg=0x4 pkg=com.google.android.gms }
03-27 10:38:58.804 10581 10581 D BoundBrokerSvc: Loading bound service for intent: Intent { act=com.google.android.gms.common.BIND_SHARED_PREFS xflg=0x4 pkg=com.google.android.gms }
03-27 10:38:58.807 11952 11952 D nativeloader: Load libframework-connectivity-tiramisu-jni.so using APEX ns com_android_tethering for caller /apex/com.android.tethering/javalib/framework-connectivity-t.jar: ok
03-27 10:38:58.808   679   701 W System  : A resource failed to call close. 
03-27 10:38:58.809   679   701 W System  : A resource failed to call close. 
03-27 10:38:58.809 11021 11070 I Finsky:background: [42] Current account updated in PVS
03-27 10:38:58.833 10581 10605 I fxxm    : (REDACTED) Shared storage file not found for %s
03-27 10:38:58.837 10581 10605 I fxxm    : (REDACTED) Unable to retrieve flag snapshot for %s, using defaults.
03-27 10:38:58.839   461   461 D Zygote  : Forked child process 11979
03-27 10:38:58.873 11888 11900 I PermissionControllerServiceImpl: Updating user sensitive for uid 10229
03-27 10:38:58.876 11897 11897 W MendelPackageState: Shared storage file not found for tiktok.directboot#com.google.android.apps.wellbeing
03-27 10:38:58.879   679   720 W ActivityManager: Slow operation: 205ms so far, now at startProcess: returned from zygote!
03-27 10:38:58.910 11897 11897 I lof     : SslGuard completed installation.
03-27 10:38:58.914 10581 11936 I Blockstore: (REDACTED) [DataStoreImpl] Clearing Blockstore Data for package %s
03-27 10:38:58.915   679   720 W ActivityManager: Slow operation: 242ms so far, now at startProcess: done updating battery stats
03-27 10:38:58.916   679   720 W ActivityManager: Slow operation: 242ms so far, now at startProcess: building log message
03-27 10:38:58.916   679   720 I ActivityManager: Start proc 11979:com.google.android.packageinstaller/u0a114 for broadcast {com.google.android.packageinstaller/com.android.packageinstaller.PackageInstalledReceiver}
03-27 10:38:58.916   679   720 W ActivityManager: Slow operation: 242ms so far, now at startProcess: starting to update pids map
03-27 10:38:58.919 11888 11888 I SafetyLabelChangedBroadcastReceiver: received broadcast packageName: co.ke.roadready.provider, current user: UserHandle{0}, packageChangeEvent: NEW_INSTALL, intent user: UserHandle{0}
03-27 10:38:58.928   679   718 I AppBindingService: [Supervision app] feature disabled
03-27 10:38:58.973 11979 11979 I Zygote  : Process 11979 created for com.google.android.packageinstaller
03-27 10:38:58.980 11979 11979 I ackageinstaller: Using generational CollectorTypeCMC GC.
03-27 10:38:58.987 10581 10887 I Blockstore: [DataStoreImpl] Keyless data not found or its IsLastInstallationData = false. [CONTEXT service_id=258 ]
03-27 10:38:58.988 11979 11979 W ackageinstaller: Unexpected CPU variant for x86: x86_64.
03-27 10:38:58.988 11979 11979 W ackageinstaller: Known variants: atom, sandybridge, silvermont, goldmont, goldmont-plus, goldmont-without-sha-xsaves, tremont, kabylake, alderlake, lunarlake, default
03-27 10:38:59.001   679   720 W ActivityManager: Slow operation: 328ms so far, now at startProcess: done updating pids map
03-27 10:38:59.014 11899 11899 D nativeloader: InitDefaultPublicLibraries for_preload=1: libandroid.so:libaaudio.so:libamidi.so:libbinder_ndk.so:libc.so:libcamera2ndk.so:libdl.so:libEGL.so:libGLESv1_CM.so:libGLESv2.so:libGLESv3.so:libicu.so:libicui18n.so:libicuuc.so:libjnigraphics.so:liblog.so:libmediandk.so:libm.so:libnativehelper.so:libnativewindow.so:libOpenMAXAL.so:libOpenSLES.so:libRS.so:libstdc++.so:libsync.so:libvulkan.so:libwebviewchromium_plat_support.so:libz.so
03-27 10:38:59.023 11021 11081 I Finsky:background: [50] Current account updated in PVS
03-27 10:38:59.030  4292 11956 W GCM     : Unexpected forwarded intent: Intent { act=android.intent.action.PACKAGE_ADDED dat=package: flg=0x4000010 pkg=com.google.android.gms cmp=com.google.android.gms/.chimera.PersistentIntentOperationService (has extras) }
03-27 10:38:59.065 11021 11080 I Finsky:background: [49] RECEIVER_PACKAGE_MONITOR_BACKGROUND#logWorkEndAndFinishGoAsync: SUCCESS
03-27 10:38:59.066  4292 11956 W NetworkScheduler: Unexpected forwarded intent: Intent { act=android.intent.action.PACKAGE_ADDED dat=package: flg=0x4000010 pkg=com.google.android.gms cmp=com.google.android.gms/.chimera.PersistentIntentOperationService (has extras) }
03-27 10:38:59.083 10581 10605 I fxxm    : (REDACTED) Shared storage file not found for %s
03-27 10:38:59.084 10581 10605 I fxxm    : (REDACTED) Unable to retrieve flag snapshot for %s, using defaults.
03-27 10:38:59.107 10581 10605 I fxxm    : (REDACTED) Shared storage file not found for %s
03-27 10:38:59.108 10581 10605 I fxxm    : (REDACTED) Unable to retrieve flag snapshot for %s, using defaults.
03-27 10:38:59.111   679  2159 W ActivityManager: Slow operation: 106ms so far, now at attachApplicationLocked: after updateOomAdjLocked
03-27 10:38:59.115 10234 10268 D AlphabeticIndexCompat: computeSectionName: cs: RoadReady Provider sectionName: R
03-27 10:38:59.118 10234 10234 D AllAppsStore: setApps: apps.length=21
03-27 10:38:59.119 10234 10234 D AllAppsStore: notifyUpdate: notifying listeners
03-27 10:38:59.119 10234 10234 D ActivityAllAppsContainerView: onAppsUpdated; number of apps: 21
03-27 10:38:59.119 10234 10234 D ActivityAllAppsContainerView: rebindAdapters: force: false
03-27 10:38:59.119 10234 10234 D ActivityAllAppsContainerView: rebindAdapters: Not needed.
03-27 10:38:59.119 10234 10234 D StatsLog: LAUNCHER_ALLAPPS_COUNT
03-27 10:38:59.120 10581 11936 I Dck     : (REDACTED) disableDckSupport: %s
03-27 10:38:59.120 10234 10234 D AlphabeticalAppsList: Clearing FastScrollerSections.
03-27 10:38:59.120 10234 10234 D AlphabeticalAppsList: Adding apps with sections. HasPrivateApps: false
03-27 10:38:59.120 10234 10234 D AlphabeticalAppsList: addAppsWithSections: adding sectionName: C with appInfoTitle: Calendar
03-27 10:38:59.120 10234 10234 D AlphabeticalAppsList: addAppsWithSections: adding sectionName: D with appInfoTitle: Drive
03-27 10:38:59.120 10234 10234 D AlphabeticalAppsList: addAppsWithSections: adding sectionName: F with appInfoTitle: Files
03-27 10:38:59.120 10234 10234 D AlphabeticalAppsList: addAppsWithSections: adding sectionName: G with appInfoTitle: Glasses
03-27 10:38:59.120 10234 10234 D AlphabeticalAppsList: addAppsWithSections: adding sectionName: M with appInfoTitle: Maps
03-27 10:38:59.120 10234 10234 D AlphabeticalAppsList: addAppsWithSections: adding sectionName: P with appInfoTitle: Phone
03-27 10:38:59.121 10234 10234 D AlphabeticalAppsList: addAppsWithSections: adding sectionName: R with appInfoTitle: RoadReady Provider
03-27 10:38:59.123 10234 10234 D AlphabeticalAppsList: addAppsWithSections: adding sectionName: S with appInfoTitle: Safety
03-27 10:38:59.123 10234 10234 D AlphabeticalAppsList: addAppsWithSections: adding sectionName: T with appInfoTitle: TMoble
03-27 10:38:59.123 10234 10234 D AlphabeticalAppsList: addAppsWithSections: adding sectionName: Y with appInfoTitle: YouTube
03-27 10:38:59.123 10234 10234 D AlphabeticalAppsList: Adding FastScrollSection duplicate to scroll to the bottom.
03-27 10:38:59.123 10234 10234 D AlphabeticalAppsList: Clearing FastScrollerSections.
03-27 10:38:59.123 10234 10234 D AlphabeticalAppsList: Adding apps with sections. HasPrivateApps: false
03-27 10:38:59.123 10234 10234 D AlphabeticalAppsList: addAppsWithSections: adding sectionName: C with appInfoTitle: Calendar
03-27 10:38:59.124 10234 10234 D AlphabeticalAppsList: addAppsWithSections: adding sectionName: D with appInfoTitle: Drive
03-27 10:38:59.124 10234 10234 D AlphabeticalAppsList: addAppsWithSections: adding sectionName: F with appInfoTitle: Files
03-27 10:38:59.124 10234 10234 D AlphabeticalAppsList: addAppsWithSections: adding sectionName: G with appInfoTitle: Glasses
03-27 10:38:59.124 10234 10234 D AlphabeticalAppsList: addAppsWithSections: adding sectionName: M with appInfoTitle: Maps
03-27 10:38:59.124 10234 10234 D AlphabeticalAppsList: addAppsWithSections: adding sectionName: P with appInfoTitle: Phone
03-27 10:38:59.124 10234 10234 D AlphabeticalAppsList: addAppsWithSections: adding sectionName: R with appInfoTitle: RoadReady Provider
03-27 10:38:59.124 10234 10234 D AlphabeticalAppsList: addAppsWithSections: adding sectionName: S with appInfoTitle: Safety
03-27 10:38:59.124 10234 10234 D AlphabeticalAppsList: addAppsWithSections: adding sectionName: T with appInfoTitle: TMoble
03-27 10:38:59.127 10581 11936 W Dck     : [WirelessCapabilitiesFeatures] wccSysProp: 0 [CONTEXT service_id=289 ]
03-27 10:38:59.128 10581 11936 I Dck     : [WirelessCapabilitiesFeatures] wccMendel: 3 [CONTEXT service_id=289 ]
03-27 10:38:59.129 10581 11936 I Dck     : [WirelessCapabilitiesFeatures] deviceWccOverride: false [CONTEXT service_id=289 ]
03-27 10:38:59.130 10234 10234 D AlphabeticalAppsList: addAppsWithSections: adding sectionName: Y with appInfoTitle: YouTube
03-27 10:38:59.130 10234 10234 D AlphabeticalAppsList: Adding FastScrollSection duplicate to scroll to the bottom.
03-27 10:38:59.130 10234 10234 D AllAppsStore: setApps: apps.length=21
03-27 10:38:59.130 10234 10234 D AllAppsStore: notifyUpdate: notifying listeners
03-27 10:38:59.139 10581 11936 I Dck     : [WirelessCapabilitiesFeatures] replaceSupportedWccWithWccOverride: false [CONTEXT service_id=289 ]
03-27 10:38:59.140 10581 11936 I Dck     : [WirelessCapabilitiesFeatures] wccOverride: not set [CONTEXT service_id=289 ]
03-27 10:38:59.141  4292 11956 I Fitness : (REDACTED) OnPackageChangedOperation got intent: %s
03-27 10:38:59.144 10581 11936 I Dck     : (REDACTED) [WirelessCapabilitiesFeatures] returned wcc: %s
03-27 10:38:59.145 10581 11936 I Dck     : Dck module condition - hasWccSupport: false [CONTEXT service_id=289 ]
03-27 10:38:59.145 10581 11936 I Dck     : Dck module condition - downloadAllowed: false [CONTEXT service_id=289 ]
03-27 10:38:59.149 10581 11936 W Dck     : Dck module not eligible for asynchronous downloading [CONTEXT service_id=289 ]
03-27 10:38:59.156 10234 10234 D b/387844520: getOutlineOffsetX: measured width = 173, mNormalizedIconSize = 159, last updated width = 173
03-27 10:38:59.166   679  1631 W ActivityManager: Slow operation: 109ms so far, now at finishAttachApplicationInner: after mServices.attachApplicationLocked
03-27 10:38:59.166   679  1631 W ActivityManager: Slow operation: 110ms so far, now at finishAttachApplicationInner: after dispatching broadcasts
03-27 10:38:59.182 11021 11070 I Finsky:background: [42] Current account updated in PVS
03-27 10:38:59.184 11021 11070 I Finsky:background: [42] Current account updated in PVS
03-27 10:38:59.192   679  1631 W ActivityManager: Slow operation: 135ms so far, now at finishAttachApplicationInner: after updateOomAdjLocked
03-27 10:38:59.220  4292  4319 I fxxm    : (REDACTED) Shared storage file not found for %s
03-27 10:38:59.221  4292  4319 I fxxm    : (REDACTED) Unable to retrieve flag snapshot for %s, using defaults.
03-27 10:38:59.222 11021 11070 I Finsky:background: [42] Current account updated in PVS
03-27 10:38:59.223   506   582 W skia    : AGTM parsing failed flags.readFromStream(s) at 159
03-27 10:38:59.223   506   582 W skia    : AGTM parsing failed flags.readFromStream(s) at 159
03-27 10:38:59.229 11952 11952 D CompatChangeReporter: Compat change id reported: 333566037; UID 1000; state: ENABLED
03-27 10:38:59.231 11899 11899 D nativeloader: Load libicu_jni.so using APEX ns com_android_art for caller /apex/com.android.art/javalib/core-oj.jar: ok
03-27 10:38:59.231 11899 11899 D app_process: u_setTimeZoneFilesDirectory("/apex/com.android.tzdata/etc/tz/versioned/10/icu") succeeded. 
03-27 10:38:59.231 11899 11899 D app_process: I18n APEX ICU file found: /apex/com.android.i18n/etc/icu/icudt78l.dat
03-27 10:38:59.233 11021 11075 I Finsky:background: [44] Current account updated in PVS
03-27 10:38:59.234 10916 10952 I Finsky  : [52] Current account updated in PVS
03-27 10:38:59.236 10916 10952 I Finsky  : [52] Current account updated in PVS
03-27 10:38:59.255 11899 11899 D nativeloader: Load libjavacore.so using APEX ns com_android_art for caller /apex/com.android.art/javalib/core-oj.jar: ok
03-27 10:38:59.256 11952 11952 D ApplicationLoaders: Returning zygote-cached class loader: /system/framework/org.apache.http.legacy.jar
03-27 10:38:59.257 11952 11952 D ApplicationLoaders: Returning zygote-cached class loader: /system_ext/framework/androidx.window.extensions.jar
03-27 10:38:59.257 11952 11952 D ApplicationLoaders: Returning zygote-cached class loader: /system_ext/framework/androidx.window.sidecar.jar
03-27 10:38:59.258 11979 11979 D nativeloader: Load libframework-connectivity-tiramisu-jni.so using APEX ns com_android_tethering for caller /apex/com.android.tethering/javalib/framework-connectivity-t.jar: ok
03-27 10:38:59.265 11899 11899 D nativeloader: Load libopenjdk.so using APEX ns com_android_art for caller /apex/com.android.art/javalib/core-oj.jar: ok
03-27 10:38:59.268 10916 10951 I Finsky  : [51] Current account updated in PVS
03-27 10:38:59.269 11899 11899 I app_process: Priority-to-niceness mapping: 19, 16, 13, 10, 0, -2, -4, -5, -6, -8
03-27 10:38:59.270 11899 11899 W app_process: Unexpected CPU variant for x86: x86_64.
03-27 10:38:59.270 11899 11899 W app_process: Known variants: atom, sandybridge, silvermont, goldmont, goldmont-plus, goldmont-without-sha-xsaves, tremont, kabylake, alderlake, lunarlake, default
03-27 10:38:59.291 11952 11952 D nativeloader: Configuring clns-shared-9 for other apk /system_ext/framework/com.android.extensions.appfunctions.jar. target_sdk_version=37, uses_libraries=ALL, library_path=/system_ext/priv-app/SettingsGoogle/lib/x86_64:/system_ext/priv-app/SettingsGoogle/SettingsGoogle.apk!/lib/x86_64:/system/lib64:/system_ext/lib64, permitted_path=/data:/mnt/expand:/data/user_de/0/com.android.settings:/system_ext/priv-app/SettingsGoogle:/system/lib64:/system_ext/lib64
03-27 10:38:59.301 10581 10605 I fxxm    : (REDACTED) Shared storage file not found for %s
03-27 10:38:59.301 10581 10605 I fxxm    : (REDACTED) Unable to retrieve flag snapshot for %s, using defaults.
03-27 10:38:59.312 11021 11943 I Finsky:background: [83] Wrote row to frosting DB: 265
03-27 10:38:59.336 11021 11075 I Finsky:background: [44] Current account updated in PVS
03-27 10:38:59.358 10581 10605 I fxxm    : (REDACTED) Shared storage file not found for %s
03-27 10:38:59.358 10581 10605 I fxxm    : (REDACTED) Unable to retrieve flag snapshot for %s, using defaults.
03-27 10:38:59.394 11899 11899 D nativeloader: Load libframework-connectivity-tiramisu-jni.so using APEX ns com_android_tethering for caller /apex/com.android.tethering/javalib/framework-connectivity-t.jar: ok
03-27 10:38:59.395 11899 11899 D AndroidRuntime: Calling main entry com.android.commands.monkey.Monkey
03-27 10:38:59.335 10916 10951 I Finsky  : [51] Current account updated in PVS
03-27 10:38:59.407 11899 11899 D nativeloader: Load /system/lib64/libmonkey_jni.so using ns default for caller /system/framework/monkey.jar in same partition (is_bridged=0): ok
03-27 10:38:59.407 11021 11075 I Finsky:background: [44] Current account updated in PVS
03-27 10:38:59.408 11021 11075 I Finsky:background: [44] Current account updated in PVS
03-27 10:38:59.408 11899 11899 W Monkey  : args: [-p, co.ke.roadready.motorist, -c, android.intent.category.LAUNCHER, 1]
03-27 10:38:59.423 11021 11078 I Finsky:background: [47] RECEIVER_ENGAGE_PACKAGE_CHANGED#logWorkEndAndFinishGoAsync: SKIPPED_PRECONDITIONS_UNMET
03-27 10:38:59.449 11899 11899 I AconfigPackage: android.media.swcodec.flags is mapped to com.android.media.swcodec
03-27 10:38:59.454 11899 11899 W AconfigPackage: failed to map some package from com.android.permission.package.map: java.lang.IndexOutOfBoundsException: index=0 out of bounds (limit=0, nb=4)
03-27 10:38:59.455 11021 11076 I Finsky:background: [45] Current account updated in PVS
03-27 10:38:59.457 11021 11075 I Finsky:background: [44] Current account updated in PVS
03-27 10:38:59.459 11899 11899 W AconfigPackage: failed to map some package from com.google.android.widevine.package.map: java.lang.IndexOutOfBoundsException: index=0 out of bounds (limit=0, nb=4)
03-27 10:38:59.462 11899 11899 W AconfigPackage: failed to map some package from com.android.i18n.package.map: java.lang.IndexOutOfBoundsException: index=0 out of bounds (limit=0, nb=4)
03-27 10:38:59.466 11899 11899 W AconfigPackage: failed to map some package from com.android.appsearch.package.map: java.lang.IndexOutOfBoundsException: index=0 out of bounds (limit=0, nb=4)
03-27 10:38:59.471 11899 11899 W AconfigPackage: failed to map some package from com.android.uprobestats.package.map: java.lang.IndexOutOfBoundsException: index=0 out of bounds (limit=0, nb=4)
03-27 10:38:59.476 11899 11899 W AconfigPackage: failed to map some package from com.android.crashrecovery.package.map: java.lang.IndexOutOfBoundsException: index=0 out of bounds (limit=0, nb=4)
03-27 10:38:59.480 11021 11077 I Finsky:background: [46] Current account updated in PVS
03-27 10:38:59.480 11899 11899 W AconfigPackage: failed to map some package from com.android.configinfrastructure.package.map: java.lang.IndexOutOfBoundsException: index=0 out of bounds (limit=0, nb=4)
03-27 10:38:59.480 11021 11077 I Finsky:background: [46] Current account updated in PVS
03-27 10:38:59.485 11899 11899 W AconfigPackage: failed to map some package from com.android.art.package.map: java.lang.IndexOutOfBoundsException: index=0 out of bounds (limit=0, nb=4)
03-27 10:38:59.485 10916 10916 I Finsky  : [2] ahsm - Received: android.intent.action.PACKAGE_CHANGED, [H7m5Hl44Mkku532xUSaee-CFBLrGL8FhuqV7dVL_vBA]
03-27 10:38:59.488 11952 11952 D nativeloader: Configuring clns-shared-10 for other apk /system_ext/priv-app/SettingsGoogle/SettingsGoogle.apk. target_sdk_version=37, uses_libraries=, library_path=/system_ext/priv-app/SettingsGoogle/lib/x86_64:/system_ext/priv-app/SettingsGoogle/SettingsGoogle.apk!/lib/x86_64:/system/lib64:/system_ext/lib64, permitted_path=/data:/mnt/expand:/data/user_de/0/com.android.settings:/system_ext/priv-app/SettingsGoogle:/system/lib64:/system_ext/lib64
03-27 10:38:59.491 11899 11899 W AconfigPackage: failed to map some package from com.android.telephonycore.package.map: java.lang.IndexOutOfBoundsException: index=0 out of bounds (limit=0, nb=4)
03-27 10:38:59.496 11899 11899 I AconfigPackage: com.android.media.extractor.flags is mapped to com.android.media
03-27 10:38:59.497 11899 11899 I AconfigPackage: com.android.media.mainline.flags is mapped to com.android.media
03-27 10:38:59.500 11021 11077 I Finsky:background: [46] Current account updated in PVS
03-27 10:38:59.501 11899 11899 W AconfigPackage: failed to map some package from com.android.wifi.package.map: java.lang.IndexOutOfBoundsException: index=0 out of bounds (limit=0, nb=4)
03-27 10:38:59.505 11899 11899 W AconfigPackage: failed to map some package from com.android.conscrypt.package.map: java.lang.IndexOutOfBoundsException: index=0 out of bounds (limit=0, nb=4)
03-27 10:38:59.509 11899 11899 W AconfigPackage: failed to map some package from com.android.healthfitness.package.map: java.lang.IndexOutOfBoundsException: index=0 out of bounds (limit=0, nb=4)
03-27 10:38:59.513 11899 11899 W AconfigPackage: failed to map some package from com.android.ipsec.package.map: java.lang.IndexOutOfBoundsException: index=0 out of bounds (limit=0, nb=4)
03-27 10:38:59.516 11899 11899 W AconfigPackage: failed to map some package from com.android.nfcservices.package.map: java.lang.IndexOutOfBoundsException: index=0 out of bounds (limit=0, nb=4)
03-27 10:38:59.526 11899 11899 W AconfigPackage: failed to map some package from com.android.ondevicepersonalization.package.map: java.lang.IndexOutOfBoundsException: index=0 out of bounds (limit=0, nb=4)
03-27 10:38:59.528   679   704 V SafetySourceDataValidat: Package: com.android.vending has expected signature
