03-27 10:46:00.802  1638  1705 D SatelliteController: getCarrierRoamingNtnConnectType: Falling back to global carrier config connect type: 0
03-27 10:46:00.803  1638  1705 D SatelliteController: updateLastNotifiedCarrierRoamingNtnSignalStrengthAndNotify(1)
03-27 10:46:00.803  1638  1705 D SatelliteController: updateLastNotifiedCarrierRoamingNtnSignalStrengthAndNotify(1) lastNotifiedSignalStrength level: 0
03-27 10:46:00.803  1638  1705 D SatelliteController: updateLastNotifiedCarrierRoamingNtnSignalStrengthAndNotify(1) currSignalStrength level: 0
03-27 10:46:02.686   461   461 D Zygote  : Forked child process 12902
03-27 10:46:02.686   679   720 I ActivityManager: Start proc 12902:com.android.vending:instant_app_installer/u0a154 for bound-service {com.android.vending/com.google.android.finsky.instantapps.metrics.LogFlushJob}
03-27 10:46:02.710 12902 12902 I Zygote  : Process 12902 created for com.android.vending:instant_app_installer
03-27 10:46:02.710 12902 12902 I t_app_installer: Using generational CollectorTypeCMC GC.
03-27 10:46:02.710 12902 12902 W t_app_installer: Unexpected CPU variant for x86: x86_64.
03-27 10:46:02.710 12902 12902 W t_app_installer: Known variants: atom, sandybridge, silvermont, goldmont, goldmont-plus, goldmont-without-sha-xsaves, tremont, kabylake, alderlake, lunarlake, default
03-27 10:46:02.716 12902 12902 D nativeloader: Load libframework-connectivity-tiramisu-jni.so using APEX ns com_android_tethering for caller /apex/com.android.tethering/javalib/framework-connectivity-t.jar: ok
03-27 10:46:02.726 12902 12902 D ApplicationLoaders: Returning zygote-cached class loader: /system/framework/org.apache.http.legacy.jar
03-27 10:46:02.726 12902 12902 D ApplicationLoaders: Returning zygote-cached class loader: /system_ext/framework/androidx.window.extensions.jar
03-27 10:46:02.726 12902 12902 D ApplicationLoaders: Returning zygote-cached class loader: /system_ext/framework/androidx.window.sidecar.jar
03-27 10:46:02.732 12902 12902 D nativeloader: InitLlndkLibrariesProduct: libEGL.so:libGLESv1_CM.so:libGLESv2.so:libGLESv3.so:libRS.so:libandroid_net.so:libapexsupport.so:libavf.so:libbinder_ndk.so:libc.so:libcamera_metadata.so:libcgrouprc.so:libclang_rt.asan-x86_64-android.so:libcom.android.tethering.connectivity_native.so:libdl.so:libft2.so:liblog.so:libm.so:libmediandk.so:libnativewindow.so:libneuralnetworks.so:libselinux.so:libsync.so:libvendorsupport.so:libvndksupport.so:libvulkan.so
03-27 10:46:02.732 12902 12902 D nativeloader: Configuring product-clns-9 for unbundled product apk /product/priv-app/Phonesky/Phonesky.apk. target_sdk_version=36, uses_libraries=, library_path=/product/priv-app/Phonesky/lib/x86_64:/product/priv-app/Phonesky/Phonesky.apk!/lib/x86_64:/product/lib64:/system/product/lib64, permitted_path=/data:/mnt/expand:/data/user/0/com.android.vending:/product/lib64:/system/product/lib64
03-27 10:46:02.732 12902 12902 D nativeloader: InitVndkspLibrariesProduct: VNDK is deprecated with product
03-27 10:46:02.738 12902 12902 V GraphicsEnvironment: Currently set values for:
03-27 10:46:02.738 12902 12902 V GraphicsEnvironment:   angle_gl_driver_selection_pkgs=[]
03-27 10:46:02.738 12902 12902 V GraphicsEnvironment:   angle_gl_driver_selection_values=[]
03-27 10:46:02.738 12902 12902 V GraphicsEnvironment: com.android.vending is not listed in per-application setting
03-27 10:46:02.738 12902 12902 V GraphicsEnvironment: No special selections for ANGLE, returning default driver choice
03-27 10:46:02.739 12902 12902 V GraphicsEnvironment: Neither updatable production driver nor prerelease driver is supported.
03-27 10:46:02.747 12902 12902 I Finsky:instant_app_inst: [2] Process created at version: 50.1.33-31 [0] [PR] 867780628
03-27 10:46:02.843 12902 12924 I PlayCommon: [49] Preparing logs for uploading
03-27 10:46:02.851 12902 12924 I PlayCommon: [49] Connecting to server for timestamp: https://play.googleapis.com/play/log/timestamp
03-27 10:46:02.855 12902 12924 E PlayCommon: [49] Failed to connect to server for server timestamp: java.net.UnknownHostException: Unable to resolve host "play.googleapis.com": No address associated with hostname
03-27 10:46:02.856 12902 12924 W PlayCommon: [49] No account for auth token provided
03-27 10:46:02.856 12902 12924 I PlayCommon: [49] Connecting to server: https://play.googleapis.com/play/log?format=raw&proto_v2=true
03-27 10:46:02.856 12902 12924 E PlayCommon: [49] Failed to connect to server for log upload.
03-27 10:46:02.857   679  2159 W JobScheduler: Job didn't exist in JobStore: ab9235d #u0a154/165064389 com.android.vending/com.google.android.finsky.instantapps.metrics.LogFlushJob
03-27 10:46:03.192   679  1511 W AppOps  : Noting op not finished: uid 10214 pkg com.google.android.gms code 79 startTime of in progress event=1774596367078
03-27 10:46:03.196   679  1511 W AppOps  : Noting op not finished: uid 10214 pkg com.google.android.gms code 113 startTime of in progress event=1774596337335
03-27 10:46:03.198   679   719 D ActivityManager: sync unfroze 12098 com.google.android.gms for 10
03-27 10:46:03.199   679   719 D ActivityManager: sync unfroze 12292 com.google.android.gms.unstable for 10
03-27 10:46:03.208  4292  4585 I ActivityScheduler: nextTriggerTime: 1707194, in 238100ms, detectorType: 39, FULL_TYPE alarmWindowMillis: 80000
03-27 10:46:04.195   679  1251 W AppOps  : Noting op not finished: uid 10214 pkg com.google.android.gms code 113 startTime of in progress event=1774596337335
03-27 10:46:08.577  4292  9095 W infv    : [{0}] Failed to resolve name. status={1}
03-27 10:46:08.835 11370 11370 I artd    : GetBestInfo: odex in dalvik-cache (/data/dalvik-cache/x86_64/apex@com.google.android.gmssystem@priv-app@PrebuiltGmsCoreVic@CP21.260306.017.A1@PrebuiltGmsCoreVic.apk@classes.dex) is kOatUpToDate with filter 'verify' executable 'false'
03-27 10:46:08.836 11370 11370 I artd    : GetBestInfo: /data/user_de/0/com.google.android.gms/app_chimera/m/00000001/CronetDynamite.apk has no usable artifacts
03-27 10:46:08.836 11370 11370 I artd    : GetBestInfo: /data/user_de/0/com.google.android.gms/app_chimera/m/00000002/DynamiteLoader.apk has no usable artifacts
03-27 10:46:08.837 11370 11370 I artd    : GetBestInfo: /data/user_de/0/com.google.android.gms/app_chimera/m/00000005/GoogleCertificates.apk has no usable artifacts
03-27 10:46:08.838 11370 11370 I artd    : GetBestInfo: /data/user_de/0/com.google.android.gms/app_chimera/m/00000007/MeasurementDynamite.apk has no usable artifacts
03-27 10:46:10.803  1638  1705 D SatelliteController: isInCarrierRoamingNbIotNtn: satellite is disabled
03-27 10:46:10.803  1638  1705 D SatelliteController: getCarrierRoamingNtnConnectType: Checking connect type from PLMN config for subId: 1
03-27 10:46:10.804  1638  1705 D SatelliteController: getSatellitePerPlmnConfiguration: invalid subId or not supported via carrier.
03-27 10:46:10.804  1638  1705 D SatelliteController: getCarrierRoamingNtnConnectType: config: null
03-27 10:46:10.805  1638  1705 D SatelliteController: getCarrierRoamingNtnConnectType: Falling back to global carrier config connect type: 0
03-27 10:46:10.806  1638  1705 D SatelliteController: updateLastNotifiedCarrierRoamingNtnSignalStrengthAndNotify(1)
03-27 10:46:10.807  1638  1705 D SatelliteController: updateLastNotifiedCarrierRoamingNtnSignalStrengthAndNotify(1) lastNotifiedSignalStrength level: 0
03-27 10:46:10.808  1638  1705 D SatelliteController: updateLastNotifiedCarrierRoamingNtnSignalStrengthAndNotify(1) currSignalStrength level: 0
03-27 10:46:12.913   679   823 D ActivityManager: freezing 12902 com.android.vending:instant_app_installer
03-27 10:46:12.914   679  1075 D InetDiagMessage: Destroyed 0 sockets, proto=IPPROTO_TCP, family=AF_INET, states=14
03-27 10:46:12.915   679  1075 D InetDiagMessage: Destroyed 0 sockets, proto=IPPROTO_TCP, family=AF_INET6, states=14
03-27 10:46:12.915   679  1075 D InetDiagMessage: Destroyed live tcp sockets for uids={10154} in 1ms
03-27 10:46:18.817 11370 11370 I artd    : GetBestInfo: odex in dalvik-cache (/data/dalvik-cache/x86_64/apex@com.google.android.gmssystem@priv-app@PrebuiltGmsCoreVic@CP21.260306.017.A1@PrebuiltGmsCoreVic.apk@classes.dex) is kOatUpToDate with filter 'verify' executable 'false'
03-27 10:46:18.818 11370 11370 I artd    : GetBestInfo: /data/user_de/0/com.google.android.gms/app_chimera/m/00000001/CronetDynamite.apk has no usable artifacts
03-27 10:46:18.818 11370 11370 I artd    : GetBestInfo: /data/user_de/0/com.google.android.gms/app_chimera/m/00000002/DynamiteLoader.apk has no usable artifacts
03-27 10:46:18.819 11370 11370 I artd    : GetBestInfo: /data/user_de/0/com.google.android.gms/app_chimera/m/00000005/GoogleCertificates.apk has no usable artifacts
03-27 10:46:18.820 11370 11370 I artd    : GetBestInfo: /data/user_de/0/com.google.android.gms/app_chimera/m/00000007/MeasurementDynamite.apk has no usable artifacts
03-27 10:46:20.805  1638  1705 D SatelliteController: isInCarrierRoamingNbIotNtn: satellite is disabled
03-27 10:46:20.805  1638  1705 D SatelliteController: getCarrierRoamingNtnConnectType: Checking connect type from PLMN config for subId: 1
03-27 10:46:20.807  1638  1705 D SatelliteController: getSatellitePerPlmnConfiguration: invalid subId or not supported via carrier.
03-27 10:46:20.807  1638  1705 D SatelliteController: getCarrierRoamingNtnConnectType: config: null
03-27 10:46:20.808  1638  1705 D SatelliteController: getCarrierRoamingNtnConnectType: Falling back to global carrier config connect type: 0
03-27 10:46:20.810  1638  1705 D SatelliteController: updateLastNotifiedCarrierRoamingNtnSignalStrengthAndNotify(1)
03-27 10:46:20.810  1638  1705 D SatelliteController: updateLastNotifiedCarrierRoamingNtnSignalStrengthAndNotify(1) lastNotifiedSignalStrength level: 0
03-27 10:46:20.810  1638  1705 D SatelliteController: updateLastNotifiedCarrierRoamingNtnSignalStrengthAndNotify(1) currSignalStrength level: 0
03-27 10:46:25.834  4292  9095 W infv    : [{0}] Failed to resolve name. status={1}
03-27 10:46:28.848 11370 11372 I artd    : GetBestInfo: odex in dalvik-cache (/data/dalvik-cache/x86_64/apex@com.google.android.gmssystem@priv-app@PrebuiltGmsCoreVic@CP21.260306.017.A1@PrebuiltGmsCoreVic.apk@classes.dex) is kOatUpToDate with filter 'verify' executable 'false'
03-27 10:46:28.848 11370 11372 I artd    : GetBestInfo: /data/user_de/0/com.google.android.gms/app_chimera/m/00000001/CronetDynamite.apk has no usable artifacts
03-27 10:46:28.849 11370 11372 I artd    : GetBestInfo: /data/user_de/0/com.google.android.gms/app_chimera/m/00000002/DynamiteLoader.apk has no usable artifacts
03-27 10:46:28.850 11370 11372 I artd    : GetBestInfo: /data/user_de/0/com.google.android.gms/app_chimera/m/00000005/GoogleCertificates.apk has no usable artifacts
03-27 10:46:28.851 11370 11372 I artd    : GetBestInfo: /data/user_de/0/com.google.android.gms/app_chimera/m/00000007/MeasurementDynamite.apk has no usable artifacts
03-27 10:46:30.299  4292  9095 W infv    : [{0}] Failed to resolve name. status={1}
03-27 10:46:30.802  1638  1705 D SatelliteController: isInCarrierRoamingNbIotNtn: satellite is disabled
03-27 10:46:30.802  1638  1705 D SatelliteController: getCarrierRoamingNtnConnectType: Checking connect type from PLMN config for subId: 1
03-27 10:46:30.802  1638  1705 D SatelliteController: getSatellitePerPlmnConfiguration: invalid subId or not supported via carrier.
03-27 10:46:30.802  1638  1705 D SatelliteController: getCarrierRoamingNtnConnectType: config: null
03-27 10:46:30.803  1638  1705 D SatelliteController: getCarrierRoamingNtnConnectType: Falling back to global carrier config connect type: 0
03-27 10:46:30.803  1638  1705 D SatelliteController: updateLastNotifiedCarrierRoamingNtnSignalStrengthAndNotify(1)
03-27 10:46:30.803  1638  1705 D SatelliteController: updateLastNotifiedCarrierRoamingNtnSignalStrengthAndNotify(1) lastNotifiedSignalStrength level: 0
03-27 10:46:30.803  1638  1705 D SatelliteController: updateLastNotifiedCarrierRoamingNtnSignalStrengthAndNotify(1) currSignalStrength level: 0
03-27 10:46:31.107  4292  9095 W infv    : [{0}] Failed to resolve name. status={1}
03-27 10:46:33.270   679   823 D ActivityManager: freezing 12098 com.google.android.gms
03-27 10:46:33.271   679   823 D ActivityManager: freezing 12292 com.google.android.gms.unstable
03-27 10:46:34.391  4292  9095 W infv    : [{0}] Failed to resolve name. status={1}
03-27 10:46:38.769   679   699 I system_server: Background young concurrent mark compact GC freed 23MB AllocSpace bytes, 6(192KB) LOS objects, 43% free, 30MB/54MB, paused 4.939ms,27.985ms total 58.255ms
03-27 10:46:38.862 11370 11372 I artd    : GetBestInfo: odex in dalvik-cache (/data/dalvik-cache/x86_64/apex@com.google.android.gmssystem@priv-app@PrebuiltGmsCoreVic@CP21.260306.017.A1@PrebuiltGmsCoreVic.apk@classes.dex) is kOatUpToDate with filter 'verify' executable 'false'
03-27 10:46:38.862 11370 11372 I artd    : GetBestInfo: /data/user_de/0/com.google.android.gms/app_chimera/m/00000001/CronetDynamite.apk has no usable artifacts
03-27 10:46:38.863 11370 11372 I artd    : GetBestInfo: /data/user_de/0/com.google.android.gms/app_chimera/m/00000002/DynamiteLoader.apk has no usable artifacts
03-27 10:46:38.864 11370 11372 I artd    : GetBestInfo: /data/user_de/0/com.google.android.gms/app_chimera/m/00000005/GoogleCertificates.apk has no usable artifacts
03-27 10:46:38.865 11370 11372 I artd    : GetBestInfo: /data/user_de/0/com.google.android.gms/app_chimera/m/00000007/MeasurementDynamite.apk has no usable artifacts
03-27 10:46:40.126  4292  9095 W infv    : [{0}] Failed to resolve name. status={1}
03-27 10:46:40.802  1638  1705 D SatelliteController: isInCarrierRoamingNbIotNtn: satellite is disabled
03-27 10:46:40.802  1638  1705 D SatelliteController: getCarrierRoamingNtnConnectType: Checking connect type from PLMN config for subId: 1
03-27 10:46:40.803  1638  1705 D SatelliteController: getSatellitePerPlmnConfiguration: invalid subId or not supported via carrier.
03-27 10:46:40.803  1638  1705 D SatelliteController: getCarrierRoamingNtnConnectType: config: null
03-27 10:46:40.803  1638  1705 D SatelliteController: getCarrierRoamingNtnConnectType: Falling back to global carrier config connect type: 0
03-27 10:46:40.804  1638  1705 D SatelliteController: updateLastNotifiedCarrierRoamingNtnSignalStrengthAndNotify(1)
03-27 10:46:40.804  1638  1705 D SatelliteController: updateLastNotifiedCarrierRoamingNtnSignalStrengthAndNotify(1) lastNotifiedSignalStrength level: 0
03-27 10:46:40.804  1638  1705 D SatelliteController: updateLastNotifiedCarrierRoamingNtnSignalStrengthAndNotify(1) currSignalStrength level: 0
03-27 10:46:45.966  4292  9095 W infv    : [{0}] Failed to resolve name. status={1}
03-27 10:46:48.879 11370 11372 I artd    : GetBestInfo: odex in dalvik-cache (/data/dalvik-cache/x86_64/apex@com.google.android.gmssystem@priv-app@PrebuiltGmsCoreVic@CP21.260306.017.A1@PrebuiltGmsCoreVic.apk@classes.dex) is kOatUpToDate with filter 'verify' executable 'false'
03-27 10:46:48.880 11370 11372 I artd    : GetBestInfo: /data/user_de/0/com.google.android.gms/app_chimera/m/00000001/CronetDynamite.apk has no usable artifacts
03-27 10:46:48.881 11370 11372 I artd    : GetBestInfo: /data/user_de/0/com.google.android.gms/app_chimera/m/00000002/DynamiteLoader.apk has no usable artifacts
03-27 10:46:48.882 11370 11372 I artd    : GetBestInfo: /data/user_de/0/com.google.android.gms/app_chimera/m/00000005/GoogleCertificates.apk has no usable artifacts
03-27 10:46:48.883 11370 11372 I artd    : GetBestInfo: /data/user_de/0/com.google.android.gms/app_chimera/m/00000007/MeasurementDynamite.apk has no usable artifacts
03-27 10:46:50.802  1638  1705 D SatelliteController: isInCarrierRoamingNbIotNtn: satellite is disabled
03-27 10:46:50.802  1638  1705 D SatelliteController: getCarrierRoamingNtnConnectType: Checking connect type from PLMN config for subId: 1
03-27 10:46:50.803  1638  1705 D SatelliteController: getSatellitePerPlmnConfiguration: invalid subId or not supported via carrier.
03-27 10:46:50.803  1638  1705 D SatelliteController: getCarrierRoamingNtnConnectType: config: null
03-27 10:46:50.803  1638  1705 D SatelliteController: getCarrierRoamingNtnConnectType: Falling back to global carrier config connect type: 0
03-27 10:46:50.803  1638  1705 D SatelliteController: updateLastNotifiedCarrierRoamingNtnSignalStrengthAndNotify(1)
03-27 10:46:50.803  1638  1705 D SatelliteController: updateLastNotifiedCarrierRoamingNtnSignalStrengthAndNotify(1) lastNotifiedSignalStrength level: 0
03-27 10:46:50.803  1638  1705 D SatelliteController: updateLastNotifiedCarrierRoamingNtnSignalStrengthAndNotify(1) currSignalStrength level: 0
03-27 10:46:52.856  4292  9095 W infv    : [{0}] Failed to resolve name. status={1}
03-27 10:46:58.909 11370 11372 I artd    : GetBestInfo: odex in dalvik-cache (/data/dalvik-cache/x86_64/apex@com.google.android.gmssystem@priv-app@PrebuiltGmsCoreVic@CP21.260306.017.A1@PrebuiltGmsCoreVic.apk@classes.dex) is kOatUpToDate with filter 'verify' executable 'false'
03-27 10:46:58.910 11370 11372 I artd    : GetBestInfo: /data/user_de/0/com.google.android.gms/app_chimera/m/00000001/CronetDynamite.apk has no usable artifacts
03-27 10:46:58.910 11370 11372 I artd    : GetBestInfo: /data/user_de/0/com.google.android.gms/app_chimera/m/00000002/DynamiteLoader.apk has no usable artifacts
03-27 10:46:58.911 11370 11372 I artd    : GetBestInfo: /data/user_de/0/com.google.android.gms/app_chimera/m/00000005/GoogleCertificates.apk has no usable artifacts
03-27 10:46:58.912 11370 11372 I artd    : GetBestInfo: /data/user_de/0/com.google.android.gms/app_chimera/m/00000007/MeasurementDynamite.apk has no usable artifacts
03-27 10:47:00.802  1638  1705 D SatelliteController: isInCarrierRoamingNbIotNtn: satellite is disabled
03-27 10:47:00.802  1638  1705 D SatelliteController: getCarrierRoamingNtnConnectType: Checking connect type from PLMN config for subId: 1
03-27 10:47:00.803  1638  1705 D SatelliteController: getSatellitePerPlmnConfiguration: invalid subId or not supported via carrier.
03-27 10:47:00.803  1638  1705 D SatelliteController: getCarrierRoamingNtnConnectType: config: null
03-27 10:47:00.803  1638  1705 D SatelliteController: getCarrierRoamingNtnConnectType: Falling back to global carrier config connect type: 0
03-27 10:47:00.804  1638  1705 D SatelliteController: updateLastNotifiedCarrierRoamingNtnSignalStrengthAndNotify(1)
03-27 10:47:00.804  1638  1705 D SatelliteController: updateLastNotifiedCarrierRoamingNtnSignalStrengthAndNotify(1) lastNotifiedSignalStrength level: 0
03-27 10:47:00.804  1638  1705 D SatelliteController: updateLastNotifiedCarrierRoamingNtnSignalStrengthAndNotify(1) currSignalStrength level: 0
03-27 10:47:02.761   679   729 E BluetoothPowerStatsCollector: Cannot acquire BluetoothActivityEnergyInfo
03-27 10:47:02.761   679   729 E BluetoothPowerStatsCollector: java.util.concurrent.ExecutionException: java.lang.RuntimeException: error: 11
03-27 10:47:02.761   679   729 E BluetoothPowerStatsCollector: 	at java.util.concurrent.CompletableFuture.reportGet(CompletableFuture.java:372)
03-27 10:47:02.761   679   729 E BluetoothPowerStatsCollector: 	at java.util.concurrent.CompletableFuture.get(CompletableFuture.java:2072)
03-27 10:47:02.761   679   729 E BluetoothPowerStatsCollector: 	at com.android.server.power.stats.BluetoothPowerStatsCollector.collectBluetoothActivityInfo(BluetoothPowerStatsCollector.java:197)
03-27 10:47:02.761   679   729 E BluetoothPowerStatsCollector: 	at com.android.server.power.stats.BluetoothPowerStatsCollector.collectStats(BluetoothPowerStatsCollector.java:156)
03-27 10:47:02.761   679   729 E BluetoothPowerStatsCollector: 	at com.android.server.power.stats.PowerStatsCollector.collectAndDeliverStats(PowerStatsCollector.java:205)
03-27 10:47:02.761   679   729 E BluetoothPowerStatsCollector: 	at com.android.server.power.stats.PowerStatsCollector.lambda$schedule$0(PowerStatsCollector.java:175)
03-27 10:47:02.761   679   729 E BluetoothPowerStatsCollector: 	at com.android.server.power.stats.PowerStatsCollector.$r8$lambda$G7G_yFY7rV7oxQbQHnZ5FHX8eBk(PowerStatsCollector.java:0)
03-27 10:47:02.761   679   729 E BluetoothPowerStatsCollector: 	at com.android.server.power.stats.PowerStatsCollector$$ExternalSyntheticLambda1.run(R8$$SyntheticClass:0)
03-27 10:47:02.761   679   729 E BluetoothPowerStatsCollector: 	at android.os.Handler.handleCallback(Handler.java:1095)
03-27 10:47:02.761   679   729 E BluetoothPowerStatsCollector: 	at android.os.Handler.dispatchMessageImpl(Handler.java:135)
03-27 10:47:02.761   679   729 E BluetoothPowerStatsCollector: 	at android.os.Handler.dispatchMessage(Handler.java:125)
03-27 10:47:02.761   679   729 E BluetoothPowerStatsCollector: 	at android.os.Looper.loopOnce(Looper.java:292)
03-27 10:47:02.761   679   729 E BluetoothPowerStatsCollector: 	at android.os.Looper.loop(Looper.java:393)
03-27 10:47:02.761   679   729 E BluetoothPowerStatsCollector: 	at android.os.HandlerThread.run(HandlerThread.java:139)
03-27 10:47:02.761   679   729 E BluetoothPowerStatsCollector: Caused by: java.lang.RuntimeException: error: 11
03-27 10:47:02.761   679   729 E BluetoothPowerStatsCollector: 	at com.android.server.power.stats.BluetoothPowerStatsCollector$1.onBluetoothActivityEnergyInfoError(BluetoothPowerStatsCollector.java:185)
03-27 10:47:02.761   679   729 E BluetoothPowerStatsCollector: 	at android.bluetooth.BluetoothAdapter$OnBluetoothActivityEnergyInfoProxy.lambda$onBluetoothActivityEnergyInfoAvailable$0(BluetoothAdapter.java:952)
03-27 10:47:02.761   679   729 E BluetoothPowerStatsCollector: 	at android.bluetooth.BluetoothAdapter$OnBluetoothActivityEnergyInfoProxy.$r8$lambda$ks_hN9Vo_x2Jp1k5f-s67WiAd4A(BluetoothAdapter.java:0)
03-27 10:47:02.761   679   729 E BluetoothPowerStatsCollector: 	at android.bluetooth.BluetoothAdapter$OnBluetoothActivityEnergyInfoProxy$$ExternalSyntheticLambda0.run(D8$$SyntheticClass:0)
03-27 10:47:02.761   679   729 E BluetoothPowerStatsCollector: 	at android.bluetooth.BluetoothUtils.lambda$executeFromBinder$0(BluetoothUtils.java:342)
03-27 10:47:02.761   679   729 E BluetoothPowerStatsCollector: 	at android.bluetooth.BluetoothUtils$$ExternalSyntheticLambda1.run(D8$$SyntheticClass:0)
03-27 10:47:02.761   679   729 E BluetoothPowerStatsCollector: 	at com.android.server.SystemServerInitThreadPool$$ExternalSyntheticLambda0.execute(R8$$SyntheticClass:0)
03-27 10:47:02.761   679   729 E BluetoothPowerStatsCollector: 	at android.bluetooth.BluetoothUtils.executeFromBinder(BluetoothUtils.java:342)
03-27 10:47:02.761   679   729 E BluetoothPowerStatsCollector: 	at android.bluetooth.BluetoothAdapter$OnBluetoothActivityEnergyInfoProxy.onBluetoothActivityEnergyInfoAvailable(BluetoothAdapter.java:950)
03-27 10:47:02.761   679   729 E BluetoothPowerStatsCollector: 	at android.bluetooth.IBluetoothActivityEnergyInfoListener$Stub.onTransact(IBluetoothActivityEnergyInfoListener.java:90)
03-27 10:47:02.761   679   729 E BluetoothPowerStatsCollector: 	at android.os.Binder.execTransactInternal(Binder.java:1471)
03-27 10:47:02.761   679   729 E BluetoothPowerStatsCollector: 	at android.os.Binder.execTransact(Binder.java:1411)
03-27 10:47:02.914   679   732 D AppOpHistoryHelper: MetricHandler reporting 62 records.
03-27 10:47:03.004   679   731 D AppOpHistoryHelper: MetricHandler reporting 4 records.
03-27 10:47:04.609  4292  9095 W infv    : [{0}] Failed to resolve name. status={1}
03-27 10:47:06.503  4292  9095 W infv    : [{0}] Failed to resolve name. status={1}
03-27 10:47:07.907  4292  9095 W infv    : [{0}] Failed to resolve name. status={1}
03-27 10:47:08.919 11370 11372 I artd    : GetBestInfo: odex in dalvik-cache (/data/dalvik-cache/x86_64/apex@com.google.android.gmssystem@priv-app@PrebuiltGmsCoreVic@CP21.260306.017.A1@PrebuiltGmsCoreVic.apk@classes.dex) is kOatUpToDate with filter 'verify' executable 'false'
03-27 10:47:08.920 11370 11372 I artd    : GetBestInfo: /data/user_de/0/com.google.android.gms/app_chimera/m/00000001/CronetDynamite.apk has no usable artifacts
03-27 10:47:08.921 11370 11372 I artd    : GetBestInfo: /data/user_de/0/com.google.android.gms/app_chimera/m/00000002/DynamiteLoader.apk has no usable artifacts
03-27 10:47:08.922 11370 11372 I artd    : GetBestInfo: /data/user_de/0/com.google.android.gms/app_chimera/m/00000005/GoogleCertificates.apk has no usable artifacts
03-27 10:47:08.925 11370 11372 I artd    : GetBestInfo: /data/user_de/0/com.google.android.gms/app_chimera/m/00000007/MeasurementDynamite.apk has no usable artifacts
03-27 10:47:10.803  1638  1705 D SatelliteController: isInCarrierRoamingNbIotNtn: satellite is disabled
03-27 10:47:10.803  1638  1705 D SatelliteController: getCarrierRoamingNtnConnectType: Checking connect type from PLMN config for subId: 1
03-27 10:47:10.804  1638  1705 D SatelliteController: getSatellitePerPlmnConfiguration: invalid subId or not supported via carrier.
03-27 10:47:10.804  1638  1705 D SatelliteController: getCarrierRoamingNtnConnectType: config: null
03-27 10:47:10.804  1638  1705 D SatelliteController: getCarrierRoamingNtnConnectType: Falling back to global carrier config connect type: 0
03-27 10:47:10.804  1638  1705 D SatelliteController: updateLastNotifiedCarrierRoamingNtnSignalStrengthAndNotify(1)
03-27 10:47:10.804  1638  1705 D SatelliteController: updateLastNotifiedCarrierRoamingNtnSignalStrengthAndNotify(1) lastNotifiedSignalStrength level: 0
03-27 10:47:10.804  1638  1705 D SatelliteController: updateLastNotifiedCarrierRoamingNtnSignalStrengthAndNotify(1) currSignalStrength level: 0
03-27 10:47:12.281  4292  9095 W infv    : [{0}] Failed to resolve name. status={1}
03-27 10:47:14.680  4292  9095 W infv    : [{0}] Failed to resolve name. status={1}
03-27 10:47:15.538  4292  9095 W infv    : [{0}] Failed to resolve name. status={1}
03-27 10:47:18.924  4292  9095 W infv    : [{0}] Failed to resolve name. status={1}
03-27 10:47:18.933 11370 11372 I artd    : GetBestInfo: odex in dalvik-cache (/data/dalvik-cache/x86_64/apex@com.google.android.gmssystem@priv-app@PrebuiltGmsCoreVic@CP21.260306.017.A1@PrebuiltGmsCoreVic.apk@classes.dex) is kOatUpToDate with filter 'verify' executable 'false'
03-27 10:47:18.934 11370 11370 I artd    : GetBestInfo: /data/user_de/0/com.google.android.gms/app_chimera/m/00000001/CronetDynamite.apk has no usable artifacts
03-27 10:47:18.934 11370 11371 I artd    : GetBestInfo: /data/user_de/0/com.google.android.gms/app_chimera/m/00000002/DynamiteLoader.apk has no usable artifacts
03-27 10:47:18.935 11370 11371 I artd    : GetBestInfo: /data/user_de/0/com.google.android.gms/app_chimera/m/00000005/GoogleCertificates.apk has no usable artifacts
03-27 10:47:18.937 11370 11371 I artd    : GetBestInfo: /data/user_de/0/com.google.android.gms/app_chimera/m/00000007/MeasurementDynamite.apk has no usable artifacts
03-27 10:47:19.108  4292  9095 W infv    : [{0}] Failed to resolve name. status={1}
03-27 10:47:20.802  1638  1705 D SatelliteController: isInCarrierRoamingNbIotNtn: satellite is disabled
03-27 10:47:20.802  1638  1705 D SatelliteController: getCarrierRoamingNtnConnectType: Checking connect type from PLMN config for subId: 1
03-27 10:47:20.803  1638  1705 D SatelliteController: getSatellitePerPlmnConfiguration: invalid subId or not supported via carrier.
03-27 10:47:20.803  1638  1705 D SatelliteController: getCarrierRoamingNtnConnectType: config: null
03-27 10:47:20.803  1638  1705 D SatelliteController: getCarrierRoamingNtnConnectType: Falling back to global carrier config connect type: 0
03-27 10:47:20.804  1638  1705 D SatelliteController: updateLastNotifiedCarrierRoamingNtnSignalStrengthAndNotify(1)
03-27 10:47:20.804  1638  1705 D SatelliteController: updateLastNotifiedCarrierRoamingNtnSignalStrengthAndNotify(1) lastNotifiedSignalStrength level: 0
03-27 10:47:20.804  1638  1705 D SatelliteController: updateLastNotifiedCarrierRoamingNtnSignalStrengthAndNotify(1) currSignalStrength level: 0
03-27 10:47:22.228  4292  9095 W infv    : [{0}] Failed to resolve name. status={1}
03-27 10:47:22.916  4292  9095 W infv    : [{0}] Failed to resolve name. status={1}
03-27 10:47:23.279  4292  9095 W infv    : [{0}] Failed to resolve name. status={1}
03-27 10:47:28.974 11370 11371 I artd    : GetBestInfo: odex in dalvik-cache (/data/dalvik-cache/x86_64/apex@com.google.android.gmssystem@priv-app@PrebuiltGmsCoreVic@CP21.260306.017.A1@PrebuiltGmsCoreVic.apk@classes.dex) is kOatUpToDate with filter 'verify' executable 'false'
03-27 10:47:28.975 11370 11371 I artd    : GetBestInfo: /data/user_de/0/com.google.android.gms/app_chimera/m/00000001/CronetDynamite.apk has no usable artifacts
03-27 10:47:28.977 11370 11371 I artd    : GetBestInfo: /data/user_de/0/com.google.android.gms/app_chimera/m/00000002/DynamiteLoader.apk has no usable artifacts
03-27 10:47:28.978 11370 11371 I artd    : GetBestInfo: /data/user_de/0/com.google.android.gms/app_chimera/m/00000005/GoogleCertificates.apk has no usable artifacts
03-27 10:47:28.979 11370 11371 I artd    : GetBestInfo: /data/user_de/0/com.google.android.gms/app_chimera/m/00000007/MeasurementDynamite.apk has no usable artifacts
03-27 10:47:30.802  1638  1705 D SatelliteController: isInCarrierRoamingNbIotNtn: satellite is disabled
03-27 10:47:30.803  1638  1705 D SatelliteController: getCarrierRoamingNtnConnectType: Checking connect type from PLMN config for subId: 1
03-27 10:47:30.803  1638  1705 D SatelliteController: getSatellitePerPlmnConfiguration: invalid subId or not supported via carrier.
03-27 10:47:30.803  1638  1705 D SatelliteController: getCarrierRoamingNtnConnectType: config: null
03-27 10:47:30.804  1638  1705 D SatelliteController: getCarrierRoamingNtnConnectType: Falling back to global carrier config connect type: 0
03-27 10:47:30.805  1638  1705 D SatelliteController: updateLastNotifiedCarrierRoamingNtnSignalStrengthAndNotify(1)
03-27 10:47:30.805  1638  1705 D SatelliteController: updateLastNotifiedCarrierRoamingNtnSignalStrengthAndNotify(1) lastNotifiedSignalStrength level: 0
03-27 10:47:30.805  1638  1705 D SatelliteController: updateLastNotifiedCarrierRoamingNtnSignalStrengthAndNotify(1) currSignalStrength level: 0
03-27 10:47:31.970  4292  9095 W infv    : [{0}] Failed to resolve name. status={1}
03-27 10:47:38.980 11370 11372 I artd    : GetBestInfo: odex in dalvik-cache (/data/dalvik-cache/x86_64/apex@com.google.android.gmssystem@priv-app@PrebuiltGmsCoreVic@CP21.260306.017.A1@PrebuiltGmsCoreVic.apk@classes.dex) is kOatUpToDate with filter 'verify' executable 'false'
03-27 10:47:38.982 11370 11372 I artd    : GetBestInfo: /data/user_de/0/com.google.android.gms/app_chimera/m/00000001/CronetDynamite.apk has no usable artifacts
03-27 10:47:38.983 11370 11372 I artd    : GetBestInfo: /data/user_de/0/com.google.android.gms/app_chimera/m/00000002/DynamiteLoader.apk has no usable artifacts
03-27 10:47:38.984 11370 11372 I artd    : GetBestInfo: /data/user_de/0/com.google.android.gms/app_chimera/m/00000005/GoogleCertificates.apk has no usable artifacts
03-27 10:47:38.986 11370 11372 I artd    : GetBestInfo: /data/user_de/0/com.google.android.gms/app_chimera/m/00000007/MeasurementDynamite.apk has no usable artifacts
03-27 10:47:40.802  1638  1705 D SatelliteController: isInCarrierRoamingNbIotNtn: satellite is disabled
03-27 10:47:40.802  1638  1705 D SatelliteController: getCarrierRoamingNtnConnectType: Checking connect type from PLMN config for subId: 1
03-27 10:47:40.803  1638  1705 D SatelliteController: getSatellitePerPlmnConfiguration: invalid subId or not supported via carrier.
03-27 10:47:40.803  1638  1705 D SatelliteController: getCarrierRoamingNtnConnectType: config: null
03-27 10:47:40.804  1638  1705 D SatelliteController: getCarrierRoamingNtnConnectType: Falling back to global carrier config connect type: 0
03-27 10:47:40.804  1638  1705 D SatelliteController: updateLastNotifiedCarrierRoamingNtnSignalStrengthAndNotify(1)
03-27 10:47:40.805  1638  1705 D SatelliteController: updateLastNotifiedCarrierRoamingNtnSignalStrengthAndNotify(1) lastNotifiedSignalStrength level: 0
03-27 10:47:40.805  1638  1705 D SatelliteController: updateLastNotifiedCarrierRoamingNtnSignalStrengthAndNotify(1) currSignalStrength level: 0
03-27 10:47:42.481  4292  9095 W infv    : [{0}] Failed to resolve name. status={1}
03-27 10:47:44.815   679  1073 E Nl80211Native: getChannelsMhzForBand: Wiphy index not recorded for band 8
03-27 10:47:44.815   679  1073 E Nl80211Native: getChannelsMhzForBand: Wiphy index not recorded for band 16
03-27 10:47:44.815   679  1073 D Nl80211Native: Ignoring unsupported scan type 2
03-27 10:47:44.815   679  1073 I Nl80211Proxy: Sending Nl80211 message: GenericNetlinkMsg{ nlHeader{StructNlMsgHdr{ nlmsg_len{352}, nlmsg_type{30()}, nlmsg_flags{5(NLM_F_REQUEST|NLM_F_ACK)}, nlmsg_seq{43}, nlmsg_pid{0} }}, genNlHeader{StructGenNlMsgHdr{ command{33}, version{1}, reserved{0} }}, attributes{[StructNlAttr{ nla_len{8}, nla_type{-32723}, nla_value{04000000}, }, StructNlAttr{ nla_len{8}, nla_type{3}, nla_value{10000000}, }, StructNlAttr{ nla_len{308}, nla_type{-32724}, nla_value{080000006C09000008000100710900000800020076090000080003007B09000008000400800900000800050085090000080006008A090000080007008F0900000800080094090000080009009909000008000A009E09000008000B00A309000008000C00A809000008000D00B409000008000E003C14000008000F005014000008001000641400000800110078140000080012008C14000008001300A014000008001400B414000008001500C8140000080016007C150000080017009015000008001800A415000008001900B815000008001A00CC15000008001B00E015000008001C00F415000008001D000816000008001E001C16000008001F0030160000080020004416000008002100711600000800220085160000080023009916000008002400AD16000008002500C1160000}, }, StructNlAttr{ nla_len{8}, nla_type{158}, nla_value{08000000}, }]} }
03-27 10:47:44.816   679  1073 I Nl80211Proxy: Received NLMSG_ERROR with error 0 for message GenericNetlinkMsg{ nlHeader{StructNlMsgHdr{ nlmsg_len{352}, nlmsg_type{30()}, nlmsg_flags{5(NLM_F_REQUEST|NLM_F_ACK)}, nlmsg_seq{43}, nlmsg_pid{0} }}, genNlHeader{StructGenNlMsgHdr{ command{33}, version{1}, reserved{0} }}, attributes{[StructNlAttr{ nla_len{8}, nla_type{-32723}, nla_value{04000000}, }, StructNlAttr{ nla_len{8}, nla_type{3}, nla_value{10000000}, }, StructNlAttr{ nla_len{308}, nla_type{-32724}, nla_value{080000006C09000008000100710900000800020076090000080003007B09000008000400800900000800050085090000080006008A090000080007008F0900000800080094090000080009009909000008000A009E09000008000B00A309000008000C00A809000008000D00B409000008000E003C14000008000F005014000008001000641400000800110078140000080012008C14000008001300A014000008001400B414000008001500C8140000080016007C150000080017009015000008001800A415000008001900B815000008001A00CC15000008001B00E015000008001C00F415000008001D000816000008001E001C16000008001F0030160000080020004416000008002100711600000800220085160000080023009916000008002400AD16000008002500C1160000}, }, StructNlAttr{ nla_len{8}, nla_type{158}, nla_value{08000000}, }]} }
03-27 10:47:48.589   679  1068 D WifiNative: Scan result ready event
03-27 10:47:48.590   679  1073 I Nl80211Proxy: Sending Nl80211 message: GenericNetlinkMsg{ nlHeader{StructNlMsgHdr{ nlmsg_len{20}, nlmsg_type{30()}, nlmsg_flags{769(NLM_F_REQUEST|NLM_F_DUMP)}, nlmsg_seq{44}, nlmsg_pid{0} }}, genNlHeader{StructGenNlMsgHdr{ command{5}, version{1}, reserved{0} }}, attributes{[]} }
03-27 10:47:48.590   679  1073 I Nl80211Proxy: Received NLMSG_DONE for message GenericNetlinkMsg{ nlHeader{StructNlMsgHdr{ nlmsg_len{20}, nlmsg_type{30()}, nlmsg_flags{769(NLM_F_REQUEST|NLM_F_DUMP)}, nlmsg_seq{44}, nlmsg_pid{0} }}, genNlHeader{StructGenNlMsgHdr{ command{5}, version{1}, reserved{0} }}, attributes{[]} }
03-27 10:47:48.590   679  1073 W Nl80211Utils: Malformed NEW_INTERFACE response: missing attributes
03-27 10:47:48.590   679  1073 I Nl80211Proxy: Sending Nl80211 message: GenericNetlinkMsg{ nlHeader{StructNlMsgHdr{ nlmsg_len{28}, nlmsg_type{30()}, nlmsg_flags{769(NLM_F_REQUEST|NLM_F_DUMP)}, nlmsg_seq{45}, nlmsg_pid{0} }}, genNlHeader{StructGenNlMsgHdr{ command{32}, version{1}, reserved{0} }}, attributes{[StructNlAttr{ nla_len{8}, nla_type{3}, nla_value{10000000}, }]} }
03-27 10:47:48.590   679  1073 I Nl80211Proxy: Received NLMSG_DONE for message GenericNetlinkMsg{ nlHeader{StructNlMsgHdr{ nlmsg_len{28}, nlmsg_type{30()}, nlmsg_flags{769(NLM_F_REQUEST|NLM_F_DUMP)}, nlmsg_seq{45}, nlmsg_pid{0} }}, genNlHeader{StructGenNlMsgHdr{ command{32}, version{1}, reserved{0} }}, attributes{[StructNlAttr{ nla_len{8}, nla_type{3}, nla_value{10000000}, }]} }
03-27 10:47:48.592  4292  6277 I WifiScanner: onFullResults
03-27 10:47:48.596   679  1068 I HalDevMgr: bestIfaceCreationProposal is null, requestIface=STA, existingIface=[name=wlan0 type=STA]
03-27 10:47:48.947   679   699 I system_server: Background young concurrent mark compact GC freed 23MB AllocSpace bytes, 7(224KB) LOS objects, 43% free, 30MB/54MB, paused 10.040ms,39.258ms total 118.696ms
03-27 10:47:48.992 11370 11372 I artd    : GetBestInfo: odex in dalvik-cache (/data/dalvik-cache/x86_64/apex@com.google.android.gmssystem@priv-app@PrebuiltGmsCoreVic@CP21.260306.017.A1@PrebuiltGmsCoreVic.apk@classes.dex) is kOatUpToDate with filter 'verify' executable 'false'
03-27 10:47:48.993 11370 11372 I artd    : GetBestInfo: /data/user_de/0/com.google.android.gms/app_chimera/m/00000001/CronetDynamite.apk has no usable artifacts
03-27 10:47:48.994 11370 11372 I artd    : GetBestInfo: /data/user_de/0/com.google.android.gms/app_chimera/m/00000002/DynamiteLoader.apk has no usable artifacts
03-27 10:47:48.995 11370 11372 I artd    : GetBestInfo: /data/user_de/0/com.google.android.gms/app_chimera/m/00000005/GoogleCertificates.apk has no usable artifacts
03-27 10:47:48.997 11370 11372 I artd    : GetBestInfo: /data/user_de/0/com.google.android.gms/app_chimera/m/00000007/MeasurementDynamite.apk has no usable artifacts
03-27 10:47:50.493  4292  9095 W infv    : [{0}] Failed to resolve name. status={1}
03-27 10:47:50.600  4292  9095 W infv    : [{0}] Failed to resolve name. status={1}
03-27 10:47:50.803  1638  1705 D SatelliteController: isInCarrierRoamingNbIotNtn: satellite is disabled
03-27 10:47:50.803  1638  1705 D SatelliteController: getCarrierRoamingNtnConnectType: Checking connect type from PLMN config for subId: 1
03-27 10:47:50.804  1638  1705 D SatelliteController: getSatellitePerPlmnConfiguration: invalid subId or not supported via carrier.
03-27 10:47:50.804  1638  1705 D SatelliteController: getCarrierRoamingNtnConnectType: config: null
03-27 10:47:50.804  1638  1705 D SatelliteController: getCarrierRoamingNtnConnectType: Falling back to global carrier config connect type: 0
03-27 10:47:50.805  1638  1705 D SatelliteController: updateLastNotifiedCarrierRoamingNtnSignalStrengthAndNotify(1)
03-27 10:47:50.805  1638  1705 D SatelliteController: updateLastNotifiedCarrierRoamingNtnSignalStrengthAndNotify(1) lastNotifiedSignalStrength level: 0
03-27 10:47:50.805  1638  1705 D SatelliteController: updateLastNotifiedCarrierRoamingNtnSignalStrengthAndNotify(1) currSignalStrength level: 0
03-27 10:47:56.364  4292  9095 W infv    : [{0}] Failed to resolve name. status={1}
03-27 10:47:59.216 11370 11371 I artd    : GetBestInfo: odex in dalvik-cache (/data/dalvik-cache/x86_64/apex@com.google.android.gmssystem@priv-app@PrebuiltGmsCoreVic@CP21.260306.017.A1@PrebuiltGmsCoreVic.apk@classes.dex) is kOatUpToDate with filter 'verify' executable 'false'
03-27 10:47:59.217 11370 11371 I artd    : GetBestInfo: /data/user_de/0/com.google.android.gms/app_chimera/m/00000001/CronetDynamite.apk has no usable artifacts
03-27 10:47:59.219 11370 11371 I artd    : GetBestInfo: /data/user_de/0/com.google.android.gms/app_chimera/m/00000002/DynamiteLoader.apk has no usable artifacts
03-27 10:47:59.221 11370 11371 I artd    : GetBestInfo: /data/user_de/0/com.google.android.gms/app_chimera/m/00000005/GoogleCertificates.apk has no usable artifacts
03-27 10:47:59.224 11370 11371 I artd    : GetBestInfo: /data/user_de/0/com.google.android.gms/app_chimera/m/00000007/MeasurementDynamite.apk has no usable artifacts
03-27 10:48:00.803  1638  1705 D SatelliteController: isInCarrierRoamingNbIotNtn: satellite is disabled
03-27 10:48:00.803  1638  1705 D SatelliteController: getCarrierRoamingNtnConnectType: Checking connect type from PLMN config for subId: 1
03-27 10:48:00.804  1638  1705 D SatelliteController: getSatellitePerPlmnConfiguration: invalid subId or not supported via carrier.
03-27 10:48:00.804  1638  1705 D SatelliteController: getCarrierRoamingNtnConnectType: config: null
03-27 10:48:00.805  1638  1705 D SatelliteController: getCarrierRoamingNtnConnectType: Falling back to global carrier config connect type: 0
03-27 10:48:00.806  1638  1705 D SatelliteController: updateLastNotifiedCarrierRoamingNtnSignalStrengthAndNotify(1)
03-27 10:48:00.806  1638  1705 D SatelliteController: updateLastNotifiedCarrierRoamingNtnSignalStrengthAndNotify(1) lastNotifiedSignalStrength level: 0
03-27 10:48:00.806  1638  1705 D SatelliteController: updateLastNotifiedCarrierRoamingNtnSignalStrengthAndNotify(1) currSignalStrength level: 0
03-27 10:48:05.511  4292  9095 W infv    : [{0}] Failed to resolve name. status={1}
03-27 10:48:07.507  4292  9095 W infv    : [{0}] Failed to resolve name. status={1}
03-27 10:48:09.005 11370 11371 I artd    : GetBestInfo: odex in dalvik-cache (/data/dalvik-cache/x86_64/apex@com.google.android.gmssystem@priv-app@PrebuiltGmsCoreVic@CP21.260306.017.A1@PrebuiltGmsCoreVic.apk@classes.dex) is kOatUpToDate with filter 'verify' executable 'false'
03-27 10:48:09.006 11370 11371 I artd    : GetBestInfo: /data/user_de/0/com.google.android.gms/app_chimera/m/00000001/CronetDynamite.apk has no usable artifacts
03-27 10:48:09.007 11370 11371 I artd    : GetBestInfo: /data/user_de/0/com.google.android.gms/app_chimera/m/00000002/DynamiteLoader.apk has no usable artifacts
03-27 10:48:09.008 11370 11371 I artd    : GetBestInfo: /data/user_de/0/com.google.android.gms/app_chimera/m/00000005/GoogleCertificates.apk has no usable artifacts
03-27 10:48:09.010 11370 11371 I artd    : GetBestInfo: /data/user_de/0/com.google.android.gms/app_chimera/m/00000007/MeasurementDynamite.apk has no usable artifacts
03-27 10:48:10.804  1638  1705 D SatelliteController: isInCarrierRoamingNbIotNtn: satellite is disabled
03-27 10:48:10.804  1638  1705 D SatelliteController: getCarrierRoamingNtnConnectType: Checking connect type from PLMN config for subId: 1
03-27 10:48:10.804  1638  1705 D SatelliteController: getSatellitePerPlmnConfiguration: invalid subId or not supported via carrier.
03-27 10:48:10.804  1638  1705 D SatelliteController: getCarrierRoamingNtnConnectType: config: null
03-27 10:48:10.805  1638  1705 D SatelliteController: getCarrierRoamingNtnConnectType: Falling back to global carrier config connect type: 0
03-27 10:48:10.805  1638  1705 D SatelliteController: updateLastNotifiedCarrierRoamingNtnSignalStrengthAndNotify(1)
03-27 10:48:10.805  1638  1705 D SatelliteController: updateLastNotifiedCarrierRoamingNtnSignalStrengthAndNotify(1) lastNotifiedSignalStrength level: 0
03-27 10:48:10.805  1638  1705 D SatelliteController: updateLastNotifiedCarrierRoamingNtnSignalStrengthAndNotify(1) currSignalStrength level: 0
03-27 10:48:18.952 11370 11372 I artd    : GetBestInfo: odex in dalvik-cache (/data/dalvik-cache/x86_64/apex@com.google.android.gmssystem@priv-app@PrebuiltGmsCoreVic@CP21.260306.017.A1@PrebuiltGmsCoreVic.apk@classes.dex) is kOatUpToDate with filter 'verify' executable 'false'
03-27 10:48:18.953 11370 11372 I artd    : GetBestInfo: /data/user_de/0/com.google.android.gms/app_chimera/m/00000001/CronetDynamite.apk has no usable artifacts
03-27 10:48:18.954 11370 11372 I artd    : GetBestInfo: /data/user_de/0/com.google.android.gms/app_chimera/m/00000002/DynamiteLoader.apk has no usable artifacts
03-27 10:48:18.955 11370 11372 I artd    : GetBestInfo: /data/user_de/0/com.google.android.gms/app_chimera/m/00000005/GoogleCertificates.apk has no usable artifacts
03-27 10:48:18.957 11370 11372 I artd    : GetBestInfo: /data/user_de/0/com.google.android.gms/app_chimera/m/00000007/MeasurementDynamite.apk has no usable artifacts
03-27 10:48:20.804  1638  1705 D SatelliteController: isInCarrierRoamingNbIotNtn: satellite is disabled
03-27 10:48:20.804  1638  1705 D SatelliteController: getCarrierRoamingNtnConnectType: Checking connect type from PLMN config for subId: 1
03-27 10:48:20.805  1638  1705 D SatelliteController: getSatellitePerPlmnConfiguration: invalid subId or not supported via carrier.
03-27 10:48:20.805  1638  1705 D SatelliteController: getCarrierRoamingNtnConnectType: config: null
03-27 10:48:20.805  1638  1705 D SatelliteController: getCarrierRoamingNtnConnectType: Falling back to global carrier config connect type: 0
03-27 10:48:20.805  1638  1705 D SatelliteController: updateLastNotifiedCarrierRoamingNtnSignalStrengthAndNotify(1)
03-27 10:48:20.805  1638  1705 D SatelliteController: updateLastNotifiedCarrierRoamingNtnSignalStrengthAndNotify(1) lastNotifiedSignalStrength level: 0
03-27 10:48:20.805  1638  1705 D SatelliteController: updateLastNotifiedCarrierRoamingNtnSignalStrengthAndNotify(1) currSignalStrength level: 0
03-27 10:48:28.917  4292  9095 W infv    : [{0}] Failed to resolve name. status={1}
03-27 10:48:28.951 11370 11371 I artd    : GetBestInfo: odex in dalvik-cache (/data/dalvik-cache/x86_64/apex@com.google.android.gmssystem@priv-app@PrebuiltGmsCoreVic@CP21.260306.017.A1@PrebuiltGmsCoreVic.apk@classes.dex) is kOatUpToDate with filter 'verify' executable 'false'
03-27 10:48:28.952 11370 11371 I artd    : GetBestInfo: /data/user_de/0/com.google.android.gms/app_chimera/m/00000001/CronetDynamite.apk has no usable artifacts
03-27 10:48:28.954 11370 11371 I artd    : GetBestInfo: /data/user_de/0/com.google.android.gms/app_chimera/m/00000002/DynamiteLoader.apk has no usable artifacts
03-27 10:48:28.955 11370 11371 I artd    : GetBestInfo: /data/user_de/0/com.google.android.gms/app_chimera/m/00000005/GoogleCertificates.apk has no usable artifacts
03-27 10:48:28.957 11370 11371 I artd    : GetBestInfo: /data/user_de/0/com.google.android.gms/app_chimera/m/00000007/MeasurementDynamite.apk has no usable artifacts
03-27 10:48:30.804  1638  1705 D SatelliteController: isInCarrierRoamingNbIotNtn: satellite is disabled
03-27 10:48:30.804  1638  1705 D SatelliteController: getCarrierRoamingNtnConnectType: Checking connect type from PLMN config for subId: 1
03-27 10:48:30.804  1638  1705 D SatelliteController: getSatellitePerPlmnConfiguration: invalid subId or not supported via carrier.
03-27 10:48:30.804  1638  1705 D SatelliteController: getCarrierRoamingNtnConnectType: config: null
03-27 10:48:30.805  1638  1705 D SatelliteController: getCarrierRoamingNtnConnectType: Falling back to global carrier config connect type: 0
03-27 10:48:30.805  1638  1705 D SatelliteController: updateLastNotifiedCarrierRoamingNtnSignalStrengthAndNotify(1)
03-27 10:48:30.805  1638  1705 D SatelliteController: updateLastNotifiedCarrierRoamingNtnSignalStrengthAndNotify(1) lastNotifiedSignalStrength level: 0
03-27 10:48:30.805  1638  1705 D SatelliteController: updateLastNotifiedCarrierRoamingNtnSignalStrengthAndNotify(1) currSignalStrength level: 0
03-27 10:48:34.807  4292  9095 W infv    : [{0}] Failed to resolve name. status={1}
03-27 10:48:35.277  4292  9095 W infv    : [{0}] Failed to resolve name. status={1}
03-27 10:48:38.947 11370 11371 I artd    : GetBestInfo: odex in dalvik-cache (/data/dalvik-cache/x86_64/apex@com.google.android.gmssystem@priv-app@PrebuiltGmsCoreVic@CP21.260306.017.A1@PrebuiltGmsCoreVic.apk@classes.dex) is kOatUpToDate with filter 'verify' executable 'false'
03-27 10:48:38.949 11370 11371 I artd    : GetBestInfo: /data/user_de/0/com.google.android.gms/app_chimera/m/00000001/CronetDynamite.apk has no usable artifacts
03-27 10:48:38.950 11370 11371 I artd    : GetBestInfo: /data/user_de/0/com.google.android.gms/app_chimera/m/00000002/DynamiteLoader.apk has no usable artifacts
03-27 10:48:38.950 11370 11371 I artd    : GetBestInfo: /data/user_de/0/com.google.android.gms/app_chimera/m/00000005/GoogleCertificates.apk has no usable artifacts
03-27 10:48:38.953 11370 11371 I artd    : GetBestInfo: /data/user_de/0/com.google.android.gms/app_chimera/m/00000007/MeasurementDynamite.apk has no usable artifacts
03-27 10:48:40.804  1638  1705 D SatelliteController: isInCarrierRoamingNbIotNtn: satellite is disabled
03-27 10:48:40.804  1638  1705 D SatelliteController: getCarrierRoamingNtnConnectType: Checking connect type from PLMN config for subId: 1
03-27 10:48:40.805  1638  1705 D SatelliteController: getSatellitePerPlmnConfiguration: invalid subId or not supported via carrier.
03-27 10:48:40.805  1638  1705 D SatelliteController: getCarrierRoamingNtnConnectType: config: null
03-27 10:48:40.805  1638  1705 D SatelliteController: getCarrierRoamingNtnConnectType: Falling back to global carrier config connect type: 0
03-27 10:48:40.806  1638  1705 D SatelliteController: updateLastNotifiedCarrierRoamingNtnSignalStrengthAndNotify(1)
03-27 10:48:40.806  1638  1705 D SatelliteController: updateLastNotifiedCarrierRoamingNtnSignalStrengthAndNotify(1) lastNotifiedSignalStrength level: 0
03-27 10:48:40.806  1638  1705 D SatelliteController: updateLastNotifiedCarrierRoamingNtnSignalStrengthAndNotify(1) currSignalStrength level: 0
03-27 10:48:42.856  4292  9095 W infv    : [{0}] Failed to resolve name. status={1}
03-27 10:48:44.495  4292  9095 W infv    : [{0}] Failed to resolve name. status={1}
03-27 10:48:48.970 11370 11371 I artd    : GetBestInfo: odex in dalvik-cache (/data/dalvik-cache/x86_64/apex@com.google.android.gmssystem@priv-app@PrebuiltGmsCoreVic@CP21.260306.017.A1@PrebuiltGmsCoreVic.apk@classes.dex) is kOatUpToDate with filter 'verify' executable 'false'
03-27 10:48:48.971 11370 11371 I artd    : GetBestInfo: /data/user_de/0/com.google.android.gms/app_chimera/m/00000001/CronetDynamite.apk has no usable artifacts
