03-27 10:38:51.674   679   747 W NativeLibraryHelper: Library 'libyoga.so' is not PAGE(16384)-aligned - will not be able to open it directly from apk.
03-27 10:38:51.674   679   747 I NativeLibraryHelper: Setting page size compat mode PAGE_SIZE_APP_COMPAT_FLAG_UNCOMPRESSED_LIBS_NOT_ALIGNED for /data/app/vmdl2115776834.tmp/base.apk
03-27 10:38:51.674   679   747 I NativeLibraryHelper: Setting page size compat mode PAGE_SIZE_APP_COMPAT_FLAG_ELF_NOT_ALIGNED
03-27 10:38:51.674   679   747 W NativeLibraryHelper: Library 'libreact_render_mapbuffer.so' is not PAGE(16384)-aligned - will not be able to open it directly from apk.
03-27 10:38:51.674   679   747 I NativeLibraryHelper: Setting page size compat mode PAGE_SIZE_APP_COMPAT_FLAG_UNCOMPRESSED_LIBS_NOT_ALIGNED for /data/app/vmdl2115776834.tmp/base.apk
03-27 10:38:51.674   679   747 I NativeLibraryHelper: Setting page size compat mode PAGE_SIZE_APP_COMPAT_FLAG_ELF_NOT_ALIGNED
03-27 10:38:51.674   679   747 I NativeLibraryHelper: Setting page size compat mode PAGE_SIZE_APP_COMPAT_FLAG_ELF_NOT_ALIGNED
03-27 10:38:51.674   679   747 I NativeLibraryHelper: Setting page size compat mode PAGE_SIZE_APP_COMPAT_FLAG_ELF_NOT_ALIGNED
03-27 10:38:51.674   679   747 W NativeLibraryHelper: Library 'libhermes.so' is not PAGE(16384)-aligned - will not be able to open it directly from apk.
03-27 10:38:51.674   679   747 I NativeLibraryHelper: Setting page size compat mode PAGE_SIZE_APP_COMPAT_FLAG_UNCOMPRESSED_LIBS_NOT_ALIGNED for /data/app/vmdl2115776834.tmp/base.apk
03-27 10:38:51.674   679   747 I NativeLibraryHelper: Setting page size compat mode PAGE_SIZE_APP_COMPAT_FLAG_ELF_NOT_ALIGNED
03-27 10:38:51.674   679   747 W NativeLibraryHelper: Library 'libfolly_runtime.so' is not PAGE(16384)-aligned - will not be able to open it directly from apk.
03-27 10:38:51.674   679   747 I NativeLibraryHelper: Setting page size compat mode PAGE_SIZE_APP_COMPAT_FLAG_UNCOMPRESSED_LIBS_NOT_ALIGNED for /data/app/vmdl2115776834.tmp/base.apk
03-27 10:38:51.674   679   747 I NativeLibraryHelper: Setting page size compat mode PAGE_SIZE_APP_COMPAT_FLAG_ELF_NOT_ALIGNED
03-27 10:38:51.674   679   747 W NativeLibraryHelper: Library 'libreact_cxxreactpackage.so' is not PAGE(16384)-aligned - will not be able to open it directly from apk.
03-27 10:38:51.674   679   747 I NativeLibraryHelper: Setting page size compat mode PAGE_SIZE_APP_COMPAT_FLAG_UNCOMPRESSED_LIBS_NOT_ALIGNED for /data/app/vmdl2115776834.tmp/base.apk
03-27 10:38:51.674   679   747 I NativeLibraryHelper: Setting page size compat mode PAGE_SIZE_APP_COMPAT_FLAG_ELF_NOT_ALIGNED
03-27 10:38:51.674   679   747 W NativeLibraryHelper: Library 'libhermesinstancejni.so' is not PAGE(16384)-aligned - will not be able to open it directly from apk.
03-27 10:38:51.674   679   747 I NativeLibraryHelper: Setting page size compat mode PAGE_SIZE_APP_COMPAT_FLAG_UNCOMPRESSED_LIBS_NOT_ALIGNED for /data/app/vmdl2115776834.tmp/base.apk
03-27 10:38:51.674   679   747 I NativeLibraryHelper: Setting page size compat mode PAGE_SIZE_APP_COMPAT_FLAG_ELF_NOT_ALIGNED
03-27 10:38:51.674   679   747 W NativeLibraryHelper: Library 'libmapbufferjni.so' is not PAGE(16384)-aligned - will not be able to open it directly from apk.
03-27 10:38:51.674   679   747 I NativeLibraryHelper: Setting page size compat mode PAGE_SIZE_APP_COMPAT_FLAG_UNCOMPRESSED_LIBS_NOT_ALIGNED for /data/app/vmdl2115776834.tmp/base.apk
03-27 10:38:51.674   679   747 I NativeLibraryHelper: Setting page size compat mode PAGE_SIZE_APP_COMPAT_FLAG_ELF_NOT_ALIGNED
03-27 10:38:51.675   679   747 W NativeLibraryHelper: Library 'libnative-imagetranscoder.so' is not PAGE(16384)-aligned - will not be able to open it directly from apk.
03-27 10:38:51.675   679   747 I NativeLibraryHelper: Setting page size compat mode PAGE_SIZE_APP_COMPAT_FLAG_UNCOMPRESSED_LIBS_NOT_ALIGNED for /data/app/vmdl2115776834.tmp/base.apk
03-27 10:38:51.675   679   747 I NativeLibraryHelper: Setting page size compat mode PAGE_SIZE_APP_COMPAT_FLAG_ELF_NOT_ALIGNED
03-27 10:38:51.690   571 11139 D installd: Applied hard quotas for 10229
03-27 10:38:51.751 11370 11372 I artd    : Merge skipped because there are no existing profiles
03-27 10:38:51.752   679 11879 I ArtService: Adjusting the compiler filter for 'base.apk' of package 'co.ke.roadready.provider' from 'speed-profile' to 'verify' because there is no valid profile
03-27 10:38:51.753 11370 11372 I artd    : GetBestInfo: /data/app/~~O6POpeUl1m8-b7bTr4ZbeA==/co.ke.roadready.provider-4A3AjUqd8WGK7RF96r61Uw==/base.apk has no usable artifacts
03-27 10:38:51.801 11370 11372 I artd    : Running dex2oat: /apex/com.android.art/bin/art_exec --drop-capabilities --set-task-profile=Dex2OatBootComplete --set-priority=background --keep-fds=6:7:8:9:10 -- /apex/com.android.art/bin/dex2oat64 --zip-fd=6 --zip-location=/data/app/~~O6POpeUl1m8-b7bTr4ZbeA==/co.ke.roadready.provider-4A3AjUqd8WGK7RF96r61Uw==/base.apk --oat-fd=7 --oat-location=/data/app/~~O6POpeUl1m8-b7bTr4ZbeA==/co.ke.roadready.provider-4A3AjUqd8WGK7RF96r61Uw==/oat/x86_64/base.odex --output-vdex-fd=8 --swap-fd=9 --class-loader-context-fds=10 --class-loader-context=PCL[]{PCL[/system/framework/org.apache.http.legacy.jar]} --classpath-dir=/data/app/~~O6POpeUl1m8-b7bTr4ZbeA==/co.ke.roadready.provider-4A3AjUqd8WGK7RF96r61Uw== --instruction-set=x86_64 --instruction-set-features=default --instruction-set-variant=x86_64 --compiler-filter=verify --compilation-reason=install --max-image-block-size=524288 --resolve-startup-const-strings=true --generate-mini-debug-info --runtime-arg -Xtarget-sdk-version:34 --runtime-arg -Xhidden-api-policy:enabled --assume-value=Landroid/os/Build$VERSION;->SDK_INT:37 --no-allow-profile-code --runtime-arg -Xms64m --runtime-arg -Xmx512m --comments=app-name:co.ke.roadready.provider,app-version-name:1.0.0,app-version-code:12,art-version:370399999
03-27 10:38:51.801 11370 11372 I artd    : Opened FDs: 6:/data/app/~~O6POpeUl1m8-b7bTr4ZbeA==/co.ke.roadready.provider-4A3AjUqd8WGK7RF96r61Uw==/base.apk 7:/data/app/~~O6POpeUl1m8-b7bTr4ZbeA==/co.ke.roadready.provider-4A3AjUqd8WGK7RF96r61Uw==/oat/x86_64/base.odex.AkHcLv.tmp 8:/data/app/~~O6POpeUl1m8-b7bTr4ZbeA==/co.ke.roadready.provider-4A3AjUqd8WGK7RF96r61Uw==/oat/x86_64/base.vdex.WVQDVb.tmp 9:/data/app/~~O6POpeUl1m8-b7bTr4ZbeA==/co.ke.roadready.provider-4A3AjUqd8WGK7RF96r61Uw==/oat/x86_64/base.odex.swap.Ul4jPI.tmp 10:/system/framework/org.apache.http.legacy.jar 
03-27 10:38:51.829 11880 11880 W libprocessgroup: A JoinCgroup action in the SystemMemoryProcess profile is used for controller memory in the cgroup v2 hierarchy and will be ignored
03-27 10:38:51.913 11880 11880 W dex2oat64: Unexpected CPU variant for x86: x86_64.
03-27 10:38:51.913 11880 11880 W dex2oat64: Known variants: atom, sandybridge, silvermont, goldmont, goldmont-plus, goldmont-without-sha-xsaves, tremont, kabylake, alderlake, lunarlake, default
03-27 10:38:51.915 11880 11880 W dex2oat64: Mismatch between dex2oat instruction set features to use (ISA: X86_64 Feature string: -ssse3,-sse4.1,-sse4.2,-avx,-avx2,-popcnt) and those from CPP defines (ISA: X86_64 Feature string: ssse3,sse4.1,sse4.2,-avx,-avx2,popcnt) for the command line:
03-27 10:38:51.915 11880 11880 W dex2oat64: /apex/com.android.art/bin/dex2oat64 --zip-fd=6 --zip-location=/data/app/~~O6POpeUl1m8-b7bTr4ZbeA==/co.ke.roadready.provider-4A3AjUqd8WGK7RF96r61Uw==/base.apk --oat-fd=7 --oat-location=/data/app/~~O6POpeUl1m8-b7bTr4ZbeA==/co.ke.roadready.provider-4A3AjUqd8WGK7RF96r61Uw==/oat/x86_64/base.odex --output-vdex-fd=8 --swap-fd=9 --class-loader-context-fds=10 --class-loader-context=PCL[]{PCL[/system/framework/org.apache.http.legacy.jar]} --classpath-dir=/data/app/~~O6POpeUl1m8-b7bTr4ZbeA==/co.ke.roadready.provider-4A3AjUqd8WGK7RF96r61Uw== --instruction-set=x86_64 --instruction-set-features=default --instruction-set-variant=x86_64 --compiler-filter=verify --compilation-reason=install --max-image-block-size=524288 --resolve-startup-const-strings=true --generate-mini-debug-info --runtime-arg -Xtarget-sdk-version:34 --runtime-arg -Xhidden-api-policy:enabled --assume-value=Landroid/os/Build$VERSION;->SDK_INT:37 --no-allow-profile-code --runtime-arg -Xms64m --runtime-arg -Xmx512m --comments=app-name:co.ke.roadready.provider,app-version-name:1.0.0,app-version-code:12,art-version:370399999
03-27 10:38:51.939 11880 11880 I dex2oat64: /apex/com.android.art/bin/dex2oat64 --output-vdex-fd=8 --class-loader-context-fds=10 --class-loader-context=PCL[]{PCL[/system/framework/org.apache.http.legacy.jar]} --classpath-dir=/data/app/~~O6POpeUl1m8-b7bTr4ZbeA==/co.ke.roadready.provider-4A3AjUqd8WGK7RF96r61Uw== --compiler-filter=verify --compilation-reason=install --max-image-block-size=524288 --resolve-startup-const-strings=true --generate-mini-debug-info --assume-value=Landroid/os/Build$VERSION;->SDK_INT:37 --no-allow-profile-code --comments=app-name:co.ke.roadready.provider,app-version-name:1.0.0,app-version-code:12,art-version:370399999
03-27 10:38:52.278 11880 11880 I dex2oat64: Core platform API enforcement enabled from the hiddenapi_platform_enforcement flag and the device API level
03-27 10:38:52.279 11880 11880 I dex2oat64: Using generational CollectorTypeCMC GC.
03-27 10:38:53.639 11880 11880 I dex2oat64: Large app, accepted running with swap.
03-27 10:38:55.109 11880 11882 W dex2oat64: Verification error in void org.apache.commons.codec.binary.Base64InputStream.<init>(java.io.InputStream, boolean)
03-27 10:38:55.109 11880 11882 W dex2oat64: void org.apache.commons.codec.binary.Base64InputStream.<init>(java.io.InputStream, boolean): [0x3] couldn't find method org.apache.commons.codec.binary.Base64.<init> (Z)V
03-27 10:38:55.109 11880 11882 W dex2oat64: void org.apache.commons.codec.binary.Base64InputStream.<init>(java.io.InputStream, boolean) failed to verify: void org.apache.commons.codec.binary.Base64InputStream.<init>(java.io.InputStream, boolean): [0x6] register v0 has type Reference: org.apache.commons.codec.binary.Base64 but expected Reference: org.apache.commons.codec.binary.BaseNCodec
03-27 10:38:55.109 11880 11880 W dex2oat64: Verification error in void org.apache.commons.codec.binary.Base64OutputStream.<init>(java.io.OutputStream, boolean)
03-27 10:38:55.109 11880 11880 W dex2oat64: void org.apache.commons.codec.binary.Base64OutputStream.<init>(java.io.OutputStream, boolean): [0x3] couldn't find method org.apache.commons.codec.binary.Base64.<init> (Z)V
03-27 10:38:55.109 11880 11880 W dex2oat64: void org.apache.commons.codec.binary.Base64OutputStream.<init>(java.io.OutputStream, boolean) failed to verify: void org.apache.commons.codec.binary.Base64OutputStream.<init>(java.io.OutputStream, boolean): [0x6] register v0 has type Reference: org.apache.commons.codec.binary.Base64 but expected Reference: org.apache.commons.codec.binary.BaseNCodec
03-27 10:38:55.109 11880 11882 W dex2oat64: Verification error in void org.apache.commons.codec.binary.Base64InputStream.<init>(java.io.InputStream, boolean, int, byte[])
03-27 10:38:55.109 11880 11882 W dex2oat64: void org.apache.commons.codec.binary.Base64InputStream.<init>(java.io.InputStream, boolean, int, byte[]): [0x2] couldn't find method org.apache.commons.codec.binary.Base64.<init> (I[B)V
03-27 10:38:55.109 11880 11882 W dex2oat64: void org.apache.commons.codec.binary.Base64InputStream.<init>(java.io.InputStream, boolean, int, byte[]) failed to verify: void org.apache.commons.codec.binary.Base64InputStream.<init>(java.io.InputStream, boolean, int, byte[]): [0x5] register v0 has type Reference: org.apache.commons.codec.binary.Base64 but expected Reference: org.apache.commons.codec.binary.BaseNCodec
03-27 10:38:55.109 11880 11880 W dex2oat64: Verification error in void org.apache.commons.codec.binary.Base64OutputStream.<init>(java.io.OutputStream, boolean, int, byte[])
03-27 10:38:55.109 11880 11880 W dex2oat64: void org.apache.commons.codec.binary.Base64OutputStream.<init>(java.io.OutputStream, boolean, int, byte[]): [0x2] couldn't find method org.apache.commons.codec.binary.Base64.<init> (I[B)V
03-27 10:38:55.109 11880 11880 W dex2oat64: void org.apache.commons.codec.binary.Base64OutputStream.<init>(java.io.OutputStream, boolean, int, byte[]) failed to verify: void org.apache.commons.codec.binary.Base64OutputStream.<init>(java.io.OutputStream, boolean, int, byte[]): [0x5] register v0 has type Reference: org.apache.commons.codec.binary.Base64 but expected Reference: org.apache.commons.codec.binary.BaseNCodec
03-27 10:38:55.228  4292  9095 W infv    : [{0}] Failed to resolve name. status={1}
03-27 10:38:56.324 11880 11883 I dex2oat64: Priority-to-niceness mapping: 19, 16, 13, 10, 0, -2, -4, -5, -6, -8
03-27 10:38:56.469 11880 11880 I dex2oat64: dex2oat took 4.564s (10.724s cpu) (threads: 4) arena alloc=0B (0B) java alloc=16MB (17363200B) native alloc=4600KB (4710576B) free=1459KB (1494336B) swap=16MB (16777216B)
03-27 10:38:56.483 11370 11372 I artd    : dex2oat returned code 0
03-27 10:38:56.483 11370 11372 W libbinder.Binder: Binder transaction to com.android.server.art.IArtd, function: dexopt, code: 17, took 4727ms. Data bytes: 1036 Reply bytes: 48 Flags: 16
03-27 10:38:56.500   679 11879 I ArtService: Dexopt result: [packageName = co.ke.roadready.provider] DexContainerFileDexoptResult{dexContainerFile=/data/app/~~O6POpeUl1m8-b7bTr4ZbeA==/co.ke.roadready.provider-4A3AjUqd8WGK7RF96r61Uw==/base.apk, primaryAbi=true, abi=x86_64, actualCompilerFilter=verify, status=PERFORMED, dex2oatWallTimeMillis=4681, dex2oatCpuTimeMillis=10760, sizeBytes=26700144, sizeBeforeBytes=0, extendedStatusFlags=[]}
03-27 10:38:56.579   679   747 D PermissionMonitor: setUidsPermissionBits in PermissionBpfMap took 6958 microseconds.
03-27 10:38:56.660   679   710 E AppOps  : Trying to set mode for unknown uid 10229.
03-27 10:38:56.661   679   710 V StorageManagerService: Package null does not have legacy storage
03-27 10:38:56.674   679   747 D BackupManagerService: [UserID:0] restoreAtInstall pkg=co.ke.roadready.provider token=1 restoreSet=0
03-27 10:38:56.677   679   747 D BackupManagerService: [UserID:0] Finishing install immediately
03-27 10:38:56.683  1778  1802 D MediaGrants: Removed 0 media_grants for 0 user for [co.ke.roadready.provider]. Reason: Mode changed: android:read_external_storage
03-27 10:38:56.686   679   747 I PackageManager: installation completed for package:co.ke.roadready.provider. Final code path: /data/app/~~O6POpeUl1m8-b7bTr4ZbeA==/co.ke.roadready.provider-4A3AjUqd8WGK7RF96r61Uw==
03-27 10:38:56.699   461   461 D Zygote  : Forked child process 11888
03-27 10:38:56.700   679   720 I ActivityManager: Start proc 11888:com.google.android.permissioncontroller/u0a223 for bound-service {com.google.android.permissioncontroller/com.android.permissioncontroller.permission.service.PermissionControllerServiceImpl}
03-27 10:38:56.711   679   747 D PackageInstallerSession: Marking session 2115776834 as applied
03-27 10:38:56.719   679  2166 W libbinder.Binder: Binder transaction to android.content.pm.IPackageManager, function: UNKNOWN_FUNCTION_NAME, code: 1598246212, took 7058ms. Data bytes: 200 Reply bytes: 4 Flags: 16
03-27 10:38:56.715   679   679 W binder:679_20: type=1400 audit(0.0:19): avc:  denied  { getopt } for  scontext=u:r:system_server:s0 tcontext=u:r:shell:s0 tclass=unix_stream_socket permissive=0
03-27 10:38:56.715   679   679 W binder:679_20: type=1400 audit(0.0:20): avc:  denied  { getopt } for  scontext=u:r:system_server:s0 tcontext=u:r:shell:s0 tclass=unix_stream_socket permissive=0
03-27 10:38:56.735 11888 11888 I Zygote  : Process 11888 created for com.google.android.permissioncontroller
03-27 10:38:56.735 11888 11888 I ssioncontroller: Using generational CollectorTypeCMC GC.
03-27 10:38:56.715   679   679 W binder:679_20: type=1400 audit(0.0:21): avc:  denied  { getopt } for  scontext=u:r:system_server:s0 tcontext=u:r:shell:s0 tclass=unix_stream_socket permissive=0
03-27 10:38:56.741 11888 11888 W ssioncontroller: Unexpected CPU variant for x86: x86_64.
03-27 10:38:56.741 11888 11888 W ssioncontroller: Known variants: atom, sandybridge, silvermont, goldmont, goldmont-plus, goldmont-without-sha-xsaves, tremont, kabylake, alderlake, lunarlake, default
03-27 10:38:56.763 10234 10268 D SessionCommitReceiver: Removing unneeded PromiseIcon for package: co.ke.roadready.provider, install reason: 0, alreadyAddedPromiseIcon: false
03-27 10:38:56.768 11888 11888 D nativeloader: Load libframework-connectivity-tiramisu-jni.so using APEX ns com_android_tethering for caller /apex/com.android.tethering/javalib/framework-connectivity-t.jar: ok
03-27 10:38:56.773  1638  1638 D CarrierSvcBindHelper: onPackageAdded: co.ke.roadready.provider
03-27 10:38:56.776   679  1124 D ShortcutService: received package broadcast intent: Intent { act=android.intent.action.PACKAGE_ADDED dat=package: flg=0x4000010 (has extras) }
03-27 10:38:56.776   679  1124 D ShortcutService: adding package: co.ke.roadready.provider userId=0
03-27 10:38:56.778  1170  1170 D ControlsListingControllerImpl: ServiceConfig reloaded, count: 0
03-27 10:38:56.780  1638  1705 I SatelliteAppTracker: onPackageAdded : co.ke.roadready.provider
03-27 10:38:56.783  1638  1705 D SatelliteAppTracker: packageName: co.ke.roadready.provider, value: null
03-27 10:38:56.787  1638  1638 D CarrierSvcBindHelper: No carrier app for: 0
03-27 10:38:56.788   461   461 D Zygote  : Forked child process 11897
03-27 10:38:56.789   679   720 I ActivityManager: Start proc 11897:com.google.android.apps.wellbeing/u0a160 for content provider {com.google.android.apps.wellbeing/com.google.android.apps.wellbeing.api.impl.WellbeingSettingsProvider}
03-27 10:38:56.798   679   852 D AppWinLayoutSetService: Notified package added: co.ke.roadready.provider
03-27 10:38:56.815 11897 11897 I Zygote  : Process 11897 created for com.google.android.apps.wellbeing
03-27 10:38:56.815 11897 11897 I .apps.wellbeing: Using generational CollectorTypeCMC GC.
03-27 10:38:56.817 11897 11897 W .apps.wellbeing: Unexpected CPU variant for x86: x86_64.
03-27 10:38:56.817 11897 11897 W .apps.wellbeing: Known variants: atom, sandybridge, silvermont, goldmont, goldmont-plus, goldmont-without-sha-xsaves, tremont, kabylake, alderlake, lunarlake, default
03-27 10:38:56.824   679  1502 W ApplicationInfo: Large ApplicationInfo parcel: size=17732 package=com.google.android.googlequicksearchbox sharedLibs=3 resDirs=2 overlayPaths=2
03-27 10:38:56.829   679  1066 D CompatChangeReporter: Compat change id reported: 262645982; UID 10229; state: ENABLED
03-27 10:38:56.829 11897 11897 D nativeloader: Load libframework-connectivity-tiramisu-jni.so using APEX ns com_android_tethering for caller /apex/com.android.tethering/javalib/framework-connectivity-t.jar: ok
03-27 10:38:56.830   679   852 D AppWinLayoutSetService: Found aspect ratio: 0 for package: co.ke.roadready.provider
03-27 10:38:56.831   679   852 D AppWinLayoutSetService: Unregistered package monitor.
03-27 10:38:56.833   679   718 D LauncherAppsService: onPackageAdded: user=UserHandle{0}, packageName=co.ke.roadready.provider
03-27 10:38:56.834   679   718 D LauncherAppsService: onPackageAdded: triggering onPackageAdded for user=UserHandle{0}, packageName=co.ke.roadready.provider
03-27 10:38:56.834   679   718 D LauncherAppsService: onPackageAdded: triggering onPackageAdded for user=UserHandle{0}, packageName=co.ke.roadready.provider
03-27 10:38:56.834   679   718 D LauncherAppsService: onPackageAdded: triggering onPackageAdded for user=UserHandle{0}, packageName=co.ke.roadready.provider
03-27 10:38:56.834   679   852 D AppWinLayoutSetService: Notified package added: co.ke.roadready.provider
03-27 10:38:56.834 10234 10244 D LauncherApps: onPackageAdded 0,co.ke.roadready.provider
03-27 10:38:56.835   679   852 D AppWinLayoutSetService: Found aspect ratio: 0 for package: co.ke.roadready.provider
03-27 10:38:56.835 10234 10268 D LauncherAppsCallbackImpl: onPackageAdded triggered for packageName=co.ke.roadready.provider, user=UserHandle{0}
03-27 10:38:56.836  1638  1638 E SmsApplication: com.google.android.apps.messaging lost android:read_cell_broadcasts:  (fixing)
03-27 10:38:56.836   679  1502 W AppOpService: Ignored setUidMode call for runtime permission app op: uid = 10155, code = READ_CELL_BROADCASTS, mode = allow, callingUid = 1001, oldMode = allow
03-27 10:38:56.838   679   718 W PackageManager: Failed registering loading progress callback. Package is fully loaded.
03-27 10:38:56.839   679   825 I RoleService: Granting default roles...
03-27 10:38:56.839  1170  1341 D LauncherApps: onPackageAdded 0,co.ke.roadready.provider
03-27 10:38:56.839  9581  9714 D LauncherApps: onPackageAdded 0,co.ke.roadready.provider
03-27 10:38:56.865   679  1276 W SignedPackage: Package doesn't have required signing certificate: com.google.android.retaildemo
03-27 10:38:56.871   679  1276 E RoleControllerServiceImpl: Default/fallback role holder package doesn't qualify for the role, package: com.google.android.gms.supervision, role: android.app.role.SYSTEM_SUPERVISION, user: 0
03-27 10:38:56.877  9581  9581 I AiAiEcho: AppFetcherImplV2 updateApps package:[co.ke.roadready.provider], userId:[0], reason:[package is added.].
03-27 10:38:56.878 11888 11888 D CompatChangeReporter: Compat change id reported: 333566037; UID 10223; state: ENABLED
03-27 10:38:56.886   679   847 V AccessibilityUserState: updateShortcutTargets: type:accessibility_shortcut_target_service, current:{}, new:{}
03-27 10:38:56.886   679   847 V AccessibilityUserState: updateShortcutTargets: type:accessibility_qs_targets, current:{}, new:{}
03-27 10:38:56.886   679   847 V AccessibilityUserState: updateShortcutTargets: type:accessibility_button_targets, current:{}, new:{}
03-27 10:38:56.886   679   847 V AccessibilityUserState: updateShortcutTargets: type:accessibility_gesture_targets, current:{}, new:{}
03-27 10:38:56.886   679   847 V AccessibilityUserState: updateShortcutTargets: type:accessibility_key_gesture_targets, current:{}, new:{}
03-27 10:38:56.886   679   847 V AccessibilityUserState: updateShortcutTargets: type:accessibility_top_row_key_targets, current:{}, new:{}
03-27 10:38:56.887   679   847 V AccessibilityUserState: updateShortcutTargets: type:accessibility_quick_access_targets, current:{}, new:{}
03-27 10:38:56.888   679   847 V AccessibilityManagerService: onUserStateChangedLocked for userId: 0, forceUpdate: false
03-27 10:38:56.898   679   847 V AccessibilityUserState: updateShortcutTargets: type:accessibility_shortcut_target_service, current:{}, new:{}
03-27 10:38:56.898   679   847 V AccessibilityUserState: updateShortcutTargets: type:accessibility_button_targets, current:{}, new:{}
03-27 10:38:56.898   679   847 V AccessibilityUserState: updateShortcutTargets: type:accessibility_gesture_targets, current:{}, new:{}
03-27 10:38:56.898   679   847 V AccessibilityUserState: updateShortcutTargets: type:accessibility_qs_targets, current:{}, new:{}
03-27 10:38:56.899   679   847 V AccessibilityUserState: updateShortcutTargets: type:accessibility_key_gesture_targets, current:{}, new:{}
03-27 10:38:56.899   679   847 V AccessibilityUserState: updateShortcutTargets: type:accessibility_top_row_key_targets, current:{}, new:{}
03-27 10:38:56.899   679   847 V AccessibilityUserState: updateShortcutTargets: type:accessibility_quick_access_targets, current:{}, new:{}
03-27 10:38:56.902   679   703 W AppOpService: Ignored setUidMode call for runtime permission app op: uid = 1001, code = READ_SMS, mode = allow, callingUid = 1001, oldMode = allow
03-27 10:38:56.904   679  1944 W AppOpService: Ignored setUidMode call for runtime permission app op: uid = 1001, code = RECEIVE_SMS, mode = allow, callingUid = 1001, oldMode = allow
03-27 10:38:56.904   679  1944 W AppOpService: Ignored setUidMode call for runtime permission app op: uid = 1001, code = RECEIVE_WAP_PUSH, mode = allow, callingUid = 1001, oldMode = allow
03-27 10:38:56.906 10234 10313 W HWUI    : Failed to choose config with EGL_SWAP_BEHAVIOR_PRESERVED, retrying without...
03-27 10:38:56.908 10234 10313 W HWUI    : Failed to initialize 101010-2 format, error = EGL_SUCCESS
03-27 10:38:56.924 11897 11897 D nativeloader: Configuring clns-9 for other apk /system_ext/framework/com.android.extensions.appfunctions.jar. target_sdk_version=36, uses_libraries=ALL, library_path=/product/priv-app/WellbeingPrebuilt/lib/x86_64:/product/priv-app/WellbeingPrebuilt/WellbeingPrebuilt.apk!/lib/x86_64, permitted_path=/data:/mnt/expand:/data/user/0/com.google.android.apps.wellbeing
03-27 10:38:56.925 11897 11897 D ApplicationLoaders: Returning zygote-cached class loader: /system_ext/framework/androidx.window.extensions.jar
03-27 10:38:56.925 11897 11897 D ApplicationLoaders: Returning zygote-cached class loader: /system_ext/framework/androidx.window.sidecar.jar
03-27 10:38:56.931   679   679 W Looper  : Slow dispatch took 122ms main app=system_server main=true group=FOREGROUND h=android.os.Handler c=android.app.LoadedApk$ReceiverDispatcher$Args$$ExternalSyntheticLambda0@f89bafd m=0
03-27 10:38:56.932   679   703 W AppOpService: Ignored setUidMode call for runtime permission app op: uid = 1001, code = SEND_SMS, mode = allow, callingUid = 1001, oldMode = allow
03-27 10:38:56.933   679   703 W AppOpService: Ignored setUidMode call for runtime permission app op: uid = 1001, code = READ_CELL_BROADCASTS, mode = allow, callingUid = 1001, oldMode = allow
03-27 10:38:56.933   679  1080 E AppOps  : attributionTag VCN not declared in manifest of android
03-27 10:38:56.934   679  1080 E AppOps  : attributionTag VCN not declared in manifest of android
03-27 10:38:56.938 11888 11888 D nativeloader: Configuring clns-shared-9 for other apk /system_ext/framework/com.android.extensions.appfunctions.jar. target_sdk_version=37, uses_libraries=ALL, library_path=/apex/com.android.permission/priv-app/GooglePermissionController@CP21.260306.017.A1/lib/x86_64:/system/lib64:/system_ext/lib64, permitted_path=/data:/mnt/expand:/data/user_de/0/com.google.android.permissioncontroller:/apex/com.android.permission/priv-app/GooglePermissionController@CP21.260306.017.A1:/system/lib64:/system_ext/lib64
03-27 10:38:56.940 11888 11888 D ApplicationLoaders: Returning zygote-cached class loader: /system_ext/framework/androidx.window.extensions.jar
03-27 10:38:56.942   679   679 D AS.AudioService: received android.intent.action.PACKAGE_ADDED replacing: false archival: false for package co.ke.roadready.provider with uid 10229
03-27 10:38:56.942 11888 11888 D ApplicationLoaders: Returning zygote-cached class loader: /system_ext/framework/androidx.window.sidecar.jar
03-27 10:38:56.942 11888 11888 D ApplicationLoaders: Returning zygote-cached class loader: /system/framework/org.apache.http.legacy.jar
03-27 10:38:56.945   679   847 W MagnificationConnectionManager: requestConnection duplicated request: connect=false, mConnectionState=DISCONNECTED
03-27 10:38:56.950   679  1276 W SignedPackage: Package doesn't have required signing certificate: com.google.android.apps.work.clouddpc
03-27 10:38:56.965 10234 10268 D AlphabeticIndexCompat: computeSectionName: cs: RoadReady Provider sectionName: R
03-27 10:38:56.967 10234 10234 D AllAppsStore: setApps: apps.length=21
03-27 10:38:56.967 10234 10234 D AllAppsStore: notifyUpdate: notifying listeners
03-27 10:38:56.967 10234 10234 D ActivityAllAppsContainerView: onAppsUpdated; number of apps: 21
03-27 10:38:56.968 10234 10234 D ActivityAllAppsContainerView: rebindAdapters: force: false
03-27 10:38:56.968 10234 10234 D ActivityAllAppsContainerView: rebindAdapters: Not needed.
03-27 10:38:56.968 10234 10234 D StatsLog: LAUNCHER_ALLAPPS_COUNT
03-27 10:38:56.968 10234 10234 D AlphabeticalAppsList: Clearing FastScrollerSections.
03-27 10:38:56.968 10234 10234 D AlphabeticalAppsList: Adding apps with sections. HasPrivateApps: false
03-27 10:38:56.968 10234 10234 D AlphabeticalAppsList: addAppsWithSections: adding sectionName: C with appInfoTitle: Calendar
03-27 10:38:56.968 10234 10234 D AlphabeticalAppsList: addAppsWithSections: adding sectionName: D with appInfoTitle: Drive
03-27 10:38:56.968 10234 10234 D AlphabeticalAppsList: addAppsWithSections: adding sectionName: F with appInfoTitle: Files
03-27 10:38:56.968 10234 10234 D AlphabeticalAppsList: addAppsWithSections: adding sectionName: G with appInfoTitle: Glasses
03-27 10:38:56.968 10234 10234 D AlphabeticalAppsList: addAppsWithSections: adding sectionName: M with appInfoTitle: Maps
03-27 10:38:56.968 10234 10234 D AlphabeticalAppsList: addAppsWithSections: adding sectionName: P with appInfoTitle: Phone
03-27 10:38:56.968 10234 10234 D AlphabeticalAppsList: addAppsWithSections: adding sectionName: R with appInfoTitle: RoadReady Provider
03-27 10:38:56.969 10234 10234 D AlphabeticalAppsList: addAppsWithSections: adding sectionName: S with appInfoTitle: Safety
03-27 10:38:56.969 10234 10234 D AlphabeticalAppsList: addAppsWithSections: adding sectionName: T with appInfoTitle: TMoble
03-27 10:38:56.969 10234 10234 D AlphabeticalAppsList: addAppsWithSections: adding sectionName: Y with appInfoTitle: YouTube
03-27 10:38:56.969 10234 10234 D AlphabeticalAppsList: Adding FastScrollSection duplicate to scroll to the bottom.
03-27 10:38:56.970 10234 10234 D AlphabeticalAppsList: Clearing FastScrollerSections.
03-27 10:38:56.970 10234 10234 D AlphabeticalAppsList: Adding apps with sections. HasPrivateApps: false
03-27 10:38:56.970 10234 10234 D AlphabeticalAppsList: addAppsWithSections: adding sectionName: C with appInfoTitle: Calendar
03-27 10:38:56.970 10234 10234 D AlphabeticalAppsList: addAppsWithSections: adding sectionName: D with appInfoTitle: Drive
03-27 10:38:56.970 10234 10234 D AlphabeticalAppsList: addAppsWithSections: adding sectionName: F with appInfoTitle: Files
03-27 10:38:56.970 10234 10234 D AlphabeticalAppsList: addAppsWithSections: adding sectionName: G with appInfoTitle: Glasses
03-27 10:38:56.970 10234 10234 D AlphabeticalAppsList: addAppsWithSections: adding sectionName: M with appInfoTitle: Maps
03-27 10:38:56.970 10234 10234 D AlphabeticalAppsList: addAppsWithSections: adding sectionName: P with appInfoTitle: Phone
03-27 10:38:56.970 10234 10234 D AlphabeticalAppsList: addAppsWithSections: adding sectionName: R with appInfoTitle: RoadReady Provider
03-27 10:38:56.970 10234 10234 D AlphabeticalAppsList: addAppsWithSections: adding sectionName: S with appInfoTitle: Safety
03-27 10:38:56.973 10234 10234 D AlphabeticalAppsList: addAppsWithSections: adding sectionName: T with appInfoTitle: TMoble
03-27 10:38:56.976 10234 10234 D AlphabeticalAppsList: addAppsWithSections: adding sectionName: Y with appInfoTitle: YouTube
03-27 10:38:56.976 10234 10234 D AlphabeticalAppsList: Adding FastScrollSection duplicate to scroll to the bottom.
03-27 10:38:56.976 10234 10234 D AllAppsStore: setApps: apps.length=21
03-27 10:38:56.976 10234 10234 D AllAppsStore: notifyUpdate: notifying listeners
03-27 10:38:56.991  1638  1721 D ImsResolver: maybeAddedImsService, packageName: co.ke.roadready.provider
03-27 10:38:56.991  1638  1721 V ImsResolver: searchForImsServices: package=co.ke.roadready.provider, users=[UserHandle{0}]
03-27 10:38:56.997  1638  1721 V ImsResolver: searchForImsServices: package=co.ke.roadready.provider, users=[UserHandle{0}]
03-27 10:38:57.015   500  5916 D NativePermissionController: updatePackagesForUid, UidPackageState{uid: 10229, packageStates: [PackageState{packageName: co.ke.roadready.provider, targetSdk: 34, isPlaybackCaptureAllowed: true}]}
03-27 10:38:57.028 10234 10268 D AlphabeticIndexCompat: computeSectionName: cs: Settings sectionName: S
03-27 10:38:57.029 10234 10268 D AlphabeticIndexCompat: computeSectionName: cs: Photos sectionName: P
03-27 10:38:57.030 10234 10268 D AlphabeticIndexCompat: computeSectionName: cs: Battery sectionName: B
03-27 10:38:57.031 10234 10268 D AlphabeticIndexCompat: computeSectionName: cs: Chrome sectionName: C
03-27 10:38:57.032 10234 10268 D AlphabeticIndexCompat: computeSectionName: cs: Gmail sectionName: G
03-27 10:38:57.032 10234 10268 D AlphabeticIndexCompat: computeSectionName: cs: Drive sectionName: D
03-27 10:38:57.033 10234 10268 D AlphabeticIndexCompat: computeSectionName: cs: Clock sectionName: C
03-27 10:38:57.034 10234 10268 D AlphabeticIndexCompat: computeSectionName: cs: Contacts sectionName: C
03-27 10:38:57.035 10234 10268 D AlphabeticIndexCompat: computeSectionName: cs: Calendar sectionName: C
03-27 10:38:57.036   679  1276 I Role    : com.google.android.gms not qualified for android.app.role.SYSTEM_DEPENDENCY_INSTALLER due to missing RequiredComponent{mFlags='0', mIntentFilterData=IntentFilterData{mAction='android.content.pm.action.INSTALL_DEPENDENCY', mCategories='[]', mDataScheme='null', mDataType='null'}, mMetaData=[], mPermission='android.permission.BIND_DEPENDENCY_INSTALLER', mQueryFlags=0} Requirement{mFeatureFlag=null, mMinTargetSdkVersion=1}
03-27 10:38:57.036 10234 10268 D AlphabeticIndexCompat: computeSectionName: cs: Maps sectionName: M
03-27 10:38:57.036   679  1276 E RoleControllerServiceImpl: Default/fallback role holder package doesn't qualify for the role, package: com.google.android.gms, role: android.app.role.SYSTEM_DEPENDENCY_INSTALLER, user: 0
03-27 10:38:57.037 10234 10268 D AlphabeticIndexCompat: computeSectionName: cs: YouTube Music sectionName: Y
03-27 10:38:57.039 10234 10268 D AlphabeticIndexCompat: computeSectionName: cs: YouTube sectionName: Y
03-27 10:38:57.040 10234 10268 D AlphabeticIndexCompat: computeSectionName: cs: Google sectionName: G
03-27 10:38:57.041 10234 10268 D AlphabeticIndexCompat: computeSectionName: cs: Digital Wellbeing sectionName: D
03-27 10:38:57.042 10234 10268 D AlphabeticIndexCompat: computeSectionName: cs: Conversations sectionName: C
03-27 10:38:57.045   679   679 D AppSearchAppsIndexerManagerS: userid in package receiver: 10229
03-27 10:38:57.045   679   679 W Looper  : Slow delivery took 267ms main app=system_server main=true group=FOREGROUND h=android.app.ActivityThread$H c=android.app.LoadedApk$ReceiverDispatcher$Args$$ExternalSyntheticLambda0@64028c0 m=0
03-27 10:38:57.067 11888 11888 D nativeloader: Configuring clns-shared-10 for other apk /apex/com.android.permission/priv-app/GooglePermissionController@CP21.260306.017.A1/GooglePermissionController.apk. target_sdk_version=37, uses_libraries=, library_path=/apex/com.android.permission/priv-app/GooglePermissionController@CP21.260306.017.A1/lib/x86_64:/system/lib64:/system_ext/lib64, permitted_path=/data:/mnt/expand:/data/user_de/0/com.google.android.permissioncontroller:/apex/com.android.permission/priv-app/GooglePermissionController@CP21.260306.017.A1:/system/lib64:/system_ext/lib64
03-27 10:38:57.068 11888 11888 D nativeloader: InitApexLibraries:
03-27 10:38:57.068 11888 11888 D nativeloader:   com_android_adservices: libhpke_jni.so:libtflite_support_classifiers_native.so
03-27 10:38:57.068 11888 11888 D nativeloader:   com_android_appsearch: libappsearchservice.so:libicing_anywhere.so
03-27 10:38:57.068 11888 11888 D nativeloader:   com_android_art: libartservice.so
03-27 10:38:57.068 11888 11888 D nativeloader:   com_android_bt: libbluetooth_jni.so
03-27 10:38:57.068 11888 11888 D nativeloader:   com_android_conscrypt: libjavacrypto.so
03-27 10:38:57.068 11888 11888 D nativeloader:   com_android_extservices: libtflite_support_classifiers_native.so
03-27 10:38:57.068 11888 11888 D nativeloader:   com_android_mediaprovider: libpdfclient.so
03-27 10:38:57.068 11888 11888 D nativeloader:   com_android_nfcservices: libnfc_nci_jni.so
03-27 10:38:57.068 11888 11888 D nativeloader:   com_android_npumanager: libnpumanager_service_jni.so
03-27 10:38:57.068 11888 11888 D nativeloader:   com_android_ondevicepersonalization: libfcp_cpp_dep_jni.so:libfcp_hpke_jni.so
03-27 10:38:57.068 11888 11888 D nativeloader:   com_android_os_statsd: libstats_jni.so
03-27 10:38:57.068 11888 11888 D nativeloader:   com_android_tethering: libandroid_net_connectivity_com_android_net_module_util_jni.so:libandroid_net_connectivity_com_android_net_module_util_jni_CommonConnectivityJni.so:libcrypto_httpengine.so:libframework-connectivity-jni.so:libframework-connectivity-tiramisu-jni.so:libhttpengine.so:libservice-connectivity.so:libservice-thread-jni.so
03-27 10:38:57.068 11888 11888 D nativeloader:   com_android_uwb: libuwb_uci_jni_rust.so
03-27 10:38:57.068 11888 11888 D nativeloader:   com_android_virt: Mi
03-27 10:38:57.096   679  1134 I SdkSandboxManager: No SDKs used. Skipping SDK data reconcilation for CallingInfo{mUid=10229, mPackageName='co.ke.roadready.provider, mAppProcessToken='null'}
03-27 10:38:57.157   679   679 W Looper  : Slow dispatch took 104ms main app=system_server main=true group=FOREGROUND h=android.app.ActivityThread$H c=android.app.LoadedApk$ReceiverDispatcher$Args$$ExternalSyntheticLambda0@5a45d6d m=0
03-27 10:38:57.162   679   679 D TransparencyService: Not an update. Skipping...
03-27 10:38:57.164  1638  1638 W VvmPkgInstalledRcvr: carrierVvmPkgAdded: carrier vvm packages doesn't contain co.ke.roadready.provider
03-27 10:38:57.183 11897 11897 D nativeloader: InitLlndkLibrariesProduct: libEGL.so:libGLESv1_CM.so:libGLESv2.so:libGLESv3.so:libRS.so:libandroid_net.so:libapexsupport.so:libavf.so:libbinder_ndk.so:libc.so:libcamera_metadata.so:libcgrouprc.so:libclang_rt.asan-x86_64-android.so:libcom.android.tethering.connectivity_native.so:libdl.so:libft2.so:liblog.so:libm.so:libmediandk.so:libnativewindow.so:libneuralnetworks.so:libselinux.so:libsync.so:libvendorsupport.so:libvndksupport.so:libvulkan.so
03-27 10:38:57.183 11897 11897 D nativeloader: Configuring product-clns-10 for unbundled product apk /product/priv-app/WellbeingPrebuilt/WellbeingPrebuilt.apk. target_sdk_version=36, uses_libraries=, library_path=/product/priv-app/WellbeingPrebuilt/lib/x86_64:/product/priv-app/WellbeingPrebuilt/WellbeingPrebuilt.apk!/lib/x86_64:/product/lib64:/system/product/lib64, permitted_path=/data:/mnt/expand:/data/user/0/com.google.android.apps.wellbeing:/product/lib64:/system/product/lib64
03-27 10:38:57.184 11897 11897 D nativeloader: InitVndkspLibrariesProduct: VNDK is deprecated with product
03-27 10:38:57.201 11888 11888 V GraphicsEnvironment: Currently set values for:
03-27 10:38:57.201   679  2166 W ApplicationInfo: Large ApplicationInfo parcel: size=17732 package=com.google.android.googlequicksearchbox sharedLibs=3 resDirs=2 overlayPaths=2
03-27 10:38:57.201   679  2166 W ParceledListSlice: Element #26 is 18900 bytes.
03-27 10:38:57.201 11888 11888 V GraphicsEnvironment:   angle_gl_driver_selection_pkgs=[]
03-27 10:38:57.201   679  2166 W ParceledListSlice: Overly large reply size: 82484
03-27 10:38:57.201 11888 11888 V GraphicsEnvironment:   angle_gl_driver_selection_values=[]
03-27 10:38:57.201 11888 11888 V GraphicsEnvironment: com.google.android.permissioncontroller is not listed in per-application setting
03-27 10:38:57.201 11888 11888 V GraphicsEnvironment: No special selections for ANGLE, returning default driver choice
03-27 10:38:57.207   679  2166 W ApplicationInfo: Large ApplicationInfo parcel: size=17732 package=com.google.android.googlequicksearchbox sharedLibs=3 resDirs=2 overlayPaths=2
03-27 10:38:57.210   679  2166 W ParceledListSlice: Element #27 is 19080 bytes.
03-27 10:38:57.210 11888 11888 V GraphicsEnvironment: Neither updatable production driver nor prerelease driver is supported.
03-27 10:38:57.211   679  2166 W ApplicationInfo: Large ApplicationInfo parcel: size=17732 package=com.google.android.googlequicksearchbox sharedLibs=3 resDirs=2 overlayPaths=2
03-27 10:38:57.213   679  2166 W ParceledListSlice: Element #28 is 19468 bytes.
03-27 10:38:57.213   679  2166 W ApplicationInfo: Large ApplicationInfo parcel: size=17732 package=com.google.android.googlequicksearchbox sharedLibs=3 resDirs=2 overlayPaths=2
03-27 10:38:57.216   679  2166 W ParceledListSlice: Element #29 is 18804 bytes.
03-27 10:38:57.224 11888 11888 D CompatChangeReporter: Compat change id reported: 407952621; UID 10223; state: ENABLED
03-27 10:38:57.224 11888 11888 D CompatChangeReporter: Compat change id reported: 419020719; UID 10223; state: ENABLED
03-27 10:38:57.249 11897 11897 V GraphicsEnvironment: Currently set values for:
03-27 10:38:57.249 11897 11897 V GraphicsEnvironment:   angle_gl_driver_selection_pkgs=[]
03-27 10:38:57.249 11897 11897 V GraphicsEnvironment:   angle_gl_driver_selection_values=[]
03-27 10:38:57.250 11897 11897 V GraphicsEnvironment: com.google.android.apps.wellbeing is not listed in per-application setting
03-27 10:38:57.250 11897 11897 V GraphicsEnvironment: No special selections for ANGLE, returning default driver choice
03-27 10:38:57.258 11897 11897 V GraphicsEnvironment: Neither updatable production driver nor prerelease driver is supported.
03-27 10:38:57.264   679  1276 E RoleControllerServiceImpl: Default/fallback role holder package doesn't qualify for the role, package: com.google.android.gms, role: android.app.role.WALLET, user: 0
03-27 10:38:57.271   679   679 D BackupManagerConstants: getFullBackupIntervalMilliseconds(...) returns 86400000
03-27 10:38:57.275   679   679 D BackupManagerConstants: getFullBackupRequiredNetworkType(...) returns 2
03-27 10:38:57.275   679   679 D BackupManagerConstants: getFullBackupRequireCharging(...) returns true
03-27 10:38:57.316   679  1276 W SignedPackage: Cannot get ApplicationInfo for package: com.google.android.devicelockcontroller
03-27 10:38:57.351   679  1502 D ActivityManager: sync unfroze 10581 com.google.android.gms for 6
03-27 10:38:57.352   679   679 I BackupManagerService: No delayed restore requests for the given dependency: co.ke.roadready.provider
03-27 10:38:57.396 11897 11897 I MultiDex: VM with version 2.1.0 has multidex support
03-27 10:38:57.397 11897 11897 I MultiDex: Installing application
03-27 10:38:57.400 11897 11897 I MultiDex: VM has multidex support, MultiDex support library is disabled.
03-27 10:38:57.464   679   679 W Looper  : Slow dispatch took 295ms main app=system_server main=true group=FOREGROUND h=android.app.ActivityThread$H c=android.app.LoadedApk$ReceiverDispatcher$Args$$ExternalSyntheticLambda0@8979498 m=0
03-27 10:38:57.467   679   679 V AccessibilityManagerService: onUserStateChangedLocked for userId: 0, forceUpdate: false
03-27 10:38:57.471   679   679 V AccessibilityUserState: updateShortcutTargets: type:accessibility_shortcut_target_service, current:{}, new:{}
03-27 10:38:57.471   679   679 V AccessibilityUserState: updateShortcutTargets: type:accessibility_button_targets, current:{}, new:{}
03-27 10:38:57.471   679   679 V AccessibilityUserState: updateShortcutTargets: type:accessibility_gesture_targets, current:{}, new:{}
03-27 10:38:57.471   679   679 V AccessibilityUserState: updateShortcutTargets: type:accessibility_qs_targets, current:{}, new:{}
03-27 10:38:57.472   679   679 V AccessibilityUserState: updateShortcutTargets: type:accessibility_key_gesture_targets, current:{}, new:{}
03-27 10:38:57.472   679   679 V AccessibilityUserState: updateShortcutTargets: type:accessibility_top_row_key_targets, current:{}, new:{}
03-27 10:38:57.472   679   679 V AccessibilityUserState: updateShortcutTargets: type:accessibility_quick_access_targets, current:{}, new:{}
03-27 10:38:57.472   679   679 W MagnificationConnectionManager: requestConnection duplicated request: connect=false, mConnectionState=DISCONNECTED
03-27 10:38:57.477 10234 10234 D b/387844520: getOutlineOffsetX: measured width = 173, mNormalizedIconSize = 159, last updated width = 173
03-27 10:38:57.495   679   679 W libbinder.IPCThreadState: Sending oneway calls to frozen process.
03-27 10:38:57.497   679   679 W libbinder.IPCThreadState: Sending oneway calls to frozen process.
03-27 10:38:57.522   679   847 V AccessibilityUserState: updateShortcutTargets: type:accessibility_shortcut_target_service, current:{}, new:{}
03-27 10:38:57.527   679   847 V AccessibilityUserState: updateShortcutTargets: type:accessibility_qs_targets, current:{}, new:{}
03-27 10:38:57.528   679   847 V AccessibilityUserState: updateShortcutTargets: type:accessibility_button_targets, current:{}, new:{}
03-27 10:38:57.528   679   847 V AccessibilityUserState: updateShortcutTargets: type:accessibility_gesture_targets, current:{}, new:{}
03-27 10:38:57.528   679   847 V AccessibilityUserState: updateShortcutTargets: type:accessibility_key_gesture_targets, current:{}, new:{}
03-27 10:38:57.528   679   847 V AccessibilityUserState: updateShortcutTargets: type:accessibility_top_row_key_targets, current:{}, new:{}
03-27 10:38:57.528   679   847 V AccessibilityUserState: updateShortcutTargets: type:accessibility_quick_access_targets, current:{}, new:{}
03-27 10:38:57.528   679   847 V AccessibilityManagerService: onUserStateChangedLocked for userId: 0, forceUpdate: false
03-27 10:38:57.529   679   847 V AccessibilityUserState: updateShortcutTargets: type:accessibility_shortcut_target_service, current:{}, new:{}
03-27 10:38:57.529   679   847 V AccessibilityUserState: updateShortcutTargets: type:accessibility_button_targets, current:{}, new:{}
03-27 10:38:57.529   679   847 V AccessibilityUserState: updateShortcutTargets: type:accessibility_gesture_targets, current:{}, new:{}
03-27 10:38:57.529   679   847 V AccessibilityUserState: updateShortcutTargets: type:accessibility_qs_targets, current:{}, new:{}
03-27 10:38:57.529   679   847 V AccessibilityUserState: updateShortcutTargets: type:accessibility_key_gesture_targets, current:{}, new:{}
03-27 10:38:57.529   679   847 V AccessibilityUserState: updateShortcutTargets: type:accessibility_top_row_key_targets, current:{}, new:{}
03-27 10:38:57.530   679   847 V AccessibilityUserState: updateShortcutTargets: type:accessibility_quick_access_targets, current:{}, new:{}
03-27 10:38:57.530   679   847 W MagnificationConnectionManager: requestConnection duplicated request: connect=false, mConnectionState=DISCONNECTED
03-27 10:38:57.532   679   679 W Looper  : Drained
03-27 10:38:57.533   679   679 V AccessibilityManagerService: onUserStateChangedLocked for userId: 0, forceUpdate: false
03-27 10:38:57.537   679   679 V AccessibilityUserState: updateShortcutTargets: type:accessibility_shortcut_target_service, current:{}, new:{}
03-27 10:38:57.545   679   679 V AccessibilityUserState: updateShortcutTargets: type:accessibility_button_targets, current:{}, new:{}
03-27 10:38:57.545   679   679 V AccessibilityUserState: updateShortcutTargets: type:accessibility_gesture_targets, current:{}, new:{}
03-27 10:38:57.545   679   679 V AccessibilityUserState: updateShortcutTargets: type:accessibility_qs_targets, current:{}, new:{}
03-27 10:38:57.545   679   679 V AccessibilityUserState: updateShortcutTargets: type:accessibility_key_gesture_targets, current:{}, new:{}
03-27 10:38:57.545   679   679 V AccessibilityUserState: updateShortcutTargets: type:accessibility_top_row_key_targets, current:{}, new:{}
03-27 10:38:57.545   679   679 V AccessibilityUserState: updateShortcutTargets: type:accessibility_quick_access_targets, current:{}, new:{}
03-27 10:38:57.546   679   679 W MagnificationConnectionManager: requestConnection duplicated request: connect=false, mConnectionState=DISCONNECTED
03-27 10:38:57.564   679   679 W libbinder.IPCThreadState: Sending oneway calls to frozen process.
03-27 10:38:57.588   679   679 W libbinder.IPCThreadState: Sending oneway calls to frozen process.
03-27 10:38:57.607   679  1502 W ApplicationInfo: Large ApplicationInfo parcel: size=17732 package=com.google.android.googlequicksearchbox sharedLibs=3 resDirs=2 overlayPaths=2
03-27 10:38:57.625  1638  1638 D CarrierSvcBindHelper: onPackageModified: co.ke.roadready.provider
03-27 10:38:57.635  1638  1705 I SatelliteAppTracker: onPackageModified : co.ke.roadready.provider
03-27 10:38:57.635  1638  1638 D CarrierSvcBindHelper: No carrier app for: 0
03-27 10:38:57.635  1638  1705 D SatelliteAppTracker: packageName: co.ke.roadready.provider, value: null
03-27 10:38:57.644  1170  1170 D ControlsListingControllerImpl: ServiceConfig reloaded, count: 0
03-27 10:38:57.655   679   719 D ActivityManager: sync unfroze 10916 com.android.vending for 3
03-27 10:38:57.664   679   719 D ActivityManager: sync unfroze 11194 com.android.vending:quick_launch for 3
03-27 10:38:57.664 10916 10916 I Finsky  : [2] Memory trim requested to level 40
03-27 10:38:57.664 11194 11211 I Finsky:quick_launch: [41] Stats for Executor: bgExecutor uww@23a5697[Running, pool size = 2, active threads = 0, queued tasks = 0, completed tasks = 2]
03-27 10:38:57.665 10916 10916 I Finsky  : [2] Flushing in-memory image cache
03-27 10:38:57.665  1638  1638 E SmsApplication: com.google.android.apps.messaging lost android:read_cell_broadcasts:  (fixing)
03-27 10:38:57.666 11194 11194 I Finsky:quick_launch: [2] Memory trim requested to level 40
03-27 10:38:57.667 11194 11211 I Finsky:quick_launch: [41] Stats for Executor: LightweightExecutor uww@dfec5fa[Running, pool size = 3, active threads = 0, queued tasks = 0, completed tasks = 43]
03-27 10:38:57.668   679  1502 W AppOpService: Ignored setUidMode call for runtime permission app op: uid = 10155, code = READ_CELL_BROADCASTS, mode = allow, callingUid = 1001, oldMode = allow
03-27 10:38:57.669   679  1124 D ShortcutService: received package broadcast intent: Intent { act=android.intent.action.PACKAGE_CHANGED dat=package: flg=0x5000010 (has extras) }
03-27 10:38:57.669   679  1124 D ShortcutService: changing package: co.ke.roadready.provider userId=0
03-27 10:38:57.665 10916 10940 I Finsky  : [41] Stats for Executor: BlockingExecutor uww@6c3c533[Running, pool size = 4, active threads = 0, queued tasks = 0, completed tasks = 301]
03-27 10:38:57.673   679   719 D ActivityManager: sync unfroze 11021 com.android.vending:background for 3
03-27 10:38:57.674 11021 11021 I Finsky:background: [2] Memory trim requested to level 40
03-27 10:38:57.675 11194 11215 I Finsky:quick_launch: [45] Current account updated in PVS
