03-27 10:39:02.339 12032 12032 I AconfigPackage: com.android.os.statsd.flags is mapped to com.android.os.statsd
03-27 10:39:02.343 12032 12032 W AconfigPackage: failed to map some package from com.android.webapp.package.map: java.lang.IndexOutOfBoundsException: index=0 out of bounds (limit=0, nb=4)
03-27 10:39:02.343 12032 12032 W AconfigPackage: failed to map some package from com.android.rkpd.package.map: java.lang.IndexOutOfBoundsException: index=0 out of bounds (limit=0, nb=4)
03-27 10:39:02.344   679  1075 D ConnectivityService: releasing NetworkRequest [ REQUEST id=220, [ Capabilities: INTERNET&NOT_RESTRICTED&TRUSTED&NOT_VCN_MANAGED&NOT_BANDWIDTH_CONSTRAINED Uid: 10168 RequestorUid: 10168 RequestorPkg: com.google.android.inputmethod.latin UnderlyingNetworks: Null] ] (release request)
03-27 10:39:02.344 12032 12032 W AconfigPackage: failed to map some package from com.android.cellbroadcast.package.map: java.lang.IndexOutOfBoundsException: index=0 out of bounds (limit=0, nb=4)
03-27 10:39:02.344 12032 12032 W AconfigPackage: failed to map some package from com.android.adservices.package.map: java.lang.IndexOutOfBoundsException: index=0 out of bounds (limit=0, nb=4)
03-27 10:39:02.346   679   721 I libprocessgroup: Removed cgroup /sys/fs/cgroup/apps/uid_10168/pid_10465
03-27 10:39:02.346 12032 12032 W AconfigPackage: failed to map some package from com.android.uwb.package.map: java.lang.IndexOutOfBoundsException: index=0 out of bounds (limit=0, nb=4)
03-27 10:39:02.347   679  1511 I WindowManager: WIN DEATH: Window{e3863b3 u0 InputMethod}
03-27 10:39:02.347 12032 12032 W AconfigPackage: failed to map some package from com.android.npumanager.package.map: java.lang.IndexOutOfBoundsException: index=0 out of bounds (limit=0, nb=4)
03-27 10:39:02.348 12032 12032 W AconfigPackage: failed to map some package from com.android.mediaprovider.package.map: java.lang.IndexOutOfBoundsException: index=0 out of bounds (limit=0, nb=4)
03-27 10:39:02.350 12032 12032 W AconfigPackage: failed to map some package from com.android.tethering.package.map: java.lang.IndexOutOfBoundsException: index=0 out of bounds (limit=0, nb=4)
03-27 10:39:02.352 12032 12032 W AconfigPackage: failed to map some package from com.android.virt.package.map: java.lang.IndexOutOfBoundsException: index=0 out of bounds (limit=0, nb=4)
03-27 10:39:02.353 12032 12032 E FeatureFlagsImplExport: android.os.flagging.AconfigStorageReadException: ERROR_PACKAGE_NOT_FOUND: package android.xr cannot be found on the device
03-27 10:39:02.356   679   679 W InputMethodManagerService: Session failed to close due to remote exception
03-27 10:39:02.356   679   679 W InputMethodManagerService: android.os.DeadObjectException
03-27 10:39:02.356   679   679 W InputMethodManagerService: 	at android.os.BinderProxy.transactNative(Native Method)
03-27 10:39:02.356   679   679 W InputMethodManagerService: 	at android.os.BinderProxy.transact(BinderProxy.java:617)
03-27 10:39:02.356   679   679 W InputMethodManagerService: 	at com.android.internal.inputmethod.IInputMethodSession$Stub$Proxy.finishSession(IInputMethodSession.java:355)
03-27 10:39:02.356   679   679 W InputMethodManagerService: 	at com.android.server.inputmethod.InputMethodManagerService.finishSessionLocked(InputMethodManagerService.java:2694)
03-27 10:39:02.356   679   679 W InputMethodManagerService: 	at com.android.server.inputmethod.InputMethodManagerService.clearClientSessionLocked(InputMethodManagerService.java:2650)
03-27 10:39:02.356   679   679 W InputMethodManagerService: 	at com.android.server.inputmethod.InputMethodManagerService.lambda$onImeDisconnected$9(InputMethodManagerService.java:2791)
03-27 10:39:02.356   679   679 W InputMethodManagerService: 	at com.android.server.inputmethod.InputMethodManagerService.$r8$lambda$zON28B-JRwnBr7FLK_vxkgX7iTw(InputMethodManagerService.java:0)
03-27 10:39:02.356   679   679 W InputMethodManagerService: 	at com.android.server.inputmethod.InputMethodManagerService$$ExternalSyntheticLambda21.accept(R8$$SyntheticClass:0)
03-27 10:39:02.356   679   679 W InputMethodManagerService: 	at com.android.server.inputmethod.ClientController.forAllClients(ClientController.java:134)
03-27 10:39:02.356   679   679 W InputMethodManagerService: 	at com.android.server.inputmethod.InputMethodManagerService.onImeDisconnected(InputMethodManagerService.java:2795)
03-27 10:39:02.356   679   679 W InputMethodManagerService: 	at com.android.server.inputmethod.InputMethodBindingController.clearIme(InputMethodBindingController.java:791)
03-27 10:39:02.356   679   679 W InputMethodManagerService: 	at com.android.server.inputmethod.InputMethodBindingController.-$$Nest$mclearIme(InputMethodBindingController.java:0)
03-27 10:39:02.356   679   679 W InputMethodManagerService: 	at com.android.server.inputmethod.InputMethodBindingController$BackgroundConnection.onServiceDisconnected(InputMethodBindingController.java:589)
03-27 10:39:02.356   679   679 W InputMethodManagerService: 	at android.app.LoadedApk$ServiceDispatcher.doDeath(LoadedApk.java:2473)
03-27 10:39:02.356   679   679 W InputMethodManagerService: 	at android.app.LoadedApk$ServiceDispatcher$RunConnection.run(LoadedApk.java:2491)
03-27 10:39:02.356   679   679 W InputMethodManagerService: 	at android.os.Handler.handleCallback(Handler.java:1095)
03-27 10:39:02.356   679   679 W InputMethodManagerService: 	at android.os.Handler.dispatchMessageImpl(Handler.java:135)
03-27 10:39:02.356   679   679 W InputMethodManagerService: 	at android.os.Handler.dispatchMessage(Handler.java:125)
03-27 10:39:02.356   679   679 W InputMethodManagerService: 	at android.os.Looper.loopOnce(Looper.java:292)
03-27 10:39:02.356   679   679 W InputMethodManagerService: 	at android.os.Looper.loop(Looper.java:393)
03-27 10:39:02.356   679   679 W InputMethodManagerService: 	at com.android.server.SystemServer.run(SystemServer.java:1092)
03-27 10:39:02.356   679   679 W InputMethodManagerService: 	at com.android.server.SystemServer.main(SystemServer.java:721)
03-27 10:39:02.356   679   679 W InputMethodManagerService: 	at java.lang.reflect.Method.invoke(Native Method)
03-27 10:39:02.356   679   679 W InputMethodManagerService: 	at com.android.internal.os.RuntimeInit$MethodAndArgsCaller.run(RuntimeInit.java:575)
03-27 10:39:02.356   679   679 W InputMethodManagerService: 	at com.android.internal.os.ZygoteInit.main(ZygoteInit.java:917)
03-27 10:39:02.364   679   833 W InputDispatcher: channel 'stylus-handwriting-event-receiver-0' ~ Consumer closed input channel or an error occurred.  events=0x9
03-27 10:39:02.364   679   833 E InputDispatcher: channel 'stylus-handwriting-event-receiver-0' ~ Channel is unrecoverably broken and will be disposed!
03-27 10:39:02.367   679  1075 D InetDiagMessage: Destroyed 0 sockets, proto=IPPROTO_TCP, family=AF_INET, states=14
03-27 10:39:02.369   679  1075 D InetDiagMessage: Destroyed 0 sockets, proto=IPPROTO_TCP, family=AF_INET6, states=14
03-27 10:39:02.375   679   713 W ActivityManager: setHasOverlayUi called on unknown pid: 10465
03-27 10:39:02.375   679  1075 D InetDiagMessage: Destroyed live tcp sockets for uids={10168} in 19ms
03-27 10:39:02.376   679  1075 D InetDiagMessage: Destroyed 0 sockets, proto=IPPROTO_TCP, family=AF_INET, states=14
03-27 10:39:02.378   679  1075 D InetDiagMessage: Destroyed 0 sockets, proto=IPPROTO_TCP, family=AF_INET6, states=14
03-27 10:39:02.379   679  1075 D InetDiagMessage: Destroyed live tcp sockets for uids={20168} in 3ms
03-27 10:39:02.384   679   834 D EventHub: No input device configuration file found for device 'Monkey touch'.
03-27 10:39:02.385   679   834 I EventHub: usingClockIoctl=true
03-27 10:39:02.385   679   834 I EventHub: New device: id=16, fd=250, path='/dev/input/event14', name='Monkey touch', classes=TOUCH | TOUCH_MT, configuration='', keyLayout='', keyCharacterMap='', builtinKeyboard=false, 
03-27 10:39:02.391   679   834 I InputReader: Device reconfigured: id=16, name='Monkey touch', size 1080x2424, orientation Rotation0, mode DIRECT, display id 0
03-27 10:39:02.391   679   834 I InputReader: Device added: id=16, eventHubId=16, name='Monkey touch', descriptor='e1fe28b90f915c7d1febbd52c1ef84b3c4cbed9f',sources=TOUCHSCREEN
03-27 10:39:02.393 12032 12032 W Monkey  :  arg: "-p"
03-27 10:39:02.393 12032 12032 W Monkey  :  arg: "co.ke.roadready.provider"
03-27 10:39:02.393 12032 12032 W Monkey  :  arg: "-c"
03-27 10:39:02.393 12032 12032 W Monkey  :  arg: "android.intent.category.LAUNCHER"
03-27 10:39:02.394 12032 12032 W Monkey  :  arg: "1"
03-27 10:39:02.394 12032 12032 W Monkey  : data="co.ke.roadready.provider"
03-27 10:39:02.394 12032 12032 W Monkey  : data="android.intent.category.LAUNCHER"
03-27 10:39:02.429   506   582 W skia    : AGTM parsing failed flags.readFromStream(s) at 159
03-27 10:39:02.429   506   582 W skia    : AGTM parsing failed flags.readFromStream(s) at 159
03-27 10:39:02.447   679   713 D WindowManager: Direct invocation of sendNewConfiguration: Display{#0 state=ON size=1080x2424 ROTATION_0}
03-27 10:39:02.454  1170  1244 V ShellDesktopMode: DesktopDisplayModeController: canDesktopFirstModeBeEnabledOnDefaultDisplay: isDefaultDisplayDesktopEligible=false
03-27 10:39:02.455 11897 11911 D DesktopExperienceFlags: Toggle override initialized to: false
03-27 10:39:02.456  1170  1244 V WindowManagerShell: Directly starting a new transition type=CHANGE wct=WindowContainerTransaction { changes= {android.os.BinderProxy@df660f8={isTaskMoveAllowed:false,}} hops= [] flags= 0 errorCallbackToken=null taskFragmentOrganizer=null } handler=null
03-27 10:39:02.457   679  1502 V WindowManager: deferTransitionReady deferReadyDepth=1 stack=com.android.server.wm.WindowOrganizerController.applyTransaction:717 com.android.server.wm.WindowOrganizerController.applyTransaction:651 com.android.server.wm.WindowOrganizerController.lambda$startTransition$3:388 com.android.server.wm.WindowOrganizerController.$r8$lambda$PHnU0rj5Bcvaq0dL-Wi7kOJt8bo:0 com.android.server.wm.WindowOrganizerController$$ExternalSyntheticLambda5.onCollectStarted:0 
03-27 10:39:02.459   679  1502 V WindowManager: continueTransitionReady deferReadyDepth=0 stack=com.android.server.wm.WindowOrganizerController.applyTransaction:864 com.android.server.wm.WindowOrganizerController.applyTransaction:651 com.android.server.wm.WindowOrganizerController.lambda$startTransition$3:388 com.android.server.wm.WindowOrganizerController.$r8$lambda$PHnU0rj5Bcvaq0dL-Wi7kOJt8bo:0 com.android.server.wm.WindowOrganizerController$$ExternalSyntheticLambda5.onCollectStarted:0 
03-27 10:39:02.465   679   718 W ActivityManager: Rescheduling restart of crashed service com.google.android.gms/.icing.service.IndexWorkerService in 842ms for mem-pressure-event
03-27 10:39:02.466   679   718 W ActivityManager: Rescheduling restart of crashed service com.google.android.gms/.chimera.GmsIntentOperationService in 10842ms for mem-pressure-event
03-27 10:39:02.466   679   718 W ActivityManager: Rescheduling restart of crashed service com.google.android.inputmethod.latin/com.android.inputmethod.latin.LatinIME in 20842ms for mem-pressure-event
03-27 10:39:02.468   679   710 V WindowManager: Sent Transition (#55) createdAt=03-27 10:39:02.456
03-27 10:39:02.468   679   710 V WindowManager:     startWCT=WindowContainerTransaction { changes= {RemoteToken{6e038d DefaultTaskDisplayArea@1591504}={isTaskMoveAllowed:false,}} hops= [] flags= 0 errorCallbackToken=null taskFragmentOrganizer=null }
03-27 10:39:02.468   679   710 V WindowManager:     info={id=55 t=CHANGE f=0x0 trk=0 r=[] c=[]}
03-27 10:39:02.472  1170  1339 V WindowManagerShell: onTransitionReady(transaction=2916282797489)
03-27 10:39:02.473   679  1502 W ActivityManager: registerReceiverWithFeature: no app for null
03-27 10:39:02.473   506   644 I libbinder.BpBinder: onLastStrongRef automatically unlinking death recipients for binder (0x74c433c3cf80) with descriptor: '(not cached)'
03-27 10:39:02.474  1170  1244 V WindowManagerShell: onTransitionReady (#55) android.os.BinderProxy@710adb3: {id=55 t=CHANGE f=0x0 trk=0 r=[] c=[]}
03-27 10:39:02.475  1170  1244 V WindowManagerShell: No transition roots in (#55) android.os.BinderProxy@710adb3@0 so abort
03-27 10:39:02.477  1170  1244 V WindowManagerShell: Transition animation finished (aborted=true), notifying core (#55) android.os.BinderProxy@710adb3@0
03-27 10:39:02.488   679   710 V WindowManager: Finish Transition (#55): created at 03-27 10:39:02.456 collect-started=0.634ms started=0.697ms ready=2.962ms sent=6.636ms commit=21.302ms finished=30.322ms
03-27 10:39:02.492  1170  1244 V WindowManagerShell: Track 0 became idle
03-27 10:39:02.493  1170  1244 V WindowManagerShell: All active transition animations finished
03-27 10:39:02.525   679  1502 W ActivityTaskManager: callingPackage for (uid=2000, pid=12032) has no WPC
03-27 10:39:02.547   679  1502 V GrammaticalInflectionUtils: AttributionSource: android.content.AttributionSource@9f32e22d does not have READ_SYSTEM_GRAMMATICAL_GENDER permission.
03-27 10:39:02.548   506   582 W skia    : AGTM parsing failed flags.readFromStream(s) at 159
03-27 10:39:02.548   506   582 W skia    : AGTM parsing failed flags.readFromStream(s) at 159
03-27 10:39:02.560 10234 10234 D RecentsView: onTaskDisplayChanged: 9, new displayId = 0
03-27 10:39:02.564   506   567 I libbinder.BpBinder: onLastStrongRef automatically unlinking death recipients for binder (0x74c433c468d0) with descriptor: '(not cached)'
03-27 10:39:02.591   679  1502 V ActivityTaskManager: TaskLaunchParamsModifier: phase=3 task=Task{311e16 #9 type=standard A=10229:co.ke.roadready.provider} activity=ActivityRecord{140293937 u0 co.ke.roadready.provider/.MainActivity t-1} display-from-task=0 display-id=0 task-display-area-windowing-mode=1 suggested-display-area=DefaultTaskDisplayArea@1591504 inherit-from-task=fullscreen non-freeform-task-display-area display-area=DefaultTaskDisplayArea@1591504 skip-bounds-fullscreen
03-27 10:39:02.591   679  1502 I ActivityTaskManager: START u0 {act=android.intent.action.MAIN cat=[android.intent.category.LAUNCHER] flg=0x10200000 cmp=co.ke.roadready.provider/.MainActivity} with LAUNCH_SINGLE_TASK from uid 2000 (com.android.shell) (BAL_ALLOW_PERMISSION) result code=0
03-27 10:39:02.591 10234 10234 D BaseActivity: Launcher flags updated: [state_started|state_resumed|state_deferred_resumed|state_window_focused|state_user_active] -[]
03-27 10:39:02.595 12032 12032 I Monkey  : Events injected: 1
03-27 10:39:02.595  1170  1244 V WindowManagerShell: Transition requested (#56): android.os.BinderProxy@37702e9 TransitionRequestInfo { type = OPEN, triggerTask = TaskInfo{userId=0 taskId=9 effectiveUid=10229 displayId=0 isRunning=true baseIntent=Intent { act=android.intent.action.MAIN cat=[android.intent.category.LAUNCHER] flg=0x10200000 cmp=co.ke.roadready.provider/.MainActivity } baseActivity=ComponentInfo{co.ke.roadready.provider/co.ke.roadready.provider.MainActivity} topActivity=ComponentInfo{co.ke.roadready.provider/co.ke.roadready.provider.MainActivity} origActivity=null realActivity=ComponentInfo{co.ke.roadready.provider/co.ke.roadready.provider.MainActivity} realActivityIsAppLockEnabled=false numActivities=1 lastActiveTime=1048473 supportsMultiWindow=true supportsMultiWindowWithoutConstraints=true resizeMode=1 isResizeable=true minWidth=-1 minHeight=-1 defaultMinSize=220 token=WCT{android.os.BinderProxy@5c56b6e} topActivityType=1 pictureInPictureParams=null shouldDockBigOverlays=false launchIntoPipHostTaskId=-1 lastParentTaskIdBeforePip=-1 displayCutoutSafeInsets=Rect(0, 142 - 0, 0) topActivityInfo=ActivityInfo{de720f co.ke.roadready.provider.MainActivity} launchCookies=[] positionInParent=Point(0, 0) parentTaskId=-1 isFocused=false isInteractive=false isVisible=false isVisibleRequested=false isTopActivityNoDisplay=false isSleeping=false locusId=null displayAreaFeatureId=1 isTopActivityTransparent=false isActivityStackTransparent=false lastNonFullscreenBounds=null leafTaskBoundsFromOptions= false capturedLink=null capturedLinkTimestamp=0 requestedVisibleTypes=503 topActivityRequestOpenInBrowserEducationTimestamp=0 appCompatTaskInfo=AppCompatTaskInfo { topActivityInSizeCompat=false isLeafTask= true eligibleForLetterboxEducation= false isLetterboxEducationEnabled= true isLetterboxDoubleTapEnabled= false eligibleForUserAspectRatioButton= false topActivityBoundsLetterboxed= false isFromLetterboxDoubleTap= false topActivityLetterboxVerticalPosition= -1 topActivityLetterboxHorizontalPosition= -1 topActivityLetterboxWidth=-1 topActivityLetterboxHeight=-1 topActivityAppBounds=Rect(0, 142 - 1080, 2361) isUserFullscreenOverrideEnabled=false isSystemFullscreenOverrideEnabled=false hasMinAspectRatioOverride=false topActivityLetterboxBounds=null topNonResizableActivityAspectRatio=-1.0} topActivityMainWindowFrame=null isAppBubble=false}, pipChange = null, remoteTransitionInfo = null, displayChange = null, requestedLocation = null, userChange = null, windowingLayerChange = null, fullscreenRequestChange = null, flags = 0, debugId = 56 }
03-27 10:39:02.595  1170  1244 W DisconnectHandler: No disconnect change found in the transition, not handling request.
03-27 10:39:02.596  1170  1244 V ShellDesktopMode: DesktopTasksController: skipping handleRequest reason=triggerTask's display doesn't support desktop mode
03-27 10:39:02.596  1170  1244 D ShellSplitScreen: logExit: no-op, mLoggerSessionId is null
03-27 10:39:02.605 10234 10234 D BaseActivity: Launcher flags updated: [state_started|state_resumed|state_deferred_resumed|state_window_focused] -[state_user_active]
03-27 10:39:02.608 10234 10234 D BaseActivity: Launcher flags updated: [state_started|state_window_focused] -[state_resumed|state_deferred_resumed]
03-27 10:39:02.609 10234 10234 W SplitSelectStateCtor: Missing session instanceIds
03-27 10:39:02.609 10234 10234 D StatsLog: LAUNCHER_SPLIT_SELECTION_EXIT_INTERRUPTED
03-27 10:39:02.625   679  1501 V WindowManager: Defer transition id=56 for TaskFragmentTransaction=android.os.Binder@62874ab
03-27 10:39:02.630   679   713 V GrammaticalInflectionUtils: AttributionSource: android.content.AttributionSource@9f32e22d does not have READ_SYSTEM_GRAMMATICAL_GENDER permission.
03-27 10:39:02.639   679  1502 V WindowManager: Continue transition id=56 for TaskFragmentTransaction=android.os.Binder@62874ab
03-27 10:39:02.640  1170  1244 D WindowManagerShell: setLauncherKeepClearAreaHeight: visible=false, height=495
03-27 10:39:02.654   679   713 W ActivityManager: Slow operation: 70ms so far, now at startProcess: done starting proc!
03-27 10:39:02.660 12032 12032 I Monkey  : ## Network stats: elapsed time=136ms (0ms mobile, 0ms wifi, 136ms not connected)
03-27 10:39:02.667  1170  1244 V RecentTasksController: Notify recent tasks changed
03-27 10:39:02.668 12032 12032 I app_process: System.exit called, status: 0
03-27 10:39:02.668 12032 12032 I AndroidRuntime: VM exiting with result code 0.
03-27 10:39:02.679   679  1502 W InputChannel-JNI: Channel already disposed.
03-27 10:39:02.693 10234 10234 D RecentTasksList: invalidateLoadedTasks - previous requestLoadId: -1
03-27 10:39:02.695 10234 10234 D BaseActivity: Launcher flags updated: [state_started] -[state_window_focused]
03-27 10:39:02.720   461   461 D Zygote  : Forked child process 12057
03-27 10:39:02.723  1170  1307 I Surface : Creating surface for consumer unnamed-1170-6 with slotExpansion=1 for 64 slots
03-27 10:39:02.728   679   720 W ActivityManager: Slow operation: 97ms so far, now at startProcess: returned from zygote!
03-27 10:39:02.755   679   720 W ActivityManager: Slow operation: 124ms so far, now at startProcess: done updating battery stats
03-27 10:39:02.760   679   720 W ActivityManager: Slow operation: 129ms so far, now at startProcess: building log message
03-27 10:39:02.760   679   720 I ActivityManager: Start proc 12057:co.ke.roadready.provider/u0a229 for next-top-activity {co.ke.roadready.provider/co.ke.roadready.provider.MainActivity}
03-27 10:39:02.760   679   720 W ActivityManager: Slow operation: 129ms so far, now at startProcess: starting to update pids map
03-27 10:39:02.760   679   720 W ActivityManager: Slow operation: 130ms so far, now at startProcess: done updating pids map
03-27 10:39:02.777  1170  1244 V RecentTasksController: Notify recent tasks changed
03-27 10:39:02.785   679   834 I EventHub: Removing device Monkey touch due to epoll hang-up event.
03-27 10:39:02.788   679   834 I EventHub: Removed device: path=/dev/input/event14 name=Monkey touch id=16 fd=250 classes=TOUCH | TOUCH_MT
03-27 10:39:02.789 12057 12057 I Zygote  : Process 12057 created for co.ke.roadready.provider
03-27 10:39:02.790 12057 12057 I dready.provider: Using generational CollectorTypeCMC GC.
03-27 10:39:02.791 12057 12057 W dready.provider: Unexpected CPU variant for x86: x86_64.
03-27 10:39:02.791 12057 12057 W dready.provider: Known variants: atom, sandybridge, silvermont, goldmont, goldmont-plus, goldmont-without-sha-xsaves, tremont, kabylake, alderlake, lunarlake, default
03-27 10:39:02.809   679   834 I InputReader: Device removed: id=16, eventHubId=16, name='Monkey touch', descriptor='e1fe28b90f915c7d1febbd52c1ef84b3c4cbed9f', sources=TOUCHSCREEN
03-27 10:39:02.859 12057 12057 D nativeloader: Load libframework-connectivity-tiramisu-jni.so using APEX ns com_android_tethering for caller /apex/com.android.tethering/javalib/framework-connectivity-t.jar: ok
03-27 10:39:02.878   679   834 I EventHub: Removing device '/dev/input/event14' due to inotify event
03-27 10:39:02.887 10234 10234 D RecentTasksList: invalidateLoadedTasks - previous requestLoadId: -1
03-27 10:39:02.934  1170  1244 V ShellDesktopMode: DesktopDisplayModeController: canDesktopFirstModeBeEnabledOnDefaultDisplay: isDefaultDisplayDesktopEligible=false
03-27 10:39:02.940  1170  1170 D NavigationModeController: getCurrentUserContext: contextUser=0 currentUser=0
03-27 10:39:02.949   679   713 W PermissionService: getPermissionFlags: Unknown user -1
03-27 10:39:02.975 12057 12057 D CompatChangeReporter: Compat change id reported: 242716250; UID 10229; state: ENABLED
03-27 10:39:02.979   679   713 W PermissionService: getPermissionFlags: Unknown user -1
03-27 10:39:02.983  1170  1244 V WindowManagerShell: Directly starting a new transition type=CHANGE wct=WindowContainerTransaction { changes= {android.os.BinderProxy@df660f8={isTaskMoveAllowed:false,}} hops= [] flags= 0 errorCallbackToken=null taskFragmentOrganizer=null } handler=null
03-27 10:39:02.992   679  1506 V WindowManager: Queueing transition: TransitionRecord{2d8249 id=-1 type=CHANGE flags=0x0 parallelCollectType=NONE recentsDisplayId=-1}
03-27 10:39:02.998   679   679 E PersonalContext: No user state for user -1
03-27 10:39:03.103 12057 12057 D ApplicationLoaders: Returning zygote-cached class loader: /system/framework/org.apache.http.legacy.jar
03-27 10:39:03.118   679   815 V GrammaticalInflectionUtils: AttributionSource: android.content.AttributionSource@1d8292f9 does not have READ_SYSTEM_GRAMMATICAL_GENDER permission.
03-27 10:39:03.131 12057 12057 D nativeloader: Configuring clns-9 for other apk /data/app/~~O6POpeUl1m8-b7bTr4ZbeA==/co.ke.roadready.provider-4A3AjUqd8WGK7RF96r61Uw==/base.apk. target_sdk_version=34, uses_libraries=, library_path=/data/app/~~O6POpeUl1m8-b7bTr4ZbeA==/co.ke.roadready.provider-4A3AjUqd8WGK7RF96r61Uw==/lib/x86_64:/data/app/~~O6POpeUl1m8-b7bTr4ZbeA==/co.ke.roadready.provider-4A3AjUqd8WGK7RF96r61Uw==/base.apk!/lib/x86_64, permitted_path=/data:/mnt/expand:/data/user/0/co.ke.roadready.provider
03-27 10:39:03.144   461   461 D Zygote  : Forked child process 12073
03-27 10:39:03.149   679   720 I ActivityManager: Start proc 12073:com.google.android.partnersetup/u0a153 for bound-service {com.google.android.partnersetup/com.google.android.partnersetup.ClientIdJobService}
03-27 10:39:03.165 12057 12057 V GraphicsEnvironment: Currently set values for:
03-27 10:39:03.165 12057 12057 V GraphicsEnvironment:   angle_gl_driver_selection_pkgs=[]
03-27 10:39:03.165 12057 12057 V GraphicsEnvironment:   angle_gl_driver_selection_values=[]
03-27 10:39:03.165 12057 12057 V GraphicsEnvironment: co.ke.roadready.provider is not listed in per-application setting
03-27 10:39:03.166 12057 12057 V GraphicsEnvironment: No special selections for ANGLE, returning default driver choice
03-27 10:39:03.169 12057 12057 V GraphicsEnvironment: Neither updatable production driver nor prerelease driver is supported.
03-27 10:39:03.184 12073 12073 I Zygote  : Process 12073 created for com.google.android.partnersetup
03-27 10:39:03.185 12073 12073 I id.partnersetup: Using generational CollectorTypeCMC GC.
03-27 10:39:03.193 12073 12073 W id.partnersetup: Unexpected CPU variant for x86: x86_64.
03-27 10:39:03.193 12073 12073 W id.partnersetup: Known variants: atom, sandybridge, silvermont, goldmont, goldmont-plus, goldmont-without-sha-xsaves, tremont, kabylake, alderlake, lunarlake, default
03-27 10:39:03.215   461   461 D Zygote  : Forked child process 12081
03-27 10:39:03.216 12073 12073 D nativeloader: Load libframework-connectivity-tiramisu-jni.so using APEX ns com_android_tethering for caller /apex/com.android.tethering/javalib/framework-connectivity-t.jar: ok
03-27 10:39:03.217   679   720 I ActivityManager: Start proc 12081:com.android.vending/u0a154 for bound-service {com.android.vending/com.google.android.finsky.scheduler.process.mainimpl.PhoneskyJobServiceMain}
03-27 10:39:03.233  1170  1307 E ConsumerBase: [ImageReader-420x420f1u2816m2-1170-0] abandonLocked: ConsumerBase is abandoned!
03-27 10:39:03.255 12081 12081 I Zygote  : Process 12081 created for com.android.vending
03-27 10:39:03.256 12081 12081 I android.vending: Using generational CollectorTypeCMC GC.
03-27 10:39:03.263 12081 12081 W android.vending: Unexpected CPU variant for x86: x86_64.
03-27 10:39:03.263 12081 12081 W android.vending: Known variants: atom, sandybridge, silvermont, goldmont, goldmont-plus, goldmont-without-sha-xsaves, tremont, kabylake, alderlake, lunarlake, default
03-27 10:39:03.283  9581  9716 W AiAiEcho: LyftNotificationParser Ridesharing ETA not enabled
03-27 10:39:03.283  9581  9716 I AiAiEcho: SmartspaceNotificationPredictor no parser can handle this notification or notification is invalid
03-27 10:39:03.288  1170  1306 I Choreographer: Skipped 37 frames!  The application may be doing too much work on its main thread.
03-27 10:39:03.292  1170  1306 D WindowOnBackDispatcher: setTopOnBackInvokedCallback (unwrapped): android.view.ViewRootImpl$$ExternalSyntheticLambda13@a2a13da
03-27 10:39:03.295   679  1501 D CoreBackPreview: Window{8b29a9e u0 Splash Screen co.ke.roadready.provider}: Setting back callback OnBackInvokedCallbackInfo{mCallback=android.window.IOnBackInvokedCallback$Stub$Proxy@76cc67b, mPriority=0, mIsAnimationCallback=false, mOverrideBehavior=0}
03-27 10:39:03.298   679  1506 D WindowManager: setClientSurface Surface(name=VRI-Splash Screen co.ke.roadready.provider#316)/@0xbec2c98 for 8b29a9e Splash Screen co.ke.roadready.provider
03-27 10:39:03.309  1170  1306 I Surface : Creating surface for consumer unnamed-1170-7 with slotExpansion=1 for 64 slots
03-27 10:39:03.315  1170  1306 I Surface : Creating surface for consumer VRI[provider]#6(BLAST Consumer)6 with slotExpansion=1 for 64 slots
03-27 10:39:03.321 12073 12073 D ApplicationLoaders: Returning zygote-cached class loader: /system/framework/org.apache.http.legacy.jar
03-27 10:39:03.361 12073 12073 D nativeloader: InitLlndkLibrariesProduct: libEGL.so:libGLESv1_CM.so:libGLESv2.so:libGLESv3.so:libRS.so:libandroid_net.so:libapexsupport.so:libavf.so:libbinder_ndk.so:libc.so:libcamera_metadata.so:libcgrouprc.so:libclang_rt.asan-x86_64-android.so:libcom.android.tethering.connectivity_native.so:libdl.so:libft2.so:liblog.so:libm.so:libmediandk.so:libnativewindow.so:libneuralnetworks.so:libselinux.so:libsync.so:libvendorsupport.so:libvndksupport.so:libvulkan.so
03-27 10:39:03.361 12073 12073 D nativeloader: Configuring product-clns-9 for unbundled product apk /product/priv-app/PartnerSetupPrebuilt/PartnerSetupPrebuilt.apk. target_sdk_version=36, uses_libraries=, library_path=/product/priv-app/PartnerSetupPrebuilt/lib/x86_64:/product/lib64:/system/product/lib64, permitted_path=/data:/mnt/expand:/data/user/0/com.google.android.partnersetup:/product/lib64:/system/product/lib64
03-27 10:39:03.364 12073 12073 D nativeloader: InitVndkspLibrariesProduct: VNDK is deprecated with product
03-27 10:39:03.387 12073 12073 V GraphicsEnvironment: Currently set values for:
03-27 10:39:03.388 12073 12073 V GraphicsEnvironment:   angle_gl_driver_selection_pkgs=[]
03-27 10:39:03.388 12073 12073 V GraphicsEnvironment:   angle_gl_driver_selection_values=[]
03-27 10:39:03.388 12073 12073 V GraphicsEnvironment: com.google.android.partnersetup is not listed in per-application setting
03-27 10:39:03.388 12073 12073 V GraphicsEnvironment: No special selections for ANGLE, returning default driver choice
03-27 10:39:03.393 12073 12073 V GraphicsEnvironment: Neither updatable production driver nor prerelease driver is supported.
03-27 10:39:03.417   679   720 W ActivityManager: Slow operation: 93ms so far, now at startProcess: asking zygote to start proc
03-27 10:39:03.428 12081 12081 D nativeloader: Load libframework-connectivity-tiramisu-jni.so using APEX ns com_android_tethering for caller /apex/com.android.tethering/javalib/framework-connectivity-t.jar: ok
03-27 10:39:03.458   461   461 D Zygote  : Forked child process 12098
03-27 10:39:03.474   679   720 W ActivityManager: Slow operation: 150ms so far, now at startProcess: returned from zygote!
03-27 10:39:03.475   679   720 W ActivityManager: Slow operation: 150ms so far, now at startProcess: done updating battery stats
03-27 10:39:03.477   679   720 W ActivityManager: Slow operation: 152ms so far, now at startProcess: building log message
03-27 10:39:03.477   679   720 I ActivityManager: Start proc 12098:com.google.android.gms/u0a214 for started-service {com.google.android.gms/com.google.android.gms.icing.service.IndexWorkerService}
03-27 10:39:03.477   679   720 W ActivityManager: Slow operation: 153ms so far, now at startProcess: starting to update pids map
03-27 10:39:03.478   679   720 W ActivityManager: Slow operation: 153ms so far, now at startProcess: done updating pids map
03-27 10:39:03.493 12098 12098 I Zygote  : Process 12098 created for com.google.android.gms
03-27 10:39:03.493 12098 12098 I gle.android.gms: Using generational CollectorTypeCMC GC.
03-27 10:39:03.495 12098 12098 W gle.android.gms: Unexpected CPU variant for x86: x86_64.
03-27 10:39:03.495 12098 12098 W gle.android.gms: Known variants: atom, sandybridge, silvermont, goldmont, goldmont-plus, goldmont-without-sha-xsaves, tremont, kabylake, alderlake, lunarlake, default
03-27 10:39:03.512 12081 12081 D ApplicationLoaders: Returning zygote-cached class loader: /system/framework/org.apache.http.legacy.jar
03-27 10:39:03.513 12081 12081 D ApplicationLoaders: Returning zygote-cached class loader: /system_ext/framework/androidx.window.extensions.jar
03-27 10:39:03.513 12081 12081 D ApplicationLoaders: Returning zygote-cached class loader: /system_ext/framework/androidx.window.sidecar.jar
03-27 10:39:03.522 12098 12098 D nativeloader: Load libframework-connectivity-tiramisu-jni.so using APEX ns com_android_tethering for caller /apex/com.android.tethering/javalib/framework-connectivity-t.jar: ok
03-27 10:39:03.533 12073 12073 W JobInfo : Job 'com.google.android.partnersetup/.PhenotypeJobService#1' has a deadline with no functional constraints. The deadline won't improve job execution latency. Consider removing the deadline.
03-27 10:39:03.536   679   704 W JobInfo : Job 'com.google.android.partnersetup/.PhenotypeJobService#1' has a deadline with no functional constraints. The deadline won't improve job execution latency. Consider removing the deadline.
03-27 10:39:03.540 12081 12081 D nativeloader: InitLlndkLibrariesProduct: libEGL.so:libGLESv1_CM.so:libGLESv2.so:libGLESv3.so:libRS.so:libandroid_net.so:libapexsupport.so:libavf.so:libbinder_ndk.so:libc.so:libcamera_metadata.so:libcgrouprc.so:libclang_rt.asan-x86_64-android.so:libcom.android.tethering.connectivity_native.so:libdl.so:libft2.so:liblog.so:libm.so:libmediandk.so:libnativewindow.so:libneuralnetworks.so:libselinux.so:libsync.so:libvendorsupport.so:libvndksupport.so:libvulkan.so
03-27 10:39:03.541 12081 12081 D nativeloader: Configuring product-clns-9 for unbundled product apk /product/priv-app/Phonesky/Phonesky.apk. target_sdk_version=36, uses_libraries=, library_path=/product/priv-app/Phonesky/lib/x86_64:/product/priv-app/Phonesky/Phonesky.apk!/lib/x86_64:/product/lib64:/system/product/lib64, permitted_path=/data:/mnt/expand:/data/user/0/com.android.vending:/product/lib64:/system/product/lib64
03-27 10:39:03.543 12081 12081 D nativeloader: InitVndkspLibrariesProduct: VNDK is deprecated with product
03-27 10:39:03.560 12081 12081 V GraphicsEnvironment: Currently set values for:
03-27 10:39:03.564 12081 12081 V GraphicsEnvironment:   angle_gl_driver_selection_pkgs=[]
03-27 10:39:03.564 12081 12081 V GraphicsEnvironment:   angle_gl_driver_selection_values=[]
03-27 10:39:03.564 12081 12081 V GraphicsEnvironment: com.android.vending is not listed in per-application setting
03-27 10:39:03.564 12081 12081 V GraphicsEnvironment: No special selections for ANGLE, returning default driver choice
03-27 10:39:03.567 12081 12081 V GraphicsEnvironment: Neither updatable production driver nor prerelease driver is supported.
03-27 10:39:03.580 12057 12057 I FirebaseApp: Device unlocked: initializing all Firebase APIs for app [DEFAULT]
03-27 10:39:03.621 12057 12057 I FirebaseInitProvider: FirebaseApp initialization successful
03-27 10:39:03.627 12057 12057 D Sentry  : io.sentry.auto-init read: false
03-27 10:39:03.647  1170  1341 I HWUI    : Davey! duration=893ms; Flags=1, FrameTimelineVsyncId=29670, IntendedVsync=1048550506924, Vsync=1049167173566, InputEventId=0, HandleInputStart=1049177334694, AnimationStart=1049177398194, PerformTraversalsStart=1049177696694, DrawStart=1049345537294, FrameDeadline=1048567173590, FrameStartTime=1049174841694, FrameInterval=16666666, WorkloadTarget=16666666, SyncQueued=1049348006894, SyncStart=1049412815094, IssueDrawCommandsStart=1049421321594, SwapBuffers=1049437866094, FrameCompleted=1049509193894, DequeueBufferDuration=79400, QueueBufferDuration=1121500, GpuCompleted=1049509193894, SwapBuffersCompleted=1049487212794, DisplayPresentTime=20126216753738, CommandSubmissionCompleted=1049437866094, 
03-27 10:39:03.647   506   582 W skia    : AGTM parsing failed flags.readFromStream(s) at 159
03-27 10:39:03.648   506   582 W skia    : AGTM parsing failed flags.readFromStream(s) at 159
03-27 10:39:03.653  1170  1341 V WindowManagerShell: onTransitionReady(transaction=2916282797546)
03-27 10:39:03.655  1170  1244 V WindowManagerShell: onTransitionReady (#56) android.os.BinderProxy@37702e9: {id=56 t=OPEN f=0x0 trk=0 r=[0@Point(0, 0)] c=[
03-27 10:39:03.655  1170  1244 V WindowManagerShell:         {m=OPEN f=MOVE_TO_TOP leash=Surface(name=Task=9#313)/@0xfa61739 sb=Rect(0, 0 - 1080, 2424) eb=Rect(0, 0 - 1080, 2424) epz=Point(1080, 2424) d=0 taskParent=-1 winMode=1 userId=0},
03-27 10:39:03.655  1170  1244 V WindowManagerShell:         {m=TO_BACK f=SHOW_WALLPAPER leash=Surface(name=Task=1#34)/@0x3e1717e sb=Rect(0, 0 - 1080, 2424) eb=Rect(0, 0 - 1080, 2424) epz=Point(1080, 2424) d=0 taskParent=-1 winMode=1 userId=0},
03-27 10:39:03.655  1170  1244 V WindowManagerShell:         {m=TO_BACK f=IS_WALLPAPER leash=Surface(name=WallpaperWindowToken{71cefd8}#53)/@0xd05e6df sb=Rect(0, 0 - 1080, 2424) eb=Rect(0, 0 - 1080, 2424) epz=Point(1080, 2424) d=0}
03-27 10:39:03.655  1170  1244 V WindowManagerShell:     ]}
03-27 10:39:03.657  1170  1244 V WindowManagerShell: Playing animation for (#56) android.os.BinderProxy@37702e9@0
03-27 10:39:03.658  1170  1244 D ShellSplitScreen: startAnimation: transition=56 isSplitActive=false
03-27 10:39:03.658  1170  1244 V ShellRecents: RecentsTransitionHandler.startAnimation: no controller found
03-27 10:39:03.658  1170  1244 V ShellDesktopMode: DesktopMixedTransitionHandler: No pending desktop transition
03-27 10:39:03.659  1170  1244 V WindowManagerShell: Transition doesn't have explicit remote, search filters for match for {id=56 t=OPEN f=0x0 trk=0 r=[0@Point(0, 0)] c=[{m=OPEN f=MOVE_TO_TOP leash=Surface(name=Task=9#313)/@0xfa61739 sb=Rect(0, 0 - 1080, 2424) eb=Rect(0, 0 - 1080, 2424) epz=Point(1080, 2424) d=0 taskParent=-1 winMode=1 userId=0},{m=TO_BACK f=SHOW_WALLPAPER leash=Surface(name=Task=1#34)/@0x3e1717e sb=Rect(0, 0 - 1080, 2424) eb=Rect(0, 0 - 1080, 2424) epz=Point(1080, 2424) d=0 taskParent=-1 winMode=1 userId=0},{m=TO_BACK f=IS_WALLPAPER leash=Surface(name=WallpaperWindowToken{71cefd8}#53)/@0xd05e6df sb=Rect(0, 0 - 1080, 2424) eb=Rect(0, 0 - 1080, 2424) epz=Point(1080, 2424) d=0}]}
03-27 10:39:03.660  1170  1244 V WindowManagerShell:  Checking filter Pair{{types=[] flags=0x0 notFlags=0x0 checks=[{atype=undefined independent=true modes=[CLOSE,TO_BACK] flags=IN_TASK_WITH_EMBEDDED_ACTIVITY mustBeTask=false order=ANY topActivity=null launchCookie=null taskFragmentToken=android.os.BinderProxy@1c99f95 windowingMode=undefined isCrossDisplayMove=false}]} RemoteTransition { remoteTransition = android.window.IRemoteTransition$Stub$Proxy@3b688aa, appThread = android.app.IApplicationThread$Stub$Proxy@fd82c9b, debugName = overlayBackTransition, filter = {types=[] flags=0x0 notFlags=0x0 checks=[{atype=undefined independent=true modes=[CLOSE,TO_BACK] flags=IN_TASK_WITH_EMBEDDED_ACTIVITY mustBeTask=false order=ANY topActivity=null launchCookie=null taskFragmentToken=android.os.BinderProxy@1c99f95 windowingMode=undefined isCrossDisplayMove=false}]} }}
03-27 10:39:03.660  1170  1244 V WindowManagerShell:  Checking filter Pair{{types=[OPEN,TO_FRONT] flags=0x0 notFlags=0x0 checks=[{atype=standard independent=true modes=[OPEN,TO_FRONT] flags=NONE mustBeTask=true order=ANY topActivity=null launchCookie=null windowingMode=freeform isCrossDisplayMove=false}]} RemoteTransition { remoteTransition = android.window.IRemoteTransition$Stub$Proxy@7846838, appThread = null, debugName = DesktopWindowLimitUnminimize, filter = {types=[OPEN,TO_FRONT] flags=0x0 notFlags=0x0 checks=[{atype=standard independent=true modes=[OPEN,TO_FRONT] flags=NONE mustBeTask=true order=ANY topActivity=null launchCookie=null windowingMode=freeform isCrossDisplayMove=false}]} }}
03-27 10:39:03.660  1170  1244 V WindowManagerShell:  Checking filter Pair{{types=[] flags=0x0 notFlags=0x0 checks=[{atype=dream independent=true modes=[OPEN,TO_FRONT] flags=NONE mustBeTask=false order=ANY topActivity=null launchCookie=null windowingMode=undefined isCrossDisplayMove=false},{atype=home independent=true modes=[CLOSE,TO_BACK] flags=NONE mustBeTask=false order=ANY topActivity=null launchCookie=null windowingMode=undefined isCrossDisplayMove=false}]} RemoteTransition { remoteTransition = android.window.IRemoteTransition$Stub$Proxy@e71a011, appThread = android.app.IApplicationThread$Stub$Proxy@34c8576, debugName = LauncherToDream, filter = {types=[] flags=0x0 notFlags=0x0 checks=[{atype=dream independent=true modes=[OPEN,TO_FRONT] flags=NONE mustBeTask=false order=ANY topActivity=null launchCookie=null windowingMode=undefined isCrossDisplayMove=false},{atype=home independent=true modes=[CLOSE,TO_BACK] flags=NONE mustBeTask=false order=ANY topActivity=null launchCookie=null windowingMode=undefined isCrossDisplayMove=false}]} }}
03-27 10:39:03.660   679   710 V WindowManager: Sent Transition (#56) createdAt=03-27 10:39:02.549 via request=TransitionRequestInfo { type = OPEN, triggerTask = TaskInfo{userId=0 taskId=9 effectiveUid=10229 displayId=0 isRunning=true baseIntent=Intent { act=android.intent.action.MAIN cat=[android.intent.category.LAUNCHER] flg=0x10200000 cmp=co.ke.roadready.provider/.MainActivity } baseActivity=ComponentInfo{co.ke.roadready.provider/co.ke.roadready.provider.MainActivity} topActivity=ComponentInfo{co.ke.roadready.provider/co.ke.roadready.provider.MainActivity} origActivity=null realActivity=ComponentInfo{co.ke.roadready.provider/co.ke.roadready.provider.MainActivity} realActivityIsAppLockEnabled=false numActivities=1 lastActiveTime=1048473 supportsMultiWindow=true supportsMultiWindowWithoutConstraints=true resizeMode=1 isResizeable=true minWidth=-1 minHeight=-1 defaultMinSize=220 token=WCT{RemoteToken{78febc8 Task{311e16 #9 type=standard A=10229:co.ke.roadready.provider}}} topActivityType=1 pictureInPictureParams=null shouldDockBigOverlays=false launchIntoPipHostTaskId=-1 lastParentTaskIdBeforePip=-1 displayCutoutSafeInsets=Rect(0, 142 - 0, 0) topActivityInfo=ActivityInfo{6ce8461 co.ke.roadready.provider.MainActivity} launchCookies=[] positionInParent=Point(0, 0) parentTaskId=-1 isFocused=false isInteractive=false isVisible=false isVisibleRequested=false isTopActivityNoDisplay=false isSleeping=false locusId=null displayAreaFeatureId=1 isTopActivityTransparent=false isActivityStackTransparent=false lastNonFullscreenBounds=null leafTaskBoundsFromOptions= false capturedLink=null capturedLinkTimestamp=0 requestedVisibleTypes=503 topActivityRequestOpenInBrowserEducationTimestamp=0 appCompatTaskInfo=AppCompatTaskInfo { topActivityInSizeCompat=false isLeafTask= true eligibleForLetterboxEducation= false isLetterboxEducationEnabled= true isLetterboxDoubleTapEnabled= false eligibleForUserAspectRatioButton= false topActivityBoundsLetterboxed= false isFromLetterboxDoubleTap= false topActivityLetterboxVerticalPosition= -1 topActivityLetterboxHorizontalPosition= -1 topActivityLetterboxWidth=-1 topActivityLetterboxHeight=-1 topActivityAppBounds=Rect(0, 142 - 1080, 2361) isUserFullscreenOverrideEnabled=false isSystemFullscreenOverrideEnabled=false hasMinAspectRatioOverride=false topActivityLetterboxBounds=null topNonResizableActivityAspectRatio=-1.0} topActivityMainWindowFrame=null isAppBubble=false}, pipChange = null, remoteTransitionInfo = null, displayChange = null, requestedLocation = null, userChange = null, windowingLayerChange = null, fullscreenRequestChange = null, flags = 0, debugId = 56 }
03-27 10:39:03.661  1170  1244 V WindowManagerShell:  Checking filter Pair{{types=[] flags=0x0 notFlags=0x0 checks=[{atype=standard independent=false modes=[CHANGE] flags=NONE mustBeTask=true order=ANY topActivity=null launchCookie=null windowingMode=undefined isCrossDisplayMove=true}]} RemoteTransition { remoteTransition = android.window.IRemoteTransition$Stub$Proxy@782f777, appThread = android.app.IApplicationThread$Stub$Proxy@733cfe4, debugName = QuickstepDisplayMove, filter = {types=[] flags=0x0 notFlags=0x0 checks=[{atype=standard independent=false modes=[CHANGE] flags=NONE mustBeTask=true order=ANY topActivity=null launchCookie=null windowingMode=undefined isCrossDisplayMove=true}]} }}
03-27 10:39:03.661   679   710 V WindowManager:     startWCT=WindowContainerTransaction { changes= {} hops= [] flags= 0 errorCallbackToken=null taskFragmentOrganizer=null }
03-27 10:39:03.662   679   710 V WindowManager:     info={id=56 t=OPEN f=0x0 trk=0 r=[0@Point(0, 0)] c=[
03-27 10:39:03.662   679   710 V WindowManager:         {WCT{RemoteToken{78febc8 Task{311e16 #9 type=standard A=10229:co.ke.roadready.provider}}} m=OPEN f=MOVE_TO_TOP leash=Surface(name=Task=9#313)/@0xd36d24f sb=Rect(0, 0 - 1080, 2424) eb=Rect(0, 0 - 1080, 2424) epz=Point(1080, 2424) d=0 taskParent=-1 winMode=1 userId=0},
03-27 10:39:03.662   679   710 V WindowManager:         {WCT{RemoteToken{beaa066 Task{31cd01 #1 type=home}}} m=TO_BACK f=SHOW_WALLPAPER leash=Surface(name=Task=1#34)/@0x1db118d sb=Rect(0, 0 - 1080, 2424) eb=Rect(0, 0 - 1080, 2424) epz=Point(1080, 2424) d=0 taskParent=-1 winMode=1 userId=0},
03-27 10:39:03.662   679   710 V WindowManager:         {m=TO_BACK f=IS_WALLPAPER leash=Surface(name=WallpaperWindowToken{71cefd8}#53)/@0x1e74325 sb=Rect(0, 0 - 1080, 2424) eb=Rect(0, 0 - 1080, 2424) epz=Point(1080, 2424) d=0}
03-27 10:39:03.662   679   710 V WindowManager:     ]}
03-27 10:39:03.662  1170  1244 V WindowManagerShell:  Checking filter Pair{{types=[] flags=0x0 notFlags=0x100 checks=[{atype=home independent=true modes=[OPEN,TO_FRONT] flags=NONE mustBeTask=false order=ANY topActivity=ComponentInfo{com.google.android.apps.nexuslauncher/com.google.android.apps.nexuslauncher.NexusLauncherActivity} launchCookie=null windowingMode=undefined isCrossDisplayMove=false},{atype=standard independent=true modes=[CLOSE,TO_BACK] flags=NONE mustBeTask=false order=ANY topActivity=null launchCookie=null windowingMode=undefined isCrossDisplayMove=false},{NOT atype=undefined independent=true modes=[] flags=NONE mustBeTask=true order=ANY topActivity=null launchCookie=null customAnim=true windowingMode=undefined isCrossDisplayMove=false}]} RemoteTransition { remoteTransition = android.window.IRemoteTransition$Stub$Proxy@8bf2c4d, appThread = android.app.IApplicationThread$Stub$Proxy@9738302, debugName = QuickstepLaunchHome, filter = {types=[] flags=0x0 notFlags=0x100 checks=[{atype=home independent=true modes=[OPEN,TO_FRONT] flags=NONE mustBeTask=false order=ANY topActivity=ComponentInfo{com.google.android.apps.nexuslauncher/com.google.android.apps.nexuslauncher.NexusLauncherActivity} launchCookie=null windowingMode=undefined isCrossDisplayMove=false},{atype=standard independent=true modes=[CLOSE,TO_BACK] flags=NONE mustBeTask=false order=ANY topActivity=null launchCookie=null windowingMode=undefined isCrossDisplayMove=false},{NOT atype=undefined independent=true modes=[] flags=NONE mustBeTask=true order=ANY topActivity=null launchCookie=null customAnim=true windowingMode=undefined isCrossDisplayMove=false}]} }}
03-27 10:39:03.662  1170  1244 V WindowManagerShell:  Delegate animation for (#56) to null
03-27 10:39:03.662  1170  1244 V WindowManagerShell: start default transition animation, info = {id=56 t=OPEN f=0x0 trk=0 r=[0@Point(0, 0)] c=[{m=OPEN f=MOVE_TO_TOP leash=Surface(name=Task=9#313)/@0xfa61739 sb=Rect(0, 0 - 1080, 2424) eb=Rect(0, 0 - 1080, 2424) epz=Point(1080, 2424) d=0 taskParent=-1 winMode=1 userId=0},{m=TO_BACK f=SHOW_WALLPAPER leash=Surface(name=Task=1#34)/@0x3e1717e sb=Rect(0, 0 - 1080, 2424) eb=Rect(0, 0 - 1080, 2424) epz=Point(1080, 2424) d=0 taskParent=-1 winMode=1 userId=0},{m=TO_BACK f=IS_WALLPAPER leash=Surface(name=WallpaperWindowToken{71cefd8}#53)/@0xd05e6df sb=Rect(0, 0 - 1080, 2424) eb=Rect(0, 0 - 1080, 2424) epz=Point(1080, 2424) d=0}]}
03-27 10:39:03.663 12098 12098 D ApplicationLoaders: Returning zygote-cached class loader: /system/framework/org.apache.http.legacy.jar
03-27 10:39:03.663 12098 12098 D ApplicationLoaders: Returning zygote-cached class loader: /system/framework/com.android.location.provider.jar
03-27 10:39:03.663 12098 12098 D ApplicationLoaders: Returning zygote-cached class loader: /system/framework/com.android.media.remotedisplay.jar
03-27 10:39:03.663 12098 12098 D ApplicationLoaders: Returning zygote-cached class loader: /system_ext/framework/androidx.window.extensions.jar
03-27 10:39:03.663 12098 12098 D ApplicationLoaders: Returning zygote-cached class loader: /system_ext/framework/androidx.window.sidecar.jar
03-27 10:39:03.663  1170  1244 V WindowManagerShell: loadAnimation: anim=android.view.animation.AnimationSet@c9f278a animAttr=0x13 type=OPEN isEntrance=false
03-27 10:39:03.679 12057 12057 D WM-WrkMgrInitializer: Initializing WorkManager with default configuration.
03-27 10:39:03.680  1170  1244 V WindowManagerShell: loadAnimation: anim=android.view.animation.AnimationSet@e7fd2d7 animAttr=0x12 type=OPEN isEntrance=true
03-27 10:39:03.681 12081 12081 I Finsky  : [2] Process created at version: 50.1.33-31 [0] [PR] 867780628
03-27 10:39:03.685  1170  1244 V WindowManagerShell:  animated by com.android.wm.shell.transition.DefaultTransitionHandler@5554e16
03-27 10:39:03.687  1170  1244 V ShellTaskOrganizer: Task appeared taskId=9 listener=FullscreenTaskListener
03-27 10:39:03.688  1170  1244 V ShellTaskOrganizer: Fullscreen Task Appeared: #9
03-27 10:39:03.688  1170  1244 V RecentTasksController: Notify recent tasks changed
03-27 10:39:03.699 10234 10234 D RecentTasksList: invalidateLoadedTasks - previous requestLoadId: -1
03-27 10:39:03.709   679   713 V WindowManager: deferTransitionReady deferReadyDepth=1 stack=com.android.server.wm.WindowOrganizerController.applyTransaction:717 com.android.server.wm.WindowOrganizerController.applyTransaction:641 com.android.server.wm.WindowOrganizerController.lambda$startTransition$3:388 com.android.server.wm.WindowOrganizerController.$r8$lambda$PHnU0rj5Bcvaq0dL-Wi7kOJt8bo:0 com.android.server.wm.WindowOrganizerController$$ExternalSyntheticLambda5.onCollectStarted:0 
03-27 10:39:03.709   679   713 V WindowManager: continueTransitionReady deferReadyDepth=0 stack=com.android.server.wm.WindowOrganizerController.applyTransaction:864 com.android.server.wm.WindowOrganizerController.applyTransaction:641 com.android.server.wm.WindowOrganizerController.lambda$startTransition$3:388 com.android.server.wm.WindowOrganizerController.$r8$lambda$PHnU0rj5Bcvaq0dL-Wi7kOJt8bo:0 com.android.server.wm.WindowOrganizerController$$ExternalSyntheticLambda5.onCollectStarted:0 
03-27 10:39:03.747   506   582 W skia    : AGTM parsing failed flags.readFromStream(s) at 159
03-27 10:39:03.748   506   582 W skia    : AGTM parsing failed flags.readFromStream(s) at 159
03-27 10:39:03.758 12057 12057 W SoLoader: Initializing SoLoader: 0
03-27 10:39:03.760   679  1511 D CompatChangeReporter: Compat change id reported: 161145287; UID 10229; state: ENABLED
03-27 10:39:03.763 12057 12057 W SoLoader: Recording new base apk path: /data/app/~~O6POpeUl1m8-b7bTr4ZbeA==/co.ke.roadready.provider-4A3AjUqd8WGK7RF96r61Uw==/base.apk
03-27 10:39:03.763 12057 12057 W SoLoader: Previously recorded 0 base apk paths.
03-27 10:39:03.779   506  1259 I libbinder.BpBinder: onLastStrongRef automatically unlinking death recipients for binder (0x74c433c42360) with descriptor: '(not cached)'
