--------- beginning of system
03-27 11:31:49.556   679  2164 W ActivityTaskManager: callingPackage for (uid=2000, pid=15819) has no WPC
--------- beginning of main
03-27 11:31:49.558   679  2164 V GrammaticalInflectionUtils: AttributionSource: android.content.AttributionSource@9f32e22d does not have READ_SYSTEM_GRAMMATICAL_GENDER permission.
03-27 11:31:49.568 10234 10234 D RecentsView: onTaskDisplayChanged: 12, new displayId = 0
03-27 11:31:49.577   506  1259 I libbinder.BpBinder: onLastStrongRef automatically unlinking death recipients for binder (0x74c433c457a0) with descriptor: '(not cached)'
03-27 11:31:49.612   679  2164 V ActivityTaskManager: TaskLaunchParamsModifier: phase=3 task=Task{fd02c0e #12 type=standard A=10229:co.ke.roadready.provider} activity=ActivityRecord{203940361 u0 co.ke.roadready.provider/.MainActivity t-1} display-from-task=0 display-id=0 task-display-area-windowing-mode=1 suggested-display-area=DefaultTaskDisplayArea@1591504 inherit-from-task=fullscreen non-freeform-task-display-area display-area=DefaultTaskDisplayArea@1591504 skip-bounds-fullscreen
03-27 11:31:49.613   679  2164 I ActivityTaskManager: START u0 {flg=0x10000000 xflg=0x5 cmp=co.ke.roadready.provider/.MainActivity} with LAUNCH_SINGLE_TASK from uid 2000 (com.android.shell) (BAL_ALLOW_PERMISSION) result code=0
03-27 11:31:49.614 10234 10234 D BaseActivity: Launcher flags updated: [state_started|state_resumed|state_deferred_resumed|state_window_focused|state_user_active] -[]
03-27 11:31:49.623  1170  1244 V WindowManagerShell: Transition requested (#69): android.os.BinderProxy@b85400 TransitionRequestInfo { type = OPEN, triggerTask = TaskInfo{userId=0 taskId=12 effectiveUid=10229 displayId=0 isRunning=true baseIntent=Intent { flg=0x10000000 cmp=co.ke.roadready.provider/.MainActivity } baseActivity=ComponentInfo{co.ke.roadready.provider/co.ke.roadready.provider.MainActivity} topActivity=ComponentInfo{co.ke.roadready.provider/co.ke.roadready.provider.MainActivity} origActivity=null realActivity=ComponentInfo{co.ke.roadready.provider/co.ke.roadready.provider.MainActivity} realActivityIsAppLockEnabled=false numActivities=1 lastActiveTime=4215497 supportsMultiWindow=true supportsMultiWindowWithoutConstraints=true resizeMode=1 isResizeable=true minWidth=-1 minHeight=-1 defaultMinSize=220 token=WCT{android.os.BinderProxy@13f439} topActivityType=1 pictureInPictureParams=null shouldDockBigOverlays=false launchIntoPipHostTaskId=-1 lastParentTaskIdBeforePip=-1 displayCutoutSafeInsets=Rect(0, 142 - 0, 0) topActivityInfo=ActivityInfo{9fe8a7e co.ke.roadready.provider.MainActivity} launchCookies=[] positionInParent=Point(0, 0) parentTaskId=-1 isFocused=false isInteractive=false isVisible=false isVisibleRequested=false isTopActivityNoDisplay=false isSleeping=false locusId=null displayAreaFeatureId=1 isTopActivityTransparent=false isActivityStackTransparent=false lastNonFullscreenBounds=null leafTaskBoundsFromOptions= false capturedLink=null capturedLinkTimestamp=0 requestedVisibleTypes=503 topActivityRequestOpenInBrowserEducationTimestamp=0 appCompatTaskInfo=AppCompatTaskInfo { topActivityInSizeCompat=false isLeafTask= true eligibleForLetterboxEducation= false isLetterboxEducationEnabled= true isLetterboxDoubleTapEnabled= false eligibleForUserAspectRatioButton= false topActivityBoundsLetterboxed= false isFromLetterboxDoubleTap= false topActivityLetterboxVerticalPosition= -1 topActivityLetterboxHorizontalPosition= -1 topActivityLetterboxWidth=-1 topActivityLetterboxHeight=-1 topActivityAppBounds=Rect(0, 142 - 1080, 2361) isUserFullscreenOverrideEnabled=false isSystemFullscreenOverrideEnabled=false hasMinAspectRatioOverride=false topActivityLetterboxBounds=null topNonResizableActivityAspectRatio=-1.0} topActivityMainWindowFrame=null isAppBubble=false}, pipChange = null, remoteTransitionInfo = null, displayChange = null, requestedLocation = null, userChange = null, windowingLayerChange = null, fullscreenRequestChange = null, flags = 0, debugId = 69 }
03-27 11:31:49.623  1170  1244 W DisconnectHandler: No disconnect change found in the transition, not handling request.
03-27 11:31:49.624  1170  1244 V ShellDesktopMode: DesktopTasksController: skipping handleRequest reason=triggerTask's display doesn't support desktop mode
03-27 11:31:49.626  1170  1244 D ShellSplitScreen: logExit: no-op, mLoggerSessionId is null
03-27 11:31:49.632   679  1924 W InputChannel-JNI: Channel already disposed.
03-27 11:31:49.632   679   713 V GrammaticalInflectionUtils: AttributionSource: android.content.AttributionSource@9f32e22d does not have READ_SYSTEM_GRAMMATICAL_GENDER permission.
03-27 11:31:49.633 10234 10234 D BaseActivity: Launcher flags updated: [state_started|state_resumed|state_deferred_resumed|state_window_focused] -[state_user_active]
03-27 11:31:49.638 10234 10234 D BaseActivity: Launcher flags updated: [state_started|state_window_focused] -[state_resumed|state_deferred_resumed]
03-27 11:31:49.640 10234 10234 W SplitSelectStateCtor: Missing session instanceIds
03-27 11:31:49.641 10234 10234 D StatsLog: LAUNCHER_SPLIT_SELECTION_EXIT_INTERRUPTED
03-27 11:31:49.641  1170  1244 V RecentTasksController: Notify recent tasks changed
03-27 11:31:49.646  1170  1244 D ShellDesktopMode: DesktopRepository(0): Removes freeform task: taskId=11
03-27 11:31:49.646  1170  1244 W ShellDesktopMode: DesktopRepository(0): No display id found for task: taskId=11
03-27 11:31:49.647  1170  1244 V RecentTasksController: Notify recent tasks changed
03-27 11:31:49.653  1170  1244 D WindowManagerShell: setLauncherKeepClearAreaHeight: visible=false, height=495
03-27 11:31:49.655  1170  1306 D WindowOnBackDispatcher: setTopOnBackInvokedCallback (unwrapped): android.view.ViewRootImpl$$ExternalSyntheticLambda13@476e6e2
03-27 11:31:49.659   679  1924 V WindowManager: Defer transition id=69 for TaskFragmentTransaction=android.os.Binder@4ecc941
03-27 11:31:49.663   679   704 D CoreBackPreview: Window{566fb1a u0 Splash Screen co.ke.roadready.provider}: Setting back callback OnBackInvokedCallbackInfo{mCallback=android.window.IOnBackInvokedCallback$Stub$Proxy@769aee6, mPriority=0, mIsAnimationCallback=false, mOverrideBehavior=0}
03-27 11:31:49.664 10234 10234 D RecentTasksList: invalidateLoadedTasks - previous requestLoadId: -1
03-27 11:31:49.664   679  1716 D WindowManager: setClientSurface Surface(name=VRI-Splash Screen co.ke.roadready.provider#404)/@0x72dbc27 for 566fb1a Splash Screen co.ke.roadready.provider
03-27 11:31:49.673 10234 10234 D RecentTasksList: invalidateLoadedTasks - previous requestLoadId: -1
03-27 11:31:49.679  1170  1306 I Surface : Creating surface for consumer unnamed-1170-12 with slotExpansion=1 for 64 slots
03-27 11:31:49.683  1170  1306 I Surface : Creating surface for consumer VRI[provider]#9(BLAST Consumer)9 with slotExpansion=1 for 64 slots
03-27 11:31:49.683   679  1716 V WindowManager: Continue transition id=69 for TaskFragmentTransaction=android.os.Binder@4ecc941
03-27 11:31:49.687   461   461 D Zygote  : Forked child process 15823
03-27 11:31:49.687   679   720 W ActivityManager: Slow operation: 54ms so far, now at startProcess: returned from zygote!
03-27 11:31:49.688   679   720 W ActivityManager: Slow operation: 55ms so far, now at startProcess: done updating battery stats
03-27 11:31:49.688   679   720 W ActivityManager: Slow operation: 55ms so far, now at startProcess: building log message
03-27 11:31:49.688   679   720 I ActivityManager: Start proc 15823:co.ke.roadready.provider/u0a229 for next-top-activity {co.ke.roadready.provider/co.ke.roadready.provider.MainActivity}
03-27 11:31:49.688   679   720 W ActivityManager: Slow operation: 55ms so far, now at startProcess: starting to update pids map
03-27 11:31:49.713   679   720 W ActivityManager: Slow operation: 81ms so far, now at startProcess: done updating pids map
03-27 11:31:49.727 15823 15823 I Zygote  : Process 15823 created for co.ke.roadready.provider
03-27 11:31:49.728 15823 15823 I dready.provider: Using generational CollectorTypeCMC GC.
03-27 11:31:49.730 15823 15823 W dready.provider: Unexpected CPU variant for x86: x86_64.
03-27 11:31:49.730 15823 15823 W dready.provider: Known variants: atom, sandybridge, silvermont, goldmont, goldmont-plus, goldmont-without-sha-xsaves, tremont, kabylake, alderlake, lunarlake, default
03-27 11:31:49.749 15823 15823 D nativeloader: Load libframework-connectivity-tiramisu-jni.so using APEX ns com_android_tethering for caller /apex/com.android.tethering/javalib/framework-connectivity-t.jar: ok
03-27 11:31:49.763  1170  1244 V RecentTasksController: Notify recent tasks changed
03-27 11:31:49.805 15823 15823 D CompatChangeReporter: Compat change id reported: 242716250; UID 10229; state: ENABLED
03-27 11:31:49.819 15823 15823 D ApplicationLoaders: Returning zygote-cached class loader: /system/framework/org.apache.http.legacy.jar
03-27 11:31:49.838 10234 10234 D RecentTasksList: invalidateLoadedTasks - previous requestLoadId: -1
03-27 11:31:49.840 10234 10234 D BaseActivity: Launcher flags updated: [state_started] -[state_window_focused]
03-27 11:31:49.852  1170  1244 V RecentTasksController: generateList(getRecentTasks)
03-27 11:31:49.854  1170  1244 V RecentTasksController: initializeDesksMap - allDeskIds: []
03-27 11:31:49.854  1170  1244 V RecentTasksController: Task 12 is not an active desktop task
03-27 11:31:49.854  1170  1244 V RecentTasksController: Added fullscreen task: 12
03-27 11:31:49.854  1170  1244 V RecentTasksController: generateList - complete
03-27 11:31:49.907   679   710 V WindowManager: Sent Transition (#69) createdAt=03-27 11:31:49.560 via request=TransitionRequestInfo { type = OPEN, triggerTask = TaskInfo{userId=0 taskId=12 effectiveUid=10229 displayId=0 isRunning=true baseIntent=Intent { flg=0x10000000 cmp=co.ke.roadready.provider/.MainActivity } baseActivity=ComponentInfo{co.ke.roadready.provider/co.ke.roadready.provider.MainActivity} topActivity=ComponentInfo{co.ke.roadready.provider/co.ke.roadready.provider.MainActivity} origActivity=null realActivity=ComponentInfo{co.ke.roadready.provider/co.ke.roadready.provider.MainActivity} realActivityIsAppLockEnabled=false numActivities=1 lastActiveTime=4215497 supportsMultiWindow=true supportsMultiWindowWithoutConstraints=true resizeMode=1 isResizeable=true minWidth=-1 minHeight=-1 defaultMinSize=220 token=WCT{RemoteToken{1c9846c Task{fd02c0e #12 type=standard A=10229:co.ke.roadready.provider}}} topActivityType=1 pictureInPictureParams=null shouldDockBigOverlays=false launchIntoPipHostTaskId=-1 lastParentTaskIdBeforePip=-1 displayCutoutSafeInsets=Rect(0, 142 - 0, 0) topActivityInfo=ActivityInfo{ae7a35 co.ke.roadready.provider.MainActivity} launchCookies=[] positionInParent=Point(0, 0) parentTaskId=-1 isFocused=false isInteractive=false isVisible=false isVisibleRequested=false isTopActivityNoDisplay=false isSleeping=false locusId=null displayAreaFeatureId=1 isTopActivityTransparent=false isActivityStackTransparent=false lastNonFullscreenBounds=null leafTaskBoundsFromOptions= false capturedLink=null capturedLinkTimestamp=0 requestedVisibleTypes=503 topActivityRequestOpenInBrowserEducationTimestamp=0 appCompatTaskInfo=AppCompatTaskInfo { topActivityInSizeCompat=false isLeafTask= true eligibleForLetterboxEducation= false isLetterboxEducationEnabled= true isLetterboxDoubleTapEnabled= false eligibleForUserAspectRatioButton= false topActivityBoundsLetterboxed= false isFromLetterboxDoubleTap= false topActivityLetterboxVerticalPosition= -1 topActivityLetterboxHorizontalPosition= -1 topActivityLetterboxWidth=-1 topActivityLetterboxHeight=-1 topActivityAppBounds=Rect(0, 142 - 1080, 2361) isUserFullscreenOverrideEnabled=false isSystemFullscreenOverrideEnabled=false hasMinAspectRatioOverride=false topActivityLetterboxBounds=null topNonResizableActivityAspectRatio=-1.0} topActivityMainWindowFrame=null isAppBubble=false}, pipChange = null, remoteTransitionInfo = null, displayChange = null, requestedLocation = null, userChange = null, windowingLayerChange = null, fullscreenRequestChange = null, flags = 0, debugId = 69 }
03-27 11:31:49.910   679   710 V WindowManager:     startWCT=WindowContainerTransaction { changes= {} hops= [] flags= 0 errorCallbackToken=null taskFragmentOrganizer=null }
03-27 11:31:49.910   679   710 V WindowManager:     info={id=69 t=OPEN f=0x0 trk=0 r=[0@Point(0, 0)] c=[
03-27 11:31:49.910   679   710 V WindowManager:         {WCT{RemoteToken{1c9846c Task{fd02c0e #12 type=standard A=10229:co.ke.roadready.provider}}} m=OPEN f=MOVE_TO_TOP leash=Surface(name=Task=12#401)/@0x2026440 sb=Rect(0, 0 - 1080, 2424) eb=Rect(0, 0 - 1080, 2424) epz=Point(1080, 2424) d=0 taskParent=-1 winMode=1 userId=0},
03-27 11:31:49.910   679   710 V WindowManager:         {WCT{RemoteToken{beaa066 Task{31cd01 #1 type=home}}} m=TO_BACK f=SHOW_WALLPAPER leash=Surface(name=Task=1#34)/@0x1db118d sb=Rect(0, 0 - 1080, 2424) eb=Rect(0, 0 - 1080, 2424) epz=Point(1080, 2424) d=0 taskParent=-1 winMode=1 userId=0},
03-27 11:31:49.910   679   710 V WindowManager:         {m=TO_BACK f=IS_WALLPAPER leash=Surface(name=WallpaperWindowToken{71cefd8}#53)/@0x1e74325 sb=Rect(0, 0 - 1080, 2424) eb=Rect(0, 0 - 1080, 2424) epz=Point(1080, 2424) d=0}
03-27 11:31:49.910   679   710 V WindowManager:     ]}
03-27 11:31:49.918  1170  1244 V ShellTaskOrganizer: Task appeared taskId=12 listener=FullscreenTaskListener
03-27 11:31:49.918  1170  1244 V ShellTaskOrganizer: Fullscreen Task Appeared: #12
03-27 11:31:49.919  1170  1244 V RecentTasksController: Notify recent tasks changed
03-27 11:31:49.936  1170  1190 V WindowManagerShell: onTransitionReady(transaction=2916282798649)
03-27 11:31:49.940  1170  1244 V WindowManagerShell: onTransitionReady (#69) android.os.BinderProxy@b85400: {id=69 t=OPEN f=0x0 trk=0 r=[0@Point(0, 0)] c=[
03-27 11:31:49.940  1170  1244 V WindowManagerShell:         {m=OPEN f=MOVE_TO_TOP leash=Surface(name=Task=12#401)/@0x79fa4eb sb=Rect(0, 0 - 1080, 2424) eb=Rect(0, 0 - 1080, 2424) epz=Point(1080, 2424) d=0 taskParent=-1 winMode=1 userId=0},
03-27 11:31:49.940  1170  1244 V WindowManagerShell:         {m=TO_BACK f=SHOW_WALLPAPER leash=Surface(name=Task=1#34)/@0xbfb0248 sb=Rect(0, 0 - 1080, 2424) eb=Rect(0, 0 - 1080, 2424) epz=Point(1080, 2424) d=0 taskParent=-1 winMode=1 userId=0},
03-27 11:31:49.940  1170  1244 V WindowManagerShell:         {m=TO_BACK f=IS_WALLPAPER leash=Surface(name=WallpaperWindowToken{71cefd8}#53)/@0x4218e1 sb=Rect(0, 0 - 1080, 2424) eb=Rect(0, 0 - 1080, 2424) epz=Point(1080, 2424) d=0}
03-27 11:31:49.940  1170  1244 V WindowManagerShell:     ]}
03-27 11:31:49.973  1170  1244 V WindowManagerShell: Playing animation for (#69) android.os.BinderProxy@b85400@0
03-27 11:31:49.982   506   582 W skia    : AGTM parsing failed flags.readFromStream(s) at 159
03-27 11:31:49.983   506   582 W skia    : AGTM parsing failed flags.readFromStream(s) at 159
03-27 11:31:50.003  1170  1244 D ShellSplitScreen: startAnimation: transition=69 isSplitActive=false
03-27 11:31:50.004  1170  1244 V ShellRecents: RecentsTransitionHandler.startAnimation: no controller found
03-27 11:31:50.004  1170  1244 V ShellDesktopMode: DesktopMixedTransitionHandler: No pending desktop transition
03-27 11:31:50.005  1170  1244 V WindowManagerShell: Transition doesn't have explicit remote, search filters for match for {id=69 t=OPEN f=0x0 trk=0 r=[0@Point(0, 0)] c=[{m=OPEN f=MOVE_TO_TOP leash=Surface(name=Task=12#401)/@0x79fa4eb sb=Rect(0, 0 - 1080, 2424) eb=Rect(0, 0 - 1080, 2424) epz=Point(1080, 2424) d=0 taskParent=-1 winMode=1 userId=0},{m=TO_BACK f=SHOW_WALLPAPER leash=Surface(name=Task=1#34)/@0xbfb0248 sb=Rect(0, 0 - 1080, 2424) eb=Rect(0, 0 - 1080, 2424) epz=Point(1080, 2424) d=0 taskParent=-1 winMode=1 userId=0},{m=TO_BACK f=IS_WALLPAPER leash=Surface(name=WallpaperWindowToken{71cefd8}#53)/@0x4218e1 sb=Rect(0, 0 - 1080, 2424) eb=Rect(0, 0 - 1080, 2424) epz=Point(1080, 2424) d=0}]}
03-27 11:31:50.005  1170  1244 V WindowManagerShell:  Checking filter Pair{{types=[] flags=0x0 notFlags=0x0 checks=[{atype=undefined independent=true modes=[CLOSE,TO_BACK] flags=IN_TASK_WITH_EMBEDDED_ACTIVITY mustBeTask=false order=ANY topActivity=null launchCookie=null taskFragmentToken=android.os.BinderProxy@1c99f95 windowingMode=undefined isCrossDisplayMove=false}]} RemoteTransition { remoteTransition = android.window.IRemoteTransition$Stub$Proxy@3b688aa, appThread = android.app.IApplicationThread$Stub$Proxy@fd82c9b, debugName = overlayBackTransition, filter = {types=[] flags=0x0 notFlags=0x0 checks=[{atype=undefined independent=true modes=[CLOSE,TO_BACK] flags=IN_TASK_WITH_EMBEDDED_ACTIVITY mustBeTask=false order=ANY topActivity=null launchCookie=null taskFragmentToken=android.os.BinderProxy@1c99f95 windowingMode=undefined isCrossDisplayMove=false}]} }}
03-27 11:31:50.005  1170  1244 V WindowManagerShell:  Checking filter Pair{{types=[OPEN,TO_FRONT] flags=0x0 notFlags=0x0 checks=[{atype=standard independent=true modes=[OPEN,TO_FRONT] flags=NONE mustBeTask=true order=ANY topActivity=null launchCookie=null windowingMode=freeform isCrossDisplayMove=false}]} RemoteTransition { remoteTransition = android.window.IRemoteTransition$Stub$Proxy@7846838, appThread = null, debugName = DesktopWindowLimitUnminimize, filter = {types=[OPEN,TO_FRONT] flags=0x0 notFlags=0x0 checks=[{atype=standard independent=true modes=[OPEN,TO_FRONT] flags=NONE mustBeTask=true order=ANY topActivity=null launchCookie=null windowingMode=freeform isCrossDisplayMove=false}]} }}
03-27 11:31:50.007  1170  1244 V WindowManagerShell:  Checking filter Pair{{types=[] flags=0x0 notFlags=0x0 checks=[{atype=dream independent=true modes=[OPEN,TO_FRONT] flags=NONE mustBeTask=false order=ANY topActivity=null launchCookie=null windowingMode=undefined isCrossDisplayMove=false},{atype=home independent=true modes=[CLOSE,TO_BACK] flags=NONE mustBeTask=false order=ANY topActivity=null launchCookie=null windowingMode=undefined isCrossDisplayMove=false}]} RemoteTransition { remoteTransition = android.window.IRemoteTransition$Stub$Proxy@e71a011, appThread = android.app.IApplicationThread$Stub$Proxy@34c8576, debugName = LauncherToDream, filter = {types=[] flags=0x0 notFlags=0x0 checks=[{atype=dream independent=true modes=[OPEN,TO_FRONT] flags=NONE mustBeTask=false order=ANY topActivity=null launchCookie=null windowingMode=undefined isCrossDisplayMove=false},{atype=home independent=true modes=[CLOSE,TO_BACK] flags=NONE mustBeTask=false order=ANY topActivity=null launchCookie=null windowingMode=undefined isCrossDisplayMove=false}]} }}
03-27 11:31:50.007  1170  1244 V WindowManagerShell:  Checking filter Pair{{types=[] flags=0x0 notFlags=0x0 checks=[{atype=standard independent=false modes=[CHANGE] flags=NONE mustBeTask=true order=ANY topActivity=null launchCookie=null windowingMode=undefined isCrossDisplayMove=true}]} RemoteTransition { remoteTransition = android.window.IRemoteTransition$Stub$Proxy@782f777, appThread = android.app.IApplicationThread$Stub$Proxy@733cfe4, debugName = QuickstepDisplayMove, filter = {types=[] flags=0x0 notFlags=0x0 checks=[{atype=standard independent=false modes=[CHANGE] flags=NONE mustBeTask=true order=ANY topActivity=null launchCookie=null windowingMode=undefined isCrossDisplayMove=true}]} }}
03-27 11:31:50.007  1170  1244 V WindowManagerShell:  Checking filter Pair{{types=[] flags=0x0 notFlags=0x100 checks=[{atype=home independent=true modes=[OPEN,TO_FRONT] flags=NONE mustBeTask=false order=ANY topActivity=ComponentInfo{com.google.android.apps.nexuslauncher/com.google.android.apps.nexuslauncher.NexusLauncherActivity} launchCookie=null windowingMode=undefined isCrossDisplayMove=false},{atype=standard independent=true modes=[CLOSE,TO_BACK] flags=NONE mustBeTask=false order=ANY topActivity=null launchCookie=null windowingMode=undefined isCrossDisplayMove=false},{NOT atype=undefined independent=true modes=[] flags=NONE mustBeTask=true order=ANY topActivity=null launchCookie=null customAnim=true windowingMode=undefined isCrossDisplayMove=false}]} RemoteTransition { remoteTransition = android.window.IRemoteTransition$Stub$Proxy@8bf2c4d, appThread = android.app.IApplicationThread$Stub$Proxy@9738302, debugName = QuickstepLaunchHome, filter = {types=[] flags=0x0 notFlags=0x100 checks=[{atype=home independent=true modes=[OPEN,TO_FRONT] flags=NONE mustBeTask=false order=ANY topActivity=ComponentInfo{com.google.android.apps.nexuslauncher/com.google.android.apps.nexuslauncher.NexusLauncherActivity} launchCookie=null windowingMode=undefined isCrossDisplayMove=false},{atype=standard independent=true modes=[CLOSE,TO_BACK] flags=NONE mustBeTask=false order=ANY topActivity=null launchCookie=null windowingMode=undefined isCrossDisplayMove=false},{NOT atype=undefined independent=true modes=[] flags=NONE mustBeTask=true order=ANY topActivity=null launchCookie=null customAnim=true windowingMode=undefined isCrossDisplayMove=false}]} }}
03-27 11:31:50.008  1170  1244 V WindowManagerShell:  Delegate animation for (#69) to null
03-27 11:31:50.008  1170  1244 V WindowManagerShell: start default transition animation, info = {id=69 t=OPEN f=0x0 trk=0 r=[0@Point(0, 0)] c=[{m=OPEN f=MOVE_TO_TOP leash=Surface(name=Task=12#401)/@0x79fa4eb sb=Rect(0, 0 - 1080, 2424) eb=Rect(0, 0 - 1080, 2424) epz=Point(1080, 2424) d=0 taskParent=-1 winMode=1 userId=0},{m=TO_BACK f=SHOW_WALLPAPER leash=Surface(name=Task=1#34)/@0xbfb0248 sb=Rect(0, 0 - 1080, 2424) eb=Rect(0, 0 - 1080, 2424) epz=Point(1080, 2424) d=0 taskParent=-1 winMode=1 userId=0},{m=TO_BACK f=IS_WALLPAPER leash=Surface(name=WallpaperWindowToken{71cefd8}#53)/@0x4218e1 sb=Rect(0, 0 - 1080, 2424) eb=Rect(0, 0 - 1080, 2424) epz=Point(1080, 2424) d=0}]}
03-27 11:31:50.009  1170  1244 V WindowManagerShell: loadAnimation: anim=android.view.animation.AnimationSet@4eacc92 animAttr=0x13 type=OPEN isEntrance=false
03-27 11:31:50.010  1170  1244 V WindowManagerShell: loadAnimation: anim=android.view.animation.AnimationSet@d39c663 animAttr=0x12 type=OPEN isEntrance=true
03-27 11:31:50.012  1170  1244 V WindowManagerShell:  animated by com.android.wm.shell.transition.DefaultTransitionHandler@5554e16
03-27 11:31:50.017 10234 10234 D RecentTasksList: invalidateLoadedTasks - previous requestLoadId: -1
03-27 11:31:50.077 15823 15823 D nativeloader: Configuring clns-9 for other apk /data/app/~~Y2UdRi0AbfPnmo7cYbgK2Q==/co.ke.roadready.provider-kn14ZbhT_r1PU5off4HtIA==/base.apk. target_sdk_version=34, uses_libraries=, library_path=/data/app/~~Y2UdRi0AbfPnmo7cYbgK2Q==/co.ke.roadready.provider-kn14ZbhT_r1PU5off4HtIA==/lib/x86_64:/data/app/~~Y2UdRi0AbfPnmo7cYbgK2Q==/co.ke.roadready.provider-kn14ZbhT_r1PU5off4HtIA==/base.apk!/lib/x86_64, permitted_path=/data:/mnt/expand:/data/user/0/co.ke.roadready.provider
03-27 11:31:50.095   506   582 W skia    : AGTM parsing failed flags.readFromStream(s) at 159
03-27 11:31:50.095   506   582 W skia    : AGTM parsing failed flags.readFromStream(s) at 159
03-27 11:31:50.212   506   582 W skia    : AGTM parsing failed flags.readFromStream(s) at 159
03-27 11:31:50.212   506   582 W skia    : AGTM parsing failed flags.readFromStream(s) at 159
03-27 11:31:50.331 15823 15823 V GraphicsEnvironment: Currently set values for:
03-27 11:31:50.332 15823 15823 V GraphicsEnvironment:   angle_gl_driver_selection_pkgs=[]
03-27 11:31:50.332 15823 15823 V GraphicsEnvironment:   angle_gl_driver_selection_values=[]
03-27 11:31:50.332 15823 15823 V GraphicsEnvironment: co.ke.roadready.provider is not listed in per-application setting
03-27 11:31:50.333 15823 15823 V GraphicsEnvironment: No special selections for ANGLE, returning default driver choice
03-27 11:31:50.335 15823 15823 V GraphicsEnvironment: Neither updatable production driver nor prerelease driver is supported.
03-27 11:31:50.335  1170  1244 V WindowManagerShell: Transition animation finished (aborted=false), notifying core (#69) android.os.BinderProxy@b85400@0
03-27 11:31:50.347   506   582 W skia    : AGTM parsing failed flags.readFromStream(s) at 159
03-27 11:31:50.348   506   582 W skia    : AGTM parsing failed flags.readFromStream(s) at 159
03-27 11:31:50.350   679   710 V WindowManager: Finish Transition (#69): created at 03-27 11:31:49.560 collect-started=0.138ms request-sent=51.94ms started=75.927ms ready=318.303ms sent=330.489ms commit=128.234ms finished=787.734ms
03-27 11:31:50.357  1170  1498 D WallpaperService: onVisibilityChanged(false): com.android.systemui.wallpapers.ImageWallpaper$CanvasEngine@a3e553b
03-27 11:31:50.358  1170  1244 V WindowManagerShell: Track 0 became idle
03-27 11:31:50.358  1170  1244 V WindowManagerShell: All active transition animations finished
03-27 11:31:50.359 10234 10234 D VRI[NexusLauncherActivity]: visibilityChanged oldVisibility=true newVisibility=false
03-27 11:31:50.387 10234 10234 D SmartspaceInteractor: notifySmartspaceEvent: SmartspaceTargetEvent{mSmartspaceTarget=null, mSmartspaceActionId='null', mEventType=7}
03-27 11:31:50.485 15823 15823 I FirebaseApp: Device unlocked: initializing all Firebase APIs for app [DEFAULT]
03-27 11:31:50.488 15823 15823 I FirebaseInitProvider: FirebaseApp initialization successful
03-27 11:31:50.489 15823 15823 D Sentry  : io.sentry.auto-init read: false
03-27 11:31:50.508 15823 15823 D WM-WrkMgrInitializer: Initializing WorkManager with default configuration.
03-27 11:31:50.543 15823 15823 W SoLoader: Initializing SoLoader: 0
03-27 11:31:50.544 15823 15823 W SoLoader: Recording new base apk path: /data/app/~~Y2UdRi0AbfPnmo7cYbgK2Q==/co.ke.roadready.provider-kn14ZbhT_r1PU5off4HtIA==/base.apk
03-27 11:31:50.544 15823 15823 W SoLoader: Previously recorded 0 base apk paths.
03-27 11:31:50.552 15823 15823 W SoLoader: SoLoader initialized: 8
03-27 11:31:50.579 15823 15849 I DisplayManager: Choreographer implicitly registered for the refresh rate.
03-27 11:31:50.610   679   711 W AppWarnings: Showing PageSizeMismatchDialog for package co.ke.roadready.provider
03-27 11:31:50.632   679   711 D WindowOnBackDispatcher: setTopOnBackInvokedCallback (unwrapped): android.app.Dialog$$ExternalSyntheticLambda2@f1796ce
03-27 11:31:50.633   679   711 D CoreBackPreview: Window{fdc85b8 u0 android}: Setting back callback OnBackInvokedCallbackInfo{mCallback=android.window.WindowOnBackInvokedDispatcher$OnBackInvokedCallbackWrapper@e5229ef, mPriority=-1, mIsAnimationCallback=false, mOverrideBehavior=0}
03-27 11:31:50.641   506   582 W skia    : AGTM parsing failed flags.readFromStream(s) at 159
03-27 11:31:50.653 15823 15823 D DesktopExperienceFlags: Toggle override initialized to: false
03-27 11:31:50.672 15823 15823 D AppCompatDelegate: Checking for metadata for AppLocalesMetadataHolderService : Service not found
03-27 11:31:50.674   679   711 D WindowManager: setClientSurface Surface(name=VRI-#413)/@0xf9cdcfc for fdc85b8 android
03-27 11:31:50.685   679   711 I Surface : Creating surface for consumer unnamed-679-7 with slotExpansion=1 for 64 slots
03-27 11:31:50.687   679   711 I Surface : Creating surface for consumer VRI[]#3(BLAST Consumer)3 with slotExpansion=1 for 64 slots
03-27 11:31:50.691   679 12141 I GFXSTREAM: [eglDisplay.cpp(297)] Opening libGLESv1_CM_emulation.so
03-27 11:31:50.696   679 12141 I GFXSTREAM: [eglDisplay.cpp(297)] Opening libGLESv2_emulation.so
03-27 11:31:50.745   506   582 W skia    : AGTM parsing failed flags.readFromStream(s) at 159
03-27 11:31:50.765   679 12141 W HWUI    : Failed to choose config with EGL_SWAP_BEHAVIOR_PRESERVED, retrying without...
03-27 11:31:50.768   679 12141 W HWUI    : Failed to initialize 101010-2 format, error = EGL_SUCCESS
03-27 11:31:50.790 15823 15823 D DesktopModeFlags: Toggle override initialized to: OVERRIDE_UNSET
03-27 11:31:50.816 15823 15849 I GFXSTREAM: [eglDisplay.cpp(297)] Opening libGLESv1_CM_emulation.so
03-27 11:31:50.818 15823 15849 I GFXSTREAM: [eglDisplay.cpp(297)] Opening libGLESv2_emulation.so
03-27 11:31:50.881 15823 15849 W HWUI    : Failed to choose config with EGL_SWAP_BEHAVIOR_PRESERVED, retrying without...
03-27 11:31:50.881 15823 15849 W HWUI    : Failed to initialize 101010-2 format, error = EGL_SUCCESS
03-27 11:31:50.905 15823 15854 W dev.expo.updates: {"timestamp":1774600310897,"message":"The expo-updates system is explicitly disabled. To enable it, set the enabled setting to true.","code":"InitializationError","level":"warn"}
03-27 11:31:50.929 15823 15823 W HWUI    : Unknown dataspace 0
03-27 11:31:51.067   679   704 W InputChannel-JNI: Channel already disposed.
03-27 11:31:51.079   506   582 W skia    : AGTM parsing failed flags.readFromStream(s) at 159
03-27 11:31:51.104 15823 15823 W SoLoader: SoLoader already initialized
03-27 11:31:51.162   679   711 W Looper  : Slow dispatch took 530ms android.ui app=system_server main=false group=TOP_APP h=android.view.Choreographer$FrameHandler c=android.view.Choreographer$FrameDisplayEventReceiver@202f2da m=0
03-27 11:31:51.165   679   711 W Looper  : Slow delivery took 539ms android.ui app=system_server main=false group=TOP_APP h=com.android.server.wm.DisplayPolicy$PolicyHandler c=com.android.server.wm.DisplayPolicy$$ExternalSyntheticLambda15@f9ff7fb m=0
03-27 11:31:51.165   679   711 I Choreographer: Skipped 31 frames!  The application may be doing too much work on its main thread.
03-27 11:31:51.195   506   582 W skia    : AGTM parsing failed flags.readFromStream(s) at 159
03-27 11:31:51.199   679   711 W Looper  : Drained
03-27 11:31:51.240  1638  1705 D SatelliteController: isInCarrierRoamingNbIotNtn: satellite is disabled
03-27 11:31:51.241  1638  1705 D SatelliteController: getCarrierRoamingNtnConnectType: Checking connect type from PLMN config for subId: 1
03-27 11:31:51.242  1638  1705 D SatelliteController: getSatellitePerPlmnConfiguration: invalid subId or not supported via carrier.
03-27 11:31:51.243  1638  1705 D SatelliteController: getCarrierRoamingNtnConnectType: config: null
03-27 11:31:51.244  1638  1705 D SatelliteController: getCarrierRoamingNtnConnectType: Falling back to global carrier config connect type: 0
03-27 11:31:51.245  1638  1705 D SatelliteController: updateLastNotifiedCarrierRoamingNtnSignalStrengthAndNotify(1)
03-27 11:31:51.245  1638  1705 D SatelliteController: updateLastNotifiedCarrierRoamingNtnSignalStrengthAndNotify(1) lastNotifiedSignalStrength level: 0
03-27 11:31:51.246  1638  1705 D SatelliteController: updateLastNotifiedCarrierRoamingNtnSignalStrengthAndNotify(1) currSignalStrength level: 0
03-27 11:31:51.364   506   582 W skia    : AGTM parsing failed flags.readFromStream(s) at 159
03-27 11:31:51.364   506   582 W skia    : AGTM parsing failed flags.readFromStream(s) at 159
03-27 11:31:51.726   506   582 W skia    : AGTM parsing failed flags.readFromStream(s) at 159
03-27 11:31:51.727   506   582 W skia    : AGTM parsing failed flags.readFromStream(s) at 159
03-27 11:31:51.740 15823 15823 D nativeloader: Load /data/app/~~Y2UdRi0AbfPnmo7cYbgK2Q==/co.ke.roadready.provider-kn14ZbhT_r1PU5off4HtIA==/lib/x86_64/libhermes.so using class loader ns clns-9 (caller=/data/app/~~Y2UdRi0AbfPnmo7cYbgK2Q==/co.ke.roadready.provider-kn14ZbhT_r1PU5off4HtIA==/base.apk): ok
03-27 11:31:51.884 15823 15823 D nativeloader: Load /data/app/~~Y2UdRi0AbfPnmo7cYbgK2Q==/co.ke.roadready.provider-kn14ZbhT_r1PU5off4HtIA==/lib/x86_64/libhermes_executor.so using class loader ns clns-9 (caller=/data/app/~~Y2UdRi0AbfPnmo7cYbgK2Q==/co.ke.roadready.provider-kn14ZbhT_r1PU5off4HtIA==/base.apk): ok
03-27 11:31:51.989 15823 15823 W SoLoader: SoLoader already initialized
03-27 11:31:52.045 15823 15861 D nativeloader: Load /data/app/~~Y2UdRi0AbfPnmo7cYbgK2Q==/co.ke.roadready.provider-kn14ZbhT_r1PU5off4HtIA==/lib/x86_64/libfbjni.so using class loader ns clns-9 (caller=/data/app/~~Y2UdRi0AbfPnmo7cYbgK2Q==/co.ke.roadready.provider-kn14ZbhT_r1PU5off4HtIA==/base.apk): ok
03-27 11:31:52.048 15823 15823 I Choreographer: Skipped 59 frames!  The application may be doing too much work on its main thread.
03-27 11:31:52.051 15823 15823 D VRI[MainActivity]: WindowInsets changed: 1080x2424 statusBars:[0,142,0,0] navigationBars:[0,0,0,63] mandatorySystemGestures:[0,174,0,84] 
03-27 11:31:52.054 15823 15823 D WindowOnBackDispatcher: setTopOnBackInvokedCallback (unwrapped): android.view.ViewRootImpl$$ExternalSyntheticLambda13@b4f0023
03-27 11:31:52.055   679   704 D CoreBackPreview: Window{bfd4f7e u0 co.ke.roadready.provider/co.ke.roadready.provider.MainActivity}: Setting back callback OnBackInvokedCallbackInfo{mCallback=android.window.IOnBackInvokedCallback$Stub$Proxy@9da942e, mPriority=0, mIsAnimationCallback=false, mOverrideBehavior=0}
03-27 11:31:52.067   679   704 D WindowManager: setClientSurface Surface(name=VRI-co.ke.roadready.provider/co.ke.roadready.provider.MainActivity#417)/@0x4cb4bcf for bfd4f7e co.ke.roadready.provider/co.ke.roadready.provider.MainActivity
03-27 11:31:52.081 15823 15823 I Surface : Creating surface for consumer unnamed-15823-0 with slotExpansion=1 for 64 slots
03-27 11:31:52.083   506   582 W skia    : AGTM parsing failed flags.readFromStream(s) at 159
03-27 11:31:52.083   506   582 W skia    : AGTM parsing failed flags.readFromStream(s) at 159
03-27 11:31:52.089 15823 15823 I Surface : Creating surface for consumer VRI[MainActivity]#0(BLAST Consumer)0 with slotExpansion=1 for 64 slots
03-27 11:31:52.192   506   582 W skia    : AGTM parsing failed flags.readFromStream(s) at 159
03-27 11:31:52.192   506   582 W skia    : AGTM parsing failed flags.readFromStream(s) at 159
03-27 11:31:52.384 15823 15861 I ExpoModulesCore: Γ£à AppContext was initialized
03-27 11:31:52.395   679   710 I ActivityTaskManager: Displayed co.ke.roadready.provider/.MainActivity for user 0: +2s822ms
03-27 11:31:52.403   506   582 W skia    : AGTM parsing failed flags.readFromStream(s) at 159
03-27 11:31:52.403   506   582 W skia    : AGTM parsing failed flags.readFromStream(s) at 159
03-27 11:31:52.408 15823 15834 I HWUI    : Davey! duration=1281ms; Flags=1, FrameTimelineVsyncId=44380, IntendedVsync=4216950380188, Vsync=4217933713482, InputEventId=0, HandleInputStart=4217936204294, AnimationStart=4217936269594, PerformTraversalsStart=4217936347094, DrawStart=4218072728394, FrameDeadline=4216967046854, FrameStartTime=4217934534694, FrameInterval=16666666, WorkloadTarget=16666666, SyncQueued=4218083490594, SyncStart=4218120508794, IssueDrawCommandsStart=4218121059894, SwapBuffers=4218220588194, FrameCompleted=4218269137894, DequeueBufferDuration=86800, QueueBufferDuration=20719900, GpuCompleted=4218269137894, SwapBuffersCompleted=4218252688994, DisplayPresentTime=0, CommandSubmissionCompleted=4218220588194, 
03-27 11:31:52.412 10234 10234 D BaseActivity: Launcher flags updated: [] -[state_started]
03-27 11:31:52.412 10234 10234 D BaseDepthController: setSurface:
03-27 11:31:52.412 10234 10234 D BaseDepthController: 	mWaitingOnSurfaceValidity: false
03-27 11:31:52.412 10234 10234 D BaseDepthController: 	mBaseSurface: null
03-27 11:31:52.413 10234 10234 D BaseDepthController: mSurface is null and mCurrentBlur is: 0
03-27 11:31:52.422 10234 10234 D LauncherStateManager: StateManager.goToState: fromState: Normal, toState: Normal, partial trace:
03-27 11:31:52.422 10234 10234 D LauncherStateManager: 	at com.android.launcher3.statemanager.StateManager.moveToRestState(go/retraceme 7226a759aa2bb3787a79806f85d80eaad84f1f1e15acd6db988f2df789d1680d:26)
03-27 11:31:52.422 10234 10234 D LauncherStateManager: 	at com.android.launcher3.statemanager.StateManager.moveToRestState(go/retraceme 7226a759aa2bb3787a79806f85d80eaad84f1f1e15acd6db988f2df789d1680d:35)
03-27 11:31:52.422 10234 10234 D LauncherStateManager: 	at com.android.launcher3.statemanager.StatefulActivity.onStop(go/retraceme 7226a759aa2bb3787a79806f85d80eaad84f1f1e15acd6db988f2df789d1680d:31)
03-27 11:31:52.423 10234 10234 D LauncherStateManager: StateManager.onRepeatStateSetAborted: state: Normal
03-27 11:31:52.423 10234 10234 D KeyboardStateManager: hideKeyboard
03-27 11:31:52.423 10234 10234 D KeyboardStateManager: isImeShown: false
03-27 11:31:52.424 10234 10234 D StatsLog: LAUNCHER_ONSTOP
03-27 11:31:52.432 10234 10234 D StatsLog: LAUNCHER_GOOGLE_SEARCH_RESTORE_LIST_SIZE_AFTER_ACTIVITY_RESTART
03-27 11:31:52.489  4292  4893 I FontLog : (REDACTED) Received query %s, URI %s
03-27 11:31:52.491  4292  4893 I FontLog : (REDACTED) Query [%s] resolved to %s
03-27 11:31:52.504   506   582 W skia    : AGTM parsing failed flags.readFromStream(s) at 159
03-27 11:31:52.504   506   582 W skia    : AGTM parsing failed flags.readFromStream(s) at 159
03-27 11:31:52.504   506   582 W skia    : AGTM parsing failed flags.readFromStream(s) at 159
03-27 11:31:52.556  4292  9695 I FontLog : (REDACTED) Download failed for %s
03-27 11:31:52.560  4292  4501 W FontLog : Connection failure for https://fonts.gstatic.com/s/a/directory029.pb [CONTEXT service_id=132 ]
03-27 11:31:52.560  4292  4501 W FontLog : java.util.concurrent.ExecutionException: crpd: Failed to process request
03-27 11:31:52.560  4292  4501 W FontLog : 	at kok.n(:com.google.android.gms@260235038@26.02.35 (260800-862924022):21)
03-27 11:31:52.560  4292  4501 W FontLog : 	at kok.get(:com.google.android.gms@260235038@26.02.35 (260800-862924022):99)
03-27 11:31:52.560  4292  4501 W FontLog : 	at kop.get(:com.google.android.gms@260235038@26.02.35 (260800-862924022):8)
03-27 11:31:52.560  4292  4501 W FontLog : 	at bvgu.run(:com.google.android.gms@260235038@26.02.35 (260800-862924022):13)
03-27 11:31:52.560  4292  4501 W FontLog : 	at bera.c(:com.google.android.gms@260235038@26.02.35 (260800-862924022):50)
03-27 11:31:52.560  4292  4501 W FontLog : 	at bera.run(:com.google.android.gms@260235038@26.02.35 (260800-862924022):73)
03-27 11:31:52.560  4292  4501 W FontLog : 	at java.util.concurrent.ThreadPoolExecutor.runWorker(ThreadPoolExecutor.java:1100)
03-27 11:31:52.560  4292  4501 W FontLog : 	at java.util.concurrent.ThreadPoolExecutor$Worker.run(ThreadPoolExecutor.java:624)
03-27 11:31:52.560  4292  4501 W FontLog : 	at bewr.run(:com.google.android.gms@260235038@26.02.35 (260800-862924022):8)
03-27 11:31:52.560  4292  4501 W FontLog : 	at java.lang.Thread.run(Thread.java:1572)
03-27 11:31:52.560  4292  4501 W FontLog : Caused by: crpd: Failed to process request
03-27 11:31:52.560  4292  4501 W FontLog : 	at crpk.a(:com.google.android.gms@260235038@26.02.35 (260800-862924022):23)
03-27 11:31:52.560  4292  4501 W FontLog : 	at crtb.b(:com.google.android.gms@260235038@26.02.35 (260800-862924022):15)
03-27 11:31:52.560  4292  4501 W FontLog : 	at crts.onFailed(:com.google.android.gms@260235038@26.02.35 (260800-862924022):15)
03-27 11:31:52.560  4292  4501 W FontLog : 	at m1.nf.onFailed(:com.google.android.gms.dynamite_cronetdynamite@260235038@26.02.35 (260800-0):3)
03-27 11:31:52.560  4292  4501 W FontLog : 	at m1.mb.run(:com.google.android.gms.dynamite_cronetdynamite@260235038@26.02.35 (260800-0):16)
03-27 11:31:52.560  4292  4501 W FontLog : 	... 6 more
03-27 11:31:52.560  4292  4501 W FontLog : Caused by: m1.mo: Exception in CronetUrlRequest: net::ERR_INTERNET_DISCONNECTED, ErrorCode=2, InternalErrorCode=-106, Retryable=false
03-27 11:31:52.560  4292  4501 W FontLog : 	at org.chromium.net.impl.CronetUrlRequest.onError(:com.google.android.gms.dynamite_cronetdynamite@260235038@26.02.35 (260800-0):3)
03-27 11:31:52.568  4292  4501 W FontLog : No resolver, short-circuit {Noto Color Emoji Compat, wdth 100.0, wght 400, ital 0.0, bestEffort false}, isVf false} for co.ke.roadready.provider to failure [CONTEXT service_id=132 ]
03-27 11:31:52.569  4292  4893 I FontLog : (REDACTED) Fetch %s end status %s
03-27 11:31:52.605   506   582 W skia    : AGTM parsing failed flags.readFromStream(s) at 159
03-27 11:31:52.607   506   582 W skia    : AGTM parsing failed flags.readFromStream(s) at 159
03-27 11:31:52.607   506   582 W skia    : AGTM parsing failed flags.readFromStream(s) at 159
03-27 11:31:52.727 15823 15861 D nativeloader: Load /data/app/~~Y2UdRi0AbfPnmo7cYbgK2Q==/co.ke.roadready.provider-kn14ZbhT_r1PU5off4HtIA==/lib/x86_64/libyoga.so using class loader ns clns-9 (caller=/data/app/~~Y2UdRi0AbfPnmo7cYbgK2Q==/co.ke.roadready.provider-kn14ZbhT_r1PU5off4HtIA==/base.apk): ok
03-27 11:31:52.728   506   582 W skia    : AGTM parsing failed flags.readFromStream(s) at 159
03-27 11:31:52.728   506   582 W skia    : AGTM parsing failed flags.readFromStream(s) at 159
03-27 11:31:52.728   506   582 W skia    : AGTM parsing failed flags.readFromStream(s) at 159
03-27 11:31:52.729 15823 15861 D nativeloader: Load /data/app/~~Y2UdRi0AbfPnmo7cYbgK2Q==/co.ke.roadready.provider-kn14ZbhT_r1PU5off4HtIA==/lib/x86_64/libjsinspector.so using class loader ns clns-9 (caller=/data/app/~~Y2UdRi0AbfPnmo7cYbgK2Q==/co.ke.roadready.provider-kn14ZbhT_r1PU5off4HtIA==/base.apk): ok
03-27 11:31:52.731 15823 15861 D nativeloader: Load /data/app/~~Y2UdRi0AbfPnmo7cYbgK2Q==/co.ke.roadready.provider-kn14ZbhT_r1PU5off4HtIA==/lib/x86_64/libreact_render_core.so using class loader ns clns-9 (caller=/data/app/~~Y2UdRi0AbfPnmo7cYbgK2Q==/co.ke.roadready.provider-kn14ZbhT_r1PU5off4HtIA==/base.apk): ok
03-27 11:31:52.736 15823 15861 D nativeloader: Load /data/app/~~Y2UdRi0AbfPnmo7cYbgK2Q==/co.ke.roadready.provider-kn14ZbhT_r1PU5off4HtIA==/lib/x86_64/libreact_render_mapbuffer.so using class loader ns clns-9 (caller=/data/app/~~Y2UdRi0AbfPnmo7cYbgK2Q==/co.ke.roadready.provider-kn14ZbhT_r1PU5off4HtIA==/base.apk): ok
03-27 11:31:52.739 15823 15861 D nativeloader: Load /data/app/~~Y2UdRi0AbfPnmo7cYbgK2Q==/co.ke.roadready.provider-kn14ZbhT_r1PU5off4HtIA==/lib/x86_64/libreact_render_debug.so using class loader ns clns-9 (caller=/data/app/~~Y2UdRi0AbfPnmo7cYbgK2Q==/co.ke.roadready.provider-kn14ZbhT_r1PU5off4HtIA==/base.apk): ok
03-27 11:31:52.743 15823 15861 D nativeloader: Load /data/app/~~Y2UdRi0AbfPnmo7cYbgK2Q==/co.ke.roadready.provider-kn14ZbhT_r1PU5off4HtIA==/lib/x86_64/libruntimeexecutor.so using class loader ns clns-9 (caller=/data/app/~~Y2UdRi0AbfPnmo7cYbgK2Q==/co.ke.roadready.provider-kn14ZbhT_r1PU5off4HtIA==/base.apk): ok
03-27 11:31:52.814 15823 15861 D nativeloader: Load /data/app/~~Y2UdRi0AbfPnmo7cYbgK2Q==/co.ke.roadready.provider-kn14ZbhT_r1PU5off4HtIA==/lib/x86_64/libfolly_runtime.so using class loader ns clns-9 (caller=/data/app/~~Y2UdRi0AbfPnmo7cYbgK2Q==/co.ke.roadready.provider-kn14ZbhT_r1PU5off4HtIA==/base.apk): ok
03-27 11:31:52.816 15823 15861 D nativeloader: Load /data/app/~~Y2UdRi0AbfPnmo7cYbgK2Q==/co.ke.roadready.provider-kn14ZbhT_r1PU5off4HtIA==/lib/x86_64/libglog.so using class loader ns clns-9 (caller=/data/app/~~Y2UdRi0AbfPnmo7cYbgK2Q==/co.ke.roadready.provider-kn14ZbhT_r1PU5off4HtIA==/base.apk): ok
03-27 11:31:52.818 15823 15861 D nativeloader: Load /data/app/~~Y2UdRi0AbfPnmo7cYbgK2Q==/co.ke.roadready.provider-kn14ZbhT_r1PU5off4HtIA==/lib/x86_64/libc++_shared.so using class loader ns clns-9 (caller=/data/app/~~Y2UdRi0AbfPnmo7cYbgK2Q==/co.ke.roadready.provider-kn14ZbhT_r1PU5off4HtIA==/base.apk): ok
03-27 11:31:52.821 15823 15861 D nativeloader: Load /data/app/~~Y2UdRi0AbfPnmo7cYbgK2Q==/co.ke.roadready.provider-kn14ZbhT_r1PU5off4HtIA==/base.apk!/lib/x86_64/libjsi.so using class loader ns clns-9 (caller=/data/app/~~Y2UdRi0AbfPnmo7cYbgK2Q==/co.ke.roadready.provider-kn14ZbhT_r1PU5off4HtIA==/base.apk): ok
03-27 11:31:52.870   506   582 W skia    : AGTM parsing failed flags.readFromStream(s) at 159
03-27 11:31:52.871   506   582 W skia    : AGTM parsing failed flags.readFromStream(s) at 159
03-27 11:31:52.871   506   582 W skia    : AGTM parsing failed flags.readFromStream(s) at 159
03-27 11:31:52.874 15823 15861 D nativeloader: Load /data/app/~~Y2UdRi0AbfPnmo7cYbgK2Q==/co.ke.roadready.provider-kn14ZbhT_r1PU5off4HtIA==/lib/x86_64/libreact_featureflags.so using class loader ns clns-9 (caller=/data/app/~~Y2UdRi0AbfPnmo7cYbgK2Q==/co.ke.roadready.provider-kn14ZbhT_r1PU5off4HtIA==/base.apk): ok
03-27 11:31:52.876  1170  1306 D WindowOnBackDispatcher: setTopOnBackInvokedCallback (unwrapped): null
03-27 11:31:52.878   679  1506 D CoreBackPreview: Window{566fb1a u0 Splash Screen co.ke.roadready.provider EXITING}: Setting back callback null
03-27 11:31:52.913 15823 15861 D nativeloader: Load /data/app/~~Y2UdRi0AbfPnmo7cYbgK2Q==/co.ke.roadready.provider-kn14ZbhT_r1PU5off4HtIA==/base.apk!/lib/x86_64/libreact_debug.so using class loader ns clns-9 (caller=/data/app/~~Y2UdRi0AbfPnmo7cYbgK2Q==/co.ke.roadready.provider-kn14ZbhT_r1PU5off4HtIA==/base.apk): ok
03-27 11:31:52.915 15823 15861 D nativeloader: Load /data/app/~~Y2UdRi0AbfPnmo7cYbgK2Q==/co.ke.roadready.provider-kn14ZbhT_r1PU5off4HtIA==/base.apk!/lib/x86_64/libreact_utils.so using class loader ns clns-9 (caller=/data/app/~~Y2UdRi0AbfPnmo7cYbgK2Q==/co.ke.roadready.provider-kn14ZbhT_r1PU5off4HtIA==/base.apk): ok
03-27 11:31:53.062   506   582 W skia    : AGTM parsing failed flags.readFromStream(s) at 159
03-27 11:31:53.062   506   582 W skia    : AGTM parsing failed flags.readFromStream(s) at 159
03-27 11:31:53.065 15823 15861 D nativeloader: Load /data/app/~~Y2UdRi0AbfPnmo7cYbgK2Q==/co.ke.roadready.provider-kn14ZbhT_r1PU5off4HtIA==/base.apk!/lib/x86_64/libreact_render_graphics.so using class loader ns clns-9 (caller=/data/app/~~Y2UdRi0AbfPnmo7cYbgK2Q==/co.ke.roadready.provider-kn14ZbhT_r1PU5off4HtIA==/base.apk): ok
03-27 11:31:53.070 15823 15861 D nativeloader: Load /data/app/~~Y2UdRi0AbfPnmo7cYbgK2Q==/co.ke.roadready.provider-kn14ZbhT_r1PU5off4HtIA==/lib/x86_64/libreactperfloggerjni.so using class loader ns clns-9 (caller=/data/app/~~Y2UdRi0AbfPnmo7cYbgK2Q==/co.ke.roadready.provider-kn14ZbhT_r1PU5off4HtIA==/base.apk): ok
03-27 11:31:53.103 15823 15861 D nativeloader: Load /data/app/~~Y2UdRi0AbfPnmo7cYbgK2Q==/co.ke.roadready.provider-kn14ZbhT_r1PU5off4HtIA==/base.apk!/lib/x86_64/libreactnativejni.so using class loader ns clns-9 (caller=/data/app/~~Y2UdRi0AbfPnmo7cYbgK2Q==/co.ke.roadready.provider-kn14ZbhT_r1PU5off4HtIA==/base.apk): ok
03-27 11:31:53.143   679  4829 E TaskPersister: File error accessing recents directory (directory doesn't exist?).
03-27 11:31:53.165   506   582 W skia    : AGTM parsing failed flags.readFromStream(s) at 159
03-27 11:31:53.166   506   582 W skia    : AGTM parsing failed flags.readFromStream(s) at 159
03-27 11:31:53.332 15823 15871 W unknown:ViewManagerPropertyUpdater: Could not find generated setter for class com.facebook.react.views.drawer.ReactDrawerLayoutManager
03-27 11:31:53.340 15823 15871 W unknown:ViewManagerPropertyUpdater: Could not find generated setter for class com.facebook.react.uimanager.LayoutShadowNode
03-27 11:31:53.353 15823 15871 W unknown:ViewManagerPropertyUpdater: Could not find generated setter for class com.facebook.react.views.scroll.ReactHorizontalScrollViewManager
03-27 11:31:53.378 15823 15871 W unknown:ViewManagerPropertyUpdater: Could not find generated setter for class com.facebook.react.views.scroll.ReactHorizontalScrollContainerViewManager
03-27 11:31:53.386 15823 15871 W unknown:ViewManagerPropertyUpdater: Could not find generated setter for class com.facebook.react.views.progressbar.ReactProgressBarViewManager
03-27 11:31:53.388 15823 15871 W unknown:ViewManagerPropertyUpdater: Could not find generated setter for class com.facebook.react.views.progressbar.ProgressBarShadowNode
03-27 11:31:53.390 15823 15871 W unknown:ViewManagerPropertyUpdater: Could not find generated setter for class com.facebook.react.views.scroll.ReactScrollViewManager
03-27 11:31:53.392 15823 15871 W unknown:ViewManagerPropertyUpdater: Could not find generated setter for class com.facebook.react.views.switchview.ReactSwitchManager
03-27 11:31:53.395 15823 15871 W unknown:ViewManagerPropertyUpdater: Could not find generated setter for class com.facebook.react.views.switchview.ReactSwitchManager$ReactSwitchShadowNode
03-27 11:31:53.396 15823 15871 W unknown:ViewManagerPropertyUpdater: Could not find generated setter for class com.facebook.react.views.swiperefresh.SwipeRefreshLayoutManager
03-27 11:31:53.400 15823 15871 W unknown:ViewManagerPropertyUpdater: Could not find generated setter for class com.facebook.react.views.text.frescosupport.FrescoBasedReactTextInlineImageViewManager
03-27 11:31:53.400 15823 15871 W unknown:ViewManagerPropertyUpdater: Could not find generated setter for class com.facebook.react.views.text.frescosupport.FrescoBasedReactTextInlineImageShadowNode
03-27 11:31:53.403 15823 15871 W unknown:ViewManagerPropertyUpdater: Could not find generated setter for class com.facebook.react.views.image.ReactImageManager
03-27 11:31:53.408 15823 15871 W unknown:ViewManagerPropertyUpdater: Could not find generated setter for class com.facebook.react.views.modal.ReactModalHostManager
03-27 11:31:53.410 15823 15871 W unknown:ViewManagerPropertyUpdater: Could not find generated setter for class com.facebook.react.views.modal.ModalHostShadowNode
03-27 11:31:53.411 15823 15871 W unknown:ViewManagerPropertyUpdater: Could not find generated setter for class com.facebook.react.views.text.ReactRawTextManager
03-27 11:31:53.416 15823 15871 W unknown:ViewManagerPropertyUpdater: Could not find generated setter for class com.facebook.react.views.text.ReactRawTextShadowNode
03-27 11:31:53.418 15823 15871 W unknown:ViewManagerPropertyUpdater: Could not find generated setter for class com.facebook.react.views.textinput.ReactTextInputManager
03-27 11:31:53.425 15823 15871 W unknown:ViewManagerPropertyUpdater: Could not find generated setter for class com.facebook.react.views.textinput.ReactTextInputShadowNode
03-27 11:31:53.428 15823 15871 W unknown:ViewManagerPropertyUpdater: Could not find generated setter for class com.facebook.react.views.text.ReactTextViewManager
03-27 11:31:53.429 15823 15871 W unknown:ViewManagerPropertyUpdater: Could not find generated setter for class com.facebook.react.views.text.ReactTextShadowNode
03-27 11:31:53.430 15823 15871 W unknown:ViewManagerPropertyUpdater: Could not find generated setter for class com.facebook.react.views.view.ReactViewManager
03-27 11:31:53.436 15823 15871 W unknown:ViewManagerPropertyUpdater: Could not find generated setter for class com.facebook.react.views.text.ReactVirtualTextViewManager
