03-27 11:31:53.437 15823 15871 W unknown:ViewManagerPropertyUpdater: Could not find generated setter for class com.facebook.react.views.text.ReactVirtualTextShadowNode
03-27 11:31:53.438 15823 15871 W unknown:ViewManagerPropertyUpdater: Could not find generated setter for class com.facebook.react.views.unimplementedview.ReactUnimplementedViewManager
03-27 11:31:53.441 15823 15871 W unknown:ViewManagerPropertyUpdater: Could not find generated setter for class io.sentry.react.RNSentryOnDrawReporterManager
03-27 11:31:53.444 15823 15871 W unknown:ViewManagerPropertyUpdater: Could not find generated setter for class com.rnmaps.maps.MapManager
03-27 11:31:53.451 15823 15871 W unknown:ViewManagerPropertyUpdater: Could not find generated setter for class com.rnmaps.maps.MapMarkerManager
03-27 11:31:53.456 15823 15871 W unknown:ViewManagerPropertyUpdater: Could not find generated setter for class com.rnmaps.maps.MapCalloutManager
03-27 11:31:53.458 15823 15871 W unknown:ViewManagerPropertyUpdater: Could not find generated setter for class com.rnmaps.maps.MapPolylineManager
03-27 11:31:53.461 15823 15871 W unknown:ViewManagerPropertyUpdater: Could not find generated setter for class com.rnmaps.maps.MapGradientPolylineManager
03-27 11:31:53.465 15823 15871 W unknown:ViewManagerPropertyUpdater: Could not find generated setter for class com.rnmaps.maps.MapPolygonManager
03-27 11:31:53.468 15823 15871 W unknown:ViewManagerPropertyUpdater: Could not find generated setter for class com.rnmaps.maps.MapCircleManager
03-27 11:31:53.473 15823 15871 W unknown:ViewManagerPropertyUpdater: Could not find generated setter for class com.rnmaps.maps.MapUrlTileManager
03-27 11:31:53.479 15823 15871 W unknown:ViewManagerPropertyUpdater: Could not find generated setter for class com.rnmaps.maps.MapWMSTileManager
03-27 11:31:53.484 15823 15871 W unknown:ViewManagerPropertyUpdater: Could not find generated setter for class com.rnmaps.maps.MapLocalTileManager
03-27 11:31:53.488 15823 15871 W unknown:ViewManagerPropertyUpdater: Could not find generated setter for class com.rnmaps.maps.MapOverlayManager
03-27 11:31:53.493 15823 15871 W unknown:ViewManagerPropertyUpdater: Could not find generated setter for class com.rnmaps.maps.MapHeatmapManager
03-27 11:31:53.727   679  1716 D ConnectivityService: requestNetwork for uid/pid:10229/15823 activeRequest: null callbackRequest: 272 [NetworkRequest [ REQUEST id=273, [ Capabilities: INTERNET&NOT_RESTRICTED&TRUSTED&NOT_VCN_MANAGED&NOT_BANDWIDTH_CONSTRAINED Uid: 10229 RequestorUid: 10229 RequestorPkg: co.ke.roadready.provider UnderlyingNetworks: Null] ]] callback flags: 0 order: 2147483647 isUidTracked: false declaredMethods: AVAIL|LOSING|LOST|UNAVAIL|NC|LP
03-27 11:31:53.735   679  1068 D OemPaidWifiNetworkFactory: got request NetworkRequest [ REQUEST id=273, [ Capabilities: INTERNET&NOT_RESTRICTED&TRUSTED&NOT_VCN_MANAGED&NOT_BANDWIDTH_CONSTRAINED Uid: 10229 RequestorUid: 10229 RequestorPkg: co.ke.roadready.provider UnderlyingNetworks: Null] ]
03-27 11:31:53.736   679  1068 D MultiInternetWifiNetworkFactory: got request NetworkRequest [ REQUEST id=273, [ Capabilities: INTERNET&NOT_RESTRICTED&TRUSTED&NOT_VCN_MANAGED&NOT_BANDWIDTH_CONSTRAINED Uid: 10229 RequestorUid: 10229 RequestorPkg: co.ke.roadready.provider UnderlyingNetworks: Null] ]
03-27 11:31:53.736   679  1075 D ConnectivityService: NetReassign [no changes] [c 2] [a 0] [i 5]
03-27 11:31:53.737   679  1068 D WifiNetworkFactory: got request NetworkRequest [ REQUEST id=273, [ Capabilities: INTERNET&NOT_RESTRICTED&TRUSTED&NOT_VCN_MANAGED&NOT_BANDWIDTH_CONSTRAINED Uid: 10229 RequestorUid: 10229 RequestorPkg: co.ke.roadready.provider UnderlyingNetworks: Null] ]
03-27 11:31:53.737   679  1068 D UntrustedWifiNetworkFactory: got request NetworkRequest [ REQUEST id=273, [ Capabilities: INTERNET&NOT_RESTRICTED&TRUSTED&NOT_VCN_MANAGED&NOT_BANDWIDTH_CONSTRAINED Uid: 10229 RequestorUid: 10229 RequestorPkg: co.ke.roadready.provider UnderlyingNetworks: Null] ]
03-27 11:31:53.791 15823 15870 D nativeloader: Load /data/app/~~Y2UdRi0AbfPnmo7cYbgK2Q==/co.ke.roadready.provider-kn14ZbhT_r1PU5off4HtIA==/lib/x86_64/libreactnativeblob.so using class loader ns clns-9 (caller=/data/app/~~Y2UdRi0AbfPnmo7cYbgK2Q==/co.ke.roadready.provider-kn14ZbhT_r1PU5off4HtIA==/base.apk): ok
03-27 11:31:53.837 15823 15870 V AsyncStorageExpoMigration: No scoped database found
03-27 11:31:53.913 15823 15870 D nativeloader: Load /data/app/~~Y2UdRi0AbfPnmo7cYbgK2Q==/co.ke.roadready.provider-kn14ZbhT_r1PU5off4HtIA==/lib/x86_64/libexpo-modules-core.so using class loader ns clns-9 (caller=/data/app/~~Y2UdRi0AbfPnmo7cYbgK2Q==/co.ke.roadready.provider-kn14ZbhT_r1PU5off4HtIA==/base.apk): ok
03-27 11:31:53.923 15823 15870 D nativeloader: Load /data/app/~~Y2UdRi0AbfPnmo7cYbgK2Q==/co.ke.roadready.provider-kn14ZbhT_r1PU5off4HtIA==/lib/x86_64/libturbomodulejsijni.so using class loader ns clns-9 (caller=/data/app/~~Y2UdRi0AbfPnmo7cYbgK2Q==/co.ke.roadready.provider-kn14ZbhT_r1PU5off4HtIA==/base.apk): ok
03-27 11:31:53.938 15823 15870 I ExpoModulesCore: Γ£à JSI interop was installed
03-27 11:31:53.938 15823 15870 W ExpoModulesCore: ΓÜá∩╕Å JSI interop was already installed
03-27 11:31:53.960 15823 15870 I ExpoModulesCore: Γ£à Constants were exported
03-27 11:31:53.965 15823 15870 I dev.expo.updates: {"timestamp":1774600313965,"message":"UpdatesModule: getConstants called","code":"None","level":"info"}
03-27 11:31:53.989   679  1716 D FileUtils: Rounded bytes from 2061819904 to 4000000000
03-27 11:31:54.009  1170  1179 W ndroid.systemui: Reducing the number of considered missed Gc histogram windows from 147 to 100
03-27 11:31:54.028  1170  1181 W System  : A resource failed to call release. 
03-27 11:31:54.028  1170  1181 W System  : A resource failed to call release. 
03-27 11:31:54.028  1170  1181 W System  : A resource failed to call release. 
03-27 11:31:54.030  1170  1181 W System  : A resource failed to call release. 
03-27 11:31:54.031  1170  1181 W System  : A resource failed to call release. 
03-27 11:31:54.031  1170  1181 W System  : A resource failed to call release. 
03-27 11:31:54.031  1170  1181 W System  : A resource failed to call release. 
03-27 11:31:54.820 15823 15870 I ReactNativeJS: Running "main
03-27 11:31:54.821 15823 15870 E ReactNativeJS: Invariant Violation: "main" has not been registered. This can happen if:
03-27 11:31:54.821 15823 15870 E ReactNativeJS: * Metro (the local dev server) is run from the wrong folder. Check if Metro is running, stop it and restart it in the current project.
03-27 11:31:54.821 15823 15870 E ReactNativeJS: * A module failed to load due to an error and `AppRegistry.registerComponent` wasn't called., js engine: hermes
--------- beginning of crash
03-27 11:31:54.826 15823 15871 E AndroidRuntime: FATAL EXCEPTION: mqt_native_modules
03-27 11:31:54.826 15823 15871 E AndroidRuntime: Process: co.ke.roadready.provider, PID: 15823
03-27 11:31:54.826 15823 15871 E AndroidRuntime: com.facebook.react.common.JavascriptException: Invariant Violation: "main" has not been registered. This can happen if:
03-27 11:31:54.826 15823 15871 E AndroidRuntime: * Metro (the local dev server) is run from the wrong folder. Check if Metro is running, stop it and restart it in the current project.
03-27 11:31:54.826 15823 15871 E AndroidRuntime: * A module failed to load due to an error and `AppRegistry.registerComponent` wasn't called., js engine: hermes, stack:
03-27 11:31:54.826 15823 15871 E AndroidRuntime: invariant@1:73933
03-27 11:31:54.826 15823 15871 E AndroidRuntime: runApplication@1:308527
03-27 11:31:54.826 15823 15871 E AndroidRuntime: __callFunction@1:76936
03-27 11:31:54.826 15823 15871 E AndroidRuntime: anonymous@1:75378
03-27 11:31:54.826 15823 15871 E AndroidRuntime: __guard@1:76318
03-27 11:31:54.826 15823 15871 E AndroidRuntime: callFunctionReturnFlushedQueue@1:75336
03-27 11:31:54.826 15823 15871 E AndroidRuntime: 
03-27 11:31:54.826 15823 15871 E AndroidRuntime: 	at com.facebook.react.modules.core.ExceptionsManagerModule.reportException(ExceptionsManagerModule.java:65)
03-27 11:31:54.826 15823 15871 E AndroidRuntime: 	at java.lang.reflect.Method.invoke(Native Method)
03-27 11:31:54.826 15823 15871 E AndroidRuntime: 	at com.facebook.react.bridge.JavaMethodWrapper.invoke(JavaMethodWrapper.java:372)
03-27 11:31:54.826 15823 15871 E AndroidRuntime: 	at com.facebook.react.bridge.JavaModuleWrapper.invoke(JavaModuleWrapper.java:146)
03-27 11:31:54.826 15823 15871 E AndroidRuntime: 	at com.facebook.jni.NativeRunnable.run(Native Method)
03-27 11:31:54.826 15823 15871 E AndroidRuntime: 	at android.os.Handler.handleCallback(Handler.java:1095)
03-27 11:31:54.826 15823 15871 E AndroidRuntime: 	at android.os.Handler.dispatchMessageImpl(Handler.java:135)
03-27 11:31:54.826 15823 15871 E AndroidRuntime: 	at android.os.Handler.dispatchMessage(Handler.java:125)
03-27 11:31:54.826 15823 15871 E AndroidRuntime: 	at com.facebook.react.bridge.queue.MessageQueueThreadHandler.dispatchMessage(MessageQueueThreadHandler.java:27)
03-27 11:31:54.826 15823 15871 E AndroidRuntime: 	at android.os.Looper.loopOnce(Looper.java:292)
03-27 11:31:54.826 15823 15871 E AndroidRuntime: 	at android.os.Looper.loop(Looper.java:393)
03-27 11:31:54.826 15823 15871 E AndroidRuntime: 	at com.facebook.react.bridge.queue.MessageQueueThreadImpl$4.run(MessageQueueThreadImpl.java:233)
03-27 11:31:54.826 15823 15871 E AndroidRuntime: 	at java.lang.Thread.run(Thread.java:1572)
03-27 11:31:54.831   679 15877 I DropBoxManagerService: add tag=data_app_crash isTagEnabled=true flags=0x2
03-27 11:31:54.832   679   704 W ActivityTaskManager:   Force finishing activity co.ke.roadready.provider/.MainActivity
03-27 11:31:54.834   679   704 W TransitionChain: Combining AR.finish-force-crash into #70(CLOSE|R|0x10) from finishTopCrash
03-27 11:31:54.835  1170  1244 V WindowManagerShell: Transition requested (#70): android.os.BinderProxy@f9f5bea TransitionRequestInfo { type = CLOSE, triggerTask = TaskInfo{userId=0 taskId=12 effectiveUid=10229 displayId=0 isRunning=true baseIntent=Intent { flg=0x10000000 cmp=co.ke.roadready.provider/.MainActivity } baseActivity=ComponentInfo{co.ke.roadready.provider/co.ke.roadready.provider.MainActivity} topActivity=ComponentInfo{co.ke.roadready.provider/co.ke.roadready.provider.MainActivity} origActivity=null realActivity=ComponentInfo{co.ke.roadready.provider/co.ke.roadready.provider.MainActivity} realActivityIsAppLockEnabled=false numActivities=1 lastActiveTime=4216448 supportsMultiWindow=true supportsMultiWindowWithoutConstraints=true resizeMode=1 isResizeable=true minWidth=-1 minHeight=-1 defaultMinSize=220 token=WCT{android.os.BinderProxy@13f439} topActivityType=1 pictureInPictureParams=null shouldDockBigOverlays=false launchIntoPipHostTaskId=-1 lastParentTaskIdBeforePip=-1 displayCutoutSafeInsets=Rect(0, 0 - 0, 0) topActivityInfo=ActivityInfo{5d79edb co.ke.roadready.provider.MainActivity} launchCookies=[] positionInParent=Point(0, 0) parentTaskId=-1 isFocused=true isInteractive=false isVisible=true isVisibleRequested=true isTopActivityNoDisplay=false isSleeping=false locusId=null displayAreaFeatureId=1 isTopActivityTransparent=false isActivityStackTransparent=false lastNonFullscreenBounds=null leafTaskBoundsFromOptions= false capturedLink=null capturedLinkTimestamp=0 requestedVisibleTypes=503 topActivityRequestOpenInBrowserEducationTimestamp=0 appCompatTaskInfo=AppCompatTaskInfo { topActivityInSizeCompat=false isLeafTask= true eligibleForLetterboxEducation= false isLetterboxEducationEnabled= true isLetterboxDoubleTapEnabled= false eligibleForUserAspectRatioButton= false topActivityBoundsLetterboxed= false isFromLetterboxDoubleTap= false topActivityLetterboxVerticalPosition= -1 topActivityLetterboxHorizontalPosition= -1 topActivityLetterboxWidth=-1 topActivityLetterboxHeight=-1 topActivityAppBounds=Rect(0, 142 - 1080, 2361) isUserFullscreenOverrideEnabled=false isSystemFullscreenOverrideEnabled=false hasMinAspectRatioOverride=false topActivityLetterboxBounds=null topNonResizableActivityAspectRatio=-1.0} topActivityMainWindowFrame=null isAppBubble=false}, pipChange = null, remoteTransitionInfo = null, displayChange = null, requestedLocation = null, userChange = null, windowingLayerChange = null, fullscreenRequestChange = null, flags = 16, debugId = 70 }
03-27 11:31:54.835  1170  1244 W DisconnectHandler: No disconnect change found in the transition, not handling request.
03-27 11:31:54.835  1170  1244 V ShellDesktopMode: DesktopTasksController: skipping handleRequest reason=triggerTask's display doesn't support desktop mode
03-27 11:31:54.839   506   644 I libbinder.BpBinder: onLastStrongRef automatically unlinking death recipients for binder (0x74c433c44f60) with descriptor: '(not cached)'
03-27 11:31:54.841   679   704 V WindowManager: Defer transition id=70 for TaskFragmentTransaction=android.os.Binder@5b6ceb7
03-27 11:31:54.844   679  1635 V WindowManager: Continue transition id=70 for TaskFragmentTransaction=android.os.Binder@5b6ceb7
03-27 11:31:54.845 15823 15871 I Process : Sending signal. PID: 15823 SIG: 9
03-27 11:31:54.861   679   833 W InputDispatcher: channel 'bfd4f7e co.ke.roadready.provider/co.ke.roadready.provider.MainActivity' ~ Consumer closed input channel or an error occurred.  events=0x9
03-27 11:31:54.861   679   833 E InputDispatcher: channel 'bfd4f7e co.ke.roadready.provider/co.ke.roadready.provider.MainActivity' ~ Channel is unrecoverably broken and will be disposed!
03-27 11:31:54.861   679   833 I WindowManager: WINDOW DIED Window{bfd4f7e u0 co.ke.roadready.provider/co.ke.roadready.provider.MainActivity}
03-27 11:31:54.866   461   461 I Zygote  : Process 15823 exited due to signal 9 (Killed)
03-27 11:31:54.867   679  1635 I ActivityManager: Process co.ke.roadready.provider (pid 15823) has died: fg  TOP 
03-27 11:31:54.871   679  1716 I WindowManager: WIN DEATH: Window{bfd4f7e u0 co.ke.roadready.provider/co.ke.roadready.provider.MainActivity EXITING}
03-27 11:31:54.873   679  1512 D SensorService: Unregistering client listener for PID 15823
03-27 11:31:54.873   679  1075 D ConnectivityService: releasing NetworkRequest [ REQUEST id=273, [ Capabilities: INTERNET&NOT_RESTRICTED&TRUSTED&NOT_VCN_MANAGED&NOT_BANDWIDTH_CONSTRAINED Uid: 10229 RequestorUid: 10229 RequestorPkg: co.ke.roadready.provider UnderlyingNetworks: Null] ] (release request)
03-27 11:31:54.875   679   721 I libprocessgroup: Removed cgroup /sys/fs/cgroup/apps/uid_10229/pid_15823
03-27 11:31:54.881   679  1635 W TransitionChain: Combining appDied into #70(CLOSE|R|0x10) from finishTopCrash
03-27 11:31:54.889   679   713 W ActivityManager: setHasOverlayUi called on unknown pid: 15823
03-27 11:31:54.895  1170  1244 V RecentTasksController: Notify recent tasks changed
03-27 11:31:54.898 10234 10234 D ViewRootImpl: Skipping stats log for color mode
03-27 11:31:54.902 10234 10234 D BaseActivity: Launcher flags updated: [state_started] +[state_started]
03-27 11:31:54.903 10234 10234 D BaseActivity: Launcher flags updated: [state_started|state_resumed|state_user_active] +[state_resumed|state_user_active]
03-27 11:31:54.907  1170  1244 D WindowManagerShell: setLauncherKeepClearAreaHeight: visible=true, height=495
03-27 11:31:54.907 10234 10234 D BaseActivity: Launcher flags updated: [state_started|state_resumed|state_deferred_resumed|state_user_active] +[state_deferred_resumed]
03-27 11:31:54.909 10234 10234 D StatsLog: LAUNCHER_ONRESUME
03-27 11:31:54.918 10234 10234 D SmartspaceInteractor: notifySmartspaceEvent: SmartspaceTargetEvent{mSmartspaceTarget=null, mSmartspaceActionId='null', mEventType=6}
03-27 11:31:54.918   679  1075 D InetDiagMessage: Destroyed 0 sockets, proto=IPPROTO_TCP, family=AF_INET, states=14
03-27 11:31:54.920   679  1075 D InetDiagMessage: Destroyed 0 sockets, proto=IPPROTO_TCP, family=AF_INET6, states=14
03-27 11:31:54.921   679  1075 D InetDiagMessage: Destroyed live tcp sockets for uids={10229} in 3ms
03-27 11:31:54.922 10234 10268 D QuickstepModelDelegate: notifyAppTargetEvent action=1 launchLocation=workspace/0/[-1,-1]/[1,1]
03-27 11:31:54.922 10234 10234 I Surface : Creating surface for consumer unnamed-10234-14 with slotExpansion=1 for 64 slots
03-27 11:31:54.924 10234 10234 I Surface : Creating surface for consumer VRI[NexusLauncherActivity]#5(BLAST Consumer)5 with slotExpansion=1 for 64 slots
03-27 11:31:54.924   679  1716 D WindowManager: setClientSurface Surface(name=VRI-com.google.android.apps.nexuslauncher/com.google.android.apps.nexuslauncher.NexusLauncherActivity#420)/@0x6db342 for 56309fb com.google.android.apps.nexuslauncher/com.google.android.apps.nexuslauncher.NexusLauncherActivity
03-27 11:31:54.924   679  1075 D InetDiagMessage: Destroyed 0 sockets, proto=IPPROTO_TCP, family=AF_INET, states=14
03-27 11:31:54.930   679  1075 D InetDiagMessage: Destroyed 0 sockets, proto=IPPROTO_TCP, family=AF_INET6, states=14
03-27 11:31:54.930   679  1075 D InetDiagMessage: Destroyed live tcp sockets for uids={20229} in 10ms
03-27 11:31:54.932 10234 10234 D BaseDepthController: setSurface:
03-27 11:31:54.932 10234 10234 D BaseDepthController: 	mWaitingOnSurfaceValidity: false
03-27 11:31:54.932 10234 10234 D BaseDepthController: 	mBaseSurface: Surface(name=VRI-com.google.android.apps.nexuslauncher/com.google.android.apps.nexuslauncher.NexusLauncherActivity#420)/@0x92bf525
03-27 11:31:54.932 10234 10234 V BaseDepthController: Applying blur: 0 to Surface(name=VRI-com.google.android.apps.nexuslauncher/com.google.android.apps.nexuslauncher.NexusLauncherActivity#420)/@0x92bf525 applyImmediately: false
03-27 11:31:54.933 10234 10234 D BaseDepthController: shouldBlurWorkspace: false targetState: Normal currentStableState: Normal mCurrentBlur: 0 mLauncher.getDepthBlurTargets(): [com.android.launcher3.Workspace{c06d6fa V.ED..... .......D 0,0-1080,2424 #7f0a047d app:id/workspace}, com.android.launcher3.Hotseat{3c5e4ab V.ED..... .......D 0,1929-1080,2424 #7f0a01f1 app:id/hotseat}]
03-27 11:31:54.933  9581  9627 I AiAiEcho: Predicting[0]:  [CONTEXT sampling_count=5 ]
03-27 11:31:54.934  9581  9627 I AiAiEcho: EchoTargets: 
03-27 11:31:54.934  9581  9627 I AiAiEcho: Filtered by AiAi flag check: 
03-27 11:31:54.934  9581  9627 I AiAiEcho: [CONTEXT ratelimit_period="10 SECONDS" ]
03-27 11:31:54.936  9581  9627 I AiAiEcho: #remoteViewsTwiddler: feature disabled.
03-27 11:31:54.938  1170  1498 D WallpaperService: onVisibilityChanged(true): com.android.systemui.wallpapers.ImageWallpaper$CanvasEngine@a3e553b
03-27 11:31:54.941  9581  9627 I AiAiEcho: #postPredictionTargets: Sending updates to UISurface home with targets# 0 (types=[])
03-27 11:31:55.075 10234 10234 D RecentTasksList: invalidateLoadedTasks - previous requestLoadId: -1
03-27 11:31:55.092  1170  1407 V WindowManagerShell: onTransitionReady(transaction=2916282798851)
03-27 11:31:55.093  1170  1244 V WindowManagerShell: onTransitionReady (#70) android.os.BinderProxy@f9f5bea: {id=70 t=CLOSE f=0x10 trk=0 r=[0@Point(0, 0)] c=[
03-27 11:31:55.093  1170  1244 V WindowManagerShell:         {m=CLOSE f=NONE leash=Surface(name=Task=12#401)/@0x7978d78 sb=Rect(0, 0 - 1080, 2424) eb=Rect(0, 0 - 1080, 2424) epz=Point(1080, 2424) d=0 taskParent=-1 winMode=1 userId=0},
03-27 11:31:55.093  1170  1244 V WindowManagerShell:         {m=TO_FRONT f=SHOW_WALLPAPER|MOVE_TO_TOP leash=Surface(name=Task=1#34)/@0xb71fc51 sb=Rect(0, 0 - 1080, 2424) eb=Rect(0, 0 - 1080, 2424) epz=Point(1080, 2424) d=0 taskParent=-1 winMode=1 userId=0},
03-27 11:31:55.093  1170  1244 V WindowManagerShell:         {m=TO_FRONT f=IS_WALLPAPER leash=Surface(name=WallpaperWindowToken{71cefd8}#53)/@0x20f4cb6 sb=Rect(0, 0 - 1080, 2424) eb=Rect(0, 0 - 1080, 2424) epz=Point(1080, 2424) d=0}
03-27 11:31:55.093  1170  1244 V WindowManagerShell:     ]}
03-27 11:31:55.094  1170  1244 V WindowManagerShell: Playing animation for (#70) android.os.BinderProxy@f9f5bea@0
03-27 11:31:55.094  1170  1244 D ShellSplitScreen: startAnimation: transition=70 isSplitActive=false
03-27 11:31:55.095  1170  1244 V ShellRecents: RecentsTransitionHandler.startAnimation: no controller found
03-27 11:31:55.096  1170  1244 V ShellDesktopMode: DesktopMixedTransitionHandler: No pending desktop transition
03-27 11:31:55.097  1170  1244 V WindowManagerShell: Transition doesn't have explicit remote, search filters for match for {id=70 t=CLOSE f=0x10 trk=0 r=[0@Point(0, 0)] c=[{m=CLOSE f=NONE leash=Surface(name=Task=12#401)/@0x7978d78 sb=Rect(0, 0 - 1080, 2424) eb=Rect(0, 0 - 1080, 2424) epz=Point(1080, 2424) d=0 taskParent=-1 winMode=1 userId=0},{m=TO_FRONT f=SHOW_WALLPAPER|MOVE_TO_TOP leash=Surface(name=Task=1#34)/@0xb71fc51 sb=Rect(0, 0 - 1080, 2424) eb=Rect(0, 0 - 1080, 2424) epz=Point(1080, 2424) d=0 taskParent=-1 winMode=1 userId=0},{m=TO_FRONT f=IS_WALLPAPER leash=Surface(name=WallpaperWindowToken{71cefd8}#53)/@0x20f4cb6 sb=Rect(0, 0 - 1080, 2424) eb=Rect(0, 0 - 1080, 2424) epz=Point(1080, 2424) d=0}]}
03-27 11:31:55.098  1170  1244 V WindowManagerShell:  Checking filter Pair{{types=[] flags=0x0 notFlags=0x0 checks=[{atype=undefined independent=true modes=[CLOSE,TO_BACK] flags=IN_TASK_WITH_EMBEDDED_ACTIVITY mustBeTask=false order=ANY topActivity=null launchCookie=null taskFragmentToken=android.os.BinderProxy@1c99f95 windowingMode=undefined isCrossDisplayMove=false}]} RemoteTransition { remoteTransition = android.window.IRemoteTransition$Stub$Proxy@3b688aa, appThread = android.app.IApplicationThread$Stub$Proxy@fd82c9b, debugName = overlayBackTransition, filter = {types=[] flags=0x0 notFlags=0x0 checks=[{atype=undefined independent=true modes=[CLOSE,TO_BACK] flags=IN_TASK_WITH_EMBEDDED_ACTIVITY mustBeTask=false order=ANY topActivity=null launchCookie=null taskFragmentToken=android.os.BinderProxy@1c99f95 windowingMode=undefined isCrossDisplayMove=false}]} }}
03-27 11:31:55.098  1170  1244 V WindowManagerShell:  Checking filter Pair{{types=[OPEN,TO_FRONT] flags=0x0 notFlags=0x0 checks=[{atype=standard independent=true modes=[OPEN,TO_FRONT] flags=NONE mustBeTask=true order=ANY topActivity=null launchCookie=null windowingMode=freeform isCrossDisplayMove=false}]} RemoteTransition { remoteTransition = android.window.IRemoteTransition$Stub$Proxy@7846838, appThread = null, debugName = DesktopWindowLimitUnminimize, filter = {types=[OPEN,TO_FRONT] flags=0x0 notFlags=0x0 checks=[{atype=standard independent=true modes=[OPEN,TO_FRONT] flags=NONE mustBeTask=true order=ANY topActivity=null launchCookie=null windowingMode=freeform isCrossDisplayMove=false}]} }}
03-27 11:31:55.098  1170  1244 V WindowManagerShell:  Checking filter Pair{{types=[] flags=0x0 notFlags=0x0 checks=[{atype=dream independent=true modes=[OPEN,TO_FRONT] flags=NONE mustBeTask=false order=ANY topActivity=null launchCookie=null windowingMode=undefined isCrossDisplayMove=false},{atype=home independent=true modes=[CLOSE,TO_BACK] flags=NONE mustBeTask=false order=ANY topActivity=null launchCookie=null windowingMode=undefined isCrossDisplayMove=false}]} RemoteTransition { remoteTransition = android.window.IRemoteTransition$Stub$Proxy@e71a011, appThread = android.app.IApplicationThread$Stub$Proxy@34c8576, debugName = LauncherToDream, filter = {types=[] flags=0x0 notFlags=0x0 checks=[{atype=dream independent=true modes=[OPEN,TO_FRONT] flags=NONE mustBeTask=false order=ANY topActivity=null launchCookie=null windowingMode=undefined isCrossDisplayMove=false},{atype=home independent=true modes=[CLOSE,TO_BACK] flags=NONE mustBeTask=false order=ANY topActivity=null launchCookie=null windowingMode=undefined isCrossDisplayMove=false}]} }}
03-27 11:31:55.098  1170  1244 V WindowManagerShell:  Checking filter Pair{{types=[] flags=0x0 notFlags=0x0 checks=[{atype=standard independent=false modes=[CHANGE] flags=NONE mustBeTask=true order=ANY topActivity=null launchCookie=null windowingMode=undefined isCrossDisplayMove=true}]} RemoteTransition { remoteTransition = android.window.IRemoteTransition$Stub$Proxy@782f777, appThread = android.app.IApplicationThread$Stub$Proxy@733cfe4, debugName = QuickstepDisplayMove, filter = {types=[] flags=0x0 notFlags=0x0 checks=[{atype=standard independent=false modes=[CHANGE] flags=NONE mustBeTask=true order=ANY topActivity=null launchCookie=null windowingMode=undefined isCrossDisplayMove=true}]} }}
03-27 11:31:55.099  1170  1244 V WindowManagerShell:  Checking filter Pair{{types=[] flags=0x0 notFlags=0x100 checks=[{atype=home independent=true modes=[OPEN,TO_FRONT] flags=NONE mustBeTask=false order=ANY topActivity=ComponentInfo{com.google.android.apps.nexuslauncher/com.google.android.apps.nexuslauncher.NexusLauncherActivity} launchCookie=null windowingMode=undefined isCrossDisplayMove=false},{atype=standard independent=true modes=[CLOSE,TO_BACK] flags=NONE mustBeTask=false order=ANY topActivity=null launchCookie=null windowingMode=undefined isCrossDisplayMove=false},{NOT atype=undefined independent=true modes=[] flags=NONE mustBeTask=true order=ANY topActivity=null launchCookie=null customAnim=true windowingMode=undefined isCrossDisplayMove=false}]} RemoteTransition { remoteTransition = android.window.IRemoteTransition$Stub$Proxy@8bf2c4d, appThread = android.app.IApplicationThread$Stub$Proxy@9738302, debugName = QuickstepLaunchHome, filter = {types=[] flags=0x0 notFlags=0x100 checks=[{atype=home independent=true modes=[OPEN,TO_FRONT] flags=NONE mustBeTask=false order=ANY topActivity=ComponentInfo{com.google.android.apps.nexuslauncher/com.google.android.apps.nexuslauncher.NexusLauncherActivity} launchCookie=null windowingMode=undefined isCrossDisplayMove=false},{atype=standard independent=true modes=[CLOSE,TO_BACK] flags=NONE mustBeTask=false order=ANY topActivity=null launchCookie=null windowingMode=undefined isCrossDisplayMove=false},{NOT atype=undefined independent=true modes=[] flags=NONE mustBeTask=true order=ANY topActivity=null launchCookie=null customAnim=true windowingMode=undefined isCrossDisplayMove=false}]} }}
03-27 11:31:55.101  1170  1244 D RemoteTransitionHandler: Found filterPair{{types=[] flags=0x0 notFlags=0x100 checks=[{atype=home independent=true modes=[OPEN,TO_FRONT] flags=NONE mustBeTask=false order=ANY topActivity=ComponentInfo{com.google.android.apps.nexuslauncher/com.google.android.apps.nexuslauncher.NexusLauncherActivity} launchCookie=null windowingMode=undefined isCrossDisplayMove=false},{atype=standard independent=true modes=[CLOSE,TO_BACK] flags=NONE mustBeTask=false order=ANY topActivity=null launchCookie=null windowingMode=undefined isCrossDisplayMove=false},{NOT atype=undefined independent=true modes=[] flags=NONE mustBeTask=true order=ANY topActivity=null launchCookie=null customAnim=true windowingMode=undefined isCrossDisplayMove=false}]} RemoteTransition { remoteTransition = android.window.IRemoteTransition$Stub$Proxy@8bf2c4d, appThread = android.app.IApplicationThread$Stub$Proxy@9738302, debugName = QuickstepLaunchHome, filter = {types=[] flags=0x0 notFlags=0x100 checks=[{atype=home independent=true modes=[OPEN,TO_FRONT] flags=NONE mustBeTask=false order=ANY topActivity=ComponentInfo{com.google.android.apps.nexuslauncher/com.google.android.apps.nexuslauncher.NexusLauncherActivity} launchCookie=null windowingMode=undefined isCrossDisplayMove=false},{atype=standard independent=true modes=[CLOSE,TO_BACK] flags=NONE mustBeTask=false order=ANY topActivity=null launchCookie=null windowingMode=undefined isCrossDisplayMove=false},{NOT atype=undefined independent=true modes=[] flags=NONE mustBeTask=true order=ANY topActivity=null launchCookie=null customAnim=true windowingMode=undefined isCrossDisplayMove=false}]} }}
03-27 11:31:55.101  1170  1244 V WindowManagerShell:  Delegate animation for (#70) to RemoteTransition { remoteTransition = android.window.IRemoteTransition$Stub$Proxy@8bf2c4d, appThread = android.app.IApplicationThread$Stub$Proxy@9738302, debugName = QuickstepLaunchHome, filter = {types=[] flags=0x0 notFlags=0x100 checks=[{atype=home independent=true modes=[OPEN,TO_FRONT] flags=NONE mustBeTask=false order=ANY topActivity=ComponentInfo{com.google.android.apps.nexuslauncher/com.google.android.apps.nexuslauncher.NexusLauncherActivity} launchCookie=null windowingMode=undefined isCrossDisplayMove=false},{atype=standard independent=true modes=[CLOSE,TO_BACK] flags=NONE mustBeTask=false order=ANY topActivity=null launchCookie=null windowingMode=undefined isCrossDisplayMove=false},{NOT atype=undefined independent=true modes=[] flags=NONE mustBeTask=true order=ANY topActivity=null launchCookie=null customAnim=true windowingMode=undefined isCrossDisplayMove=false}]} }
03-27 11:31:55.108 10234 10234 D SsBaseTemplateCard: Passed-in item info is null
03-27 11:31:55.108 10234 10234 D SsBaseTemplateCard: Passed-in item info is null
03-27 11:31:55.108 10234 10234 D SsBaseTemplateCard: Passed-in item info is null
03-27 11:31:55.108 10234 10234 D SsBaseTemplateCard: Passed-in item info is null
03-27 11:31:55.108 10234 10234 I SsBaseTemplateCard: Secondary card pane is null
03-27 11:31:55.130 10234 10234 D LauncherStateManager: StateManager.cancelAnimation: animation ongoing: false, partial trace:
03-27 11:31:55.130 10234 10234 D LauncherStateManager: 	at com.android.launcher3.statemanager.StateManager.setCurrentAnimation(go/retraceme 7226a759aa2bb3787a79806f85d80eaad84f1f1e15acd6db988f2df789d1680d:59)
03-27 11:31:55.130 10234 10234 D LauncherStateManager: 	at com.android.launcher3.QuickstepTransitionManager.createWallpaperOpenAnimations(go/retraceme 7226a759aa2bb3787a79806f85d80eaad84f1f1e15acd6db988f2df789d1680d:672)
03-27 11:31:55.130 10234 10234 D LauncherStateManager: 	at com.android.launcher3.QuickstepTransitionManager$WallpaperOpenLauncherAnimationRunner.onAnimationStart(go/retraceme 7226a759aa2bb3787a79806f85d80eaad84f1f1e15acd6db988f2df789d1680d:135)
03-27 11:31:55.134 10234 10234 D LauncherStateManager: StateManager.createAtomicAnimation: fromState: Normal, toState: Normal, partial trace:
03-27 11:31:55.134 10234 10234 D LauncherStateManager: 	at com.android.quickstep.util.WorkspaceRevealAnim.prepareToAnimate(go/retraceme 7226a759aa2bb3787a79806f85d80eaad84f1f1e15acd6db988f2df789d1680d:19)
03-27 11:31:55.134 10234 10234 D LauncherStateManager: 	at com.android.quickstep.util.WorkspaceRevealAnim.<init>(go/retraceme 7226a759aa2bb3787a79806f85d80eaad84f1f1e15acd6db988f2df789d1680d:10)
03-27 11:31:55.134 10234 10234 D LauncherStateManager: 	at com.android.launcher3.QuickstepTransitionManager.createWallpaperOpenAnimations(go/retraceme 7226a759aa2bb3787a79806f85d80eaad84f1f1e15acd6db988f2df789d1680d:713)
03-27 11:31:55.135 10234 10234 D AllAppsTransitionController: shouldProtectHeader: false skipScrim: true state: Normal stateManager.getState(): Normal
03-27 11:31:55.135 10234 10234 D KeyboardInsetsHandler: removePendingImeController: pendingImeController=null
03-27 11:31:55.136 10234 10234 D b/311077782: LauncherAnimationRunner.setAnimation
03-27 11:31:55.157   506   582 W skia    : AGTM parsing failed flags.readFromStream(s) at 159
03-27 11:31:55.181   679   710 V WindowManager: Sent Transition (#70) createdAt=03-27 11:31:54.832 via request=TransitionRequestInfo { type = CLOSE, triggerTask = TaskInfo{userId=0 taskId=12 effectiveUid=10229 displayId=0 isRunning=true baseIntent=Intent { flg=0x10000000 cmp=co.ke.roadready.provider/.MainActivity } baseActivity=ComponentInfo{co.ke.roadready.provider/co.ke.roadready.provider.MainActivity} topActivity=ComponentInfo{co.ke.roadready.provider/co.ke.roadready.provider.MainActivity} origActivity=null realActivity=ComponentInfo{co.ke.roadready.provider/co.ke.roadready.provider.MainActivity} realActivityIsAppLockEnabled=false numActivities=1 lastActiveTime=4216448 supportsMultiWindow=true supportsMultiWindowWithoutConstraints=true resizeMode=1 isResizeable=true minWidth=-1 minHeight=-1 defaultMinSize=220 token=WCT{RemoteToken{1c9846c Task{fd02c0e #12 type=standard A=10229:co.ke.roadready.provider}}} topActivityType=1 pictureInPictureParams=null shouldDockBigOverlays=false launchIntoPipHostTaskId=-1 lastParentTaskIdBeforePip=-1 displayCutoutSafeInsets=Rect(0, 0 - 0, 0) topActivityInfo=ActivityInfo{ae7a35 co.ke.roadready.provider.MainActivity} launchCookies=[] positionInParent=Point(0, 0) parentTaskId=-1 isFocused=true isInteractive=false isVisible=true isVisibleRequested=true isTopActivityNoDisplay=false isSleeping=false locusId=null displayAreaFeatureId=1 isTopActivityTransparent=false isActivityStackTransparent=false lastNonFullscreenBounds=null leafTaskBoundsFromOptions= false capturedLink=null capturedLinkTimestamp=0 requestedVisibleTypes=503 topActivityRequestOpenInBrowserEducationTimestamp=0 appCompatTaskInfo=AppCompatTaskInfo { topActivityInSizeCompat=false isLeafTask= true eligibleForLetterboxEducation= false isLetterboxEducationEnabled= true isLetterboxDoubleTapEnabled= false eligibleForUserAspectRatioButton= false topActivityBoundsLetterboxed= false isFromLetterboxDoubleTap= false topActivityLetterboxVerticalPosition= -1 topActivityLetterboxHorizontalPosition= -1 topActivityLetterboxWidth=-1 topActivityLetterboxHeight=-1 topActivityAppBounds=Rect(0, 142 - 1080, 2361) isUserFullscreenOverrideEnabled=false isSystemFullscreenOverrideEnabled=false hasMinAspectRatioOverride=false topActivityLetterboxBounds=null topNonResizableActivityAspectRatio=-1.0} topActivityMainWindowFrame=null isAppBubble=false}, pipChange = null, remoteTransitionInfo = null, displayChange = null, requestedLocation = null, userChange = null, windowingLayerChange = null, fullscreenRequestChange = null, flags = 16, debugId = 70 }
03-27 11:31:55.189   679  1144 W ActivityTaskManager: setRunningRemoteTransition: no process for null
03-27 11:31:55.189   679   710 V WindowManager:     startWCT=WindowContainerTransaction { changes= {} hops= [] flags= 0 errorCallbackToken=null taskFragmentOrganizer=null }
03-27 11:31:55.190  1170  1244 V WindowManagerShell:  animated by com.android.wm.shell.transition.RemoteTransitionHandler@a4c0993
03-27 11:31:55.190   679   710 V WindowManager:     info={id=70 t=CLOSE f=0x10 trk=0 r=[0@Point(0, 0)] c=[
03-27 11:31:55.190   679   710 V WindowManager:         {WCT{RemoteToken{1c9846c Task{fd02c0e #12 type=standard A=10229:co.ke.roadready.provider}}} m=CLOSE f=NONE leash=Surface(name=Task=12#401)/@0x2026440 sb=Rect(0, 0 - 1080, 2424) eb=Rect(0, 0 - 1080, 2424) epz=Point(1080, 2424) d=0 taskParent=-1 winMode=1 userId=0},
03-27 11:31:55.190   679   710 V WindowManager:         {WCT{RemoteToken{beaa066 Task{31cd01 #1 type=home}}} m=TO_FRONT f=SHOW_WALLPAPER|MOVE_TO_TOP leash=Surface(name=Task=1#34)/@0x1db118d sb=Rect(0, 0 - 1080, 2424) eb=Rect(0, 0 - 1080, 2424) epz=Point(1080, 2424) d=0 taskParent=-1 winMode=1 userId=0},
03-27 11:31:55.190   679   710 V WindowManager:         {m=TO_FRONT f=IS_WALLPAPER leash=Surface(name=WallpaperWindowToken{71cefd8}#53)/@0x1e74325 sb=Rect(0, 0 - 1080, 2424) eb=Rect(0, 0 - 1080, 2424) epz=Point(1080, 2424) d=0}
03-27 11:31:55.190   679   710 V WindowManager:     ]}
03-27 11:31:55.192   506   582 W skia    : AGTM parsing failed flags.readFromStream(s) at 159
03-27 11:31:55.193   506   582 W skia    : AGTM parsing failed flags.readFromStream(s) at 159
03-27 11:31:55.220   480   523 I RanchuHwc: logCompositionFallbackIfChanged: layer 71 CompositionType fallback from 2 to 1
03-27 11:31:55.220   480   523 I RanchuHwc: logCompositionFallbackIfChanged: layer 72 CompositionType fallback from 3 to 1
03-27 11:31:55.220   480   523 I RanchuHwc: logCompositionFallbackIfChanged: layer 74 CompositionType fallback from 2 to 1
03-27 11:31:55.220   480   523 I RanchuHwc: logCompositionFallbackIfChanged: layer 75 CompositionType fallback from 2 to 1
03-27 11:31:55.222   506   582 W skia    : AGTM parsing failed flags.readFromStream(s) at 159
03-27 11:31:55.222   506   582 W skia    : AGTM parsing failed flags.readFromStream(s) at 159
03-27 11:31:55.222   506   582 W skia    : AGTM parsing failed flags.readFromStream(s) at 159
03-27 11:31:55.223   506   582 W skia    : AGTM parsing failed flags.readFromStream(s) at 159
03-27 11:31:55.223   506   582 W skia    : AGTM parsing failed flags.readFromStream(s) at 159
03-27 11:31:55.223   506   582 W skia    : AGTM parsing failed flags.readFromStream(s) at 159
03-27 11:31:55.223   506   582 W skia    : AGTM parsing failed flags.readFromStream(s) at 159
03-27 11:31:55.223   506   582 W skia    : AGTM parsing failed flags.readFromStream(s) at 159
03-27 11:31:55.237   506   582 W skia    : AGTM parsing failed flags.readFromStream(s) at 159
03-27 11:31:55.237   506   582 W skia    : AGTM parsing failed flags.readFromStream(s) at 159
03-27 11:31:55.237   506   582 W skia    : AGTM parsing failed flags.readFromStream(s) at 159
03-27 11:31:55.237   506   582 W skia    : AGTM parsing failed flags.readFromStream(s) at 159
03-27 11:31:55.237   506   582 W skia    : AGTM parsing failed flags.readFromStream(s) at 159
03-27 11:31:55.237   506   582 W skia    : AGTM parsing failed flags.readFromStream(s) at 159
03-27 11:31:55.238   506   582 W skia    : AGTM parsing failed flags.readFromStream(s) at 159
03-27 11:31:55.238   506   582 W skia    : AGTM parsing failed flags.readFromStream(s) at 159
03-27 11:31:55.252   506   582 W skia    : AGTM parsing failed flags.readFromStream(s) at 159
03-27 11:31:55.252   506   582 W skia    : AGTM parsing failed flags.readFromStream(s) at 159
03-27 11:31:55.252   506   582 W skia    : AGTM parsing failed flags.readFromStream(s) at 159
03-27 11:31:55.253   506   582 W skia    : AGTM parsing failed flags.readFromStream(s) at 159
03-27 11:31:55.253   506   582 W skia    : AGTM parsing failed flags.readFromStream(s) at 159
03-27 11:31:55.253   506   582 W skia    : AGTM parsing failed flags.readFromStream(s) at 159
03-27 11:31:55.253   506   582 W skia    : AGTM parsing failed flags.readFromStream(s) at 159
03-27 11:31:55.253   506   582 W skia    : AGTM parsing failed flags.readFromStream(s) at 159
03-27 11:31:55.268   506   582 W skia    : AGTM parsing failed flags.readFromStream(s) at 159
03-27 11:31:55.268   506   582 W skia    : AGTM parsing failed flags.readFromStream(s) at 159
03-27 11:31:55.269   506   582 W skia    : AGTM parsing failed flags.readFromStream(s) at 159
03-27 11:31:55.269   506   582 W skia    : AGTM parsing failed flags.readFromStream(s) at 159
03-27 11:31:55.269   506   582 W skia    : AGTM parsing failed flags.readFromStream(s) at 159
03-27 11:31:55.269   506   582 W skia    : AGTM parsing failed flags.readFromStream(s) at 159
03-27 11:31:55.269   506   582 W skia    : AGTM parsing failed flags.readFromStream(s) at 159
03-27 11:31:55.270   506   582 W skia    : AGTM parsing failed flags.readFromStream(s) at 159
03-27 11:31:55.293   506   582 W skia    : AGTM parsing failed flags.readFromStream(s) at 159
03-27 11:31:55.294   506   582 W skia    : AGTM parsing failed flags.readFromStream(s) at 159
03-27 11:31:55.294   506   582 W skia    : AGTM parsing failed flags.readFromStream(s) at 159
03-27 11:31:55.336   679   713 W ActivityTaskManager: Activity top resumed state loss timeout for ActivityRecord{203940361 u0 co.ke.roadready.provider/.MainActivity t12 f} isExiting}
03-27 11:31:55.338 10234 10234 D BaseActivity: Launcher flags updated: [state_started|state_resumed|state_deferred_resumed|state_user_active] +[]
03-27 11:31:55.393   506   582 W skia    : AGTM parsing failed flags.readFromStream(s) at 159
03-27 11:31:55.393   506   582 W skia    : AGTM parsing failed flags.readFromStream(s) at 159
03-27 11:31:55.393   506   582 W skia    : AGTM parsing failed flags.readFromStream(s) at 159
03-27 11:31:55.495   506   582 W skia    : AGTM parsing failed flags.readFromStream(s) at 159
03-27 11:31:55.495   506   582 W skia    : AGTM parsing failed flags.readFromStream(s) at 159
03-27 11:31:55.496   506   582 W skia    : AGTM parsing failed flags.readFromStream(s) at 159
03-27 11:31:55.505 10234 10234 D WorkspaceRevealAnim: onAnimationEnd: workspace alpha = 1.0
03-27 11:31:55.508  1170  1190 V WindowManagerShell: Received remote transition finished callback for (#70)
03-27 11:31:55.509  1170  1244 V WindowManagerShell: Transition animation finished (aborted=false), notifying core (#70) android.os.BinderProxy@f9f5bea@0
03-27 11:31:55.516   679   710 V WindowManager: Finish Transition (#70): created at 03-27 11:31:54.832 collect-started=0.245ms request-sent=0.518ms started=10.305ms ready=54.841ms sent=251.852ms commit=87.967ms finished=681.534ms
03-27 11:31:55.527   679  1924 E libbinder.IPCThreadState: Binder transaction failure. id: 743383, cmd: BR_DEAD_REPLY (29189), error: -22 (Invalid argument)
03-27 11:31:55.527   679  1924 W ActivityManager: pid 679 system sent binder code 7 with flags 1 and got error -32
03-27 11:31:55.529   679  1924 W WindowManager: Exception thrown during dispatchAppVisibility Window{bfd4f7e u0 co.ke.roadready.provider/co.ke.roadready.provider.MainActivity EXITING}
03-27 11:31:55.529   679  1924 W WindowManager: android.os.DeadObjectException
03-27 11:31:55.529   679  1924 W WindowManager: 	at android.os.BinderProxy.transactNative(Native Method)
03-27 11:31:55.529   679  1924 W WindowManager: 	at android.os.BinderProxy.transact(BinderProxy.java:617)
03-27 11:31:55.529   679  1924 W WindowManager: 	at android.view.IWindow$Stub$Proxy.dispatchAppVisibility(IWindow.java:596)
03-27 11:31:55.529   679  1924 W WindowManager: 	at com.android.server.wm.WindowState.sendAppVisibilityToClients(WindowState.java:3335)
03-27 11:31:55.529   679  1924 W WindowManager: 	at com.android.server.wm.WindowContainer.sendAppVisibilityToClients(WindowContainer.java:1245)
03-27 11:31:55.529   679  1924 W WindowManager: 	at com.android.server.wm.WindowToken.setClientVisible(WindowToken.java:392)
03-27 11:31:55.529   679  1924 W WindowManager: 	at com.android.server.wm.ActivityRecord.commitVisibility(ActivityRecord.java:5599)
03-27 11:31:55.529   679  1924 W WindowManager: 	at com.android.server.wm.Transition.finishTransition(Transition.java:1570)
03-27 11:31:55.529   679  1924 W WindowManager: 	at com.android.server.wm.TransitionController.finishTransition(TransitionController.java:1205)
03-27 11:31:55.529   679  1924 W WindowManager: 	at com.android.server.wm.WindowOrganizerController.finishTransition(WindowOrganizerController.java:533)
03-27 11:31:55.529   679  1924 W WindowManager: 	at android.window.IWindowOrganizerController$Stub.onTransact(IWindowOrganizerController.java:265)
03-27 11:31:55.529   679  1924 W WindowManager: 	at com.android.server.wm.WindowOrganizerController.onTransact(WindowOrganizerController.java:239)
03-27 11:31:55.529   679  1924 W WindowManager: 	at android.os.Binder.execTransactInternal(Binder.java:1466)
03-27 11:31:55.529   679  1924 W WindowManager: 	at android.os.Binder.execTransact(Binder.java:1411)
03-27 11:31:55.529   679  1924 W Process : Unable to open /proc/15823/status
03-27 11:31:55.546  1170  1244 V WindowManagerShell: Track 0 became idle
03-27 11:31:55.546  1170  1244 V WindowManagerShell: All active transition animations finished
03-27 11:31:55.549 10234 10234 D RecentsView: onTaskRemoved: 12, not handling task stack changes
03-27 11:31:55.551  1170  1244 V RecentTasksController: generateList(getRecentTasks)
03-27 11:31:55.551  1170  1244 V RecentTasksController: initializeDesksMap - allDeskIds: []
03-27 11:31:55.552  1170  1244 V RecentTasksController: Task 12 is not an active desktop task
03-27 11:31:55.552  1170  1244 V RecentTasksController: Added fullscreen task: 12
03-27 11:31:55.552  1170  1244 V RecentTasksController: generateList - complete
03-27 11:31:55.552  1170  1244 V ShellTaskOrganizer: Task vanished taskId=12
03-27 11:31:55.552  1170  1244 V ShellTaskOrganizer: Fullscreen Task Vanished: #12
03-27 11:31:55.552  1170  1244 V ShellDesktopMode: Task Vanished: #12 closed=true
03-27 11:31:55.554  1170  1244 V RecentTasksController: Notify recent tasks changed
03-27 11:31:55.555  1170  1244 D ShellDesktopMode: AppToWebRepository: Task 12 is vanishing. Removing task data from repository
03-27 11:31:55.555  1170  1244 V AppCompat: SingleSurfaceLetterboxController: []
03-27 11:31:55.555  1170  1244 V AppCompat: MultiSurfaceLetterboxController: []
03-27 11:31:55.555  1170  1244 V AppCompat: LetterboxInputController: []
03-27 11:31:55.555  1170  1244 V AppCompat: RoundedCornersLetterboxController: {}
03-27 11:31:55.561 10234 10234 D RecentsView: onTaskRemoved: 12, not handling task stack changes
03-27 11:31:55.561 10234 10234 D RecentTasksList: invalidateLoadedTasks - previous requestLoadId: -1
03-27 11:31:55.563   679  1147 I Surface : Creating surface for consumer unnamed-679-8 with slotExpansion=1 for 64 slots
03-27 11:31:55.563   679  1147 I Surface : Creating surface for consumer ImageReader-864x1939f1m1-679-4 with slotExpansion=1 for 64 slots
03-27 11:31:55.565   679  1147 W ImageReader_JNI: Unable to acquire a buffer item, very likely client tried to acquire more than maxImages buffers
03-27 11:31:55.574   679  1144 W WindowManager: takeTaskSnapshot: taskId=12 not found or not visible
03-27 11:31:55.584   506   506 E BpTransactionCompletedListener: Failed to transact (-32)
03-27 11:31:55.594   506   582 W skia    : AGTM parsing failed flags.readFromStream(s) at 159
03-27 11:31:55.594   506   582 W skia    : AGTM parsing failed flags.readFromStream(s) at 159
03-27 11:31:55.594   506   582 W skia    : AGTM parsing failed flags.readFromStream(s) at 159
03-27 11:31:55.596   679  1147 E ConsumerBase: [ImageReader-864x1939f1m1-679-4] abandonLocked: ConsumerBase is abandoned!
03-27 11:31:56.140   506   582 W skia    : AGTM parsing failed flags.readFromStream(s) at 159
03-27 11:31:56.140   506   582 W skia    : AGTM parsing failed flags.readFromStream(s) at 159
03-27 11:31:56.140   506   582 W skia    : AGTM parsing failed flags.readFromStream(s) at 159
03-27 11:31:56.243   506   582 W skia    : AGTM parsing failed flags.readFromStream(s) at 159
03-27 11:31:56.244   506   582 W skia    : AGTM parsing failed flags.readFromStream(s) at 159
03-27 11:31:56.244   506   582 W skia    : AGTM parsing failed flags.readFromStream(s) at 159
03-27 11:31:56.345   506   582 W skia    : AGTM parsing failed flags.readFromStream(s) at 159
03-27 11:31:56.345   506   582 W skia    : AGTM parsing failed flags.readFromStream(s) at 159
03-27 11:31:56.345   506   582 W skia    : AGTM parsing failed flags.readFromStream(s) at 159
03-27 11:31:56.458   506   582 W skia    : AGTM parsing failed flags.readFromStream(s) at 159
03-27 11:31:56.458   506   582 W skia    : AGTM parsing failed flags.readFromStream(s) at 159
03-27 11:31:56.458   506   582 W skia    : AGTM parsing failed flags.readFromStream(s) at 159
03-27 11:31:56.568   506   582 W skia    : AGTM parsing failed flags.readFromStream(s) at 159
03-27 11:31:56.571   506   582 W skia    : AGTM parsing failed flags.readFromStream(s) at 159
03-27 11:31:56.571   506   582 W skia    : AGTM parsing failed flags.readFromStream(s) at 159
03-27 11:31:56.675   506   582 W skia    : AGTM parsing failed flags.readFromStream(s) at 159
03-27 11:31:56.676   506   582 W skia    : AGTM parsing failed flags.readFromStream(s) at 159
03-27 11:31:56.676   506   582 W skia    : AGTM parsing failed flags.readFromStream(s) at 159
03-27 11:31:56.778   506   582 W skia    : AGTM parsing failed flags.readFromStream(s) at 159
03-27 11:31:56.778   506   582 W skia    : AGTM parsing failed flags.readFromStream(s) at 159
03-27 11:31:56.779   506   582 W skia    : AGTM parsing failed flags.readFromStream(s) at 159
03-27 11:31:56.878   506   582 W skia    : AGTM parsing failed flags.readFromStream(s) at 159
03-27 11:31:56.878   506   582 W skia    : AGTM parsing failed flags.readFromStream(s) at 159
03-27 11:31:56.878   506   582 W skia    : AGTM parsing failed flags.readFromStream(s) at 159
03-27 11:31:56.979   506   582 W skia    : AGTM parsing failed flags.readFromStream(s) at 159
03-27 11:31:56.979   506   582 W skia    : AGTM parsing failed flags.readFromStream(s) at 159
03-27 11:31:56.979   506   582 W skia    : AGTM parsing failed flags.readFromStream(s) at 159
