03-27 12:21:40.087 10234 10234 D BaseDepthController: shouldBlurWorkspace: false targetState: Normal currentStableState: Normal mCurrentBlur: 0 mLauncher.getDepthBlurTargets(): [com.android.launcher3.Workspace{c06d6fa V.ED..... ........ 0,0-1080,2424 #7f0a047d app:id/workspace}, com.android.launcher3.Hotseat{3c5e4ab V.ED..... ........ 0,1929-1080,2424 #7f0a01f1 app:id/hotseat}]
03-27 12:21:40.104 10234 10234 V BaseDepthController: Applying blur: 0 to Surface(name=VRI-com.google.android.apps.nexuslauncher/com.google.android.apps.nexuslauncher.NexusLauncherActivity#524)/@0x92bf525 applyImmediately: false
03-27 12:21:40.104 10234 10234 D BaseDepthController: shouldBlurWorkspace: false targetState: Normal currentStableState: Normal mCurrentBlur: 0 mLauncher.getDepthBlurTargets(): [com.android.launcher3.Workspace{c06d6fa V.ED..... ........ 0,0-1080,2424 #7f0a047d app:id/workspace}, com.android.launcher3.Hotseat{3c5e4ab V.ED..... ........ 0,1929-1080,2424 #7f0a01f1 app:id/hotseat}]
03-27 12:21:40.120 10234 10234 V BaseDepthController: Applying blur: 0 to Surface(name=VRI-com.google.android.apps.nexuslauncher/com.google.android.apps.nexuslauncher.NexusLauncherActivity#524)/@0x92bf525 applyImmediately: false
03-27 12:21:40.121 10234 10234 D BaseDepthController: shouldBlurWorkspace: false targetState: Normal currentStableState: Normal mCurrentBlur: 0 mLauncher.getDepthBlurTargets(): [com.android.launcher3.Workspace{c06d6fa V.ED..... ........ 0,0-1080,2424 #7f0a047d app:id/workspace}, com.android.launcher3.Hotseat{3c5e4ab V.ED..... ........ 0,1929-1080,2424 #7f0a01f1 app:id/hotseat}]
03-27 12:21:40.135 10234 10234 V BaseDepthController: Applying blur: 0 to Surface(name=VRI-com.google.android.apps.nexuslauncher/com.google.android.apps.nexuslauncher.NexusLauncherActivity#524)/@0x92bf525 applyImmediately: false
03-27 12:21:40.136 10234 10234 D BaseDepthController: shouldBlurWorkspace: false targetState: Normal currentStableState: Normal mCurrentBlur: 0 mLauncher.getDepthBlurTargets(): [com.android.launcher3.Workspace{c06d6fa V.ED..... ........ 0,0-1080,2424 #7f0a047d app:id/workspace}, com.android.launcher3.Hotseat{3c5e4ab V.ED..... ........ 0,1929-1080,2424 #7f0a01f1 app:id/hotseat}]
03-27 12:21:40.152 10234 10234 V BaseDepthController: Applying blur: 0 to Surface(name=VRI-com.google.android.apps.nexuslauncher/com.google.android.apps.nexuslauncher.NexusLauncherActivity#524)/@0x92bf525 applyImmediately: false
03-27 12:21:40.153 10234 10234 D BaseDepthController: shouldBlurWorkspace: false targetState: Normal currentStableState: Normal mCurrentBlur: 0 mLauncher.getDepthBlurTargets(): [com.android.launcher3.Workspace{c06d6fa V.ED..... ........ 0,0-1080,2424 #7f0a047d app:id/workspace}, com.android.launcher3.Hotseat{3c5e4ab V.ED..... ........ 0,1929-1080,2424 #7f0a01f1 app:id/hotseat}]
03-27 12:21:40.170 10234 10234 V BaseDepthController: Applying blur: 0 to Surface(name=VRI-com.google.android.apps.nexuslauncher/com.google.android.apps.nexuslauncher.NexusLauncherActivity#524)/@0x92bf525 applyImmediately: false
03-27 12:21:40.170 10234 10234 D BaseDepthController: shouldBlurWorkspace: false targetState: Normal currentStableState: Normal mCurrentBlur: 0 mLauncher.getDepthBlurTargets(): [com.android.launcher3.Workspace{c06d6fa V.ED..... ........ 0,0-1080,2424 #7f0a047d app:id/workspace}, com.android.launcher3.Hotseat{3c5e4ab V.ED..... ........ 0,1929-1080,2424 #7f0a01f1 app:id/hotseat}]
03-27 12:21:40.176   506   582 W skia    : AGTM parsing failed flags.readFromStream(s) at 159
03-27 12:21:40.177   506   582 W skia    : AGTM parsing failed flags.readFromStream(s) at 159
03-27 12:21:40.188 10234 10234 V BaseDepthController: Applying blur: 0 to Surface(name=VRI-com.google.android.apps.nexuslauncher/com.google.android.apps.nexuslauncher.NexusLauncherActivity#524)/@0x92bf525 applyImmediately: false
03-27 12:21:40.188 10234 10234 D BaseDepthController: shouldBlurWorkspace: false targetState: Normal currentStableState: Normal mCurrentBlur: 0 mLauncher.getDepthBlurTargets(): [com.android.launcher3.Workspace{c06d6fa V.ED..... ........ 0,0-1080,2424 #7f0a047d app:id/workspace}, com.android.launcher3.Hotseat{3c5e4ab V.ED..... ........ 0,1929-1080,2424 #7f0a01f1 app:id/hotseat}]
03-27 12:21:40.201 10234 10234 V BaseDepthController: Applying blur: 0 to Surface(name=VRI-com.google.android.apps.nexuslauncher/com.google.android.apps.nexuslauncher.NexusLauncherActivity#524)/@0x92bf525 applyImmediately: false
03-27 12:21:40.201 10234 10234 D BaseDepthController: shouldBlurWorkspace: false targetState: Normal currentStableState: Normal mCurrentBlur: 0 mLauncher.getDepthBlurTargets(): [com.android.launcher3.Workspace{c06d6fa V.ED..... ........ 0,0-1080,2424 #7f0a047d app:id/workspace}, com.android.launcher3.Hotseat{3c5e4ab V.ED..... ........ 0,1929-1080,2424 #7f0a01f1 app:id/hotseat}]
03-27 12:21:40.220 10234 10234 V BaseDepthController: Applying blur: 0 to Surface(name=VRI-com.google.android.apps.nexuslauncher/com.google.android.apps.nexuslauncher.NexusLauncherActivity#524)/@0x92bf525 applyImmediately: false
03-27 12:21:40.221 10234 10234 D BaseDepthController: shouldBlurWorkspace: false targetState: Normal currentStableState: Normal mCurrentBlur: 0 mLauncher.getDepthBlurTargets(): [com.android.launcher3.Workspace{c06d6fa V.ED..... ........ 0,0-1080,2424 #7f0a047d app:id/workspace}, com.android.launcher3.Hotseat{3c5e4ab V.ED..... ........ 0,1929-1080,2424 #7f0a01f1 app:id/hotseat}]
03-27 12:21:40.252 10234 10234 V BaseDepthController: Applying blur: 0 to Surface(name=VRI-com.google.android.apps.nexuslauncher/com.google.android.apps.nexuslauncher.NexusLauncherActivity#524)/@0x92bf525 applyImmediately: false
03-27 12:21:40.252 10234 10234 D BaseDepthController: shouldBlurWorkspace: false targetState: Normal currentStableState: Normal mCurrentBlur: 0 mLauncher.getDepthBlurTargets(): [com.android.launcher3.Workspace{c06d6fa V.ED..... ........ 0,0-1080,2424 #7f0a047d app:id/workspace}, com.android.launcher3.Hotseat{3c5e4ab V.ED..... ........ 0,1929-1080,2424 #7f0a01f1 app:id/hotseat}]
03-27 12:21:40.261   464 11323 D android.hardware.audio@7.1-impl.ranchu: threadLoop: entering standby, frames: 1562368
03-27 12:21:40.261   464 11323 D android.hardware.audio@7.1-impl.ranchu: ~TinyalsaSink: joining consumeThread
03-27 12:21:40.261   464 18710 D android.hardware.audio@7.1-impl.ranchu: consumeThread: exiting
03-27 12:21:40.261   464 11323 D android.hardware.audio@7.1-impl.ranchu: ~TinyalsaSink: stopping PCM stream
03-27 12:21:40.269 10234 10234 V BaseDepthController: Applying blur: 0 to Surface(name=VRI-com.google.android.apps.nexuslauncher/com.google.android.apps.nexuslauncher.NexusLauncherActivity#524)/@0x92bf525 applyImmediately: false
03-27 12:21:40.270 10234 10234 D BaseDepthController: shouldBlurWorkspace: false targetState: Normal currentStableState: Normal mCurrentBlur: 0 mLauncher.getDepthBlurTargets(): [com.android.launcher3.Workspace{c06d6fa V.ED..... ........ 0,0-1080,2424 #7f0a047d app:id/workspace}, com.android.launcher3.Hotseat{3c5e4ab V.ED..... ........ 0,1929-1080,2424 #7f0a01f1 app:id/hotseat}]
03-27 12:21:40.282   506   582 W skia    : AGTM parsing failed flags.readFromStream(s) at 159
03-27 12:21:40.283   506   582 W skia    : AGTM parsing failed flags.readFromStream(s) at 159
03-27 12:21:40.303 10234 10234 V BaseDepthController: Applying blur: 0 to Surface(name=VRI-com.google.android.apps.nexuslauncher/com.google.android.apps.nexuslauncher.NexusLauncherActivity#524)/@0x92bf525 applyImmediately: false
03-27 12:21:40.303 10234 10234 D BaseDepthController: shouldBlurWorkspace: false targetState: Normal currentStableState: Normal mCurrentBlur: 0 mLauncher.getDepthBlurTargets(): [com.android.launcher3.Workspace{c06d6fa V.ED..... ........ 0,0-1080,2424 #7f0a047d app:id/workspace}, com.android.launcher3.Hotseat{3c5e4ab V.ED..... ........ 0,1929-1080,2424 #7f0a01f1 app:id/hotseat}]
03-27 12:21:40.335 10234 10234 V BaseDepthController: Applying blur: 0 to Surface(name=VRI-com.google.android.apps.nexuslauncher/com.google.android.apps.nexuslauncher.NexusLauncherActivity#524)/@0x92bf525 applyImmediately: false
03-27 12:21:40.336 10234 10234 D BaseDepthController: shouldBlurWorkspace: false targetState: Normal currentStableState: Normal mCurrentBlur: 0 mLauncher.getDepthBlurTargets(): [com.android.launcher3.Workspace{c06d6fa V.ED..... ........ 0,0-1080,2424 #7f0a047d app:id/workspace}, com.android.launcher3.Hotseat{3c5e4ab V.ED..... ........ 0,1929-1080,2424 #7f0a01f1 app:id/hotseat}]
03-27 12:21:40.390 10234 10234 V BaseDepthController: Applying blur: 0 to Surface(name=VRI-com.google.android.apps.nexuslauncher/com.google.android.apps.nexuslauncher.NexusLauncherActivity#524)/@0x92bf525 applyImmediately: false
03-27 12:21:40.390 10234 10234 D BaseDepthController: shouldBlurWorkspace: false targetState: Normal currentStableState: Normal mCurrentBlur: 0 mLauncher.getDepthBlurTargets(): [com.android.launcher3.Workspace{c06d6fa V.ED..... ........ 0,0-1080,2424 #7f0a047d app:id/workspace}, com.android.launcher3.Hotseat{3c5e4ab V.ED..... ........ 0,1929-1080,2424 #7f0a01f1 app:id/hotseat}]
03-27 12:21:40.396   506   582 W skia    : AGTM parsing failed flags.readFromStream(s) at 159
03-27 12:21:40.396   506   582 W skia    : AGTM parsing failed flags.readFromStream(s) at 159
03-27 12:21:40.451 10234 10234 V BaseDepthController: Applying blur: 0 to Surface(name=VRI-com.google.android.apps.nexuslauncher/com.google.android.apps.nexuslauncher.NexusLauncherActivity#524)/@0x92bf525 applyImmediately: false
03-27 12:21:40.451 10234 10234 D BaseDepthController: setEarlyWakeup: false
03-27 12:21:40.451 10234 10234 D BaseDepthController: shouldBlurWorkspace: false targetState: Normal currentStableState: Normal mCurrentBlur: 0 mLauncher.getDepthBlurTargets(): [com.android.launcher3.Workspace{c06d6fa V.ED..... ........ 0,0-1080,2424 #7f0a047d app:id/workspace}, com.android.launcher3.Hotseat{3c5e4ab V.ED..... ........ 0,1929-1080,2424 #7f0a01f1 app:id/hotseat}]
03-27 12:21:40.510   506   582 W skia    : AGTM parsing failed flags.readFromStream(s) at 159
03-27 12:21:40.511   506   582 W skia    : AGTM parsing failed flags.readFromStream(s) at 159
03-27 12:21:40.623 10234 10234 D ScalingWorkspaceRevealAnim: onAnimationEnd, workspace and hotseat are visible
03-27 12:21:40.623 10234 10234 V BaseDepthController: Applying blur: 0 to Surface(name=VRI-com.google.android.apps.nexuslauncher/com.google.android.apps.nexuslauncher.NexusLauncherActivity#524)/@0x92bf525 applyImmediately: false
03-27 12:21:40.627 10234 10234 D BaseDepthController: shouldBlurWorkspace: false targetState: Normal currentStableState: Normal mCurrentBlur: 0 mLauncher.getDepthBlurTargets(): [com.android.launcher3.Workspace{c06d6fa V.ED..... ......ID 0,0-1080,2424 #7f0a047d app:id/workspace}, com.android.launcher3.Hotseat{3c5e4ab V.ED..... ......ID 0,1929-1080,2424 #7f0a01f1 app:id/hotseat}]
03-27 12:21:40.633  1170  1201 V WindowManagerShell: Received remote transition finished callback for (#76)
03-27 12:21:40.635   506   582 W skia    : AGTM parsing failed flags.readFromStream(s) at 159
03-27 12:21:40.636   506   582 W skia    : AGTM parsing failed flags.readFromStream(s) at 159
03-27 12:21:40.636  1170  1244 V WindowManagerShell: Transition animation finished (aborted=false), notifying core (#76) android.os.BinderProxy@388490@0
03-27 12:21:40.652   679   710 V WindowManager: Finish Transition (#76): created at 03-27 12:21:39.223 collect-started=0.246ms request-sent=0.562ms started=31.874ms ready=116.581ms sent=332.229ms commit=48.765ms finished=1423.417ms
03-27 12:21:40.671   679  2164 E libbinder.IPCThreadState: Binder transaction failure. id: 988237, cmd: BR_DEAD_REPLY (29189), error: -22 (Invalid argument)
03-27 12:21:40.672   679  2164 W ActivityManager: pid 679 system sent binder code 7 with flags 1 and got error -32
03-27 12:21:40.672   679  2164 W WindowManager: Exception thrown during dispatchAppVisibility Window{dbe680e u0 co.ke.roadready.provider/co.ke.roadready.provider.MainActivity EXITING}
03-27 12:21:40.672   679  2164 W WindowManager: android.os.DeadObjectException
03-27 12:21:40.672   679  2164 W WindowManager: 	at android.os.BinderProxy.transactNative(Native Method)
03-27 12:21:40.672   679  2164 W WindowManager: 	at android.os.BinderProxy.transact(BinderProxy.java:617)
03-27 12:21:40.672   679  2164 W WindowManager: 	at android.view.IWindow$Stub$Proxy.dispatchAppVisibility(IWindow.java:596)
03-27 12:21:40.672   679  2164 W WindowManager: 	at com.android.server.wm.WindowState.sendAppVisibilityToClients(WindowState.java:3335)
03-27 12:21:40.672   679  2164 W WindowManager: 	at com.android.server.wm.WindowContainer.sendAppVisibilityToClients(WindowContainer.java:1245)
03-27 12:21:40.672   679  2164 W WindowManager: 	at com.android.server.wm.WindowToken.setClientVisible(WindowToken.java:392)
03-27 12:21:40.672   679  2164 W WindowManager: 	at com.android.server.wm.ActivityRecord.commitVisibility(ActivityRecord.java:5599)
03-27 12:21:40.672   679  2164 W WindowManager: 	at com.android.server.wm.Transition.finishTransition(Transition.java:1570)
03-27 12:21:40.672   679  2164 W WindowManager: 	at com.android.server.wm.TransitionController.finishTransition(TransitionController.java:1205)
03-27 12:21:40.672   679  2164 W WindowManager: 	at com.android.server.wm.WindowOrganizerController.finishTransition(WindowOrganizerController.java:533)
03-27 12:21:40.672   679  2164 W WindowManager: 	at android.window.IWindowOrganizerController$Stub.onTransact(IWindowOrganizerController.java:265)
03-27 12:21:40.672   679  2164 W WindowManager: 	at com.android.server.wm.WindowOrganizerController.onTransact(WindowOrganizerController.java:239)
03-27 12:21:40.672   679  2164 W WindowManager: 	at android.os.Binder.execTransactInternal(Binder.java:1466)
03-27 12:21:40.672   679  2164 W WindowManager: 	at android.os.Binder.execTransact(Binder.java:1411)
03-27 12:21:40.673   679  2164 W Process : Unable to open /proc/18712/status
03-27 12:21:40.700  1170  1244 V WindowManagerShell: Track 0 became idle
03-27 12:21:40.723  1170  1244 V WindowManagerShell: All active transition animations finished
03-27 12:21:40.752   679  1147 I Surface : Creating surface for consumer unnamed-679-14 with slotExpansion=1 for 64 slots
03-27 12:21:40.752   679  1147 I Surface : Creating surface for consumer ImageReader-864x1939f1m1-679-7 with slotExpansion=1 for 64 slots
03-27 12:21:40.757   679  1147 W ImageReader_JNI: Unable to acquire a buffer item, very likely client tried to acquire more than maxImages buffers
03-27 12:21:40.761   506   582 W skia    : AGTM parsing failed flags.readFromStream(s) at 159
03-27 12:21:40.761   506   582 W skia    : AGTM parsing failed flags.readFromStream(s) at 159
03-27 12:21:40.762  1170  1244 V RecentTasksController: generateList(getRecentTasks)
03-27 12:21:40.762  1170  1244 V RecentTasksController: initializeDesksMap - allDeskIds: []
03-27 12:21:40.762  1170  1244 V RecentTasksController: Task 15 is not an active desktop task
03-27 12:21:40.762  1170  1244 V RecentTasksController: Added fullscreen task: 15
03-27 12:21:40.762  1170  1244 V RecentTasksController: generateList - complete
03-27 12:21:40.766  1170  1244 V ShellTaskOrganizer: Task vanished taskId=15
03-27 12:21:40.766  1170  1244 V ShellTaskOrganizer: Fullscreen Task Vanished: #15
03-27 12:21:40.766  1170  1244 V ShellDesktopMode: Task Vanished: #15 closed=true
03-27 12:21:40.766  1170  1244 V RecentTasksController: Notify recent tasks changed
03-27 12:21:40.766  1170  1244 D ShellDesktopMode: AppToWebRepository: Task 15 is vanishing. Removing task data from repository
03-27 12:21:40.767   506   506 E BpTransactionCompletedListener: Failed to transact (-32)
03-27 12:21:40.771  1170  1244 V AppCompat: SingleSurfaceLetterboxController: []
03-27 12:21:40.772  1170  1244 V AppCompat: MultiSurfaceLetterboxController: []
03-27 12:21:40.772  1170  1244 V AppCompat: LetterboxInputController: []
03-27 12:21:40.772  1170  1244 V AppCompat: RoundedCornersLetterboxController: {}
03-27 12:21:40.825 10234 10234 D RecentTasksList: invalidateLoadedTasks - previous requestLoadId: -1
03-27 12:21:40.827 10234 10234 D RecentsView: onTaskRemoved: 15, not handling task stack changes
03-27 12:21:40.839   679   704 W WindowManager: takeTaskSnapshot: taskId=15 not found or not visible
03-27 12:21:40.850 10234 10234 D RecentsView: onTaskRemoved: 15, not handling task stack changes
03-27 12:21:40.862   506   582 W skia    : AGTM parsing failed flags.readFromStream(s) at 159
03-27 12:21:40.863   506   582 W skia    : AGTM parsing failed flags.readFromStream(s) at 159
03-27 12:21:40.869   679  1147 E ConsumerBase: [ImageReader-864x1939f1m1-679-7] abandonLocked: ConsumerBase is abandoned!
03-27 12:21:40.972 11370 18403 I artd    : GetBestInfo: odex in dalvik-cache (/data/dalvik-cache/x86_64/apex@com.google.android.gmssystem@priv-app@PrebuiltGmsCoreVic@CP21.260306.017.A1@PrebuiltGmsCoreVic.apk@classes.dex) is kOatUpToDate with filter 'verify' executable 'false'
03-27 12:21:40.976   506   582 W skia    : AGTM parsing failed flags.readFromStream(s) at 159
03-27 12:21:40.976   506   582 W skia    : AGTM parsing failed flags.readFromStream(s) at 159
03-27 12:21:40.982 11370 18403 I artd    : GetBestInfo: /data/user_de/0/com.google.android.gms/app_chimera/m/00000001/CronetDynamite.apk has no usable artifacts
03-27 12:21:40.999 11370 18403 I artd    : GetBestInfo: /data/user_de/0/com.google.android.gms/app_chimera/m/00000002/DynamiteLoader.apk has no usable artifacts
03-27 12:21:41.001 11370 18403 I artd    : GetBestInfo: /data/user_de/0/com.google.android.gms/app_chimera/m/00000005/GoogleCertificates.apk has no usable artifacts
03-27 12:21:41.005 11370 18403 I artd    : GetBestInfo: /data/user_de/0/com.google.android.gms/app_chimera/m/00000007/MeasurementDynamite.apk has no usable artifacts
03-27 12:21:41.078   506   582 W skia    : AGTM parsing failed flags.readFromStream(s) at 159
03-27 12:21:41.078   506   582 W skia    : AGTM parsing failed flags.readFromStream(s) at 159
03-27 12:21:41.321   679  4829 E TaskPersister: File error accessing recents directory (directory doesn't exist?).
03-27 12:21:41.328   506   582 W skia    : AGTM parsing failed flags.readFromStream(s) at 159
03-27 12:21:41.328   506   582 W skia    : AGTM parsing failed flags.readFromStream(s) at 159
03-27 12:21:41.425   679   704 V GrammaticalInflectionUtils: AttributionSource: android.content.AttributionSource@a29c936b does not have READ_SYSTEM_GRAMMATICAL_GENDER permission.
03-27 12:21:41.430   679  2166 W AS.PlaybackActivityMon: No piid assigned for invalid/internal port id 15
03-27 12:21:41.432   679  2166 W AS.PlaybackActivityMon: No piid assigned for invalid/internal port id 15
03-27 12:21:41.442  1638  1705 D SatelliteController: isInCarrierRoamingNbIotNtn: satellite is disabled
03-27 12:21:41.444   506   582 W skia    : AGTM parsing failed flags.readFromStream(s) at 159
03-27 12:21:41.445   506   582 W skia    : AGTM parsing failed flags.readFromStream(s) at 159
03-27 12:21:41.457  1638  1705 D SatelliteController: getCarrierRoamingNtnConnectType: Checking connect type from PLMN config for subId: 1
03-27 12:21:41.467   500   601 D AF::Track: interceptBuffer: took 866us to intercept 0 tracks
03-27 12:21:41.467   464 18774 D android.hardware.audio@7.1-impl.ranchu: 544 frames of silence written
03-27 12:21:41.471   679   704 V ActivityTaskManager: TaskLaunchParamsModifier: phase=3 task=Task{b131b12 #16 type=standard A=10231:co.ke.roadready.provider} activity=ActivityRecord{14473885 u0 co.ke.roadready.provider/.MainActivity t-1} display-from-option=0 display-id=0 task-display-area-windowing-mode=1 suggested-display-area=DefaultTaskDisplayArea@1591504 inherit-from-source=fullscreen non-freeform-task-display-area display-area=DefaultTaskDisplayArea@1591504 skip-bounds-fullscreen
03-27 12:21:41.471   679   704 I ActivityTaskManager: START u0 {act=android.intent.action.MAIN cat=[android.intent.category.LAUNCHER] flg=0x10200000 xflg=0x4 cmp=co.ke.roadready.provider/.MainActivity bnds=[836,1929][1009,2124]} with LAUNCH_SINGLE_TASK from uid 10193 (com.google.android.apps.nexuslauncher) (sr=15627271) (BAL_ALLOW_VISIBLE_WINDOW) result code=0
03-27 12:21:41.473  1638  1705 D SatelliteController: getSatellitePerPlmnConfiguration: invalid subId or not supported via carrier.
03-27 12:21:41.473  1638  1705 D SatelliteController: getCarrierRoamingNtnConnectType: config: null
03-27 12:21:41.477  1638  1705 D SatelliteController: getCarrierRoamingNtnConnectType: Falling back to global carrier config connect type: 0
03-27 12:21:41.479 10234 10234 D StatsLog: LAUNCHER_APP_LAUNCH_TAP
03-27 12:21:41.479   679   713 V GrammaticalInflectionUtils: AttributionSource: android.content.AttributionSource@a29c936b does not have READ_SYSTEM_GRAMMATICAL_GENDER permission.
03-27 12:21:41.480 10234 10234 D StatsLog: LAUNCHER_HOTSEAT_RANKED
03-27 12:21:41.481  1638  1705 D SatelliteController: updateLastNotifiedCarrierRoamingNtnSignalStrengthAndNotify(1)
03-27 12:21:41.481  1638  1705 D SatelliteController: updateLastNotifiedCarrierRoamingNtnSignalStrengthAndNotify(1) lastNotifiedSignalStrength level: 0
03-27 12:21:41.481  1638  1705 D SatelliteController: updateLastNotifiedCarrierRoamingNtnSignalStrengthAndNotify(1) currSignalStrength level: 0
03-27 12:21:41.483  1170  1244 V WindowManagerShell: Transition requested (#77): android.os.BinderProxy@f864866 TransitionRequestInfo { type = OPEN, triggerTask = TaskInfo{userId=0 taskId=16 effectiveUid=10231 displayId=0 isRunning=true baseIntent=Intent { act=android.intent.action.MAIN cat=[android.intent.category.LAUNCHER] flg=0x10200000 cmp=co.ke.roadready.provider/.MainActivity } baseActivity=ComponentInfo{co.ke.roadready.provider/co.ke.roadready.provider.MainActivity} topActivity=ComponentInfo{co.ke.roadready.provider/co.ke.roadready.provider.MainActivity} origActivity=null realActivity=ComponentInfo{co.ke.roadready.provider/co.ke.roadready.provider.MainActivity} realActivityIsAppLockEnabled=false numActivities=1 lastActiveTime=7207355 supportsMultiWindow=true supportsMultiWindowWithoutConstraints=true resizeMode=1 isResizeable=true minWidth=-1 minHeight=-1 defaultMinSize=220 token=WCT{android.os.BinderProxy@b2017a7} topActivityType=1 pictureInPictureParams=null shouldDockBigOverlays=false launchIntoPipHostTaskId=-1 lastParentTaskIdBeforePip=-1 displayCutoutSafeInsets=Rect(0, 142 - 0, 0) topActivityInfo=ActivityInfo{6092454 co.ke.roadready.provider.MainActivity} launchCookies=[android.os.BinderProxy@7ee3ffd] positionInParent=Point(0, 0) parentTaskId=-1 isFocused=false isInteractive=false isVisible=false isVisibleRequested=false isTopActivityNoDisplay=false isSleeping=false locusId=null displayAreaFeatureId=1 isTopActivityTransparent=false isActivityStackTransparent=false lastNonFullscreenBounds=null leafTaskBoundsFromOptions= false capturedLink=null capturedLinkTimestamp=0 requestedVisibleTypes=503 topActivityRequestOpenInBrowserEducationTimestamp=0 appCompatTaskInfo=AppCompatTaskInfo { topActivityInSizeCompat=false isLeafTask= true eligibleForLetterboxEducation= false isLetterboxEducationEnabled= true isLetterboxDoubleTapEnabled= false eligibleForUserAspectRatioButton= false topActivityBoundsLetterboxed= false isFromLetterboxDoubleTap= false topActivityLetterboxVerticalPosition= -1 topActivityLetterboxHorizontalPosition= -1 topActivityLetterboxWidth=-1 topActivityLetterboxHeight=-1 topActivityAppBounds=Rect(0, 142 - 1080, 2361) isUserFullscreenOverrideEnabled=false isSystemFullscreenOverrideEnabled=false hasMinAspectRatioOverride=false topActivityLetterboxBounds=null topNonResizableActivityAspectRatio=-1.0} topActivityMainWindowFrame=null isAppBubble=false}, pipChange = null, remoteTransitionInfo = RemoteTransitionInfo { remoteTransition = android.window.IRemoteTransition$Stub$Proxy@29e84f2, debugName = QuickstepLaunch, filter = null }, displayChange = null, requestedLocation = null, userChange = null, windowingLayerChange = null, fullscreenRequestChange = null, flags = 0, debugId = 77 }
03-27 12:21:41.483  1170  1244 W DisconnectHandler: No disconnect change found in the transition, not handling request.
03-27 12:21:41.484  1170  1244 W DisconnectHandler: No disconnect change found in the transition, not handling request.
03-27 12:21:41.484  1170  1244 V ShellDesktopMode: DesktopTasksController: skipping handleRequest reason=triggerTask's display doesn't support desktop mode
03-27 12:21:41.484  1170  1244 D ShellSplitScreen: logExit: no-op, mLoggerSessionId is null
03-27 12:21:41.484  1170  1244 V WindowManagerShell: RemoteTransition directly requested for (#77) android.os.BinderProxy@f864866: RemoteTransition { remoteTransition = android.window.IRemoteTransition$Stub$Proxy@29e84f2, appThread = null, debugName = QuickstepLaunch, filter = null }
03-27 12:21:41.485  1170  1244 V WindowManagerShell: Transition (#77): request handled by DefaultMixedHandler
03-27 12:21:41.485 10234 10234 D RecentsView: onTaskDisplayChanged: 16, new displayId = 0
03-27 12:21:41.488   506  1259 I libbinder.BpBinder: onLastStrongRef automatically unlinking death recipients for binder (0x74c433c38cd0) with descriptor: '(not cached)'
03-27 12:21:41.488 10234 10234 D BaseActivity: Launcher flags updated: [state_started|state_resumed|state_deferred_resumed|state_window_focused|state_user_active] -[]
03-27 12:21:41.492 10234 10234 D BaseActivity: Launcher flags updated: [state_started|state_resumed|state_deferred_resumed|state_window_focused] -[state_user_active]
03-27 12:21:41.492 10234 10234 D BaseActivity: Launcher flags updated: [state_started|state_window_focused] -[state_resumed|state_deferred_resumed]
03-27 12:21:41.494   500   601 D AF::Track: interceptBuffer: took 3545us to intercept 0 tracks
03-27 12:21:41.495 10234 10234 W SplitSelectStateCtor: Missing session instanceIds
03-27 12:21:41.496 10234 10234 D StatsLog: LAUNCHER_SPLIT_SELECTION_EXIT_INTERRUPTED
03-27 12:21:41.496 10234 10268 D QuickstepModelDelegate: notifyAppTargetEvent action=1 launchLocation=folder/hotseat/-1/[-1,0]/[1,1]
03-27 12:21:41.505  1170  1244 V RecentTasksController: Notify recent tasks changed
03-27 12:21:41.506  1170  1244 D ShellDesktopMode: DesktopRepository(0): Removes freeform task: taskId=15
03-27 12:21:41.511  1170  1244 W ShellDesktopMode: DesktopRepository(0): No display id found for task: taskId=15
03-27 12:21:41.512   461   461 D Zygote  : Forked child process 18776
03-27 12:21:41.516   679  1896 V WindowManager: Defer transition id=77 for TaskFragmentTransaction=android.os.Binder@b83d65e
03-27 12:21:41.517  1170  1244 V RecentTasksController: Notify recent tasks changed
03-27 12:21:41.518  1170  1244 D WindowManagerShell: setLauncherKeepClearAreaHeight: visible=false, height=495
03-27 12:21:41.524   679  2164 W InputChannel-JNI: Channel already disposed.
03-27 12:21:41.527 10234 10234 D RecentTasksList: invalidateLoadedTasks - previous requestLoadId: -1
03-27 12:21:41.528 10234 10234 D RecentTasksList: invalidateLoadedTasks - previous requestLoadId: -1
03-27 12:21:41.531   679  2164 V WindowManager: Continue transition id=77 for TaskFragmentTransaction=android.os.Binder@b83d65e
03-27 12:21:41.539   679   720 W ActivityManager: Slow operation: 58ms so far, now at startProcess: done updating battery stats
03-27 12:21:41.539   679   720 W ActivityManager: Slow operation: 58ms so far, now at startProcess: building log message
03-27 12:21:41.539   679   720 I ActivityManager: Start proc 18776:co.ke.roadready.provider/u0a231 for next-top-activity {co.ke.roadready.provider/co.ke.roadready.provider.MainActivity}
03-27 12:21:41.539   679   720 W ActivityManager: Slow operation: 59ms so far, now at startProcess: starting to update pids map
03-27 12:21:41.547  1170  1306 D WindowOnBackDispatcher: setTopOnBackInvokedCallback (unwrapped): android.view.ViewRootImpl$$ExternalSyntheticLambda13@9fd7869
03-27 12:21:41.559   679  2164 D WindowManager: setClientSurface Surface(name=VRI-Splash Screen co.ke.roadready.provider#536)/@0xbb2fa6a for f5f8f0c Splash Screen co.ke.roadready.provider
03-27 12:21:41.570   679   704 D CoreBackPreview: Window{f5f8f0c u0 Splash Screen co.ke.roadready.provider}: Setting back callback OnBackInvokedCallbackInfo{mCallback=android.window.IOnBackInvokedCallback$Stub$Proxy@b7d1b5b, mPriority=0, mIsAnimationCallback=false, mOverrideBehavior=0}
03-27 12:21:41.572  1170  1306 I Surface : Creating surface for consumer unnamed-1170-19 with slotExpansion=1 for 64 slots
03-27 12:21:41.571   679   720 W ActivityManager: Slow operation: 90ms so far, now at startProcess: done updating pids map
03-27 12:21:41.573 18776 18776 I Zygote  : Process 18776 created for co.ke.roadready.provider
03-27 12:21:41.575 18776 18776 I dready.provider: Using generational CollectorTypeCMC GC.
03-27 12:21:41.580 18776 18776 W dready.provider: Unexpected CPU variant for x86: x86_64.
03-27 12:21:41.580 18776 18776 W dready.provider: Known variants: atom, sandybridge, silvermont, goldmont, goldmont-plus, goldmont-without-sha-xsaves, tremont, kabylake, alderlake, lunarlake, default
03-27 12:21:41.581 10234 10234 D BaseActivity: Launcher flags updated: [state_started] -[state_window_focused]
03-27 12:21:41.592  1170  1306 I Surface : Creating surface for consumer VRI[provider]#13(BLAST Consumer)13 with slotExpansion=1 for 64 slots
03-27 12:21:41.601 18776 18776 D nativeloader: Load libframework-connectivity-tiramisu-jni.so using APEX ns com_android_tethering for caller /apex/com.android.tethering/javalib/framework-connectivity-t.jar: ok
03-27 12:21:41.616  1170  1244 V RecentTasksController: Notify recent tasks changed
03-27 12:21:41.629   500   594 I APM_AudioPolicyManager: getNewOutputDevices io 13 recent device override {AUDIO_DEVICE_OUT_SPEAKER, @:}
03-27 12:21:41.637  1170  1244 V RecentTasksController: generateList(getRecentTasks)
03-27 12:21:41.638  1170  1244 V RecentTasksController: initializeDesksMap - allDeskIds: []
03-27 12:21:41.639  1170  1244 V RecentTasksController: Task 16 is not an active desktop task
03-27 12:21:41.639  1170  1244 V RecentTasksController: Added fullscreen task: 16
03-27 12:21:41.639  1170  1244 V RecentTasksController: generateList - complete
03-27 12:21:41.676 18776 18776 D CompatChangeReporter: Compat change id reported: 242716250; UID 10231; state: ENABLED
03-27 12:21:41.700 18776 18776 D ApplicationLoaders: Returning zygote-cached class loader: /system/framework/org.apache.http.legacy.jar
03-27 12:21:41.725 18776 18776 D nativeloader: Configuring clns-9 for other apk /data/app/~~8GPvcssbNPupqS-daUG7pg==/co.ke.roadready.provider-yQ3f4JDQ9WlPKBeQOI81IQ==/base.apk. target_sdk_version=34, uses_libraries=, library_path=/data/app/~~8GPvcssbNPupqS-daUG7pg==/co.ke.roadready.provider-yQ3f4JDQ9WlPKBeQOI81IQ==/lib/x86_64:/data/app/~~8GPvcssbNPupqS-daUG7pg==/co.ke.roadready.provider-yQ3f4JDQ9WlPKBeQOI81IQ==/base.apk!/lib/x86_64, permitted_path=/data:/mnt/expand:/data/user/0/co.ke.roadready.provider
03-27 12:21:41.749 18776 18776 V GraphicsEnvironment: Currently set values for:
03-27 12:21:41.751 18776 18776 V GraphicsEnvironment:   angle_gl_driver_selection_pkgs=[]
03-27 12:21:41.751 18776 18776 V GraphicsEnvironment:   angle_gl_driver_selection_values=[]
03-27 12:21:41.751 18776 18776 V GraphicsEnvironment: co.ke.roadready.provider is not listed in per-application setting
03-27 12:21:41.751 18776 18776 V GraphicsEnvironment: No special selections for ANGLE, returning default driver choice
03-27 12:21:41.753 18776 18776 V GraphicsEnvironment: Neither updatable production driver nor prerelease driver is supported.
03-27 12:21:41.758   679   731 D AppOpHistoryHelper: MetricHandler reporting 4 records.
03-27 12:21:41.786 10234 10234 D RecentTasksList: invalidateLoadedTasks - previous requestLoadId: -1
03-27 12:21:41.793   679   710 V WindowManager: Sent Transition (#77) createdAt=03-27 12:21:41.436 via request=TransitionRequestInfo { type = OPEN, triggerTask = TaskInfo{userId=0 taskId=16 effectiveUid=10231 displayId=0 isRunning=true baseIntent=Intent { act=android.intent.action.MAIN cat=[android.intent.category.LAUNCHER] flg=0x10200000 cmp=co.ke.roadready.provider/.MainActivity } baseActivity=ComponentInfo{co.ke.roadready.provider/co.ke.roadready.provider.MainActivity} topActivity=ComponentInfo{co.ke.roadready.provider/co.ke.roadready.provider.MainActivity} origActivity=null realActivity=ComponentInfo{co.ke.roadready.provider/co.ke.roadready.provider.MainActivity} realActivityIsAppLockEnabled=false numActivities=1 lastActiveTime=7207355 supportsMultiWindow=true supportsMultiWindowWithoutConstraints=true resizeMode=1 isResizeable=true minWidth=-1 minHeight=-1 defaultMinSize=220 token=WCT{RemoteToken{9cd8509 Task{b131b12 #16 type=standard A=10231:co.ke.roadready.provider}}} topActivityType=1 pictureInPictureParams=null shouldDockBigOverlays=false launchIntoPipHostTaskId=-1 lastParentTaskIdBeforePip=-1 displayCutoutSafeInsets=Rect(0, 142 - 0, 0) topActivityInfo=ActivityInfo{900930e co.ke.roadready.provider.MainActivity} launchCookies=[android.os.BinderProxy@ce1112f] positionInParent=Point(0, 0) parentTaskId=-1 isFocused=false isInteractive=false isVisible=false isVisibleRequested=false isTopActivityNoDisplay=false isSleeping=false locusId=null displayAreaFeatureId=1 isTopActivityTransparent=false isActivityStackTransparent=false lastNonFullscreenBounds=null leafTaskBoundsFromOptions= false capturedLink=null capturedLinkTimestamp=0 requestedVisibleTypes=503 topActivityRequestOpenInBrowserEducationTimestamp=0 appCompatTaskInfo=AppCompatTaskInfo { topActivityInSizeCompat=false isLeafTask= true eligibleForLetterboxEducation= false isLetterboxEducationEnabled= true isLetterboxDoubleTapEnabled= false eligibleForUserAspectRatioButton= false topActivityBoundsLetterboxed= false isFromLetterboxDoubleTap= false topActivityLetterboxVerticalPosition= -1 topActivityLetterboxHorizontalPosition= -1 topActivityLetterboxWidth=-1 topActivityLetterboxHeight=-1 topActivityAppBounds=Rect(0, 142 - 1080, 2361) isUserFullscreenOverrideEnabled=false isSystemFullscreenOverrideEnabled=false hasMinAspectRatioOverride=false topActivityLetterboxBounds=null topNonResizableActivityAspectRatio=-1.0} topActivityMainWindowFrame=null isAppBubble=false}, pipChange = null, remoteTransitionInfo = RemoteTransitionInfo { remoteTransition = android.window.IRemoteTransition$Stub$Proxy@86ad33c, debugName = QuickstepLaunch, filter = null }, displayChange = null, requestedLocation = null, userChange = null, windowingLayerChange = null, fullscreenRequestChange = null, flags = 0, debugId = 77 }
03-27 12:21:41.794   679   710 V WindowManager:     startWCT=WindowContainerTransaction { changes= {} hops= [] flags= 0 errorCallbackToken=null taskFragmentOrganizer=null }
03-27 12:21:41.795   679   710 V WindowManager:     info={id=77 t=OPEN f=0x0 trk=0 r=[0@Point(0, 0)] c=[
03-27 12:21:41.795   679   710 V WindowManager:         {WCT{RemoteToken{9cd8509 Task{b131b12 #16 type=standard A=10231:co.ke.roadready.provider}}} m=OPEN f=MOVE_TO_TOP leash=Surface(name=Task=16#533)/@0x64ea50d sb=Rect(0, 0 - 1080, 2424) eb=Rect(0, 0 - 1080, 2424) epz=Point(1080, 2424) d=0 taskParent=-1 winMode=1 userId=0},
03-27 12:21:41.795   679   710 V WindowManager:         {WCT{RemoteToken{beaa066 Task{31cd01 #1 type=home}}} m=TO_BACK f=SHOW_WALLPAPER leash=Surface(name=Task=1#34)/@0x1db118d sb=Rect(0, 0 - 1080, 2424) eb=Rect(0, 0 - 1080, 2424) epz=Point(1080, 2424) d=0 taskParent=-1 winMode=1 userId=0},
03-27 12:21:41.795   679   710 V WindowManager:         {m=TO_BACK f=IS_WALLPAPER leash=Surface(name=WallpaperWindowToken{71cefd8}#53)/@0x1e74325 sb=Rect(0, 0 - 1080, 2424) eb=Rect(0, 0 - 1080, 2424) epz=Point(1080, 2424) d=0}
03-27 12:21:41.795   679   710 V WindowManager:     ]}
03-27 12:21:41.796  1170  1339 V WindowManagerShell: onTransitionReady(transaction=2916282800525)
03-27 12:21:41.797  1170  1244 V WindowManagerShell: onTransitionReady (#77) android.os.BinderProxy@f864866: {id=77 t=OPEN f=0x0 trk=0 r=[0@Point(0, 0)] c=[
03-27 12:21:41.797  1170  1244 V WindowManagerShell:         {m=OPEN f=MOVE_TO_TOP leash=Surface(name=Task=16#533)/@0x8d1f1c6 sb=Rect(0, 0 - 1080, 2424) eb=Rect(0, 0 - 1080, 2424) epz=Point(1080, 2424) d=0 taskParent=-1 winMode=1 userId=0},
03-27 12:21:41.797  1170  1244 V WindowManagerShell:         {m=TO_BACK f=SHOW_WALLPAPER leash=Surface(name=Task=1#34)/@0xe327587 sb=Rect(0, 0 - 1080, 2424) eb=Rect(0, 0 - 1080, 2424) epz=Point(1080, 2424) d=0 taskParent=-1 winMode=1 userId=0},
03-27 12:21:41.797  1170  1244 V WindowManagerShell:         {m=TO_BACK f=IS_WALLPAPER leash=Surface(name=WallpaperWindowToken{71cefd8}#53)/@0x8b55cb4 sb=Rect(0, 0 - 1080, 2424) eb=Rect(0, 0 - 1080, 2424) epz=Point(1080, 2424) d=0}
03-27 12:21:41.797  1170  1244 V WindowManagerShell:     ]}
03-27 12:21:41.799  1170  1244 V WindowManagerShell: Playing animation for (#77) android.os.BinderProxy@f864866@0
03-27 12:21:41.822 18776 18776 I FirebaseApp: Device unlocked: initializing all Firebase APIs for app [DEFAULT]
03-27 12:21:41.825  1170  1244 V WindowManagerShell:  try firstHandler com.android.wm.shell.transition.DefaultMixedHandler@67da952
03-27 12:21:41.825  1170  1244 V WindowManagerShell: Mixed transition for opening an intent with a remote transition and PIP or Desktop #77
03-27 12:21:41.831 18776 18776 I FirebaseInitProvider: FirebaseApp initialization successful
03-27 12:21:41.831 18776 18776 D Sentry  : io.sentry.auto-init read: false
03-27 12:21:41.831 18776 18776 I Sentry  : Retrieving auto-init from AndroidManifest.xml
03-27 12:21:41.833  1170  1244 V WindowManagerShell: tryAnimateOpenIntentWithRemoteAndPipOrDesktop
03-27 12:21:41.840 18776 18776 D WM-WrkMgrInitializer: Initializing WorkManager with default configuration.
03-27 12:21:41.844  1170  1244 V WindowManagerShell:  Delegate animation for (#77) to RemoteTransition { remoteTransition = android.window.IRemoteTransition$Stub$Proxy@29e84f2, appThread = null, debugName = QuickstepLaunch, filter = null }
03-27 12:21:41.862  1170  1244 V WindowManagerShell:  animated by firstHandler
03-27 12:21:41.864  1170  1244 V ShellTaskOrganizer: Task appeared taskId=16 listener=FullscreenTaskListener
03-27 12:21:41.864  1170  1244 V ShellTaskOrganizer: Fullscreen Task Appeared: #16
03-27 12:21:41.865  1170  1244 V RecentTasksController: Notify recent tasks changed
03-27 12:21:41.868 10234 10234 D LauncherStateManager: StateManager.cancelAnimation: animation ongoing: false, partial trace:
03-27 12:21:41.868 10234 10234 D LauncherStateManager: 	at com.android.launcher3.statemanager.StateManager.setCurrentAnimation(go/retraceme 7226a759aa2bb3787a79806f85d80eaad84f1f1e15acd6db988f2df789d1680d:59)
03-27 12:21:41.868 10234 10234 D LauncherStateManager: 	at com.android.launcher3.QuickstepTransitionManager$AppLaunchAnimationRunner.onAnimationStart(go/retraceme 7226a759aa2bb3787a79806f85d80eaad84f1f1e15acd6db988f2df789d1680d:446)
03-27 12:21:41.868 10234 10234 D LauncherStateManager: 	at com.android.launcher3.LauncherAnimationRunner$$ExternalSyntheticLambda2.run(go/retraceme 7226a759aa2bb3787a79806f85d80eaad84f1f1e15acd6db988f2df789d1680d:71)
03-27 12:21:41.889 10234 10234 D RecentTasksList: invalidateLoadedTasks - previous requestLoadId: -1
03-27 12:21:41.898 18776 18776 W SoLoader: Initializing SoLoader: 0
03-27 12:21:41.900 18776 18776 W SoLoader: Recording new base apk path: /data/app/~~8GPvcssbNPupqS-daUG7pg==/co.ke.roadready.provider-yQ3f4JDQ9WlPKBeQOI81IQ==/base.apk
03-27 12:21:41.900 18776 18776 W SoLoader: Previously recorded 0 base apk paths.
03-27 12:21:41.917 18776 18776 W SoLoader: SoLoader initialized: 8
03-27 12:21:41.928   506   582 W skia    : AGTM parsing failed flags.readFromStream(s) at 159
03-27 12:21:41.928   506   582 W skia    : AGTM parsing failed flags.readFromStream(s) at 159
03-27 12:21:41.936   480   523 I RanchuHwc: logCompositionFallbackIfChanged: layer 97 CompositionType fallback from 3 to 1
03-27 12:21:41.938   506   582 W skia    : AGTM parsing failed flags.readFromStream(s) at 159
03-27 12:21:41.939   506   582 W skia    : AGTM parsing failed flags.readFromStream(s) at 159
03-27 12:21:41.939   506   582 W skia    : AGTM parsing failed flags.readFromStream(s) at 159
03-27 12:21:41.939   506   582 W skia    : AGTM parsing failed flags.readFromStream(s) at 159
03-27 12:21:41.939   506   582 W skia    : AGTM parsing failed flags.readFromStream(s) at 159
03-27 12:21:41.939   506   582 W skia    : AGTM parsing failed flags.readFromStream(s) at 159
03-27 12:21:41.939   506   582 W skia    : AGTM parsing failed flags.readFromStream(s) at 159
03-27 12:21:41.963 18776 18798 I DisplayManager: Choreographer implicitly registered for the refresh rate.
03-27 12:21:41.972   506   582 W skia    : AGTM parsing failed flags.readFromStream(s) at 159
03-27 12:21:41.972   506   582 W skia    : AGTM parsing failed flags.readFromStream(s) at 159
03-27 12:21:41.973   506   582 W skia    : AGTM parsing failed flags.readFromStream(s) at 159
03-27 12:21:41.973   506   582 W skia    : AGTM parsing failed flags.readFromStream(s) at 159
03-27 12:21:41.973   506   582 W skia    : AGTM parsing failed flags.readFromStream(s) at 159
03-27 12:21:41.973   506   582 W skia    : AGTM parsing failed flags.readFromStream(s) at 159
03-27 12:21:41.973   506   582 W skia    : AGTM parsing failed flags.readFromStream(s) at 159
03-27 12:21:41.989   506   582 W skia    : AGTM parsing failed flags.readFromStream(s) at 159
03-27 12:21:41.990   506   582 W skia    : AGTM parsing failed flags.readFromStream(s) at 159
03-27 12:21:41.990   506   582 W skia    : AGTM parsing failed flags.readFromStream(s) at 159
03-27 12:21:41.990   506   582 W skia    : AGTM parsing failed flags.readFromStream(s) at 159
03-27 12:21:41.991   506   582 W skia    : AGTM parsing failed flags.readFromStream(s) at 159
03-27 12:21:41.991   506   582 W skia    : AGTM parsing failed flags.readFromStream(s) at 159
03-27 12:21:41.991   506   582 W skia    : AGTM parsing failed flags.readFromStream(s) at 159
03-27 12:21:42.019   506   582 W skia    : AGTM parsing failed flags.readFromStream(s) at 159
03-27 12:21:42.020   506   582 W skia    : AGTM parsing failed flags.readFromStream(s) at 159
03-27 12:21:42.020   506   582 W skia    : AGTM parsing failed flags.readFromStream(s) at 159
03-27 12:21:42.021   506   582 W skia    : AGTM parsing failed flags.readFromStream(s) at 159
03-27 12:21:42.021   506   582 W skia    : AGTM parsing failed flags.readFromStream(s) at 159
03-27 12:21:42.021   506   582 W skia    : AGTM parsing failed flags.readFromStream(s) at 159
03-27 12:21:42.021   506   582 W skia    : AGTM parsing failed flags.readFromStream(s) at 159
03-27 12:21:42.023 18776 18776 D DesktopExperienceFlags: Toggle override initialized to: false
03-27 12:21:42.030   506   582 W skia    : AGTM parsing failed flags.readFromStream(s) at 159
03-27 12:21:42.030   506   582 W skia    : AGTM parsing failed flags.readFromStream(s) at 159
03-27 12:21:42.039   506   582 W skia    : AGTM parsing failed flags.readFromStream(s) at 159
03-27 12:21:42.039   506   582 W skia    : AGTM parsing failed flags.readFromStream(s) at 159
03-27 12:21:42.039   506   582 W skia    : AGTM parsing failed flags.readFromStream(s) at 159
03-27 12:21:42.039   506   582 W skia    : AGTM parsing failed flags.readFromStream(s) at 159
03-27 12:21:42.039   506   582 W skia    : AGTM parsing failed flags.readFromStream(s) at 159
03-27 12:21:42.039   506   582 W skia    : AGTM parsing failed flags.readFromStream(s) at 159
03-27 12:21:42.040   506   582 W skia    : AGTM parsing failed flags.readFromStream(s) at 159
03-27 12:21:42.040 18776 18776 D AppCompatDelegate: Checking for metadata for AppLocalesMetadataHolderService : Service not found
03-27 12:21:42.054   506   582 W skia    : AGTM parsing failed flags.readFromStream(s) at 159
03-27 12:21:42.054   506   582 W skia    : AGTM parsing failed flags.readFromStream(s) at 159
03-27 12:21:42.055   506   582 W skia    : AGTM parsing failed flags.readFromStream(s) at 159
03-27 12:21:42.056   506   582 W skia    : AGTM parsing failed flags.readFromStream(s) at 159
03-27 12:21:42.056   506   582 W skia    : AGTM parsing failed flags.readFromStream(s) at 159
03-27 12:21:42.057   506   582 W skia    : AGTM parsing failed flags.readFromStream(s) at 159
03-27 12:21:42.057   506   582 W skia    : AGTM parsing failed flags.readFromStream(s) at 159
03-27 12:21:42.087   506   582 W skia    : AGTM parsing failed flags.readFromStream(s) at 159
03-27 12:21:42.087   506   582 W skia    : AGTM parsing failed flags.readFromStream(s) at 159
03-27 12:21:42.087   506   582 W skia    : AGTM parsing failed flags.readFromStream(s) at 159
03-27 12:21:42.087   506   582 W skia    : AGTM parsing failed flags.readFromStream(s) at 159
03-27 12:21:42.087   506   582 W skia    : AGTM parsing failed flags.readFromStream(s) at 159
03-27 12:21:42.088   506   582 W skia    : AGTM parsing failed flags.readFromStream(s) at 159
03-27 12:21:42.088   506   582 W skia    : AGTM parsing failed flags.readFromStream(s) at 159
03-27 12:21:42.105   506   582 W skia    : AGTM parsing failed flags.readFromStream(s) at 159
03-27 12:21:42.105   506   582 W skia    : AGTM parsing failed flags.readFromStream(s) at 159
03-27 12:21:42.107   506   582 W skia    : AGTM parsing failed flags.readFromStream(s) at 159
03-27 12:21:42.107   506   582 W skia    : AGTM parsing failed flags.readFromStream(s) at 159
03-27 12:21:42.107   506   582 W skia    : AGTM parsing failed flags.readFromStream(s) at 159
03-27 12:21:42.107   506   582 W skia    : AGTM parsing failed flags.readFromStream(s) at 159
03-27 12:21:42.107   506   582 W skia    : AGTM parsing failed flags.readFromStream(s) at 159
03-27 12:21:42.119   506   582 W skia    : AGTM parsing failed flags.readFromStream(s) at 159
03-27 12:21:42.119   506   582 W skia    : AGTM parsing failed flags.readFromStream(s) at 159
03-27 12:21:42.120   506   582 W skia    : AGTM parsing failed flags.readFromStream(s) at 159
03-27 12:21:42.121   506   582 W skia    : AGTM parsing failed flags.readFromStream(s) at 159
03-27 12:21:42.121   506   582 W skia    : AGTM parsing failed flags.readFromStream(s) at 159
03-27 12:21:42.121   506   582 W skia    : AGTM parsing failed flags.readFromStream(s) at 159
03-27 12:21:42.121   506   582 W skia    : AGTM parsing failed flags.readFromStream(s) at 159
03-27 12:21:42.130 18776 18798 I GFXSTREAM: [eglDisplay.cpp(297)] Opening libGLESv1_CM_emulation.so
03-27 12:21:42.131 18776 18798 I GFXSTREAM: [eglDisplay.cpp(297)] Opening libGLESv2_emulation.so
03-27 12:21:42.135   506   582 W skia    : AGTM parsing failed flags.readFromStream(s) at 159
03-27 12:21:42.135   506   582 W skia    : AGTM parsing failed flags.readFromStream(s) at 159
03-27 12:21:42.135   506   582 W skia    : AGTM parsing failed flags.readFromStream(s) at 159
03-27 12:21:42.213   506   582 W skia    : AGTM parsing failed flags.readFromStream(s) at 159
03-27 12:21:42.213   506   582 W skia    : AGTM parsing failed flags.readFromStream(s) at 159
03-27 12:21:42.214   506   582 W skia    : AGTM parsing failed flags.readFromStream(s) at 159
03-27 12:21:42.214   506   582 W skia    : AGTM parsing failed flags.readFromStream(s) at 159
03-27 12:21:42.226   506   582 W skia    : AGTM parsing failed flags.readFromStream(s) at 159
03-27 12:21:42.227   506   582 W skia    : AGTM parsing failed flags.readFromStream(s) at 159
03-27 12:21:42.236 18776 18776 D DesktopModeFlags: Toggle override initialized to: OVERRIDE_UNSET
03-27 12:21:42.238   506   582 W skia    : AGTM parsing failed flags.readFromStream(s) at 159
03-27 12:21:42.238   506   582 W skia    : AGTM parsing failed flags.readFromStream(s) at 159
03-27 12:21:42.238   506   582 W skia    : AGTM parsing failed flags.readFromStream(s) at 159
03-27 12:21:42.238   506   582 W skia    : AGTM parsing failed flags.readFromStream(s) at 159
03-27 12:21:42.238   506   582 W skia    : AGTM parsing failed flags.readFromStream(s) at 159
03-27 12:21:42.239   506   582 W skia    : AGTM parsing failed flags.readFromStream(s) at 159
03-27 12:21:42.239   506   582 W skia    : AGTM parsing failed flags.readFromStream(s) at 159
03-27 12:21:42.252   506   582 W skia    : AGTM parsing failed flags.readFromStream(s) at 159
03-27 12:21:42.252   506   582 W skia    : AGTM parsing failed flags.readFromStream(s) at 159
03-27 12:21:42.252   506   582 W skia    : AGTM parsing failed flags.readFromStream(s) at 159
03-27 12:21:42.253   506   582 W skia    : AGTM parsing failed flags.readFromStream(s) at 159
03-27 12:21:42.253   506   582 W skia    : AGTM parsing failed flags.readFromStream(s) at 159
03-27 12:21:42.253   506   582 W skia    : AGTM parsing failed flags.readFromStream(s) at 159
03-27 12:21:42.254   506   582 W skia    : AGTM parsing failed flags.readFromStream(s) at 159
03-27 12:21:42.271   506   582 W skia    : AGTM parsing failed flags.readFromStream(s) at 159
03-27 12:21:42.271   506   582 W skia    : AGTM parsing failed flags.readFromStream(s) at 159
03-27 12:21:42.272   506   582 W skia    : AGTM parsing failed flags.readFromStream(s) at 159
03-27 12:21:42.272   506   582 W skia    : AGTM parsing failed flags.readFromStream(s) at 159
03-27 12:21:42.272   506   582 W skia    : AGTM parsing failed flags.readFromStream(s) at 159
03-27 12:21:42.273   506   582 W skia    : AGTM parsing failed flags.readFromStream(s) at 159
03-27 12:21:42.273   506   582 W skia    : AGTM parsing failed flags.readFromStream(s) at 159
03-27 12:21:42.282 18776 18798 W HWUI    : Failed to choose config with EGL_SWAP_BEHAVIOR_PRESERVED, retrying without...
03-27 12:21:42.288   506   582 W skia    : AGTM parsing failed flags.readFromStream(s) at 159
03-27 12:21:42.288   506   582 W skia    : AGTM parsing failed flags.readFromStream(s) at 159
03-27 12:21:42.289 18776 18798 W HWUI    : Failed to initialize 101010-2 format, error = EGL_SUCCESS
