03-27 12:21:42.289   506   582 W skia    : AGTM parsing failed flags.readFromStream(s) at 159
03-27 12:21:42.289   506   582 W skia    : AGTM parsing failed flags.readFromStream(s) at 159
03-27 12:21:42.289   506   582 W skia    : AGTM parsing failed flags.readFromStream(s) at 159
03-27 12:21:42.289   506   582 W skia    : AGTM parsing failed flags.readFromStream(s) at 159
03-27 12:21:42.290   506   582 W skia    : AGTM parsing failed flags.readFromStream(s) at 159
03-27 12:21:42.291 18776 18802 W dev.expo.updates: {"timestamp":1774603302285,"message":"The expo-updates system is explicitly disabled. To enable it, set the enabled setting to true.","code":"InitializationError","level":"warn"}
03-27 12:21:42.336   506   582 W skia    : AGTM parsing failed flags.readFromStream(s) at 159
03-27 12:21:42.336   506   582 W skia    : AGTM parsing failed flags.readFromStream(s) at 159
03-27 12:21:42.336   506   582 W skia    : AGTM parsing failed flags.readFromStream(s) at 159
03-27 12:21:42.336   506   582 W skia    : AGTM parsing failed flags.readFromStream(s) at 159
03-27 12:21:42.336   506   582 W skia    : AGTM parsing failed flags.readFromStream(s) at 159
03-27 12:21:42.337   506   582 W skia    : AGTM parsing failed flags.readFromStream(s) at 159
03-27 12:21:42.337   506   582 W skia    : AGTM parsing failed flags.readFromStream(s) at 159
03-27 12:21:42.442   506   582 W skia    : AGTM parsing failed flags.readFromStream(s) at 159
03-27 12:21:42.442   506   582 W skia    : AGTM parsing failed flags.readFromStream(s) at 159
03-27 12:21:42.443   506   582 W skia    : AGTM parsing failed flags.readFromStream(s) at 159
03-27 12:21:42.444   506   582 W skia    : AGTM parsing failed flags.readFromStream(s) at 159
03-27 12:21:42.444   506   582 W skia    : AGTM parsing failed flags.readFromStream(s) at 159
03-27 12:21:42.444   506   582 W skia    : AGTM parsing failed flags.readFromStream(s) at 159
03-27 12:21:42.445   506   582 W skia    : AGTM parsing failed flags.readFromStream(s) at 159
03-27 12:21:42.454   506   582 W skia    : AGTM parsing failed flags.readFromStream(s) at 159
03-27 12:21:42.455   506   582 W skia    : AGTM parsing failed flags.readFromStream(s) at 159
03-27 12:21:42.455   506   582 W skia    : AGTM parsing failed flags.readFromStream(s) at 159
03-27 12:21:42.464  1170  1339 V WindowManagerShell: Received remote transition finished callback for (#77)
03-27 12:21:42.469  1170  1244 V WindowManagerShell: Transition animation finished (aborted=false), notifying core (#77) android.os.BinderProxy@f864866@0
03-27 12:21:42.470   506   582 W skia    : AGTM parsing failed flags.readFromStream(s) at 159
03-27 12:21:42.470   506   582 W skia    : AGTM parsing failed flags.readFromStream(s) at 159
03-27 12:21:42.471   506   582 W skia    : AGTM parsing failed flags.readFromStream(s) at 159
03-27 12:21:42.471   506   582 W skia    : AGTM parsing failed flags.readFromStream(s) at 159
03-27 12:21:42.471   506   582 W skia    : AGTM parsing failed flags.readFromStream(s) at 159
03-27 12:21:42.471   506   582 W skia    : AGTM parsing failed flags.readFromStream(s) at 159
03-27 12:21:42.471   506   582 W skia    : AGTM parsing failed flags.readFromStream(s) at 159
03-27 12:21:42.472   679   699 I system_server: Background young concurrent mark compact GC freed 22MB AllocSpace bytes, 15(640KB) LOS objects, 43% free, 30MB/54MB, paused 14.165ms,103.918ms total 504.940ms
03-27 12:21:42.496 18776 18776 W HWUI    : Unknown dataspace 0
03-27 12:21:42.494   679   710 V WindowManager: Finish Transition (#77): created at 03-27 12:21:41.436 collect-started=0.123ms request-sent=33.426ms started=58.651ms ready=311.481ms sent=331.464ms commit=119.86ms finished=1052.297ms
03-27 12:21:42.497  1170  1498 D WallpaperService: onVisibilityChanged(false): com.android.systemui.wallpapers.ImageWallpaper$CanvasEngine@a3e553b
03-27 12:21:42.519  1170  1244 V WindowManagerShell: Track 0 became idle
03-27 12:21:42.519  1170  1244 V WindowManagerShell: All active transition animations finished
03-27 12:21:42.523 10234 10234 D VRI[NexusLauncherActivity]: visibilityChanged oldVisibility=true newVisibility=false
03-27 12:21:42.531 10234 10234 D SmartspaceInteractor: notifySmartspaceEvent: SmartspaceTargetEvent{mSmartspaceTarget=null, mSmartspaceActionId='null', mEventType=7}
03-27 12:21:42.544   506   582 W skia    : AGTM parsing failed flags.readFromStream(s) at 159
03-27 12:21:42.555   679  1896 W InputChannel-JNI: Channel already disposed.
03-27 12:21:42.578 18776 18776 W SoLoader: SoLoader already initialized
03-27 12:21:42.595 18776 18776 D nativeloader: Load /data/app/~~8GPvcssbNPupqS-daUG7pg==/co.ke.roadready.provider-yQ3f4JDQ9WlPKBeQOI81IQ==/lib/x86_64/libhermes.so using class loader ns clns-9 (caller=/data/app/~~8GPvcssbNPupqS-daUG7pg==/co.ke.roadready.provider-yQ3f4JDQ9WlPKBeQOI81IQ==/base.apk): ok
03-27 12:21:42.633 18776 18776 D nativeloader: Load /data/app/~~8GPvcssbNPupqS-daUG7pg==/co.ke.roadready.provider-yQ3f4JDQ9WlPKBeQOI81IQ==/lib/x86_64/libjsinspector.so using class loader ns clns-9 (caller=/data/app/~~8GPvcssbNPupqS-daUG7pg==/co.ke.roadready.provider-yQ3f4JDQ9WlPKBeQOI81IQ==/base.apk): ok
03-27 12:21:42.635 18776 18776 D nativeloader: Load /data/app/~~8GPvcssbNPupqS-daUG7pg==/co.ke.roadready.provider-yQ3f4JDQ9WlPKBeQOI81IQ==/lib/x86_64/libyoga.so using class loader ns clns-9 (caller=/data/app/~~8GPvcssbNPupqS-daUG7pg==/co.ke.roadready.provider-yQ3f4JDQ9WlPKBeQOI81IQ==/base.apk): ok
03-27 12:21:42.641 18776 18776 D nativeloader: Load /data/app/~~8GPvcssbNPupqS-daUG7pg==/co.ke.roadready.provider-yQ3f4JDQ9WlPKBeQOI81IQ==/lib/x86_64/libreact_render_core.so using class loader ns clns-9 (caller=/data/app/~~8GPvcssbNPupqS-daUG7pg==/co.ke.roadready.provider-yQ3f4JDQ9WlPKBeQOI81IQ==/base.apk): ok
03-27 12:21:42.642 18776 18776 D nativeloader: Load /data/app/~~8GPvcssbNPupqS-daUG7pg==/co.ke.roadready.provider-yQ3f4JDQ9WlPKBeQOI81IQ==/lib/x86_64/libreact_render_mapbuffer.so using class loader ns clns-9 (caller=/data/app/~~8GPvcssbNPupqS-daUG7pg==/co.ke.roadready.provider-yQ3f4JDQ9WlPKBeQOI81IQ==/base.apk): ok
03-27 12:21:42.643 18776 18776 D nativeloader: Load /data/app/~~8GPvcssbNPupqS-daUG7pg==/co.ke.roadready.provider-yQ3f4JDQ9WlPKBeQOI81IQ==/lib/x86_64/libreact_render_debug.so using class loader ns clns-9 (caller=/data/app/~~8GPvcssbNPupqS-daUG7pg==/co.ke.roadready.provider-yQ3f4JDQ9WlPKBeQOI81IQ==/base.apk): ok
03-27 12:21:42.644 18776 18776 D nativeloader: Load /data/app/~~8GPvcssbNPupqS-daUG7pg==/co.ke.roadready.provider-yQ3f4JDQ9WlPKBeQOI81IQ==/lib/x86_64/libruntimeexecutor.so using class loader ns clns-9 (caller=/data/app/~~8GPvcssbNPupqS-daUG7pg==/co.ke.roadready.provider-yQ3f4JDQ9WlPKBeQOI81IQ==/base.apk): ok
03-27 12:21:42.646 18776 18776 D nativeloader: Load /data/app/~~8GPvcssbNPupqS-daUG7pg==/co.ke.roadready.provider-yQ3f4JDQ9WlPKBeQOI81IQ==/lib/x86_64/libjsi.so using class loader ns clns-9 (caller=/data/app/~~8GPvcssbNPupqS-daUG7pg==/co.ke.roadready.provider-yQ3f4JDQ9WlPKBeQOI81IQ==/base.apk): ok
03-27 12:21:42.647   506   582 W skia    : AGTM parsing failed flags.readFromStream(s) at 159
03-27 12:21:42.647 18776 18776 D nativeloader: Load /data/app/~~8GPvcssbNPupqS-daUG7pg==/co.ke.roadready.provider-yQ3f4JDQ9WlPKBeQOI81IQ==/lib/x86_64/libfbjni.so using class loader ns clns-9 (caller=/data/app/~~8GPvcssbNPupqS-daUG7pg==/co.ke.roadready.provider-yQ3f4JDQ9WlPKBeQOI81IQ==/base.apk): ok
03-27 12:21:42.685 18776 18776 D nativeloader: Load /data/app/~~8GPvcssbNPupqS-daUG7pg==/co.ke.roadready.provider-yQ3f4JDQ9WlPKBeQOI81IQ==/lib/x86_64/libglog.so using class loader ns clns-9 (caller=/data/app/~~8GPvcssbNPupqS-daUG7pg==/co.ke.roadready.provider-yQ3f4JDQ9WlPKBeQOI81IQ==/base.apk): ok
03-27 12:21:42.687 18776 18776 D nativeloader: Load /data/app/~~8GPvcssbNPupqS-daUG7pg==/co.ke.roadready.provider-yQ3f4JDQ9WlPKBeQOI81IQ==/lib/x86_64/libc++_shared.so using class loader ns clns-9 (caller=/data/app/~~8GPvcssbNPupqS-daUG7pg==/co.ke.roadready.provider-yQ3f4JDQ9WlPKBeQOI81IQ==/base.apk): ok
03-27 12:21:42.688 18776 18776 D nativeloader: Load /data/app/~~8GPvcssbNPupqS-daUG7pg==/co.ke.roadready.provider-yQ3f4JDQ9WlPKBeQOI81IQ==/base.apk!/lib/x86_64/libfolly_runtime.so using class loader ns clns-9 (caller=/data/app/~~8GPvcssbNPupqS-daUG7pg==/co.ke.roadready.provider-yQ3f4JDQ9WlPKBeQOI81IQ==/base.apk): ok
03-27 12:21:42.690 18776 18776 D nativeloader: Load /data/app/~~8GPvcssbNPupqS-daUG7pg==/co.ke.roadready.provider-yQ3f4JDQ9WlPKBeQOI81IQ==/lib/x86_64/libreact_featureflags.so using class loader ns clns-9 (caller=/data/app/~~8GPvcssbNPupqS-daUG7pg==/co.ke.roadready.provider-yQ3f4JDQ9WlPKBeQOI81IQ==/base.apk): ok
03-27 12:21:42.691 18776 18776 D nativeloader: Load /data/app/~~8GPvcssbNPupqS-daUG7pg==/co.ke.roadready.provider-yQ3f4JDQ9WlPKBeQOI81IQ==/lib/x86_64/libreact_debug.so using class loader ns clns-9 (caller=/data/app/~~8GPvcssbNPupqS-daUG7pg==/co.ke.roadready.provider-yQ3f4JDQ9WlPKBeQOI81IQ==/base.apk): ok
03-27 12:21:42.693 18776 18776 D nativeloader: Load /data/app/~~8GPvcssbNPupqS-daUG7pg==/co.ke.roadready.provider-yQ3f4JDQ9WlPKBeQOI81IQ==/base.apk!/lib/x86_64/libreact_utils.so using class loader ns clns-9 (caller=/data/app/~~8GPvcssbNPupqS-daUG7pg==/co.ke.roadready.provider-yQ3f4JDQ9WlPKBeQOI81IQ==/base.apk): ok
03-27 12:21:42.707 18776 18776 D nativeloader: Load /data/app/~~8GPvcssbNPupqS-daUG7pg==/co.ke.roadready.provider-yQ3f4JDQ9WlPKBeQOI81IQ==/base.apk!/lib/x86_64/libreact_render_graphics.so using class loader ns clns-9 (caller=/data/app/~~8GPvcssbNPupqS-daUG7pg==/co.ke.roadready.provider-yQ3f4JDQ9WlPKBeQOI81IQ==/base.apk): ok
03-27 12:21:42.722 18776 18776 D nativeloader: Load /data/app/~~8GPvcssbNPupqS-daUG7pg==/co.ke.roadready.provider-yQ3f4JDQ9WlPKBeQOI81IQ==/lib/x86_64/libreactperfloggerjni.so using class loader ns clns-9 (caller=/data/app/~~8GPvcssbNPupqS-daUG7pg==/co.ke.roadready.provider-yQ3f4JDQ9WlPKBeQOI81IQ==/base.apk): ok
03-27 12:21:42.726 18776 18776 D nativeloader: Load /data/app/~~8GPvcssbNPupqS-daUG7pg==/co.ke.roadready.provider-yQ3f4JDQ9WlPKBeQOI81IQ==/base.apk!/lib/x86_64/libreactnativejni.so using class loader ns clns-9 (caller=/data/app/~~8GPvcssbNPupqS-daUG7pg==/co.ke.roadready.provider-yQ3f4JDQ9WlPKBeQOI81IQ==/base.apk): ok
03-27 12:21:42.729 18776 18776 D nativeloader: Load /data/app/~~8GPvcssbNPupqS-daUG7pg==/co.ke.roadready.provider-yQ3f4JDQ9WlPKBeQOI81IQ==/base.apk!/lib/x86_64/libhermes_executor.so using class loader ns clns-9 (caller=/data/app/~~8GPvcssbNPupqS-daUG7pg==/co.ke.roadready.provider-yQ3f4JDQ9WlPKBeQOI81IQ==/base.apk): ok
03-27 12:21:42.729 18776 18776 W SoLoader: SoLoader already initialized
03-27 12:21:42.736 18776 18776 D VRI[MainActivity]: WindowInsets changed: 1080x2424 statusBars:[0,142,0,0] navigationBars:[0,0,0,63] mandatorySystemGestures:[0,174,0,84] 
03-27 12:21:42.738 18776 18776 D WindowOnBackDispatcher: setTopOnBackInvokedCallback (unwrapped): android.view.ViewRootImpl$$ExternalSyntheticLambda13@a780f1b
03-27 12:21:42.739   679  1253 D CoreBackPreview: Window{77747b1 u0 co.ke.roadready.provider/co.ke.roadready.provider.MainActivity}: Setting back callback OnBackInvokedCallbackInfo{mCallback=android.window.IOnBackInvokedCallback$Stub$Proxy@86cd404, mPriority=0, mIsAnimationCallback=false, mOverrideBehavior=0}
03-27 12:21:42.744   679  1253 D WindowManager: setClientSurface Surface(name=VRI-co.ke.roadready.provider/co.ke.roadready.provider.MainActivity#546)/@0xe07aded for 77747b1 co.ke.roadready.provider/co.ke.roadready.provider.MainActivity
03-27 12:21:42.758   506   582 W skia    : AGTM parsing failed flags.readFromStream(s) at 159
03-27 12:21:42.764 18776 18776 I Surface : Creating surface for consumer unnamed-18776-0 with slotExpansion=1 for 64 slots
03-27 12:21:42.767 18776 18808 I ExpoModulesCore: Γ£à AppContext was initialized
03-27 12:21:42.768 18776 18776 I Surface : Creating surface for consumer VRI[MainActivity]#0(BLAST Consumer)0 with slotExpansion=1 for 64 slots
03-27 12:21:42.824 18776 18813 W unknown:ViewManagerPropertyUpdater: Could not find generated setter for class com.facebook.react.views.drawer.ReactDrawerLayoutManager
03-27 12:21:42.828 18776 18813 W unknown:ViewManagerPropertyUpdater: Could not find generated setter for class com.facebook.react.uimanager.LayoutShadowNode
03-27 12:21:42.829 18776 18813 W unknown:ViewManagerPropertyUpdater: Could not find generated setter for class com.facebook.react.views.scroll.ReactHorizontalScrollViewManager
03-27 12:21:42.832 18776 18813 W unknown:ViewManagerPropertyUpdater: Could not find generated setter for class com.facebook.react.views.scroll.ReactHorizontalScrollContainerViewManager
03-27 12:21:42.833 18776 18813 W unknown:ViewManagerPropertyUpdater: Could not find generated setter for class com.facebook.react.views.progressbar.ReactProgressBarViewManager
03-27 12:21:42.835 18776 18813 W unknown:ViewManagerPropertyUpdater: Could not find generated setter for class com.facebook.react.views.progressbar.ProgressBarShadowNode
03-27 12:21:42.842 18776 18813 W unknown:ViewManagerPropertyUpdater: Could not find generated setter for class com.facebook.react.views.scroll.ReactScrollViewManager
03-27 12:21:42.844 18776 18813 W unknown:ViewManagerPropertyUpdater: Could not find generated setter for class com.facebook.react.views.switchview.ReactSwitchManager
03-27 12:21:42.845 18776 18813 W unknown:ViewManagerPropertyUpdater: Could not find generated setter for class com.facebook.react.views.switchview.ReactSwitchManager$ReactSwitchShadowNode
03-27 12:21:42.845 18776 18813 W unknown:ViewManagerPropertyUpdater: Could not find generated setter for class com.facebook.react.views.swiperefresh.SwipeRefreshLayoutManager
03-27 12:21:42.850 18776 18813 W unknown:ViewManagerPropertyUpdater: Could not find generated setter for class com.facebook.react.views.text.frescosupport.FrescoBasedReactTextInlineImageViewManager
03-27 12:21:42.851 18776 18813 W unknown:ViewManagerPropertyUpdater: Could not find generated setter for class com.facebook.react.views.text.frescosupport.FrescoBasedReactTextInlineImageShadowNode
03-27 12:21:42.852 18776 18813 W unknown:ViewManagerPropertyUpdater: Could not find generated setter for class com.facebook.react.views.image.ReactImageManager
03-27 12:21:42.856 18776 18813 W unknown:ViewManagerPropertyUpdater: Could not find generated setter for class com.facebook.react.views.modal.ReactModalHostManager
03-27 12:21:42.858 18776 18813 W unknown:ViewManagerPropertyUpdater: Could not find generated setter for class com.facebook.react.views.modal.ModalHostShadowNode
03-27 12:21:42.859 18776 18813 W unknown:ViewManagerPropertyUpdater: Could not find generated setter for class com.facebook.react.views.text.ReactRawTextManager
03-27 12:21:42.859 18776 18813 W unknown:ViewManagerPropertyUpdater: Could not find generated setter for class com.facebook.react.views.text.ReactRawTextShadowNode
03-27 12:21:42.860 18776 18813 W unknown:ViewManagerPropertyUpdater: Could not find generated setter for class com.facebook.react.views.textinput.ReactTextInputManager
03-27 12:21:42.861 18776 18813 W unknown:ViewManagerPropertyUpdater: Could not find generated setter for class com.facebook.react.views.textinput.ReactTextInputShadowNode
03-27 12:21:42.863 18776 18813 W unknown:ViewManagerPropertyUpdater: Could not find generated setter for class com.facebook.react.views.text.ReactTextViewManager
03-27 12:21:42.865 18776 18813 W unknown:ViewManagerPropertyUpdater: Could not find generated setter for class com.facebook.react.views.text.ReactTextShadowNode
03-27 12:21:42.865 18776 18813 W unknown:ViewManagerPropertyUpdater: Could not find generated setter for class com.facebook.react.views.view.ReactViewManager
03-27 12:21:42.871 18776 18813 W unknown:ViewManagerPropertyUpdater: Could not find generated setter for class com.facebook.react.views.text.ReactVirtualTextViewManager
03-27 12:21:42.872 18776 18813 W unknown:ViewManagerPropertyUpdater: Could not find generated setter for class com.facebook.react.views.text.ReactVirtualTextShadowNode
03-27 12:21:42.872 18776 18813 W unknown:ViewManagerPropertyUpdater: Could not find generated setter for class com.facebook.react.views.unimplementedview.ReactUnimplementedViewManager
03-27 12:21:42.873 18776 18813 W unknown:ViewManagerPropertyUpdater: Could not find generated setter for class io.sentry.react.RNSentryOnDrawReporterManager
03-27 12:21:42.875 18776 18813 W unknown:ViewManagerPropertyUpdater: Could not find generated setter for class com.rnmaps.maps.MapManager
03-27 12:21:42.877 18776 18813 W unknown:ViewManagerPropertyUpdater: Could not find generated setter for class com.rnmaps.maps.MapMarkerManager
03-27 12:21:42.884   506   582 W skia    : AGTM parsing failed flags.readFromStream(s) at 159
03-27 12:21:42.880 18776 18813 W unknown:ViewManagerPropertyUpdater: Could not find generated setter for class com.rnmaps.maps.MapCalloutManager
03-27 12:21:42.885 18776 18813 W unknown:ViewManagerPropertyUpdater: Could not find generated setter for class com.rnmaps.maps.MapPolylineManager
03-27 12:21:42.891 18776 18813 W unknown:ViewManagerPropertyUpdater: Could not find generated setter for class com.rnmaps.maps.MapGradientPolylineManager
03-27 12:21:42.896 18776 18813 W unknown:ViewManagerPropertyUpdater: Could not find generated setter for class com.rnmaps.maps.MapPolygonManager
03-27 12:21:42.897 18776 18813 W unknown:ViewManagerPropertyUpdater: Could not find generated setter for class com.rnmaps.maps.MapCircleManager
03-27 12:21:42.898 18776 18813 W unknown:ViewManagerPropertyUpdater: Could not find generated setter for class com.rnmaps.maps.MapUrlTileManager
03-27 12:21:42.900 18776 18813 W unknown:ViewManagerPropertyUpdater: Could not find generated setter for class com.rnmaps.maps.MapWMSTileManager
03-27 12:21:42.901 18776 18813 W unknown:ViewManagerPropertyUpdater: Could not find generated setter for class com.rnmaps.maps.MapLocalTileManager
03-27 12:21:42.902 18776 18813 W unknown:ViewManagerPropertyUpdater: Could not find generated setter for class com.rnmaps.maps.MapOverlayManager
03-27 12:21:42.903 18776 18813 W unknown:ViewManagerPropertyUpdater: Could not find generated setter for class com.rnmaps.maps.MapHeatmapManager
03-27 12:21:42.948   679  1253 D ConnectivityService: requestNetwork for uid/pid:10231/18776 activeRequest: null callbackRequest: 293 [NetworkRequest [ REQUEST id=294, [ Capabilities: INTERNET&NOT_RESTRICTED&TRUSTED&NOT_VCN_MANAGED&NOT_BANDWIDTH_CONSTRAINED Uid: 10231 RequestorUid: 10231 RequestorPkg: co.ke.roadready.provider UnderlyingNetworks: Null] ]] callback flags: 0 order: 2147483647 isUidTracked: false declaredMethods: AVAIL|LOSING|LOST|UNAVAIL|NC|LP
03-27 12:21:42.954   679  1068 D OemPaidWifiNetworkFactory: got request NetworkRequest [ REQUEST id=294, [ Capabilities: INTERNET&NOT_RESTRICTED&TRUSTED&NOT_VCN_MANAGED&NOT_BANDWIDTH_CONSTRAINED Uid: 10231 RequestorUid: 10231 RequestorPkg: co.ke.roadready.provider UnderlyingNetworks: Null] ]
03-27 12:21:42.955   679  1068 D MultiInternetWifiNetworkFactory: got request NetworkRequest [ REQUEST id=294, [ Capabilities: INTERNET&NOT_RESTRICTED&TRUSTED&NOT_VCN_MANAGED&NOT_BANDWIDTH_CONSTRAINED Uid: 10231 RequestorUid: 10231 RequestorPkg: co.ke.roadready.provider UnderlyingNetworks: Null] ]
03-27 12:21:42.955   679  1068 D WifiNetworkFactory: got request NetworkRequest [ REQUEST id=294, [ Capabilities: INTERNET&NOT_RESTRICTED&TRUSTED&NOT_VCN_MANAGED&NOT_BANDWIDTH_CONSTRAINED Uid: 10231 RequestorUid: 10231 RequestorPkg: co.ke.roadready.provider UnderlyingNetworks: Null] ]
03-27 12:21:42.956   679  1068 D UntrustedWifiNetworkFactory: got request NetworkRequest [ REQUEST id=294, [ Capabilities: INTERNET&NOT_RESTRICTED&TRUSTED&NOT_VCN_MANAGED&NOT_BANDWIDTH_CONSTRAINED Uid: 10231 RequestorUid: 10231 RequestorPkg: co.ke.roadready.provider UnderlyingNetworks: Null] ]
03-27 12:21:42.956   679  1075 D ConnectivityService: NetReassign [no changes] [c 0] [a 0] [i 7]
03-27 12:21:42.981   679   710 I ActivityTaskManager: Displayed co.ke.roadready.provider/.MainActivity for user 0: +1s548ms
03-27 12:21:42.995   506   582 W skia    : AGTM parsing failed flags.readFromStream(s) at 159
03-27 12:21:42.995   506   582 W skia    : AGTM parsing failed flags.readFromStream(s) at 159
03-27 12:21:43.008 18776 18812 D nativeloader: Load /data/app/~~8GPvcssbNPupqS-daUG7pg==/co.ke.roadready.provider-yQ3f4JDQ9WlPKBeQOI81IQ==/lib/x86_64/libreactnativeblob.so using class loader ns clns-9 (caller=/data/app/~~8GPvcssbNPupqS-daUG7pg==/co.ke.roadready.provider-yQ3f4JDQ9WlPKBeQOI81IQ==/base.apk): ok
03-27 12:21:43.011 10234 10234 D BaseActivity: Launcher flags updated: [] -[state_started]
03-27 12:21:43.011 10234 10234 D BaseDepthController: setSurface:
03-27 12:21:43.011 10234 10234 D BaseDepthController: 	mWaitingOnSurfaceValidity: false
03-27 12:21:43.011 10234 10234 D BaseDepthController: 	mBaseSurface: null
03-27 12:21:43.012 10234 10234 D BaseDepthController: mSurface is null and mCurrentBlur is: 0
03-27 12:21:43.019 10234 10234 D LauncherStateManager: StateManager.goToState: fromState: Normal, toState: Normal, partial trace:
03-27 12:21:43.019 10234 10234 D LauncherStateManager: 	at com.android.launcher3.statemanager.StateManager.moveToRestState(go/retraceme 7226a759aa2bb3787a79806f85d80eaad84f1f1e15acd6db988f2df789d1680d:26)
03-27 12:21:43.019 10234 10234 D LauncherStateManager: 	at com.android.launcher3.statemanager.StateManager.moveToRestState(go/retraceme 7226a759aa2bb3787a79806f85d80eaad84f1f1e15acd6db988f2df789d1680d:35)
03-27 12:21:43.019 10234 10234 D LauncherStateManager: 	at com.android.launcher3.statemanager.StatefulActivity.onStop(go/retraceme 7226a759aa2bb3787a79806f85d80eaad84f1f1e15acd6db988f2df789d1680d:31)
03-27 12:21:43.019 10234 10234 D LauncherStateManager: StateManager.onRepeatStateSetAborted: state: Normal
03-27 12:21:43.019 10234 10234 D KeyboardStateManager: hideKeyboard
03-27 12:21:43.019 10234 10234 D KeyboardStateManager: isImeShown: false
03-27 12:21:43.019 10234 10234 D StatsLog: LAUNCHER_ONSTOP
03-27 12:21:43.022 10234 10234 D StatsLog: LAUNCHER_GOOGLE_SEARCH_RESTORE_LIST_SIZE_AFTER_ACTIVITY_RESTART
03-27 12:21:43.034   679   842 I ImeTracker: co.ke.roadready.provider:4c2d911a: onRequestHide at ORIGIN_SERVER reason HIDE_UNSPECIFIED_WINDOW fromUser false userId 0 displayId 0
03-27 12:21:43.039 18776 18776 D InsetsController: hide(ime())
03-27 12:21:43.040 18776 18776 I ImeTracker: co.ke.roadready.provider:4c2d911a: onCancelled at PHASE_CLIENT_ALREADY_HIDDEN
03-27 12:21:43.049  4292  5787 I FontLog : (REDACTED) Received query %s, URI %s
03-27 12:21:43.051  4292  5787 I FontLog : (REDACTED) Query [%s] resolved to %s
03-27 12:21:43.085   679  1934 D InputMethodManagerService: Attach new input but force hide
03-27 12:21:43.087 17947 17947 I GoogleInputMethodService: GoogleInputMethodService.onFinishInput():2113 
03-27 12:21:43.090 17947 17947 I Module  : DeviceLockedStatusModuleProvider$Module.updateDeviceLockedStatus():103 repeatCheckTimes = 0, locked = false
03-27 12:21:43.094   679  1934 I ImeTracker: co.ke.roadready.provider:2953dc53: onRequestHide at ORIGIN_SERVER reason HIDE_SOFT_INPUT fromUser false userId 0 displayId 0
03-27 12:21:43.095   679  1934 I ImeTracker: co.ke.roadready.provider:2953dc53: onCancelled at PHASE_SERVER_SHOULD_HIDE
03-27 12:21:43.097 17947 17947 I GoogleInputMethodService: GoogleInputMethodService.onStartInput():1384 onStartInput(EditorInfo{EditorInfo{packageName=co.ke.roadready.provider, inputType=0, inputTypeString=NULL, enableLearning=false, autoCorrection=false, autoComplete=false, imeOptions=0, privateImeOptions=null, actionName=UNSPECIFIED, actionLabel=null, initialSelStart=-1, initialSelEnd=-1, initialCapsMode=0, label=null, fieldId=0, fieldName=null, extras=null, hintText=null, hintLocales=[]}}, false)
03-27 12:21:43.098 17947 17947 W AndroidIME: LatinIMEBase.updateInputViewCoverNavigation():319 Null input view, cannot update padding!
03-27 12:21:43.102 17947 17947 I Module  : DeviceLockedStatusModuleProvider$Module.updateDeviceLockedStatus():103 repeatCheckTimes = 1, locked = false
03-27 12:21:43.103  4292 12207 I FontLog : (REDACTED) Download failed for %s
03-27 12:21:43.104  4292  9695 W FontLog : Connection failure for https://fonts.gstatic.com/s/a/directory029.pb [CONTEXT service_id=132 ]
03-27 12:21:43.104  4292  9695 W FontLog : java.util.concurrent.ExecutionException: crpd: Failed to process request
03-27 12:21:43.104  4292  9695 W FontLog : 	at kok.n(:com.google.android.gms@260235038@26.02.35 (260800-862924022):21)
03-27 12:21:43.104  4292  9695 W FontLog : 	at kok.get(:com.google.android.gms@260235038@26.02.35 (260800-862924022):99)
03-27 12:21:43.104  4292  9695 W FontLog : 	at kop.get(:com.google.android.gms@260235038@26.02.35 (260800-862924022):8)
03-27 12:21:43.104  4292  9695 W FontLog : 	at bvgu.run(:com.google.android.gms@260235038@26.02.35 (260800-862924022):13)
03-27 12:21:43.104  4292  9695 W FontLog : 	at bera.c(:com.google.android.gms@260235038@26.02.35 (260800-862924022):50)
03-27 12:21:43.104  4292  9695 W FontLog : 	at bera.run(:com.google.android.gms@260235038@26.02.35 (260800-862924022):73)
03-27 12:21:43.104  4292  9695 W FontLog : 	at java.util.concurrent.ThreadPoolExecutor.runWorker(ThreadPoolExecutor.java:1100)
03-27 12:21:43.104  4292  9695 W FontLog : 	at java.util.concurrent.ThreadPoolExecutor$Worker.run(ThreadPoolExecutor.java:624)
03-27 12:21:43.104  4292  9695 W FontLog : 	at bewr.run(:com.google.android.gms@260235038@26.02.35 (260800-862924022):8)
03-27 12:21:43.104  4292  9695 W FontLog : 	at java.lang.Thread.run(Thread.java:1572)
03-27 12:21:43.104  4292  9695 W FontLog : Caused by: crpd: Failed to process request
03-27 12:21:43.104  4292  9695 W FontLog : 	at crpk.a(:com.google.android.gms@260235038@26.02.35 (260800-862924022):23)
03-27 12:21:43.104  4292  9695 W FontLog : 	at crtb.b(:com.google.android.gms@260235038@26.02.35 (260800-862924022):15)
03-27 12:21:43.104  4292  9695 W FontLog : 	at crts.onFailed(:com.google.android.gms@260235038@26.02.35 (260800-862924022):15)
03-27 12:21:43.104  4292  9695 W FontLog : 	at m1.nf.onFailed(:com.google.android.gms.dynamite_cronetdynamite@260235038@26.02.35 (260800-0):3)
03-27 12:21:43.104  4292  9695 W FontLog : 	at m1.mb.run(:com.google.android.gms.dynamite_cronetdynamite@260235038@26.02.35 (260800-0):16)
03-27 12:21:43.104  4292  9695 W FontLog : 	... 6 more
03-27 12:21:43.104  4292  9695 W FontLog : Caused by: m1.mo: Exception in CronetUrlRequest: net::ERR_INTERNET_DISCONNECTED, ErrorCode=2, InternalErrorCode=-106, Retryable=false
03-27 12:21:43.104  4292  9695 W FontLog : 	at org.chromium.net.impl.CronetUrlRequest.onError(:com.google.android.gms.dynamite_cronetdynamite@260235038@26.02.35 (260800-0):3)
03-27 12:21:43.107   679  1934 W InputChannel-JNI: Channel already disposed.
03-27 12:21:43.110   506   582 W skia    : AGTM parsing failed flags.readFromStream(s) at 159
03-27 12:21:43.111   506   582 W skia    : AGTM parsing failed flags.readFromStream(s) at 159
03-27 12:21:43.111   679  2164 I ImeTracker: system_server:f3ca489b: onRequestHide at ORIGIN_SERVER reason IME_REQUESTED_CHANGED_LISTENER fromUser false displayId 0
03-27 12:21:43.122   679   713 I ImeTracker: system_server:f3ca489b: onCancelled at PHASE_SERVER_SHOULD_HIDE
03-27 12:21:43.128 18776 18812 V AsyncStorageExpoMigration: No scoped database found
03-27 12:21:43.132  4292  9695 W FontLog : No resolver, short-circuit {Noto Color Emoji Compat, wdth 100.0, wght 400, ital 0.0, bestEffort false}, isVf false} for co.ke.roadready.provider to failure [CONTEXT service_id=132 ]
03-27 12:21:43.132  4292  5787 I FontLog : (REDACTED) Fetch %s end status %s
03-27 12:21:43.142   679  2164 W PackageConfigPersister: App-specific configuration not found for packageName: co.ke.roadready.provider and userId: 0
03-27 12:21:43.162 18776 18812 D nativeloader: Load /data/app/~~8GPvcssbNPupqS-daUG7pg==/co.ke.roadready.provider-yQ3f4JDQ9WlPKBeQOI81IQ==/lib/x86_64/libexpo-modules-core.so using class loader ns clns-9 (caller=/data/app/~~8GPvcssbNPupqS-daUG7pg==/co.ke.roadready.provider-yQ3f4JDQ9WlPKBeQOI81IQ==/base.apk): ok
03-27 12:21:43.176 18776 18812 D nativeloader: Load /data/app/~~8GPvcssbNPupqS-daUG7pg==/co.ke.roadready.provider-yQ3f4JDQ9WlPKBeQOI81IQ==/lib/x86_64/libturbomodulejsijni.so using class loader ns clns-9 (caller=/data/app/~~8GPvcssbNPupqS-daUG7pg==/co.ke.roadready.provider-yQ3f4JDQ9WlPKBeQOI81IQ==/base.apk): ok
03-27 12:21:43.185 18776 18812 I ExpoModulesCore: Γ£à JSI interop was installed
03-27 12:21:43.185 18776 18812 W ExpoModulesCore: ΓÜá∩╕Å JSI interop was already installed
03-27 12:21:43.206 18776 18812 I ExpoModulesCore: Γ£à Constants were exported
03-27 12:21:43.224 18776 18812 I dev.expo.updates: {"timestamp":1774603303223,"message":"UpdatesModule: getConstants called","code":"None","level":"info"}
03-27 12:21:43.227   506   582 W skia    : AGTM parsing failed flags.readFromStream(s) at 159
03-27 12:21:43.227   506   582 W skia    : AGTM parsing failed flags.readFromStream(s) at 159
03-27 12:21:43.248   679  2164 D FileUtils: Rounded bytes from 2061819904 to 4000000000
03-27 12:21:43.304 10234 10240 W System  : A resource failed to call release. 
03-27 12:21:43.305 10234 10240 W System  : A resource failed to call release. 
03-27 12:21:43.305 10234 10240 W System  : A resource failed to call release. 
03-27 12:21:43.329   506   582 W skia    : AGTM parsing failed flags.readFromStream(s) at 159
03-27 12:21:43.329   506   582 W skia    : AGTM parsing failed flags.readFromStream(s) at 159
03-27 12:21:43.423  1170  1306 D WindowOnBackDispatcher: setTopOnBackInvokedCallback (unwrapped): null
03-27 12:21:43.425   679  2164 D CoreBackPreview: Window{f5f8f0c u0 Splash Screen co.ke.roadready.provider EXITING}: Setting back callback null
03-27 12:21:43.442   506   582 W skia    : AGTM parsing failed flags.readFromStream(s) at 159
03-27 12:21:43.442   506   582 W skia    : AGTM parsing failed flags.readFromStream(s) at 159
03-27 12:21:43.544   506   582 W skia    : AGTM parsing failed flags.readFromStream(s) at 159
03-27 12:21:43.544   506   582 W skia    : AGTM parsing failed flags.readFromStream(s) at 159
03-27 12:21:43.589 18776 18812 I ReactNativeJS: Running "main
03-27 12:21:43.590 18776 18812 E ReactNativeJS: Invariant Violation: "main" has not been registered. This can happen if:
03-27 12:21:43.590 18776 18812 E ReactNativeJS: * Metro (the local dev server) is run from the wrong folder. Check if Metro is running, stop it and restart it in the current project.
03-27 12:21:43.590 18776 18812 E ReactNativeJS: * A module failed to load due to an error and `AppRegistry.registerComponent` wasn't called., js engine: hermes
03-27 12:21:43.604 18776 18813 E AndroidRuntime: FATAL EXCEPTION: mqt_native_modules
03-27 12:21:43.604 18776 18813 E AndroidRuntime: Process: co.ke.roadready.provider, PID: 18776
03-27 12:21:43.604 18776 18813 E AndroidRuntime: com.facebook.react.common.JavascriptException: Invariant Violation: "main" has not been registered. This can happen if:
03-27 12:21:43.604 18776 18813 E AndroidRuntime: * Metro (the local dev server) is run from the wrong folder. Check if Metro is running, stop it and restart it in the current project.
03-27 12:21:43.604 18776 18813 E AndroidRuntime: * A module failed to load due to an error and `AppRegistry.registerComponent` wasn't called., js engine: hermes, stack:
03-27 12:21:43.604 18776 18813 E AndroidRuntime: invariant@1:69860
03-27 12:21:43.604 18776 18813 E AndroidRuntime: runApplication@1:304378
03-27 12:21:43.604 18776 18813 E AndroidRuntime: __callFunction@1:72863
03-27 12:21:43.604 18776 18813 E AndroidRuntime: anonymous@1:71305
03-27 12:21:43.604 18776 18813 E AndroidRuntime: __guard@1:72245
03-27 12:21:43.604 18776 18813 E AndroidRuntime: callFunctionReturnFlushedQueue@1:71263
03-27 12:21:43.604 18776 18813 E AndroidRuntime: 
03-27 12:21:43.604 18776 18813 E AndroidRuntime: 	at com.facebook.react.modules.core.ExceptionsManagerModule.reportException(ExceptionsManagerModule.java:65)
03-27 12:21:43.604 18776 18813 E AndroidRuntime: 	at java.lang.reflect.Method.invoke(Native Method)
03-27 12:21:43.604 18776 18813 E AndroidRuntime: 	at com.facebook.react.bridge.JavaMethodWrapper.invoke(JavaMethodWrapper.java:372)
03-27 12:21:43.604 18776 18813 E AndroidRuntime: 	at com.facebook.react.bridge.JavaModuleWrapper.invoke(JavaModuleWrapper.java:146)
03-27 12:21:43.604 18776 18813 E AndroidRuntime: 	at com.facebook.jni.NativeRunnable.run(Native Method)
03-27 12:21:43.604 18776 18813 E AndroidRuntime: 	at android.os.Handler.handleCallback(Handler.java:1095)
03-27 12:21:43.604 18776 18813 E AndroidRuntime: 	at android.os.Handler.dispatchMessageImpl(Handler.java:135)
03-27 12:21:43.604 18776 18813 E AndroidRuntime: 	at android.os.Handler.dispatchMessage(Handler.java:125)
03-27 12:21:43.604 18776 18813 E AndroidRuntime: 	at com.facebook.react.bridge.queue.MessageQueueThreadHandler.dispatchMessage(MessageQueueThreadHandler.java:27)
03-27 12:21:43.604 18776 18813 E AndroidRuntime: 	at android.os.Looper.loopOnce(Looper.java:292)
03-27 12:21:43.604 18776 18813 E AndroidRuntime: 	at android.os.Looper.loop(Looper.java:393)
03-27 12:21:43.604 18776 18813 E AndroidRuntime: 	at com.facebook.react.bridge.queue.MessageQueueThreadImpl$4.run(MessageQueueThreadImpl.java:233)
03-27 12:21:43.604 18776 18813 E AndroidRuntime: 	at java.lang.Thread.run(Thread.java:1572)
03-27 12:21:43.616   679 18824 I DropBoxManagerService: add tag=data_app_crash isTagEnabled=true flags=0x2
03-27 12:21:43.619   679  1934 W ActivityTaskManager:   Force finishing activity co.ke.roadready.provider/.MainActivity
03-27 12:21:43.621   679  1934 W TransitionChain: Combining AR.finish-force-crash into #78(CLOSE|R|0x10) from finishTopCrash
03-27 12:21:43.623  1170  1244 V WindowManagerShell: Transition requested (#78): android.os.BinderProxy@1a32baa TransitionRequestInfo { type = CLOSE, triggerTask = TaskInfo{userId=0 taskId=16 effectiveUid=10231 displayId=0 isRunning=true baseIntent=Intent { act=android.intent.action.MAIN cat=[android.intent.category.LAUNCHER] flg=0x10200000 cmp=co.ke.roadready.provider/.MainActivity } baseActivity=ComponentInfo{co.ke.roadready.provider/co.ke.roadready.provider.MainActivity} topActivity=ComponentInfo{co.ke.roadready.provider/co.ke.roadready.provider.MainActivity} origActivity=null realActivity=ComponentInfo{co.ke.roadready.provider/co.ke.roadready.provider.MainActivity} realActivityIsAppLockEnabled=false numActivities=1 lastActiveTime=7207809 supportsMultiWindow=true supportsMultiWindowWithoutConstraints=true resizeMode=1 isResizeable=true minWidth=-1 minHeight=-1 defaultMinSize=220 token=WCT{android.os.BinderProxy@b2017a7} topActivityType=1 pictureInPictureParams=null shouldDockBigOverlays=false launchIntoPipHostTaskId=-1 lastParentTaskIdBeforePip=-1 displayCutoutSafeInsets=Rect(0, 0 - 0, 0) topActivityInfo=ActivityInfo{943939b co.ke.roadready.provider.MainActivity} launchCookies=[android.os.BinderProxy@7ee3ffd] positionInParent=Point(0, 0) parentTaskId=-1 isFocused=true isInteractive=false isVisible=true isVisibleRequested=true isTopActivityNoDisplay=false isSleeping=false locusId=null displayAreaFeatureId=1 isTopActivityTransparent=false isActivityStackTransparent=false lastNonFullscreenBounds=null leafTaskBoundsFromOptions= false capturedLink=null capturedLinkTimestamp=0 requestedVisibleTypes=503 topActivityRequestOpenInBrowserEducationTimestamp=0 appCompatTaskInfo=AppCompatTaskInfo { topActivityInSizeCompat=false isLeafTask= true eligibleForLetterboxEducation= false isLetterboxEducationEnabled= true isLetterboxDoubleTapEnabled= false eligibleForUserAspectRatioButton= false topActivityBoundsLetterboxed= false isFromLetterboxDoubleTap= false topActivityLetterboxVerticalPosition= -1 topActivityLetterboxHorizontalPosition= -1 topActivityLetterboxWidth=-1 topActivityLetterboxHeight=-1 topActivityAppBounds=Rect(0, 142 - 1080, 2361) isUserFullscreenOverrideEnabled=false isSystemFullscreenOverrideEnabled=false hasMinAspectRatioOverride=false topActivityLetterboxBounds=null topNonResizableActivityAspectRatio=-1.0} topActivityMainWindowFrame=null isAppBubble=false}, pipChange = null, remoteTransitionInfo = null, displayChange = null, requestedLocation = null, userChange = null, windowingLayerChange = null, fullscreenRequestChange = null, flags = 16, debugId = 78 }
03-27 12:21:43.623  1170  1244 W DisconnectHandler: No disconnect change found in the transition, not handling request.
03-27 12:21:43.623  1170  1244 V ShellDesktopMode: DesktopTasksController: skipping handleRequest reason=triggerTask's display doesn't support desktop mode
03-27 12:21:43.629   506   565 I libbinder.BpBinder: onLastStrongRef automatically unlinking death recipients for binder (0x74c433c41440) with descriptor: '(not cached)'
03-27 12:21:43.636   679  1934 V WindowManager: Defer transition id=78 for TaskFragmentTransaction=android.os.Binder@f5525f6
03-27 12:21:43.640   679   711 I ActivityManager: Showing crash dialog for package co.ke.roadready.provider u0
03-27 12:21:43.644   679  2164 V WindowManager: Continue transition id=78 for TaskFragmentTransaction=android.os.Binder@f5525f6
03-27 12:21:43.667 10234 10234 D ViewRootImpl: Skipping stats log for color mode
03-27 12:21:43.669  1170  1244 V RecentTasksController: Notify recent tasks changed
03-27 12:21:43.669 10234 10234 D BaseActivity: Launcher flags updated: [state_started] +[state_started]
03-27 12:21:43.672 10234 10234 D BaseActivity: Launcher flags updated: [state_started|state_resumed|state_user_active] +[state_resumed|state_user_active]
03-27 12:21:43.677 10234 10234 D BaseActivity: Launcher flags updated: [state_started|state_resumed|state_user_active] +[]
03-27 12:21:43.680  1170  1244 D WindowManagerShell: setLauncherKeepClearAreaHeight: visible=true, height=495
03-27 12:21:43.680 10234 10234 D BaseActivity: Launcher flags updated: [state_started|state_resumed|state_deferred_resumed|state_user_active] +[state_deferred_resumed]
03-27 12:21:43.681 10234 10234 D StatsLog: LAUNCHER_ONRESUME
03-27 12:21:43.684 10234 10234 D SmartspaceInteractor: notifySmartspaceEvent: SmartspaceTargetEvent{mSmartspaceTarget=null, mSmartspaceActionId='null', mEventType=6}
03-27 12:21:43.688   679  1896 D WindowManager: setClientSurface Surface(name=VRI-com.google.android.apps.nexuslauncher/com.google.android.apps.nexuslauncher.NexusLauncherActivity#552)/@0x523f932 for 56309fb com.google.android.apps.nexuslauncher/com.google.android.apps.nexuslauncher.NexusLauncherActivity
03-27 12:21:43.690 10234 10234 I Surface : Creating surface for consumer unnamed-10234-18 with slotExpansion=1 for 64 slots
03-27 12:21:43.691 10234 10234 I Surface : Creating surface for consumer VRI[NexusLauncherActivity]#9(BLAST Consumer)9 with slotExpansion=1 for 64 slots
03-27 12:21:43.700 10234 10234 D BaseDepthController: setSurface:
03-27 12:21:43.700 10234 10234 D BaseDepthController: 	mWaitingOnSurfaceValidity: false
03-27 12:21:43.700 10234 10234 D BaseDepthController: 	mBaseSurface: Surface(name=VRI-com.google.android.apps.nexuslauncher/com.google.android.apps.nexuslauncher.NexusLauncherActivity#552)/@0x92bf525
03-27 12:21:43.700 10234 10234 V BaseDepthController: Applying blur: 0 to Surface(name=VRI-com.google.android.apps.nexuslauncher/com.google.android.apps.nexuslauncher.NexusLauncherActivity#552)/@0x92bf525 applyImmediately: false
03-27 12:21:43.700 10234 10234 D BaseDepthController: shouldBlurWorkspace: false targetState: Normal currentStableState: Normal mCurrentBlur: 0 mLauncher.getDepthBlurTargets(): [com.android.launcher3.Workspace{c06d6fa V.ED..... .......D 0,0-1080,2424 #7f0a047d app:id/workspace}, com.android.launcher3.Hotseat{3c5e4ab V.ED..... .......D 0,1929-1080,2424 #7f0a01f1 app:id/hotseat}]
03-27 12:21:43.702  9581  9627 I AiAiEcho: Predicting[0]:  [CONTEXT sampling_count=5 ]
03-27 12:21:43.702  9581  9627 I AiAiEcho: EchoTargets: 
03-27 12:21:43.702  9581  9627 I AiAiEcho: Filtered by AiAi flag check: 
03-27 12:21:43.702  9581  9627 I AiAiEcho: [CONTEXT ratelimit_period="10 SECONDS" ]
03-27 12:21:43.706  9581  9627 I AiAiEcho: #remoteViewsTwiddler: feature disabled.
03-27 12:21:43.708  9581  9627 I AiAiEcho: #postPredictionTargets: Sending updates to UISurface home with targets# 0 (types=[])
03-27 12:21:43.736  1170  1498 D WallpaperService: onVisibilityChanged(true): com.android.systemui.wallpapers.ImageWallpaper$CanvasEngine@a3e553b
03-27 12:21:43.752 10234 10268 D QuickstepModelDelegate: notifyAppTargetEvent action=1 launchLocation=workspace/0/[-1,-1]/[1,1]
03-27 12:21:43.802  1170  1244 V RecentTasksController: Notify recent tasks changed
03-27 12:21:43.829   679   711 D WindowOnBackDispatcher: setTopOnBackInvokedCallback (unwrapped): android.app.Dialog$$ExternalSyntheticLambda2@a40765
03-27 12:21:43.832   679   711 D CoreBackPreview: Window{93ed756 u0 Application Error: co.ke.roadready.provider}: Setting back callback OnBackInvokedCallbackInfo{mCallback=android.window.WindowOnBackInvokedDispatcher$OnBackInvokedCallbackWrapper@d361c3a, mPriority=-1, mIsAnimationCallback=false, mOverrideBehavior=0}
03-27 12:21:43.833 10234 10234 D RecentTasksList: invalidateLoadedTasks - previous requestLoadId: -1
03-27 12:21:43.861 10234 10234 D RecentTasksList: invalidateLoadedTasks - previous requestLoadId: -1
03-27 12:21:43.869  1170  1339 V WindowManagerShell: onTransitionReady(transaction=2916282800626)
03-27 12:21:43.871  1170  1244 V WindowManagerShell: onTransitionReady (#78) android.os.BinderProxy@1a32baa: {id=78 t=CLOSE f=0x10 trk=0 r=[0@Point(0, 0)] c=[
03-27 12:21:43.871  1170  1244 V WindowManagerShell:         {m=CLOSE f=NONE leash=Surface(name=Task=16#533)/@0xda14338 sb=Rect(0, 0 - 1080, 2424) eb=Rect(0, 0 - 1080, 2424) epz=Point(1080, 2424) d=0 taskParent=-1 winMode=1 userId=0},
03-27 12:21:43.871  1170  1244 V WindowManagerShell:         {m=TO_FRONT f=SHOW_WALLPAPER|MOVE_TO_TOP leash=Surface(name=Task=1#34)/@0x574df11 sb=Rect(0, 0 - 1080, 2424) eb=Rect(0, 0 - 1080, 2424) epz=Point(1080, 2424) d=0 taskParent=-1 winMode=1 userId=0},
03-27 12:21:43.871  1170  1244 V WindowManagerShell:         {m=TO_FRONT f=IS_WALLPAPER leash=Surface(name=WallpaperWindowToken{71cefd8}#53)/@0x6e05876 sb=Rect(0, 0 - 1080, 2424) eb=Rect(0, 0 - 1080, 2424) epz=Point(1080, 2424) d=0}
03-27 12:21:43.871  1170  1244 V WindowManagerShell:     ]}
03-27 12:21:43.872  1170  1244 V WindowManagerShell: Playing animation for (#78) android.os.BinderProxy@1a32baa@0
03-27 12:21:43.873  1170  1244 D ShellSplitScreen: startAnimation: transition=78 isSplitActive=false
03-27 12:21:43.873  1170  1244 V ShellRecents: RecentsTransitionHandler.startAnimation: no controller found
03-27 12:21:43.873  1170  1244 V ShellDesktopMode: DesktopMixedTransitionHandler: No pending desktop transition
03-27 12:21:43.874  1170  1244 V WindowManagerShell: Transition doesn't have explicit remote, search filters for match for {id=78 t=CLOSE f=0x10 trk=0 r=[0@Point(0, 0)] c=[{m=CLOSE f=NONE leash=Surface(name=Task=16#533)/@0xda14338 sb=Rect(0, 0 - 1080, 2424) eb=Rect(0, 0 - 1080, 2424) epz=Point(1080, 2424) d=0 taskParent=-1 winMode=1 userId=0},{m=TO_FRONT f=SHOW_WALLPAPER|MOVE_TO_TOP leash=Surface(name=Task=1#34)/@0x574df11 sb=Rect(0, 0 - 1080, 2424) eb=Rect(0, 0 - 1080, 2424) epz=Point(1080, 2424) d=0 taskParent=-1 winMode=1 userId=0},{m=TO_FRONT f=IS_WALLPAPER leash=Surface(name=WallpaperWindowToken{71cefd8}#53)/@0x6e05876 sb=Rect(0, 0 - 1080, 2424) eb=Rect(0, 0 - 1080, 2424) epz=Point(1080, 2424) d=0}]}
03-27 12:21:43.874  1170  1244 V WindowManagerShell:  Checking filter Pair{{types=[] flags=0x0 notFlags=0x0 checks=[{atype=undefined independent=true modes=[CLOSE,TO_BACK] flags=IN_TASK_WITH_EMBEDDED_ACTIVITY mustBeTask=false order=ANY topActivity=null launchCookie=null taskFragmentToken=android.os.BinderProxy@1c99f95 windowingMode=undefined isCrossDisplayMove=false}]} RemoteTransition { remoteTransition = android.window.IRemoteTransition$Stub$Proxy@3b688aa, appThread = android.app.IApplicationThread$Stub$Proxy@fd82c9b, debugName = overlayBackTransition, filter = {types=[] flags=0x0 notFlags=0x0 checks=[{atype=undefined independent=true modes=[CLOSE,TO_BACK] flags=IN_TASK_WITH_EMBEDDED_ACTIVITY mustBeTask=false order=ANY topActivity=null launchCookie=null taskFragmentToken=android.os.BinderProxy@1c99f95 windowingMode=undefined isCrossDisplayMove=false}]} }}
03-27 12:21:43.875  1170  1244 V WindowManagerShell:  Checking filter Pair{{types=[OPEN,TO_FRONT] flags=0x0 notFlags=0x0 checks=[{atype=standard independent=true modes=[OPEN,TO_FRONT] flags=NONE mustBeTask=true order=ANY topActivity=null launchCookie=null windowingMode=freeform isCrossDisplayMove=false}]} RemoteTransition { remoteTransition = android.window.IRemoteTransition$Stub$Proxy@7846838, appThread = null, debugName = DesktopWindowLimitUnminimize, filter = {types=[OPEN,TO_FRONT] flags=0x0 notFlags=0x0 checks=[{atype=standard independent=true modes=[OPEN,TO_FRONT] flags=NONE mustBeTask=true order=ANY topActivity=null launchCookie=null windowingMode=freeform isCrossDisplayMove=false}]} }}
03-27 12:21:43.875  1170  1244 V WindowManagerShell:  Checking filter Pair{{types=[] flags=0x0 notFlags=0x0 checks=[{atype=dream independent=true modes=[OPEN,TO_FRONT] flags=NONE mustBeTask=false order=ANY topActivity=null launchCookie=null windowingMode=undefined isCrossDisplayMove=false},{atype=home independent=true modes=[CLOSE,TO_BACK] flags=NONE mustBeTask=false order=ANY topActivity=null launchCookie=null windowingMode=undefined isCrossDisplayMove=false}]} RemoteTransition { remoteTransition = android.window.IRemoteTransition$Stub$Proxy@e71a011, appThread = android.app.IApplicationThread$Stub$Proxy@34c8576, debugName = LauncherToDream, filter = {types=[] flags=0x0 notFlags=0x0 checks=[{atype=dream independent=true modes=[OPEN,TO_FRONT] flags=NONE mustBeTask=false order=ANY topActivity=null launchCookie=null windowingMode=undefined isCrossDisplayMove=false},{atype=home independent=true modes=[CLOSE,TO_BACK] flags=NONE mustBeTask=false order=ANY topActivity=null launchCookie=null windowingMode=undefined isCrossDisplayMove=false}]} }}
03-27 12:21:43.875  1170  1244 V WindowManagerShell:  Checking filter Pair{{types=[] flags=0x0 notFlags=0x0 checks=[{atype=standard independent=false modes=[CHANGE] flags=NONE mustBeTask=true order=ANY topActivity=null launchCookie=null windowingMode=undefined isCrossDisplayMove=true}]} RemoteTransition { remoteTransition = android.window.IRemoteTransition$Stub$Proxy@782f777, appThread = android.app.IApplicationThread$Stub$Proxy@733cfe4, debugName = QuickstepDisplayMove, filter = {types=[] flags=0x0 notFlags=0x0 checks=[{atype=standard independent=false modes=[CHANGE] flags=NONE mustBeTask=true order=ANY topActivity=null launchCookie=null windowingMode=undefined isCrossDisplayMove=true}]} }}
03-27 12:21:43.875  1170  1244 V WindowManagerShell:  Checking filter Pair{{types=[] flags=0x0 notFlags=0x100 checks=[{atype=home independent=true modes=[OPEN,TO_FRONT] flags=NONE mustBeTask=false order=ANY topActivity=ComponentInfo{com.google.android.apps.nexuslauncher/com.google.android.apps.nexuslauncher.NexusLauncherActivity} launchCookie=null windowingMode=undefined isCrossDisplayMove=false},{atype=standard independent=true modes=[CLOSE,TO_BACK] flags=NONE mustBeTask=false order=ANY topActivity=null launchCookie=null windowingMode=undefined isCrossDisplayMove=false},{NOT atype=undefined independent=true modes=[] flags=NONE mustBeTask=true order=ANY topActivity=null launchCookie=null customAnim=true windowingMode=undefined isCrossDisplayMove=false}]} RemoteTransition { remoteTransition = android.window.IRemoteTransition$Stub$Proxy@8bf2c4d, appThread = android.app.IApplicationThread$Stub$Proxy@9738302, debugName = QuickstepLaunchHome, filter = {types=[] flags=0x0 notFlags=0x100 checks=[{atype=home independent=true modes=[OPEN,TO_FRONT] flags=NONE mustBeTask=false order=ANY topActivity=ComponentInfo{com.google.android.apps.nexuslauncher/com.google.android.apps.nexuslauncher.NexusLauncherActivity} launchCookie=null windowingMode=undefined isCrossDisplayMove=false},{atype=standard independent=true modes=[CLOSE,TO_BACK] flags=NONE mustBeTask=false order=ANY topActivity=null launchCookie=null windowingMode=undefined isCrossDisplayMove=false},{NOT atype=undefined independent=true modes=[] flags=NONE mustBeTask=true order=ANY topActivity=null launchCookie=null customAnim=true windowingMode=undefined isCrossDisplayMove=false}]} }}
