--------- beginning of system
03-27 12:19:24.343  1170  1244 V WindowManagerShell:  animated by com.android.wm.shell.transition.RemoteTransitionHandler@a4c0993
--------- beginning of main
03-27 12:19:24.343   506   582 W skia    : AGTM parsing failed flags.readFromStream(s) at 159
03-27 12:19:24.344   506   582 W skia    : AGTM parsing failed flags.readFromStream(s) at 159
03-27 12:19:24.344   506   582 W skia    : AGTM parsing failed flags.readFromStream(s) at 159
03-27 12:19:24.344   506   582 W skia    : AGTM parsing failed flags.readFromStream(s) at 159
03-27 12:19:24.344   506   582 W skia    : AGTM parsing failed flags.readFromStream(s) at 159
03-27 12:19:24.356 10234 10234 V BaseDepthController: Applying blur: 0 to Surface(name=VRI-com.google.android.apps.nexuslauncher/com.google.android.apps.nexuslauncher.NexusLauncherActivity#487)/@0x92bf525 applyImmediately: false
03-27 12:19:24.356 10234 10234 D BaseDepthController: setEarlyWakeup: true
03-27 12:19:24.357 10234 10234 D BaseDepthController: shouldBlurWorkspace: false targetState: Normal currentStableState: Normal mCurrentBlur: 0 mLauncher.getDepthBlurTargets(): [com.android.launcher3.Workspace{c06d6fa V.ED..... ........ 0,0-1080,2424 #7f0a047d app:id/workspace}, com.android.launcher3.Hotseat{3c5e4ab V.ED..... .......D 0,1929-1080,2424 #7f0a01f1 app:id/hotseat}]
03-27 12:19:24.371 10234 10234 V BaseDepthController: Applying blur: 0 to Surface(name=VRI-com.google.android.apps.nexuslauncher/com.google.android.apps.nexuslauncher.NexusLauncherActivity#487)/@0x92bf525 applyImmediately: false
03-27 12:19:24.371   506   582 W skia    : AGTM parsing failed flags.readFromStream(s) at 159
03-27 12:19:24.371 10234 10234 D BaseDepthController: shouldBlurWorkspace: false targetState: Normal currentStableState: Normal mCurrentBlur: 0 mLauncher.getDepthBlurTargets(): [com.android.launcher3.Workspace{c06d6fa V.ED..... ........ 0,0-1080,2424 #7f0a047d app:id/workspace}, com.android.launcher3.Hotseat{3c5e4ab V.ED..... ........ 0,1929-1080,2424 #7f0a01f1 app:id/hotseat}]
03-27 12:19:24.371   506   582 W skia    : AGTM parsing failed flags.readFromStream(s) at 159
03-27 12:19:24.371   506   582 W skia    : AGTM parsing failed flags.readFromStream(s) at 159
03-27 12:19:24.371   506   582 W skia    : AGTM parsing failed flags.readFromStream(s) at 159
03-27 12:19:24.372   506   582 W skia    : AGTM parsing failed flags.readFromStream(s) at 159
03-27 12:19:24.372   506   582 W skia    : AGTM parsing failed flags.readFromStream(s) at 159
03-27 12:19:24.372   506   582 W skia    : AGTM parsing failed flags.readFromStream(s) at 159
03-27 12:19:24.372   506   582 W skia    : AGTM parsing failed flags.readFromStream(s) at 159
03-27 12:19:24.392   679   711 W Looper  : Slow delivery took 431ms android.ui app=system_server main=false group=TOP_APP h=android.view.Choreographer$FrameHandler c=android.view.Choreographer$FrameDisplayEventReceiver@202f2da m=0
03-27 12:19:24.441 10234 10234 V BaseDepthController: Applying blur: 0 to Surface(name=VRI-com.google.android.apps.nexuslauncher/com.google.android.apps.nexuslauncher.NexusLauncherActivity#487)/@0x92bf525 applyImmediately: false
03-27 12:19:24.443 10234 10234 D BaseDepthController: shouldBlurWorkspace: false targetState: Normal currentStableState: Normal mCurrentBlur: 0 mLauncher.getDepthBlurTargets(): [com.android.launcher3.Workspace{c06d6fa V.ED..... ........ 0,0-1080,2424 #7f0a047d app:id/workspace}, com.android.launcher3.Hotseat{3c5e4ab V.ED..... ........ 0,1929-1080,2424 #7f0a01f1 app:id/hotseat}]
03-27 12:19:24.464 10234 10234 V BaseDepthController: Applying blur: 0 to Surface(name=VRI-com.google.android.apps.nexuslauncher/com.google.android.apps.nexuslauncher.NexusLauncherActivity#487)/@0x92bf525 applyImmediately: false
03-27 12:19:24.465 10234 10234 D BaseDepthController: shouldBlurWorkspace: false targetState: Normal currentStableState: Normal mCurrentBlur: 0 mLauncher.getDepthBlurTargets(): [com.android.launcher3.Workspace{c06d6fa V.ED..... ........ 0,0-1080,2424 #7f0a047d app:id/workspace}, com.android.launcher3.Hotseat{3c5e4ab V.ED..... ........ 0,1929-1080,2424 #7f0a01f1 app:id/hotseat}]
03-27 12:19:24.485 10234 10234 V BaseDepthController: Applying blur: 0 to Surface(name=VRI-com.google.android.apps.nexuslauncher/com.google.android.apps.nexuslauncher.NexusLauncherActivity#487)/@0x92bf525 applyImmediately: false
03-27 12:19:24.485 10234 10234 D BaseDepthController: shouldBlurWorkspace: false targetState: Normal currentStableState: Normal mCurrentBlur: 0 mLauncher.getDepthBlurTargets(): [com.android.launcher3.Workspace{c06d6fa V.ED..... ........ 0,0-1080,2424 #7f0a047d app:id/workspace}, com.android.launcher3.Hotseat{3c5e4ab V.ED..... ........ 0,1929-1080,2424 #7f0a01f1 app:id/hotseat}]
03-27 12:19:24.548 10234 10234 V BaseDepthController: Applying blur: 0 to Surface(name=VRI-com.google.android.apps.nexuslauncher/com.google.android.apps.nexuslauncher.NexusLauncherActivity#487)/@0x92bf525 applyImmediately: false
03-27 12:19:24.550 10234 10234 D BaseDepthController: shouldBlurWorkspace: false targetState: Normal currentStableState: Normal mCurrentBlur: 0 mLauncher.getDepthBlurTargets(): [com.android.launcher3.Workspace{c06d6fa V.ED..... ........ 0,0-1080,2424 #7f0a047d app:id/workspace}, com.android.launcher3.Hotseat{3c5e4ab V.ED..... ........ 0,1929-1080,2424 #7f0a01f1 app:id/hotseat}]
03-27 12:19:24.561   506   582 W skia    : AGTM parsing failed flags.readFromStream(s) at 159
03-27 12:19:24.561   506   582 W skia    : AGTM parsing failed flags.readFromStream(s) at 159
03-27 12:19:24.563   506   582 W skia    : AGTM parsing failed flags.readFromStream(s) at 159
03-27 12:19:24.577 10234 10234 V BaseDepthController: Applying blur: 0 to Surface(name=VRI-com.google.android.apps.nexuslauncher/com.google.android.apps.nexuslauncher.NexusLauncherActivity#487)/@0x92bf525 applyImmediately: false
03-27 12:19:24.577 10234 10234 D BaseDepthController: shouldBlurWorkspace: false targetState: Normal currentStableState: Normal mCurrentBlur: 0 mLauncher.getDepthBlurTargets(): [com.android.launcher3.Workspace{c06d6fa V.ED..... ........ 0,0-1080,2424 #7f0a047d app:id/workspace}, com.android.launcher3.Hotseat{3c5e4ab V.ED..... ........ 0,1929-1080,2424 #7f0a01f1 app:id/hotseat}]
03-27 12:19:24.590 10234 10234 V BaseDepthController: Applying blur: 0 to Surface(name=VRI-com.google.android.apps.nexuslauncher/com.google.android.apps.nexuslauncher.NexusLauncherActivity#487)/@0x92bf525 applyImmediately: false
03-27 12:19:24.590 10234 10234 D BaseDepthController: shouldBlurWorkspace: false targetState: Normal currentStableState: Normal mCurrentBlur: 0 mLauncher.getDepthBlurTargets(): [com.android.launcher3.Workspace{c06d6fa V.ED..... ........ 0,0-1080,2424 #7f0a047d app:id/workspace}, com.android.launcher3.Hotseat{3c5e4ab V.ED..... ........ 0,1929-1080,2424 #7f0a01f1 app:id/hotseat}]
03-27 12:19:24.621 10234 10234 V BaseDepthController: Applying blur: 0 to Surface(name=VRI-com.google.android.apps.nexuslauncher/com.google.android.apps.nexuslauncher.NexusLauncherActivity#487)/@0x92bf525 applyImmediately: false
03-27 12:19:24.621 10234 10234 D BaseDepthController: shouldBlurWorkspace: false targetState: Normal currentStableState: Normal mCurrentBlur: 0 mLauncher.getDepthBlurTargets(): [com.android.launcher3.Workspace{c06d6fa V.ED..... ........ 0,0-1080,2424 #7f0a047d app:id/workspace}, com.android.launcher3.Hotseat{3c5e4ab V.ED..... ........ 0,1929-1080,2424 #7f0a01f1 app:id/hotseat}]
03-27 12:19:24.660 10234 10234 V BaseDepthController: Applying blur: 0 to Surface(name=VRI-com.google.android.apps.nexuslauncher/com.google.android.apps.nexuslauncher.NexusLauncherActivity#487)/@0x92bf525 applyImmediately: false
03-27 12:19:24.660 10234 10234 D BaseDepthController: shouldBlurWorkspace: false targetState: Normal currentStableState: Normal mCurrentBlur: 0 mLauncher.getDepthBlurTargets(): [com.android.launcher3.Workspace{c06d6fa V.ED..... ........ 0,0-1080,2424 #7f0a047d app:id/workspace}, com.android.launcher3.Hotseat{3c5e4ab V.ED..... ........ 0,1929-1080,2424 #7f0a01f1 app:id/hotseat}]
03-27 12:19:24.679   506   582 W skia    : AGTM parsing failed flags.readFromStream(s) at 159
03-27 12:19:24.679   506   582 W skia    : AGTM parsing failed flags.readFromStream(s) at 159
03-27 12:19:24.679   506   582 W skia    : AGTM parsing failed flags.readFromStream(s) at 159
03-27 12:19:24.696 10234 10234 V BaseDepthController: Applying blur: 0 to Surface(name=VRI-com.google.android.apps.nexuslauncher/com.google.android.apps.nexuslauncher.NexusLauncherActivity#487)/@0x92bf525 applyImmediately: false
03-27 12:19:24.696 10234 10234 D BaseDepthController: shouldBlurWorkspace: false targetState: Normal currentStableState: Normal mCurrentBlur: 0 mLauncher.getDepthBlurTargets(): [com.android.launcher3.Workspace{c06d6fa V.ED..... ........ 0,0-1080,2424 #7f0a047d app:id/workspace}, com.android.launcher3.Hotseat{3c5e4ab V.ED..... ........ 0,1929-1080,2424 #7f0a01f1 app:id/hotseat}]
03-27 12:19:24.760   679   711 W Looper  : Slow dispatch took 169ms android.ui app=system_server main=false group=TOP_APP h=android.view.Choreographer$FrameHandler c=android.view.Choreographer$FrameDisplayEventReceiver@202f2da m=0
03-27 12:19:24.762 10234 10238 I s.nexuslauncher: NativeAlloc concurrent mark compact GC freed 1716KB AllocSpace bytes, 0(0B) LOS objects, 49% free, 5379KB/10MB, paused 12.923ms,39.271ms total 312.288ms
03-27 12:19:24.764 10234 10234 V BaseDepthController: Applying blur: 0 to Surface(name=VRI-com.google.android.apps.nexuslauncher/com.google.android.apps.nexuslauncher.NexusLauncherActivity#487)/@0x92bf525 applyImmediately: false
03-27 12:19:24.767 10234 10234 D BaseDepthController: shouldBlurWorkspace: false targetState: Normal currentStableState: Normal mCurrentBlur: 0 mLauncher.getDepthBlurTargets(): [com.android.launcher3.Workspace{c06d6fa V.ED..... ........ 0,0-1080,2424 #7f0a047d app:id/workspace}, com.android.launcher3.Hotseat{3c5e4ab V.ED..... ........ 0,1929-1080,2424 #7f0a01f1 app:id/hotseat}]
03-27 12:19:24.788 10234 10234 V BaseDepthController: Applying blur: 0 to Surface(name=VRI-com.google.android.apps.nexuslauncher/com.google.android.apps.nexuslauncher.NexusLauncherActivity#487)/@0x92bf525 applyImmediately: false
03-27 12:19:24.790 10234 10234 D BaseDepthController: shouldBlurWorkspace: false targetState: Normal currentStableState: Normal mCurrentBlur: 0 mLauncher.getDepthBlurTargets(): [com.android.launcher3.Workspace{c06d6fa V.ED..... ........ 0,0-1080,2424 #7f0a047d app:id/workspace}, com.android.launcher3.Hotseat{3c5e4ab V.ED..... ........ 0,1929-1080,2424 #7f0a01f1 app:id/hotseat}]
03-27 12:19:24.791 10234 10240 W System  : A resource failed to call release. 
03-27 12:19:24.791 10234 10240 W System  : A resource failed to call release. 
03-27 12:19:24.791 10234 10240 W System  : A resource failed to call release. 
03-27 12:19:24.791   506   582 W skia    : AGTM parsing failed flags.readFromStream(s) at 159
03-27 12:19:24.792   506   582 W skia    : AGTM parsing failed flags.readFromStream(s) at 159
03-27 12:19:24.792   506   582 W skia    : AGTM parsing failed flags.readFromStream(s) at 159
03-27 12:19:24.813 10234 10234 V BaseDepthController: Applying blur: 0 to Surface(name=VRI-com.google.android.apps.nexuslauncher/com.google.android.apps.nexuslauncher.NexusLauncherActivity#487)/@0x92bf525 applyImmediately: false
03-27 12:19:24.813 10234 10234 D BaseDepthController: shouldBlurWorkspace: false targetState: Normal currentStableState: Normal mCurrentBlur: 0 mLauncher.getDepthBlurTargets(): [com.android.launcher3.Workspace{c06d6fa V.ED..... ........ 0,0-1080,2424 #7f0a047d app:id/workspace}, com.android.launcher3.Hotseat{3c5e4ab V.ED..... ........ 0,1929-1080,2424 #7f0a01f1 app:id/hotseat}]
03-27 12:19:24.869 10234 10234 V BaseDepthController: Applying blur: 0 to Surface(name=VRI-com.google.android.apps.nexuslauncher/com.google.android.apps.nexuslauncher.NexusLauncherActivity#487)/@0x92bf525 applyImmediately: false
03-27 12:19:24.870 10234 10234 D BaseDepthController: shouldBlurWorkspace: false targetState: Normal currentStableState: Normal mCurrentBlur: 0 mLauncher.getDepthBlurTargets(): [com.android.launcher3.Workspace{c06d6fa V.ED..... ........ 0,0-1080,2424 #7f0a047d app:id/workspace}, com.android.launcher3.Hotseat{3c5e4ab V.ED..... ........ 0,1929-1080,2424 #7f0a01f1 app:id/hotseat}]
03-27 12:19:24.894   506   582 W skia    : AGTM parsing failed flags.readFromStream(s) at 159
03-27 12:19:24.895   506   582 W skia    : AGTM parsing failed flags.readFromStream(s) at 159
03-27 12:19:24.895   506   582 W skia    : AGTM parsing failed flags.readFromStream(s) at 159
03-27 12:19:24.904 10234 10234 V BaseDepthController: Applying blur: 0 to Surface(name=VRI-com.google.android.apps.nexuslauncher/com.google.android.apps.nexuslauncher.NexusLauncherActivity#487)/@0x92bf525 applyImmediately: false
03-27 12:19:24.904 10234 10234 D BaseDepthController: shouldBlurWorkspace: false targetState: Normal currentStableState: Normal mCurrentBlur: 0 mLauncher.getDepthBlurTargets(): [com.android.launcher3.Workspace{c06d6fa V.ED..... ........ 0,0-1080,2424 #7f0a047d app:id/workspace}, com.android.launcher3.Hotseat{3c5e4ab V.ED..... ........ 0,1929-1080,2424 #7f0a01f1 app:id/hotseat}]
03-27 12:19:24.988 10234 10234 V BaseDepthController: Applying blur: 0 to Surface(name=VRI-com.google.android.apps.nexuslauncher/com.google.android.apps.nexuslauncher.NexusLauncherActivity#487)/@0x92bf525 applyImmediately: false
03-27 12:19:24.988 10234 10234 D BaseDepthController: setEarlyWakeup: false
03-27 12:19:24.988 10234 10234 D BaseDepthController: shouldBlurWorkspace: false targetState: Normal currentStableState: Normal mCurrentBlur: 0 mLauncher.getDepthBlurTargets(): [com.android.launcher3.Workspace{c06d6fa V.ED..... ........ 0,0-1080,2424 #7f0a047d app:id/workspace}, com.android.launcher3.Hotseat{3c5e4ab V.ED..... ........ 0,1929-1080,2424 #7f0a01f1 app:id/hotseat}]
03-27 12:19:25.015   506   582 W skia    : AGTM parsing failed flags.readFromStream(s) at 159
03-27 12:19:25.015   506   582 W skia    : AGTM parsing failed flags.readFromStream(s) at 159
03-27 12:19:25.015   506   582 W skia    : AGTM parsing failed flags.readFromStream(s) at 159
03-27 12:19:25.056   679   711 W Looper  : Drained
03-27 12:19:25.144   506   582 W skia    : AGTM parsing failed flags.readFromStream(s) at 159
03-27 12:19:25.145   506   582 W skia    : AGTM parsing failed flags.readFromStream(s) at 159
03-27 12:19:25.145   506   582 W skia    : AGTM parsing failed flags.readFromStream(s) at 159
03-27 12:19:25.157 10234 10234 D ScalingWorkspaceRevealAnim: onAnimationEnd, workspace and hotseat are visible
03-27 12:19:25.159 10234 10234 V BaseDepthController: Applying blur: 0 to Surface(name=VRI-com.google.android.apps.nexuslauncher/com.google.android.apps.nexuslauncher.NexusLauncherActivity#487)/@0x92bf525 applyImmediately: false
03-27 12:19:25.160 10234 10234 D BaseDepthController: shouldBlurWorkspace: false targetState: Normal currentStableState: Normal mCurrentBlur: 0 mLauncher.getDepthBlurTargets(): [com.android.launcher3.Workspace{c06d6fa V.ED..... ......ID 0,0-1080,2424 #7f0a047d app:id/workspace}, com.android.launcher3.Hotseat{3c5e4ab V.ED..... ......ID 0,1929-1080,2424 #7f0a01f1 app:id/hotseat}]
03-27 12:19:25.161  1170  7393 V WindowManagerShell: Received remote transition finished callback for (#74)
03-27 12:19:25.162  1170  1244 V WindowManagerShell: Transition animation finished (aborted=false), notifying core (#74) android.os.BinderProxy@865545b@0
03-27 12:19:25.174   679   710 V WindowManager: Finish Transition (#74): created at 03-27 12:19:23.658 collect-started=0.094ms request-sent=1.54ms started=19.636ms ready=50.715ms sent=417.262ms commit=68.248ms finished=1514.098ms
03-27 12:19:25.181 18559 18559 D VRI[MainActivity]: visibilityChanged oldVisibility=true newVisibility=false
03-27 12:19:25.195  1170  1244 V WindowManagerShell: Track 0 became idle
03-27 12:19:25.195  1170  1244 V WindowManagerShell: All active transition animations finished
03-27 12:19:25.249 18559 18602 I ReactNativeJNI: Memory warning (pressure level: TRIM_MEMORY_BACKGROUND) received by JS VM, running a GC
03-27 12:19:25.277   506   582 W skia    : AGTM parsing failed flags.readFromStream(s) at 159
03-27 12:19:25.279   506   582 W skia    : AGTM parsing failed flags.readFromStream(s) at 159
03-27 12:19:25.279   506   582 W skia    : AGTM parsing failed flags.readFromStream(s) at 159
03-27 12:19:25.280  1170  1244 V RecentTasksController: generateList(getRecentTasks)
03-27 12:19:25.280  1170  1244 V RecentTasksController: initializeDesksMap - allDeskIds: []
03-27 12:19:25.280  1170  1244 V RecentTasksController: Task 14 is not an active desktop task
03-27 12:19:25.280  1170  1244 V RecentTasksController: Added fullscreen task: 14
03-27 12:19:25.280  1170  1244 V RecentTasksController: generateList - complete
03-27 12:19:25.347 18559 18559 E unknown:ReactNative: Tried to remove non-existent frame callback
03-27 12:19:25.348   679  1147 I Surface : Creating surface for consumer unnamed-679-13 with slotExpansion=1 for 64 slots
03-27 12:19:25.348   679  1147 I Surface : Creating surface for consumer ImageReader-864x1939f1m1-679-6 with slotExpansion=1 for 64 slots
03-27 12:19:25.349   679  1147 W ImageReader_JNI: Unable to acquire a buffer item, very likely client tried to acquire more than maxImages buffers
03-27 12:19:25.353 18559 18559 D WindowOnBackDispatcher: setTopOnBackInvokedCallback (unwrapped): null
03-27 12:19:25.363 18559 18559 D ViewRootImpl: Skipping stats log for color mode
03-27 12:19:25.390   679  2164 W WindowManager: Failed looking up window session=Session{2b15027 18559:u0a10231} callers=com.android.server.wm.WindowManagerService.windowForClient:6855 com.android.server.wm.Session.setOnBackInvokedCallbackInfo:1022 android.view.IWindowSession$Stub.onTransact:1135 
03-27 12:19:25.390   679  2164 I WindowManager: setOnBackInvokedCallback(): No window state for package:co.ke.roadready.provider
03-27 12:19:25.429 10234 10234 D RecentsView: onTaskRemoved: 14, not handling task stack changes
03-27 12:19:25.435 10234 10234 D RecentsView: onTaskRemoved: 14, not handling task stack changes
03-27 12:19:25.440  1170  1244 V ShellTaskOrganizer: Task vanished taskId=14
03-27 12:19:25.440  1170  1244 V ShellTaskOrganizer: Fullscreen Task Vanished: #14
03-27 12:19:25.440  1170  1244 V ShellDesktopMode: Task Vanished: #14 closed=true
03-27 12:19:25.441  1170  1244 V RecentTasksController: Notify recent tasks changed
03-27 12:19:25.441  1170  1244 D ShellDesktopMode: AppToWebRepository: Task 14 is vanishing. Removing task data from repository
03-27 12:19:25.444 10234 10234 D RecentTasksList: invalidateLoadedTasks - previous requestLoadId: -1
03-27 12:19:25.446  1170  1244 V AppCompat: SingleSurfaceLetterboxController: []
03-27 12:19:25.446  1170  1244 V AppCompat: MultiSurfaceLetterboxController: []
03-27 12:19:25.446  1170  1244 V AppCompat: LetterboxInputController: []
03-27 12:19:25.446  1170  1244 V AppCompat: RoundedCornersLetterboxController: {}
03-27 12:19:25.448   506   582 W skia    : AGTM parsing failed flags.readFromStream(s) at 159
03-27 12:19:25.449   506   582 W skia    : AGTM parsing failed flags.readFromStream(s) at 159
03-27 12:19:25.449   506   582 W skia    : AGTM parsing failed flags.readFromStream(s) at 159
03-27 12:19:25.560   506   582 W skia    : AGTM parsing failed flags.readFromStream(s) at 159
03-27 12:19:25.560   506   582 W skia    : AGTM parsing failed flags.readFromStream(s) at 159
03-27 12:19:25.560   506   582 W skia    : AGTM parsing failed flags.readFromStream(s) at 159
03-27 12:19:25.572   679  1147 E ConsumerBase: [ImageReader-864x1939f1m1-679-6] abandonLocked: ConsumerBase is abandoned!
03-27 12:19:25.660   506   582 W skia    : AGTM parsing failed flags.readFromStream(s) at 159
03-27 12:19:25.660   506   582 W skia    : AGTM parsing failed flags.readFromStream(s) at 159
03-27 12:19:25.660   506   582 W skia    : AGTM parsing failed flags.readFromStream(s) at 159
03-27 12:19:25.760   506   582 W skia    : AGTM parsing failed flags.readFromStream(s) at 159
03-27 12:19:25.760   506   582 W skia    : AGTM parsing failed flags.readFromStream(s) at 159
03-27 12:19:25.760   506   582 W skia    : AGTM parsing failed flags.readFromStream(s) at 159
03-27 12:19:25.861   506   582 W skia    : AGTM parsing failed flags.readFromStream(s) at 159
03-27 12:19:25.862   506   582 W skia    : AGTM parsing failed flags.readFromStream(s) at 159
03-27 12:19:25.862   506   582 W skia    : AGTM parsing failed flags.readFromStream(s) at 159
03-27 12:19:25.995   506   582 W skia    : AGTM parsing failed flags.readFromStream(s) at 159
03-27 12:19:25.995   506   582 W skia    : AGTM parsing failed flags.readFromStream(s) at 159
03-27 12:19:25.995   506   582 W skia    : AGTM parsing failed flags.readFromStream(s) at 159
03-27 12:19:26.128   506   582 W skia    : AGTM parsing failed flags.readFromStream(s) at 159
03-27 12:19:26.128   506   582 W skia    : AGTM parsing failed flags.readFromStream(s) at 159
03-27 12:19:26.129   506   582 W skia    : AGTM parsing failed flags.readFromStream(s) at 159
03-27 12:19:26.241   506   582 W skia    : AGTM parsing failed flags.readFromStream(s) at 159
03-27 12:19:26.242   506   582 W skia    : AGTM parsing failed flags.readFromStream(s) at 159
03-27 12:19:26.242   506   582 W skia    : AGTM parsing failed flags.readFromStream(s) at 159
03-27 12:19:26.852 18559 18615 D ProfileInstaller: Installing profile for co.ke.roadready.provider
03-27 12:19:28.043   506   582 W skia    : AGTM parsing failed flags.readFromStream(s) at 159
03-27 12:19:28.044   506   582 W skia    : AGTM parsing failed flags.readFromStream(s) at 159
03-27 12:19:28.044   506   582 W skia    : AGTM parsing failed flags.readFromStream(s) at 159
03-27 12:19:28.056   679   711 D WindowOnBackDispatcher: setTopOnBackInvokedCallback (unwrapped): null
03-27 12:19:28.056   679   711 D CoreBackPreview: Window{30acd7 u0 Application Error: co.ke.roadready.provider}: Setting back callback null
03-27 12:19:28.061   679  1896 I ActivityManager: Killing 18559:co.ke.roadready.provider/u0a231 (adj 900): crash
03-27 12:19:28.067   679   799 W AS.PlaybackActivityMon: No piid assigned for invalid/internal port id 15
03-27 12:19:28.068   679  2166 W AS.PlaybackActivityMon: No piid assigned for invalid/internal port id 15
03-27 12:19:28.072   679 12141 D HWUI    : endAllActiveAnimators on 0x708632898600 (RippleDrawable) with handle 0x7085629c0b70
03-27 12:19:28.081   679  1896 W libbinder.Binder: Binder transaction to android.app.IActivityManager, function: UNKNOWN_FUNCTION_NAME, code: 16, took 4428ms. Data bytes: 4332 Reply bytes: 4 Flags: 18
03-27 12:19:28.114   679  1075 D InetDiagMessage: Destroyed 0 sockets, proto=IPPROTO_TCP, family=AF_INET, states=14
03-27 12:19:28.115   679  1075 D InetDiagMessage: Destroyed 0 sockets, proto=IPPROTO_TCP, family=AF_INET6, states=14
03-27 12:19:28.117   679  1075 D InetDiagMessage: Destroyed live tcp sockets for uids={10231} in 6ms
03-27 12:19:28.119   679  1075 D InetDiagMessage: Destroyed 0 sockets, proto=IPPROTO_TCP, family=AF_INET, states=14
03-27 12:19:28.122   679  1075 D InetDiagMessage: Destroyed 0 sockets, proto=IPPROTO_TCP, family=AF_INET6, states=14
03-27 12:19:28.122   679  1075 D InetDiagMessage: Destroyed live tcp sockets for uids={20231} in 4ms
03-27 12:19:28.126   461   461 I Zygote  : Process 18559 exited due to signal 9 (Killed)
03-27 12:19:28.128   679  1506 D SensorService: Unregistering client listener for PID 18559
03-27 12:19:28.128   679  1075 D ConnectivityService: releasing NetworkRequest [ REQUEST id=290, [ Capabilities: INTERNET&NOT_RESTRICTED&TRUSTED&NOT_VCN_MANAGED&NOT_BANDWIDTH_CONSTRAINED Uid: 10231 RequestorUid: 10231 RequestorPkg: co.ke.roadready.provider UnderlyingNetworks: Null] ] (release request)
03-27 12:19:28.130   679  2164 V ActivityManager: Got obituary of 18559:co.ke.roadready.provider
03-27 12:19:28.134   679   721 I libprocessgroup: Removed cgroup /sys/fs/cgroup/apps/uid_10231/pid_18559
03-27 12:19:28.135   679   713 W ActivityManager: setHasOverlayUi called on unknown pid: 18559
03-27 12:19:28.161   506   582 W skia    : AGTM parsing failed flags.readFromStream(s) at 159
03-27 12:19:28.161   506   582 W skia    : AGTM parsing failed flags.readFromStream(s) at 159
03-27 12:19:28.161   506   582 W skia    : AGTM parsing failed flags.readFromStream(s) at 159
03-27 12:19:28.246   500   594 I APM_AudioPolicyManager: getNewOutputDevices io 13 recent device override {AUDIO_DEVICE_OUT_SPEAKER, @:}
03-27 12:19:28.263   506   582 W skia    : AGTM parsing failed flags.readFromStream(s) at 159
03-27 12:19:28.263   506   582 W skia    : AGTM parsing failed flags.readFromStream(s) at 159
03-27 12:19:28.263   506   582 W skia    : AGTM parsing failed flags.readFromStream(s) at 159
03-27 12:19:28.365   506   582 W skia    : AGTM parsing failed flags.readFromStream(s) at 159
03-27 12:19:28.365   506   582 W skia    : AGTM parsing failed flags.readFromStream(s) at 159
03-27 12:19:28.366   506   582 W skia    : AGTM parsing failed flags.readFromStream(s) at 159
03-27 12:19:28.408   679  4829 E TaskPersister: File error accessing recents directory (directory doesn't exist?).
03-27 12:19:29.456   679   719 I ActivityManager: Test idle passed
03-27 12:19:29.461   464 18616 D android.hardware.audio@7.1-impl.ranchu: 544 frames of silence written
03-27 12:19:29.461   464 18616 D android.hardware.audio@7.1-impl.ranchu: 544 frames of silence written
03-27 12:19:29.785 11370 18403 I artd    : GetBestInfo: odex in dalvik-cache (/data/dalvik-cache/x86_64/apex@com.google.android.gmssystem@priv-app@PrebuiltGmsCoreVic@CP21.260306.017.A1@PrebuiltGmsCoreVic.apk@classes.dex) is kOatUpToDate with filter 'verify' executable 'false'
03-27 12:19:29.788 11370 18403 I artd    : GetBestInfo: /data/user_de/0/com.google.android.gms/app_chimera/m/00000001/CronetDynamite.apk has no usable artifacts
03-27 12:19:29.793 11370 18403 I artd    : GetBestInfo: /data/user_de/0/com.google.android.gms/app_chimera/m/00000002/DynamiteLoader.apk has no usable artifacts
03-27 12:19:29.795 11370 18403 I artd    : GetBestInfo: /data/user_de/0/com.google.android.gms/app_chimera/m/00000005/GoogleCertificates.apk has no usable artifacts
03-27 12:19:29.798 11370 18403 I artd    : GetBestInfo: /data/user_de/0/com.google.android.gms/app_chimera/m/00000007/MeasurementDynamite.apk has no usable artifacts
03-27 12:19:29.872   679   699 I system_server: Background concurrent mark compact GC freed 13MB AllocSpace bytes, 8(256KB) LOS objects, 44% free, 30MB/54MB, paused 4.438ms,70.291ms total 405.946ms
03-27 12:19:31.137   464 11323 D android.hardware.audio@7.1-impl.ranchu: threadLoop: entering standby, frames: 1271872
03-27 12:19:31.137   464 11323 D android.hardware.audio@7.1-impl.ranchu: ~TinyalsaSink: joining consumeThread
03-27 12:19:31.139   464 18616 D android.hardware.audio@7.1-impl.ranchu: consumeThread: exiting
03-27 12:19:31.140   464 11323 D android.hardware.audio@7.1-impl.ranchu: ~TinyalsaSink: stopping PCM stream
03-27 12:19:31.420  1638  1705 D SatelliteController: isInCarrierRoamingNbIotNtn: satellite is disabled
03-27 12:19:31.420  1638  1705 D SatelliteController: getCarrierRoamingNtnConnectType: Checking connect type from PLMN config for subId: 1
03-27 12:19:31.427  1638  1705 D SatelliteController: getSatellitePerPlmnConfiguration: invalid subId or not supported via carrier.
03-27 12:19:31.427  1638  1705 D SatelliteController: getCarrierRoamingNtnConnectType: config: null
03-27 12:19:31.428  1638  1705 D SatelliteController: getCarrierRoamingNtnConnectType: Falling back to global carrier config connect type: 0
03-27 12:19:31.428  1638  1705 D SatelliteController: updateLastNotifiedCarrierRoamingNtnSignalStrengthAndNotify(1)
03-27 12:19:31.428  1638  1705 D SatelliteController: updateLastNotifiedCarrierRoamingNtnSignalStrengthAndNotify(1) lastNotifiedSignalStrength level: 0
03-27 12:19:31.428  1638  1705 D SatelliteController: updateLastNotifiedCarrierRoamingNtnSignalStrengthAndNotify(1) currSignalStrength level: 0
03-27 12:19:31.662   679   823 D ActivityManager: freezing 17746 com.google.android.gms
03-27 12:19:33.991   679   823 D ActivityManager: freezing 18067 com.google.android.permissioncontroller
03-27 12:19:33.996   679  1075 D InetDiagMessage: Destroyed 0 sockets, proto=IPPROTO_TCP, family=AF_INET, states=14
03-27 12:19:33.997   679  1075 D InetDiagMessage: Destroyed 0 sockets, proto=IPPROTO_TCP, family=AF_INET6, states=14
03-27 12:19:33.997   679  1075 D InetDiagMessage: Destroyed live tcp sockets for uids={10223} in 2ms
03-27 12:19:34.464   679   719 I ActivityManager: Test idle passed
03-27 12:19:34.674  1170  1181 W System  : A resource failed to call release. 
03-27 12:19:34.674  1170  1181 W System  : A resource failed to call release. 
03-27 12:19:34.679  1170  1181 W System  : A resource failed to call release. 
03-27 12:19:34.679  1170  1181 W System  : A resource failed to call release. 
03-27 12:19:34.679  1170  1181 W System  : A resource failed to call release. 
03-27 12:19:34.680  1170  1181 W System  : A resource failed to call release. 
03-27 12:19:34.680  1170  1181 W System  : A resource failed to call release. 
03-27 12:19:34.680  1170  1181 W System  : A resource failed to call release. 
03-27 12:19:34.680  1170  1181 W System  : A resource failed to call release. 
03-27 12:19:34.692   506   582 W skia    : AGTM parsing failed flags.readFromStream(s) at 159
03-27 12:19:34.692   506   582 W skia    : AGTM parsing failed flags.readFromStream(s) at 159
03-27 12:19:34.693   506   582 W skia    : AGTM parsing failed flags.readFromStream(s) at 159
03-27 12:19:39.475   679   719 I ActivityManager: Test idle passed
03-27 12:19:39.591  1256  1267 W rkstack.process: Reducing the number of considered missed Gc histogram windows from 433 to 100
03-27 12:19:39.603 11370 18403 I artd    : GetBestInfo: odex in dalvik-cache (/data/dalvik-cache/x86_64/apex@com.google.android.gmssystem@priv-app@PrebuiltGmsCoreVic@CP21.260306.017.A1@PrebuiltGmsCoreVic.apk@classes.dex) is kOatUpToDate with filter 'verify' executable 'false'
03-27 12:19:39.605 11370 18403 I artd    : GetBestInfo: /data/user_de/0/com.google.android.gms/app_chimera/m/00000001/CronetDynamite.apk has no usable artifacts
03-27 12:19:39.607 11370 18403 I artd    : GetBestInfo: /data/user_de/0/com.google.android.gms/app_chimera/m/00000002/DynamiteLoader.apk has no usable artifacts
03-27 12:19:39.609 11370 18403 I artd    : GetBestInfo: /data/user_de/0/com.google.android.gms/app_chimera/m/00000005/GoogleCertificates.apk has no usable artifacts
03-27 12:19:39.612 11370 18403 I artd    : GetBestInfo: /data/user_de/0/com.google.android.gms/app_chimera/m/00000007/MeasurementDynamite.apk has no usable artifacts
03-27 12:19:41.421  1638  1705 D SatelliteController: isInCarrierRoamingNbIotNtn: satellite is disabled
03-27 12:19:41.421  1638  1705 D SatelliteController: getCarrierRoamingNtnConnectType: Checking connect type from PLMN config for subId: 1
03-27 12:19:41.423  1638  1705 D SatelliteController: getSatellitePerPlmnConfiguration: invalid subId or not supported via carrier.
03-27 12:19:41.423  1638  1705 D SatelliteController: getCarrierRoamingNtnConnectType: config: null
03-27 12:19:41.425  1638  1705 D SatelliteController: getCarrierRoamingNtnConnectType: Falling back to global carrier config connect type: 0
03-27 12:19:41.427  1638  1705 D SatelliteController: updateLastNotifiedCarrierRoamingNtnSignalStrengthAndNotify(1)
03-27 12:19:41.427  1638  1705 D SatelliteController: updateLastNotifiedCarrierRoamingNtnSignalStrengthAndNotify(1) lastNotifiedSignalStrength level: 0
03-27 12:19:41.427  1638  1705 D SatelliteController: updateLastNotifiedCarrierRoamingNtnSignalStrengthAndNotify(1) currSignalStrength level: 0
03-27 12:19:43.915   679   823 D ActivityManager: freezing 17828 com.google.android.apps.wellbeing
03-27 12:19:43.922   679  1075 D InetDiagMessage: Destroyed 0 sockets, proto=IPPROTO_TCP, family=AF_INET, states=14
03-27 12:19:43.924   679  1075 D InetDiagMessage: Destroyed 0 sockets, proto=IPPROTO_TCP, family=AF_INET6, states=14
03-27 12:19:43.924   679  1075 D InetDiagMessage: Destroyed live tcp sockets for uids={10160} in 3ms
03-27 12:19:44.488   679   719 I ActivityManager: Test idle passed
03-27 12:19:44.531  1342  1349 W com.android.se: Reducing the number of considered missed Gc histogram windows from 434 to 100
03-27 12:19:49.491   679   719 I ActivityManager: Test idle passed
03-27 12:19:49.702 11370 18403 I artd    : GetBestInfo: odex in dalvik-cache (/data/dalvik-cache/x86_64/apex@com.google.android.gmssystem@priv-app@PrebuiltGmsCoreVic@CP21.260306.017.A1@PrebuiltGmsCoreVic.apk@classes.dex) is kOatUpToDate with filter 'verify' executable 'false'
03-27 12:19:49.704 11370 18403 I artd    : GetBestInfo: /data/user_de/0/com.google.android.gms/app_chimera/m/00000001/CronetDynamite.apk has no usable artifacts
03-27 12:19:49.706 11370 18403 I artd    : GetBestInfo: /data/user_de/0/com.google.android.gms/app_chimera/m/00000002/DynamiteLoader.apk has no usable artifacts
03-27 12:19:49.708 11370 18403 I artd    : GetBestInfo: /data/user_de/0/com.google.android.gms/app_chimera/m/00000005/GoogleCertificates.apk has no usable artifacts
03-27 12:19:49.711 11370 18403 I artd    : GetBestInfo: /data/user_de/0/com.google.android.gms/app_chimera/m/00000007/MeasurementDynamite.apk has no usable artifacts
03-27 12:19:51.427  1638  1705 D SatelliteController: isInCarrierRoamingNbIotNtn: satellite is disabled
03-27 12:19:51.427  1638  1705 D SatelliteController: getCarrierRoamingNtnConnectType: Checking connect type from PLMN config for subId: 1
03-27 12:19:51.433  1638  1705 D SatelliteController: getSatellitePerPlmnConfiguration: invalid subId or not supported via carrier.
03-27 12:19:51.433  1638  1705 D SatelliteController: getCarrierRoamingNtnConnectType: config: null
03-27 12:19:51.435  1638  1705 D SatelliteController: getCarrierRoamingNtnConnectType: Falling back to global carrier config connect type: 0
03-27 12:19:51.444  1638  1705 D SatelliteController: updateLastNotifiedCarrierRoamingNtnSignalStrengthAndNotify(1)
03-27 12:19:51.444  1638  1705 D SatelliteController: updateLastNotifiedCarrierRoamingNtnSignalStrengthAndNotify(1) lastNotifiedSignalStrength level: 0
03-27 12:19:51.444  1638  1705 D SatelliteController: updateLastNotifiedCarrierRoamingNtnSignalStrengthAndNotify(1) currSignalStrength level: 0
03-27 12:19:54.500   679   719 I ActivityManager: Test idle passed
03-27 12:19:54.545  1837  1843 W or.multidisplay: Reducing the number of considered missed Gc histogram windows from 434 to 100
03-27 12:19:59.510   679   719 I ActivityManager: Test idle passed
03-27 12:19:59.652  6936  6957 I android.rkpdapp: Background concurrent mark compact GC freed 560KB AllocSpace bytes, 0(0B) LOS objects, 49% free, 1927KB/3855KB, paused 22.053ms,8.124ms total 127.371ms
03-27 12:19:59.652  6936  6957 W android.rkpdapp: Reducing the number of considered missed Gc histogram windows from 433 to 100
03-27 12:19:59.704 11370 11458 I artd    : GetBestInfo: odex in dalvik-cache (/data/dalvik-cache/x86_64/apex@com.google.android.gmssystem@priv-app@PrebuiltGmsCoreVic@CP21.260306.017.A1@PrebuiltGmsCoreVic.apk@classes.dex) is kOatUpToDate with filter 'verify' executable 'false'
03-27 12:19:59.706 11370 11458 I artd    : GetBestInfo: /data/user_de/0/com.google.android.gms/app_chimera/m/00000001/CronetDynamite.apk has no usable artifacts
03-27 12:19:59.708 11370 11458 I artd    : GetBestInfo: /data/user_de/0/com.google.android.gms/app_chimera/m/00000002/DynamiteLoader.apk has no usable artifacts
03-27 12:19:59.709 11370 11458 I artd    : GetBestInfo: /data/user_de/0/com.google.android.gms/app_chimera/m/00000005/GoogleCertificates.apk has no usable artifacts
03-27 12:19:59.713 11370 11458 I artd    : GetBestInfo: /data/user_de/0/com.google.android.gms/app_chimera/m/00000007/MeasurementDynamite.apk has no usable artifacts
03-27 12:20:01.423  1638  1705 D SatelliteController: isInCarrierRoamingNbIotNtn: satellite is disabled
03-27 12:20:01.423  1638  1705 D SatelliteController: getCarrierRoamingNtnConnectType: Checking connect type from PLMN config for subId: 1
03-27 12:20:01.426  1638  1705 D SatelliteController: getSatellitePerPlmnConfiguration: invalid subId or not supported via carrier.
03-27 12:20:01.426  1638  1705 D SatelliteController: getCarrierRoamingNtnConnectType: config: null
03-27 12:20:01.429  1638  1705 D SatelliteController: getCarrierRoamingNtnConnectType: Falling back to global carrier config connect type: 0
03-27 12:20:01.431  1638  1705 D SatelliteController: updateLastNotifiedCarrierRoamingNtnSignalStrengthAndNotify(1)
03-27 12:20:01.431  1638  1705 D SatelliteController: updateLastNotifiedCarrierRoamingNtnSignalStrengthAndNotify(1) lastNotifiedSignalStrength level: 0
03-27 12:20:01.431  1638  1705 D SatelliteController: updateLastNotifiedCarrierRoamingNtnSignalStrengthAndNotify(1) currSignalStrength level: 0
03-27 12:20:04.512   679   719 I ActivityManager: Test idle passed
03-27 12:20:05.168   679  2063 I AppSearchIcing: icing-search-engine.cc:2487: Persisting data to disk with mode 3
03-27 12:20:05.180   679  2063 I AppSearchIcing: icing-search-engine.cc:2502: PersistToDisk completed.
03-27 12:20:09.525   679   719 I ActivityManager: Test idle passed
03-27 12:20:09.836 11370 18403 I artd    : GetBestInfo: odex in dalvik-cache (/data/dalvik-cache/x86_64/apex@com.google.android.gmssystem@priv-app@PrebuiltGmsCoreVic@CP21.260306.017.A1@PrebuiltGmsCoreVic.apk@classes.dex) is kOatUpToDate with filter 'verify' executable 'false'
03-27 12:20:09.837 11370 18403 I artd    : GetBestInfo: /data/user_de/0/com.google.android.gms/app_chimera/m/00000001/CronetDynamite.apk has no usable artifacts
03-27 12:20:09.840 11370 18403 I artd    : GetBestInfo: /data/user_de/0/com.google.android.gms/app_chimera/m/00000002/DynamiteLoader.apk has no usable artifacts
03-27 12:20:09.843 11370 18403 I artd    : GetBestInfo: /data/user_de/0/com.google.android.gms/app_chimera/m/00000005/GoogleCertificates.apk has no usable artifacts
03-27 12:20:09.852 11370 18403 I artd    : GetBestInfo: /data/user_de/0/com.google.android.gms/app_chimera/m/00000007/MeasurementDynamite.apk has no usable artifacts
03-27 12:20:11.422  1638  1705 D SatelliteController: isInCarrierRoamingNbIotNtn: satellite is disabled
03-27 12:20:11.422  1638  1705 D SatelliteController: getCarrierRoamingNtnConnectType: Checking connect type from PLMN config for subId: 1
03-27 12:20:11.424  1638  1705 D SatelliteController: getSatellitePerPlmnConfiguration: invalid subId or not supported via carrier.
03-27 12:20:11.424  1638  1705 D SatelliteController: getCarrierRoamingNtnConnectType: config: null
03-27 12:20:11.425  1638  1705 D SatelliteController: getCarrierRoamingNtnConnectType: Falling back to global carrier config connect type: 0
03-27 12:20:11.427  1638  1705 D SatelliteController: updateLastNotifiedCarrierRoamingNtnSignalStrengthAndNotify(1)
03-27 12:20:11.428  1638  1705 D SatelliteController: updateLastNotifiedCarrierRoamingNtnSignalStrengthAndNotify(1) lastNotifiedSignalStrength level: 0
03-27 12:20:11.428  1638  1705 D SatelliteController: updateLastNotifiedCarrierRoamingNtnSignalStrengthAndNotify(1) currSignalStrength level: 0
03-27 12:20:13.977  9581  9641 I AiAiTranslate: C2T - not in a conversation
03-27 12:20:13.979  1170  1170 I ClipboardListener: Clipboard overlay suppressed.
03-27 12:20:14.531   679   719 I ActivityManager: Test idle passed
03-27 12:20:14.634  9581  9641 I AiAiTranslate: C2T - not in a conversation
03-27 12:20:14.644  9581  9641 I AiAiTranslate: C2T - not in a conversation
03-27 12:20:14.646  1170  1170 I ClipboardListener: Clipboard overlay suppressed.
03-27 12:20:14.658  1170  1170 I ClipboardListener: Clipboard overlay suppressed.
03-27 12:20:14.668  1170  1170 I ClipboardListener: Clipboard overlay suppressed.
03-27 12:20:17.079  9581  9641 I AiAiTranslate: C2T - not in a conversation
03-27 12:20:17.093  1170  1170 I ClipboardListener: Clipboard overlay suppressed.
03-27 12:20:19.539   679   719 I ActivityManager: Test idle passed
03-27 12:20:19.656 11370 18403 I artd    : GetBestInfo: odex in dalvik-cache (/data/dalvik-cache/x86_64/apex@com.google.android.gmssystem@priv-app@PrebuiltGmsCoreVic@CP21.260306.017.A1@PrebuiltGmsCoreVic.apk@classes.dex) is kOatUpToDate with filter 'verify' executable 'false'
03-27 12:20:19.658 11370 18403 I artd    : GetBestInfo: /data/user_de/0/com.google.android.gms/app_chimera/m/00000001/CronetDynamite.apk has no usable artifacts
03-27 12:20:19.660 11370 18403 I artd    : GetBestInfo: /data/user_de/0/com.google.android.gms/app_chimera/m/00000002/DynamiteLoader.apk has no usable artifacts
03-27 12:20:19.661  1322  1332 W droid.bluetooth: Reducing the number of considered missed Gc histogram windows from 433 to 100
03-27 12:20:19.662 11370 18403 I artd    : GetBestInfo: /data/user_de/0/com.google.android.gms/app_chimera/m/00000005/GoogleCertificates.apk has no usable artifacts
03-27 12:20:19.664 11370 18403 I artd    : GetBestInfo: /data/user_de/0/com.google.android.gms/app_chimera/m/00000007/MeasurementDynamite.apk has no usable artifacts
03-27 12:20:21.426  1638  1705 D SatelliteController: isInCarrierRoamingNbIotNtn: satellite is disabled
03-27 12:20:21.426  1638  1705 D SatelliteController: getCarrierRoamingNtnConnectType: Checking connect type from PLMN config for subId: 1
03-27 12:20:21.428  1638  1705 D SatelliteController: getSatellitePerPlmnConfiguration: invalid subId or not supported via carrier.
03-27 12:20:21.429  1638  1705 D SatelliteController: getCarrierRoamingNtnConnectType: config: null
03-27 12:20:21.430  1638  1705 D SatelliteController: getCarrierRoamingNtnConnectType: Falling back to global carrier config connect type: 0
03-27 12:20:21.432  1638  1705 D SatelliteController: updateLastNotifiedCarrierRoamingNtnSignalStrengthAndNotify(1)
03-27 12:20:21.433  1638  1705 D SatelliteController: updateLastNotifiedCarrierRoamingNtnSignalStrengthAndNotify(1) lastNotifiedSignalStrength level: 0
03-27 12:20:21.433  1638  1705 D SatelliteController: updateLastNotifiedCarrierRoamingNtnSignalStrengthAndNotify(1) currSignalStrength level: 0
03-27 12:20:24.544   679   719 I ActivityManager: Test idle passed
03-27 12:20:24.578  1778  1788 W FuseDaemon: Reducing the number of considered missed Gc histogram windows from 433 to 100
03-27 12:20:29.553   679   719 I ActivityManager: Test idle passed
03-27 12:20:29.749 11370 11458 I artd    : GetBestInfo: odex in dalvik-cache (/data/dalvik-cache/x86_64/apex@com.google.android.gmssystem@priv-app@PrebuiltGmsCoreVic@CP21.260306.017.A1@PrebuiltGmsCoreVic.apk@classes.dex) is kOatUpToDate with filter 'verify' executable 'false'
03-27 12:20:29.751 11370 11458 I artd    : GetBestInfo: /data/user_de/0/com.google.android.gms/app_chimera/m/00000001/CronetDynamite.apk has no usable artifacts
03-27 12:20:29.753  6933  6944 W hbox:interactor: Reducing the number of considered missed Gc histogram windows from 435 to 100
03-27 12:20:29.754 11370 11458 I artd    : GetBestInfo: /data/user_de/0/com.google.android.gms/app_chimera/m/00000002/DynamiteLoader.apk has no usable artifacts
03-27 12:20:29.756 11370 11458 I artd    : GetBestInfo: /data/user_de/0/com.google.android.gms/app_chimera/m/00000005/GoogleCertificates.apk has no usable artifacts
03-27 12:20:29.760 11370 11458 I artd    : GetBestInfo: /data/user_de/0/com.google.android.gms/app_chimera/m/00000007/MeasurementDynamite.apk has no usable artifacts
03-27 12:20:31.425  1638  1705 D SatelliteController: isInCarrierRoamingNbIotNtn: satellite is disabled
03-27 12:20:31.425  1638  1705 D SatelliteController: getCarrierRoamingNtnConnectType: Checking connect type from PLMN config for subId: 1
03-27 12:20:31.427  1638  1705 D SatelliteController: getSatellitePerPlmnConfiguration: invalid subId or not supported via carrier.
03-27 12:20:31.427  1638  1705 D SatelliteController: getCarrierRoamingNtnConnectType: config: null
03-27 12:20:31.428  1638  1705 D SatelliteController: getCarrierRoamingNtnConnectType: Falling back to global carrier config connect type: 0
03-27 12:20:31.429  1638  1705 D SatelliteController: updateLastNotifiedCarrierRoamingNtnSignalStrengthAndNotify(1)
03-27 12:20:31.429  1638  1705 D SatelliteController: updateLastNotifiedCarrierRoamingNtnSignalStrengthAndNotify(1) lastNotifiedSignalStrength level: 0
03-27 12:20:31.429  1638  1705 D SatelliteController: updateLastNotifiedCarrierRoamingNtnSignalStrengthAndNotify(1) currSignalStrength level: 0
03-27 12:20:34.561   679   719 I ActivityManager: Test idle passed
03-27 12:20:39.569   679   719 I ActivityManager: Test idle passed
03-27 12:20:39.778 11370 11458 I artd    : GetBestInfo: odex in dalvik-cache (/data/dalvik-cache/x86_64/apex@com.google.android.gmssystem@priv-app@PrebuiltGmsCoreVic@CP21.260306.017.A1@PrebuiltGmsCoreVic.apk@classes.dex) is kOatUpToDate with filter 'verify' executable 'false'
03-27 12:20:39.781 11370 11458 I artd    : GetBestInfo: /data/user_de/0/com.google.android.gms/app_chimera/m/00000001/CronetDynamite.apk has no usable artifacts
03-27 12:20:39.783 11370 11458 I artd    : GetBestInfo: /data/user_de/0/com.google.android.gms/app_chimera/m/00000002/DynamiteLoader.apk has no usable artifacts
03-27 12:20:39.786 11370 11458 I artd    : GetBestInfo: /data/user_de/0/com.google.android.gms/app_chimera/m/00000005/GoogleCertificates.apk has no usable artifacts
03-27 12:20:39.792 11370 11458 I artd    : GetBestInfo: /data/user_de/0/com.google.android.gms/app_chimera/m/00000007/MeasurementDynamite.apk has no usable artifacts
03-27 12:20:41.433  1638  1705 D SatelliteController: isInCarrierRoamingNbIotNtn: satellite is disabled
03-27 12:20:41.433  1638  1705 D SatelliteController: getCarrierRoamingNtnConnectType: Checking connect type from PLMN config for subId: 1
03-27 12:20:41.437  1638  1705 D SatelliteController: getSatellitePerPlmnConfiguration: invalid subId or not supported via carrier.
03-27 12:20:41.437  1638  1705 D SatelliteController: getCarrierRoamingNtnConnectType: config: null
03-27 12:20:41.438  1638  1705 D SatelliteController: getCarrierRoamingNtnConnectType: Falling back to global carrier config connect type: 0
03-27 12:20:41.440  1638  1705 D SatelliteController: updateLastNotifiedCarrierRoamingNtnSignalStrengthAndNotify(1)
03-27 12:20:41.441  1638  1705 D SatelliteController: updateLastNotifiedCarrierRoamingNtnSignalStrengthAndNotify(1) lastNotifiedSignalStrength level: 0
03-27 12:20:41.441  1638  1705 D SatelliteController: updateLastNotifiedCarrierRoamingNtnSignalStrengthAndNotify(1) currSignalStrength level: 0
03-27 12:20:43.252  4292 18659 W infv    : [{0}] Failed to resolve name. status={1}
03-27 12:20:44.576   679   719 I ActivityManager: Test idle passed
03-27 12:20:49.536   679   699 I system_server: Background young concurrent mark compact GC freed 23MB AllocSpace bytes, 8(256KB) LOS objects, 43% free, 30MB/54MB, paused 21.524ms,55.690ms total 198.290ms
03-27 12:20:49.584   679   719 I ActivityManager: Test idle passed
03-27 12:20:49.708 10234 10238 I s.nexuslauncher: Background concurrent mark compact GC freed 512KB AllocSpace bytes, 0(0B) LOS objects, 49% free, 5219KB/10MB, paused 12.523ms,25.127ms total 114.619ms
03-27 12:20:49.719 10234 10240 W System  : A resource failed to call release. 
03-27 12:20:49.719 10234 10240 W System  : A resource failed to call release. 
03-27 12:20:49.720 10234 10240 W System  : A resource failed to call release. 
03-27 12:20:49.753   506   582 W skia    : AGTM parsing failed flags.readFromStream(s) at 159
03-27 12:20:49.753   506   582 W skia    : AGTM parsing failed flags.readFromStream(s) at 159
03-27 12:20:49.755   506   582 W skia    : AGTM parsing failed flags.readFromStream(s) at 159
03-27 12:20:49.813 11370 11458 I artd    : GetBestInfo: odex in dalvik-cache (/data/dalvik-cache/x86_64/apex@com.google.android.gmssystem@priv-app@PrebuiltGmsCoreVic@CP21.260306.017.A1@PrebuiltGmsCoreVic.apk@classes.dex) is kOatUpToDate with filter 'verify' executable 'false'
03-27 12:20:49.815 11370 11458 I artd    : GetBestInfo: /data/user_de/0/com.google.android.gms/app_chimera/m/00000001/CronetDynamite.apk has no usable artifacts
03-27 12:20:49.816 11370 11458 I artd    : GetBestInfo: /data/user_de/0/com.google.android.gms/app_chimera/m/00000002/DynamiteLoader.apk has no usable artifacts
03-27 12:20:49.818 11370 11458 I artd    : GetBestInfo: /data/user_de/0/com.google.android.gms/app_chimera/m/00000005/GoogleCertificates.apk has no usable artifacts
03-27 12:20:49.820 11370 11458 I artd    : GetBestInfo: /data/user_de/0/com.google.android.gms/app_chimera/m/00000007/MeasurementDynamite.apk has no usable artifacts
03-27 12:20:51.438  1638  1705 D SatelliteController: isInCarrierRoamingNbIotNtn: satellite is disabled
03-27 12:20:51.448  1638  1705 D SatelliteController: getCarrierRoamingNtnConnectType: Checking connect type from PLMN config for subId: 1
03-27 12:20:51.455  1638  1705 D SatelliteController: getSatellitePerPlmnConfiguration: invalid subId or not supported via carrier.
03-27 12:20:51.456  1638  1705 D SatelliteController: getCarrierRoamingNtnConnectType: config: null
03-27 12:20:51.458  1638  1705 D SatelliteController: getCarrierRoamingNtnConnectType: Falling back to global carrier config connect type: 0
03-27 12:20:51.462  1638  1705 D SatelliteController: updateLastNotifiedCarrierRoamingNtnSignalStrengthAndNotify(1)
03-27 12:20:51.462  1638  1705 D SatelliteController: updateLastNotifiedCarrierRoamingNtnSignalStrengthAndNotify(1) lastNotifiedSignalStrength level: 0
03-27 12:20:51.462  1638  1705 D SatelliteController: updateLastNotifiedCarrierRoamingNtnSignalStrengthAndNotify(1) currSignalStrength level: 0
