03-27 12:20:59.750 11370 11458 I artd    : GetBestInfo: odex in dalvik-cache (/data/dalvik-cache/x86_64/apex@com.google.android.gmssystem@priv-app@PrebuiltGmsCoreVic@CP21.260306.017.A1@PrebuiltGmsCoreVic.apk@classes.dex) is kOatUpToDate with filter 'verify' executable 'false'
03-27 12:20:59.752 11370 11458 I artd    : GetBestInfo: /data/user_de/0/com.google.android.gms/app_chimera/m/00000001/CronetDynamite.apk has no usable artifacts
03-27 12:20:59.753 11370 11458 I artd    : GetBestInfo: /data/user_de/0/com.google.android.gms/app_chimera/m/00000002/DynamiteLoader.apk has no usable artifacts
03-27 12:20:59.754 11370 11458 I artd    : GetBestInfo: /data/user_de/0/com.google.android.gms/app_chimera/m/00000005/GoogleCertificates.apk has no usable artifacts
03-27 12:20:59.758 11370 11458 I artd    : GetBestInfo: /data/user_de/0/com.google.android.gms/app_chimera/m/00000007/MeasurementDynamite.apk has no usable artifacts
03-27 12:21:01.428  1638  1705 D SatelliteController: isInCarrierRoamingNbIotNtn: satellite is disabled
03-27 12:21:01.428  1638  1705 D SatelliteController: getCarrierRoamingNtnConnectType: Checking connect type from PLMN config for subId: 1
03-27 12:21:01.432  1638  1705 D SatelliteController: getSatellitePerPlmnConfiguration: invalid subId or not supported via carrier.
03-27 12:21:01.432  1638  1705 D SatelliteController: getCarrierRoamingNtnConnectType: config: null
03-27 12:21:01.433  1638  1705 D SatelliteController: getCarrierRoamingNtnConnectType: Falling back to global carrier config connect type: 0
03-27 12:21:01.435  1638  1705 D SatelliteController: updateLastNotifiedCarrierRoamingNtnSignalStrengthAndNotify(1)
03-27 12:21:01.435  1638  1705 D SatelliteController: updateLastNotifiedCarrierRoamingNtnSignalStrengthAndNotify(1) lastNotifiedSignalStrength level: 0
03-27 12:21:01.435  1638  1705 D SatelliteController: updateLastNotifiedCarrierRoamingNtnSignalStrengthAndNotify(1) currSignalStrength level: 0
03-27 12:21:06.766   679   732 D AppOpHistoryHelper: MetricHandler reporting 6 records.
03-27 12:21:06.876   679  1073 E Nl80211Native: getChannelsMhzForBand: Wiphy index not recorded for band 8
03-27 12:21:06.876   679  1073 E Nl80211Native: getChannelsMhzForBand: Wiphy index not recorded for band 16
03-27 12:21:06.876   679  1073 D Nl80211Native: Ignoring unsupported scan type 2
03-27 12:21:06.876   679  1073 I Nl80211Proxy: Sending Nl80211 message: GenericNetlinkMsg{ nlHeader{StructNlMsgHdr{ nlmsg_len{352}, nlmsg_type{30()}, nlmsg_flags{5(NLM_F_REQUEST|NLM_F_ACK)}, nlmsg_seq{148}, nlmsg_pid{0} }}, genNlHeader{StructGenNlMsgHdr{ command{33}, version{1}, reserved{0} }}, attributes{[StructNlAttr{ nla_len{8}, nla_type{-32723}, nla_value{04000000}, }, StructNlAttr{ nla_len{8}, nla_type{3}, nla_value{10000000}, }, StructNlAttr{ nla_len{308}, nla_type{-32724}, nla_value{080000006C09000008000100710900000800020076090000080003007B09000008000400800900000800050085090000080006008A090000080007008F0900000800080094090000080009009909000008000A009E09000008000B00A309000008000C00A809000008000D00B409000008000E003C14000008000F005014000008001000641400000800110078140000080012008C14000008001300A014000008001400B414000008001500C8140000080016007C150000080017009015000008001800A415000008001900B815000008001A00CC15000008001B00E015000008001C00F415000008001D000816000008001E001C16000008001F0030160000080020004416000008002100711600000800220085160000080023009916000008002400AD16000008002500C1160000}, }, StructNlAttr{ nla_len{8}, nla_type{158}, nla_value{08000000}, }]} }
03-27 12:21:06.880   679  1073 I Nl80211Proxy: Received NLMSG_ERROR with error 0 for message GenericNetlinkMsg{ nlHeader{StructNlMsgHdr{ nlmsg_len{352}, nlmsg_type{30()}, nlmsg_flags{5(NLM_F_REQUEST|NLM_F_ACK)}, nlmsg_seq{148}, nlmsg_pid{0} }}, genNlHeader{StructGenNlMsgHdr{ command{33}, version{1}, reserved{0} }}, attributes{[StructNlAttr{ nla_len{8}, nla_type{-32723}, nla_value{04000000}, }, StructNlAttr{ nla_len{8}, nla_type{3}, nla_value{10000000}, }, StructNlAttr{ nla_len{308}, nla_type{-32724}, nla_value{080000006C09000008000100710900000800020076090000080003007B09000008000400800900000800050085090000080006008A090000080007008F0900000800080094090000080009009909000008000A009E09000008000B00A309000008000C00A809000008000D00B409000008000E003C14000008000F005014000008001000641400000800110078140000080012008C14000008001300A014000008001400B414000008001500C8140000080016007C150000080017009015000008001800A415000008001900B815000008001A00CC15000008001B00E015000008001C00F415000008001D000816000008001E001C16000008001F0030160000080020004416000008002100711600000800220085160000080023009916000008002400AD16000008002500C1160000}, }, StructNlAttr{ nla_len{8}, nla_type{158}, nla_value{08000000}, }]} }
03-27 12:21:09.633 11370 11458 I artd    : GetBestInfo: odex in dalvik-cache (/data/dalvik-cache/x86_64/apex@com.google.android.gmssystem@priv-app@PrebuiltGmsCoreVic@CP21.260306.017.A1@PrebuiltGmsCoreVic.apk@classes.dex) is kOatUpToDate with filter 'verify' executable 'false'
03-27 12:21:09.635 11370 11458 I artd    : GetBestInfo: /data/user_de/0/com.google.android.gms/app_chimera/m/00000001/CronetDynamite.apk has no usable artifacts
03-27 12:21:09.636 11370 11458 I artd    : GetBestInfo: /data/user_de/0/com.google.android.gms/app_chimera/m/00000002/DynamiteLoader.apk has no usable artifacts
03-27 12:21:09.638 11370 11458 I artd    : GetBestInfo: /data/user_de/0/com.google.android.gms/app_chimera/m/00000005/GoogleCertificates.apk has no usable artifacts
03-27 12:21:09.640 11370 11458 I artd    : GetBestInfo: /data/user_de/0/com.google.android.gms/app_chimera/m/00000007/MeasurementDynamite.apk has no usable artifacts
03-27 12:21:10.643   679  1068 D WifiNative: Scan result ready event
03-27 12:21:10.644   679  1073 I Nl80211Proxy: Sending Nl80211 message: GenericNetlinkMsg{ nlHeader{StructNlMsgHdr{ nlmsg_len{20}, nlmsg_type{30()}, nlmsg_flags{769(NLM_F_REQUEST|NLM_F_DUMP)}, nlmsg_seq{149}, nlmsg_pid{0} }}, genNlHeader{StructGenNlMsgHdr{ command{5}, version{1}, reserved{0} }}, attributes{[]} }
03-27 12:21:10.645   679  1073 I Nl80211Proxy: Received NLMSG_DONE for message GenericNetlinkMsg{ nlHeader{StructNlMsgHdr{ nlmsg_len{20}, nlmsg_type{30()}, nlmsg_flags{769(NLM_F_REQUEST|NLM_F_DUMP)}, nlmsg_seq{149}, nlmsg_pid{0} }}, genNlHeader{StructGenNlMsgHdr{ command{5}, version{1}, reserved{0} }}, attributes{[]} }
03-27 12:21:10.645   679  1073 W Nl80211Utils: Malformed NEW_INTERFACE response: missing attributes
03-27 12:21:10.645   679  1073 I Nl80211Proxy: Sending Nl80211 message: GenericNetlinkMsg{ nlHeader{StructNlMsgHdr{ nlmsg_len{28}, nlmsg_type{30()}, nlmsg_flags{769(NLM_F_REQUEST|NLM_F_DUMP)}, nlmsg_seq{150}, nlmsg_pid{0} }}, genNlHeader{StructGenNlMsgHdr{ command{32}, version{1}, reserved{0} }}, attributes{[StructNlAttr{ nla_len{8}, nla_type{3}, nla_value{10000000}, }]} }
03-27 12:21:10.645   679  1073 I Nl80211Proxy: Received NLMSG_DONE for message GenericNetlinkMsg{ nlHeader{StructNlMsgHdr{ nlmsg_len{28}, nlmsg_type{30()}, nlmsg_flags{769(NLM_F_REQUEST|NLM_F_DUMP)}, nlmsg_seq{150}, nlmsg_pid{0} }}, genNlHeader{StructGenNlMsgHdr{ command{32}, version{1}, reserved{0} }}, attributes{[StructNlAttr{ nla_len{8}, nla_type{3}, nla_value{10000000}, }]} }
03-27 12:21:10.649  4292  4893 I WifiScanner: onFullResults
03-27 12:21:10.657   679  1068 I HalDevMgr: bestIfaceCreationProposal is null, requestIface=STA, existingIface=[name=wlan0 type=STA]
03-27 12:21:10.820 17947 18686 I PhenotypeModule: PhenotypeModule.reFetchForCreate():236 Trigger force re-fetch
03-27 12:21:10.821 17947 18686 I PhenotypeModule: PhenotypeModule.maybeFetchAndUpdate():276 maybeFetchAndUpdate: start new task to fetch
03-27 12:21:10.858  4292  9695 I RegisterSyncOperation: (REDACTED) Register sync called by %s, syncing since something changed
03-27 12:21:10.864  4292  9695 I HeterodyneSyncer: (REDACTED) Removed %d invalid users
03-27 12:21:10.887  4292  9695 I HeterodyneSyncer: (REDACTED) Syncing with Heterodyne. Reason: %s
03-27 12:21:10.935  4292  9695 W HeterodyneSyncer: Sync failed [CONTEXT service_id=51 ]
03-27 12:21:10.935  4292  9695 W HeterodyneSyncer: eqdj: 29504: Network error
03-27 12:21:10.935  4292  9695 W HeterodyneSyncer: 	at eqil.N(:com.google.android.gms@260235038@26.02.35 (260800-862924022):201)
03-27 12:21:10.935  4292  9695 W HeterodyneSyncer: 	at eqil.q(:com.google.android.gms@260235038@26.02.35 (260800-862924022):138)
03-27 12:21:10.935  4292  9695 W HeterodyneSyncer: 	at eqil.B(:com.google.android.gms@260235038@26.02.35 (260800-862924022):10)
03-27 12:21:10.935  4292  9695 W HeterodyneSyncer: 	at eqil.r(:com.google.android.gms@260235038@26.02.35 (260800-862924022):21)
03-27 12:21:10.935  4292  9695 W HeterodyneSyncer: 	at eqgt.a(:com.google.android.gms@260235038@26.02.35 (260800-862924022):125)
03-27 12:21:10.935  4292  9695 W HeterodyneSyncer: 	at eqgs.i(:com.google.android.gms@260235038@26.02.35 (260800-862924022):9)
03-27 12:21:10.935  4292  9695 W HeterodyneSyncer: 	at eqfc.h(:com.google.android.gms@260235038@26.02.35 (260800-862924022):31)
03-27 12:21:10.935  4292  9695 W HeterodyneSyncer: 	at eqfc.f(:com.google.android.gms@260235038@26.02.35 (260800-862924022):13)
03-27 12:21:10.935  4292  9695 W HeterodyneSyncer: 	at cqhg.fB(:com.google.android.gms@260235038@26.02.35 (260800-862924022):1)
03-27 12:21:10.935  4292  9695 W HeterodyneSyncer: 	at cqhk.run(:com.google.android.gms@260235038@26.02.35 (260800-862924022):118)
03-27 12:21:10.935  4292  9695 W HeterodyneSyncer: 	at gnld.run(:com.google.android.gms@260235038@26.02.35 (260800-862924022):19)
03-27 12:21:10.935  4292  9695 W HeterodyneSyncer: 	at bera.c(:com.google.android.gms@260235038@26.02.35 (260800-862924022):50)
03-27 12:21:10.935  4292  9695 W HeterodyneSyncer: 	at bera.run(:com.google.android.gms@260235038@26.02.35 (260800-862924022):73)
03-27 12:21:10.935  4292  9695 W HeterodyneSyncer: 	at java.util.concurrent.ThreadPoolExecutor.runWorker(ThreadPoolExecutor.java:1100)
03-27 12:21:10.935  4292  9695 W HeterodyneSyncer: 	at java.util.concurrent.ThreadPoolExecutor$Worker.run(ThreadPoolExecutor.java:624)
03-27 12:21:10.935  4292  9695 W HeterodyneSyncer: 	at bewr.run(:com.google.android.gms@260235038@26.02.35 (260800-862924022):8)
03-27 12:21:10.935  4292  9695 W HeterodyneSyncer: 	at java.lang.Thread.run(Thread.java:1572)
03-27 12:21:10.935  4292  9695 W HeterodyneSyncer: Caused by: java.io.IOException: request causes GmsNetworkException without UrlResponseInfo at execution
03-27 12:21:10.935  4292  9695 W HeterodyneSyncer: 	at eqiv.b(:com.google.android.gms@260235038@26.02.35 (260800-862924022):447)
03-27 12:21:10.935  4292  9695 W HeterodyneSyncer: 	at eqil.N(:com.google.android.gms@260235038@26.02.35 (260800-862924022):17)
03-27 12:21:10.935  4292  9695 W HeterodyneSyncer: 	... 16 more
03-27 12:21:10.935  4292  9695 W HeterodyneSyncer: Caused by: crpd: Failed to process request
03-27 12:21:10.935  4292  9695 W HeterodyneSyncer: 	at crpk.a(:com.google.android.gms@260235038@26.02.35 (260800-862924022):23)
03-27 12:21:10.935  4292  9695 W HeterodyneSyncer: 	at crtb.b(:com.google.android.gms@260235038@26.02.35 (260800-862924022):15)
03-27 12:21:10.935  4292  9695 W HeterodyneSyncer: 	at crts.onFailed(:com.google.android.gms@260235038@26.02.35 (260800-862924022):15)
03-27 12:21:10.935  4292  9695 W HeterodyneSyncer: 	at m1.nf.onFailed(:com.google.android.gms.dynamite_cronetdynamite@260235038@26.02.35 (260800-0):3)
03-27 12:21:10.935  4292  9695 W HeterodyneSyncer: 	at m1.mb.run(:com.google.android.gms.dynamite_cronetdynamite@260235038@26.02.35 (260800-0):16)
03-27 12:21:10.935  4292  9695 W HeterodyneSyncer: 	... 6 more
03-27 12:21:10.935  4292  9695 W HeterodyneSyncer: Caused by: m1.mo: Exception in CronetUrlRequest: net::ERR_INTERNET_DISCONNECTED, ErrorCode=2, InternalErrorCode=-106, Retryable=false
03-27 12:21:10.935  4292  9695 W HeterodyneSyncer: 	at org.chromium.net.impl.CronetUrlRequest.onError(:com.google.android.gms.dynamite_cronetdynamite@260235038@26.02.35 (260800-0):3)
03-27 12:21:10.941  4292  9695 I HeterodyneSyncer: (REDACTED) Sync completed. fetchReason: %s, fetchPackageName: %s, syncErrorType: %s, individual sync errors: %s.
03-27 12:21:10.944  4292  9695 I HeterodyneSyncer: (REDACTED) Finished notifying packages after sync. syncLatency: %d
03-27 12:21:10.945  4292  9695 W PhBaseOp: Phenotype API error. Event: # hxeb@7ae80adc, EventCode: REGISTER_SYNC [CONTEXT service_id=51 ]
03-27 12:21:10.945  4292  9695 W PhBaseOp: eqdj: 29504: Network error
03-27 12:21:10.945  4292  9695 W PhBaseOp: 	at eqil.N(:com.google.android.gms@260235038@26.02.35 (260800-862924022):201)
03-27 12:21:10.945  4292  9695 W PhBaseOp: 	at eqil.q(:com.google.android.gms@260235038@26.02.35 (260800-862924022):138)
03-27 12:21:10.945  4292  9695 W PhBaseOp: 	at eqil.B(:com.google.android.gms@260235038@26.02.35 (260800-862924022):10)
03-27 12:21:10.945  4292  9695 W PhBaseOp: 	at eqil.r(:com.google.android.gms@260235038@26.02.35 (260800-862924022):21)
03-27 12:21:10.945  4292  9695 W PhBaseOp: 	at eqgt.a(:com.google.android.gms@260235038@26.02.35 (260800-862924022):125)
03-27 12:21:10.945  4292  9695 W PhBaseOp: 	at eqgs.i(:com.google.android.gms@260235038@26.02.35 (260800-862924022):9)
03-27 12:21:10.945  4292  9695 W PhBaseOp: 	at eqfc.h(:com.google.android.gms@260235038@26.02.35 (260800-862924022):31)
03-27 12:21:10.945  4292  9695 W PhBaseOp: 	at eqfc.f(:com.google.android.gms@260235038@26.02.35 (260800-862924022):13)
03-27 12:21:10.945  4292  9695 W PhBaseOp: 	at cqhg.fB(:com.google.android.gms@260235038@26.02.35 (260800-862924022):1)
03-27 12:21:10.945  4292  9695 W PhBaseOp: 	at cqhk.run(:com.google.android.gms@260235038@26.02.35 (260800-862924022):118)
03-27 12:21:10.945  4292  9695 W PhBaseOp: 	at gnld.run(:com.google.android.gms@260235038@26.02.35 (260800-862924022):19)
03-27 12:21:10.945  4292  9695 W PhBaseOp: 	at bera.c(:com.google.android.gms@260235038@26.02.35 (260800-862924022):50)
03-27 12:21:10.945  4292  9695 W PhBaseOp: 	at bera.run(:com.google.android.gms@260235038@26.02.35 (260800-862924022):73)
03-27 12:21:10.945  4292  9695 W PhBaseOp: 	at java.util.concurrent.ThreadPoolExecutor.runWorker(ThreadPoolExecutor.java:1100)
03-27 12:21:10.945  4292  9695 W PhBaseOp: 	at java.util.concurrent.ThreadPoolExecutor$Worker.run(ThreadPoolExecutor.java:624)
03-27 12:21:10.945  4292  9695 W PhBaseOp: 	at bewr.run(:com.google.android.gms@260235038@26.02.35 (260800-862924022):8)
03-27 12:21:10.945  4292  9695 W PhBaseOp: 	at java.lang.Thread.run(Thread.java:1572)
03-27 12:21:10.945  4292  9695 W PhBaseOp: Caused by: java.io.IOException: request causes GmsNetworkException without UrlResponseInfo at execution
03-27 12:21:10.945  4292  9695 W PhBaseOp: 	at eqiv.b(:com.google.android.gms@260235038@26.02.35 (260800-862924022):447)
03-27 12:21:10.945  4292  9695 W PhBaseOp: 	at eqil.N(:com.google.android.gms@260235038@26.02.35 (260800-862924022):17)
03-27 12:21:10.945  4292  9695 W PhBaseOp: 	... 16 more
03-27 12:21:10.945  4292  9695 W PhBaseOp: Caused by: crpd: Failed to process request
03-27 12:21:10.945  4292  9695 W PhBaseOp: 	at crpk.a(:com.google.android.gms@260235038@26.02.35 (260800-862924022):23)
03-27 12:21:10.945  4292  9695 W PhBaseOp: 	at crtb.b(:com.google.android.gms@260235038@26.02.35 (260800-862924022):15)
03-27 12:21:10.945  4292  9695 W PhBaseOp: 	at crts.onFailed(:com.google.android.gms@260235038@26.02.35 (260800-862924022):15)
03-27 12:21:10.945  4292  9695 W PhBaseOp: 	at m1.nf.onFailed(:com.google.android.gms.dynamite_cronetdynamite@260235038@26.02.35 (260800-0):3)
03-27 12:21:10.945  4292  9695 W PhBaseOp: 	at m1.mb.run(:com.google.android.gms.dynamite_cronetdynamite@260235038@26.02.35 (260800-0):16)
03-27 12:21:10.945  4292  9695 W PhBaseOp: 	... 6 more
03-27 12:21:10.945  4292  9695 W PhBaseOp: Caused by: m1.mo: Exception in CronetUrlRequest: net::ERR_INTERNET_DISCONNECTED, ErrorCode=2, InternalErrorCode=-106, Retryable=false
03-27 12:21:10.945  4292  9695 W PhBaseOp: 	at org.chromium.net.impl.CronetUrlRequest.onError(:com.google.android.gms.dynamite_cronetdynamite@260235038@26.02.35 (260800-0):3)
03-27 12:21:10.946  4292  9695 W AsyncOperation: operation=RegisterSyncOperationCall, opStatusCode=29504 [CONTEXT service_id=51 ]
03-27 12:21:10.946  4292  9695 W AsyncOperation: OperationException[Status{statusCode=Network error, resolution=null}]
03-27 12:21:10.946  4292  9695 W AsyncOperation: 	at eqfc.h(:com.google.android.gms@260235038@26.02.35 (260800-862924022):61)
03-27 12:21:10.946  4292  9695 W AsyncOperation: 	at eqfc.f(:com.google.android.gms@260235038@26.02.35 (260800-862924022):13)
03-27 12:21:10.946  4292  9695 W AsyncOperation: 	at cqhg.fB(:com.google.android.gms@260235038@26.02.35 (260800-862924022):1)
03-27 12:21:10.946  4292  9695 W AsyncOperation: 	at cqhk.run(:com.google.android.gms@260235038@26.02.35 (260800-862924022):118)
03-27 12:21:10.946  4292  9695 W AsyncOperation: 	at gnld.run(:com.google.android.gms@260235038@26.02.35 (260800-862924022):19)
03-27 12:21:10.946  4292  9695 W AsyncOperation: 	at bera.c(:com.google.android.gms@260235038@26.02.35 (260800-862924022):50)
03-27 12:21:10.946  4292  9695 W AsyncOperation: 	at bera.run(:com.google.android.gms@260235038@26.02.35 (260800-862924022):73)
03-27 12:21:10.946  4292  9695 W AsyncOperation: 	at java.util.concurrent.ThreadPoolExecutor.runWorker(ThreadPoolExecutor.java:1100)
03-27 12:21:10.946  4292  9695 W AsyncOperation: 	at java.util.concurrent.ThreadPoolExecutor$Worker.run(ThreadPoolExecutor.java:624)
03-27 12:21:10.946  4292  9695 W AsyncOperation: 	at bewr.run(:com.google.android.gms@260235038@26.02.35 (260800-862924022):8)
03-27 12:21:10.946  4292  9695 W AsyncOperation: 	at java.lang.Thread.run(Thread.java:1572)
03-27 12:21:10.951 17947 18691 E PhenotypeModule: PhenotypeModule.commitConfigurationInternal():572 Failed to update configurations.
03-27 12:21:10.951 17947 18691 E PhenotypeModule: jhv: 29504: Network error
03-27 12:21:10.951 17947 18691 E PhenotypeModule: 	at jge.b(PG:13)
03-27 12:21:10.951 17947 18691 E PhenotypeModule: 	at jge.d(PG:11)
03-27 12:21:10.951 17947 18691 E PhenotypeModule: 	at kct.b(PG:3)
03-27 12:21:10.951 17947 18691 E PhenotypeModule: 	at kct.gt(PG:291)
03-27 12:21:10.951 17947 18691 E PhenotypeModule: 	at dsu.onTransact(PG:21)
03-27 12:21:10.951 17947 18691 E PhenotypeModule: 	at android.os.Binder.execTransactInternal(Binder.java:1471)
03-27 12:21:10.951 17947 18691 E PhenotypeModule: 	at android.os.Binder.execTransact(Binder.java:1411)
03-27 12:21:10.952 17947 18691 E PhenotypeModule: PhenotypeModule.fetchAndUpdate():324 
03-27 12:21:10.952 17947 18691 E PhenotypeModule: jhv: 29504: Network error
03-27 12:21:10.952 17947 18691 E PhenotypeModule: 	at jge.b(PG:13)
03-27 12:21:10.952 17947 18691 E PhenotypeModule: 	at jge.d(PG:11)
03-27 12:21:10.952 17947 18691 E PhenotypeModule: 	at kct.b(PG:3)
03-27 12:21:10.952 17947 18691 E PhenotypeModule: 	at kct.gt(PG:291)
03-27 12:21:10.952 17947 18691 E PhenotypeModule: 	at dsu.onTransact(PG:21)
03-27 12:21:10.952 17947 18691 E PhenotypeModule: 	at android.os.Binder.execTransactInternal(Binder.java:1471)
03-27 12:21:10.952 17947 18691 E PhenotypeModule: 	at android.os.Binder.execTransact(Binder.java:1411)
03-27 12:21:10.953 17947 18691 I PhenotypeModule: PhenotypeModule.handleResult():378 fetchAndUpdate() : Failure, hasFlags=false, fetchStatus=ocv[reason=RE_FETCH_FOR_CREATE, timestamp=1774603270820, isFullFetch=true, success=false, fetchedFlagsCount=-1, deletedFlagsCount=-1, isEmpty=false, isDelta=false, totalTime=132, failureMessage=Unknown, registeredFormFactor=phone, fetchedFormFactor=null, serverToken=null]
03-27 12:21:11.428  1638  1705 D SatelliteController: isInCarrierRoamingNbIotNtn: satellite is disabled
03-27 12:21:11.428  1638  1705 D SatelliteController: getCarrierRoamingNtnConnectType: Checking connect type from PLMN config for subId: 1
03-27 12:21:11.433  1638  1705 D SatelliteController: getSatellitePerPlmnConfiguration: invalid subId or not supported via carrier.
03-27 12:21:11.433  1638  1705 D SatelliteController: getCarrierRoamingNtnConnectType: config: null
03-27 12:21:11.435  1638  1705 D SatelliteController: getCarrierRoamingNtnConnectType: Falling back to global carrier config connect type: 0
03-27 12:21:11.437  1638  1705 D SatelliteController: updateLastNotifiedCarrierRoamingNtnSignalStrengthAndNotify(1)
03-27 12:21:11.437  1638  1705 D SatelliteController: updateLastNotifiedCarrierRoamingNtnSignalStrengthAndNotify(1) lastNotifiedSignalStrength level: 0
03-27 12:21:11.437  1638  1705 D SatelliteController: updateLastNotifiedCarrierRoamingNtnSignalStrengthAndNotify(1) currSignalStrength level: 0
03-27 12:21:19.614 11370 11458 I artd    : GetBestInfo: odex in dalvik-cache (/data/dalvik-cache/x86_64/apex@com.google.android.gmssystem@priv-app@PrebuiltGmsCoreVic@CP21.260306.017.A1@PrebuiltGmsCoreVic.apk@classes.dex) is kOatUpToDate with filter 'verify' executable 'false'
03-27 12:21:19.616 11370 11458 I artd    : GetBestInfo: /data/user_de/0/com.google.android.gms/app_chimera/m/00000001/CronetDynamite.apk has no usable artifacts
03-27 12:21:19.617 11370 11458 I artd    : GetBestInfo: /data/user_de/0/com.google.android.gms/app_chimera/m/00000002/DynamiteLoader.apk has no usable artifacts
03-27 12:21:19.619 11370 11458 I artd    : GetBestInfo: /data/user_de/0/com.google.android.gms/app_chimera/m/00000005/GoogleCertificates.apk has no usable artifacts
03-27 12:21:19.621 11370 11458 I artd    : GetBestInfo: /data/user_de/0/com.google.android.gms/app_chimera/m/00000007/MeasurementDynamite.apk has no usable artifacts
03-27 12:21:21.439  1638  1705 D SatelliteController: isInCarrierRoamingNbIotNtn: satellite is disabled
03-27 12:21:21.439  1638  1705 D SatelliteController: getCarrierRoamingNtnConnectType: Checking connect type from PLMN config for subId: 1
03-27 12:21:21.441  1638  1705 D SatelliteController: getSatellitePerPlmnConfiguration: invalid subId or not supported via carrier.
03-27 12:21:21.441  1638  1705 D SatelliteController: getCarrierRoamingNtnConnectType: config: null
03-27 12:21:21.445  1638  1705 D SatelliteController: getCarrierRoamingNtnConnectType: Falling back to global carrier config connect type: 0
03-27 12:21:21.447  1638  1705 D SatelliteController: updateLastNotifiedCarrierRoamingNtnSignalStrengthAndNotify(1)
03-27 12:21:21.448  1638  1705 D SatelliteController: updateLastNotifiedCarrierRoamingNtnSignalStrengthAndNotify(1) lastNotifiedSignalStrength level: 0
03-27 12:21:21.448  1638  1705 D SatelliteController: updateLastNotifiedCarrierRoamingNtnSignalStrengthAndNotify(1) currSignalStrength level: 0
03-27 12:21:24.055   679  1896 W AppOps  : Noting op not finished: uid 10214 pkg com.google.android.gms code 79 startTime of in progress event=1774596367078
03-27 12:21:24.061   679   801 W AppOps  : Noting op not finished: uid 10214 pkg com.google.android.gms code 113 startTime of in progress event=1774596337335
03-27 12:21:24.065   679   719 D ActivityManager: sync unfroze 17746 com.google.android.gms for 10
03-27 12:21:24.071 17746 17746 D BoundBrokerSvc: onUnbind: Intent { act=com.google.android.gms.common.BIND_SHARED_PREFS xflg=0x4 pkg=com.google.android.gms }
03-27 12:21:24.095  4292  4585 I ActivityScheduler: nextTriggerTime: 7428081, in 238099ms, detectorType: 39, FULL_TYPE alarmWindowMillis: 80000
03-27 12:21:25.063   679  1253 W AppOps  : Noting op not finished: uid 10214 pkg com.google.android.gms code 113 startTime of in progress event=1774596337335
03-27 12:21:29.555 11370 18403 I artd    : GetBestInfo: odex in dalvik-cache (/data/dalvik-cache/x86_64/apex@com.google.android.gmssystem@priv-app@PrebuiltGmsCoreVic@CP21.260306.017.A1@PrebuiltGmsCoreVic.apk@classes.dex) is kOatUpToDate with filter 'verify' executable 'false'
03-27 12:21:29.556 11370 18403 I artd    : GetBestInfo: /data/user_de/0/com.google.android.gms/app_chimera/m/00000001/CronetDynamite.apk has no usable artifacts
03-27 12:21:29.558 11370 18403 I artd    : GetBestInfo: /data/user_de/0/com.google.android.gms/app_chimera/m/00000002/DynamiteLoader.apk has no usable artifacts
03-27 12:21:29.559 11370 18403 I artd    : GetBestInfo: /data/user_de/0/com.google.android.gms/app_chimera/m/00000005/GoogleCertificates.apk has no usable artifacts
03-27 12:21:29.562 11370 18403 I artd    : GetBestInfo: /data/user_de/0/com.google.android.gms/app_chimera/m/00000007/MeasurementDynamite.apk has no usable artifacts
03-27 12:21:31.433  1638  1705 D SatelliteController: isInCarrierRoamingNbIotNtn: satellite is disabled
03-27 12:21:31.433  1638  1705 D SatelliteController: getCarrierRoamingNtnConnectType: Checking connect type from PLMN config for subId: 1
03-27 12:21:31.436  1638  1705 D SatelliteController: getSatellitePerPlmnConfiguration: invalid subId or not supported via carrier.
03-27 12:21:31.437  1638  1705 D SatelliteController: getCarrierRoamingNtnConnectType: config: null
03-27 12:21:31.439  1638  1705 D SatelliteController: getCarrierRoamingNtnConnectType: Falling back to global carrier config connect type: 0
03-27 12:21:31.440  1638  1705 D SatelliteController: updateLastNotifiedCarrierRoamingNtnSignalStrengthAndNotify(1)
03-27 12:21:31.440  1638  1705 D SatelliteController: updateLastNotifiedCarrierRoamingNtnSignalStrengthAndNotify(1) lastNotifiedSignalStrength level: 0
03-27 12:21:31.440  1638  1705 D SatelliteController: updateLastNotifiedCarrierRoamingNtnSignalStrengthAndNotify(1) currSignalStrength level: 0
03-27 12:21:34.199   679   711 W Looper  : Slow dispatch took 154ms android.ui app=system_server main=false group=TOP_APP h=android.view.Choreographer$FrameHandler c=android.view.Choreographer$FrameDisplayEventReceiver@202f2da m=0
03-27 12:21:34.227   506   582 W skia    : AGTM parsing failed flags.readFromStream(s) at 159
03-27 12:21:34.228   506   582 W skia    : AGTM parsing failed flags.readFromStream(s) at 159
03-27 12:21:34.228   506   582 W skia    : AGTM parsing failed flags.readFromStream(s) at 159
03-27 12:21:34.231   679   729 D KernelCpuUidUserSysTimeReader: Removing uids 10229-10229
03-27 12:21:34.236   679   729 D KernelCpuUidUserSysTimeReader: Removing uids 10230-10230
03-27 12:21:34.241   679   711 D WindowOnBackDispatcher: setTopOnBackInvokedCallback (unwrapped): null
03-27 12:21:34.241   679   711 D CoreBackPreview: Window{875940c u0 android}: Setting back callback null
03-27 12:21:34.244   679  2164 W AS.PlaybackActivityMon: No piid assigned for invalid/internal port id 15
03-27 12:21:34.245   679  1253 W AS.PlaybackActivityMon: No piid assigned for invalid/internal port id 15
03-27 12:21:34.253   500   601 D AudioFlinger: mixer(0x798576f23790) throttle end: throttle time(29)
03-27 12:21:34.269   679  2164 D TelephonyManager: requestModemActivityInfo: Sending result to app: ModemActivityInfo{ mTimestamp=7200152 mSleepTimeMs=336 mIdleTimeMs=112 mActivityStatsTechSpecificInfo=[{mRat=UNKNOWN,mFrequencyRange=UNKNOWN,mTxTimeMs[]=[8, 24, 48, 64, 72],mRxTimeMs=72}]}
03-27 12:21:34.269   679 12141 D HWUI    : endAllActiveAnimators on 0x70863287bcf0 (RippleDrawable) with handle 0x708562908b80
03-27 12:21:34.309   679   713 V WindowManager: Unknown focus tokens, dropping reportFocusChanged
03-27 12:21:34.334 10234 10234 D BaseActivity: Launcher flags updated: [state_started|state_resumed|state_deferred_resumed|state_window_focused|state_user_active] +[state_window_focused]
03-27 12:21:34.345   679   842 I ImeTracker: com.google.android.apps.nexuslauncher:f1ccd21a: onRequestHide at ORIGIN_SERVER reason HIDE_SAME_WINDOW_FOCUSED_WITHOUT_EDITOR fromUser false userId 0 displayId 0
03-27 12:21:34.349 10234 10234 D InsetsController: hide(ime())
03-27 12:21:34.351   679   842 W InputChannel-JNI: Channel already disposed.
03-27 12:21:34.352 10234 10234 I ImeTracker: com.google.android.apps.nexuslauncher:f1ccd21a: onCancelled at PHASE_CLIENT_ALREADY_HIDDEN
03-27 12:21:34.354 17947 17947 I GoogleInputMethodService: GoogleInputMethodService.onFinishInput():2113 
03-27 12:21:34.362 17947 17947 I Module  : DeviceLockedStatusModuleProvider$Module.updateDeviceLockedStatus():103 repeatCheckTimes = 0, locked = false
03-27 12:21:34.371 17947 17947 I GoogleInputMethodService: GoogleInputMethodService.onStartInput():1384 onStartInput(EditorInfo{EditorInfo{packageName=com.google.android.apps.nexuslauncher, inputType=0, inputTypeString=NULL, enableLearning=false, autoCorrection=false, autoComplete=false, imeOptions=0, privateImeOptions=null, actionName=UNSPECIFIED, actionLabel=null, initialSelStart=-1, initialSelEnd=-1, initialCapsMode=0, label=null, fieldId=0, fieldName=null, extras=null, hintText=null, hintLocales=[]}}, false)
03-27 12:21:34.372 17947 17947 W AndroidIME: LatinIMEBase.updateInputViewCoverNavigation():319 Null input view, cannot update padding!
03-27 12:21:34.378 17947 17947 I Module  : DeviceLockedStatusModuleProvider$Module.updateDeviceLockedStatus():103 repeatCheckTimes = 1, locked = false
03-27 12:21:34.391   679  2166 W PackageConfigPersister: App-specific configuration not found for packageName: com.google.android.apps.nexuslauncher and userId: 0
03-27 12:21:34.394   506   582 W skia    : AGTM parsing failed flags.readFromStream(s) at 159
03-27 12:21:34.394   506   582 W skia    : AGTM parsing failed flags.readFromStream(s) at 159
03-27 12:21:34.396   506   582 W skia    : AGTM parsing failed flags.readFromStream(s) at 159
03-27 12:21:34.431   500   594 I APM_AudioPolicyManager: getNewOutputDevices io 13 recent device override {AUDIO_DEVICE_OUT_SPEAKER, @:}
03-27 12:21:34.515   506   582 W skia    : AGTM parsing failed flags.readFromStream(s) at 159
03-27 12:21:34.515   506   582 W skia    : AGTM parsing failed flags.readFromStream(s) at 159
03-27 12:21:35.313   464 18710 D android.hardware.audio@7.1-impl.ranchu: 544 frames of silence written
03-27 12:21:35.344   464 18710 D android.hardware.audio@7.1-impl.ranchu: 544 frames of silence written
03-27 12:21:36.933   506   582 W skia    : AGTM parsing failed flags.readFromStream(s) at 159
03-27 12:21:36.934   506   582 W skia    : AGTM parsing failed flags.readFromStream(s) at 159
03-27 12:21:37.045   506   582 W skia    : AGTM parsing failed flags.readFromStream(s) at 159
03-27 12:21:37.045   506   582 W skia    : AGTM parsing failed flags.readFromStream(s) at 159
03-27 12:21:37.147   506   582 W skia    : AGTM parsing failed flags.readFromStream(s) at 159
03-27 12:21:37.147   506   582 W skia    : AGTM parsing failed flags.readFromStream(s) at 159
03-27 12:21:37.157   679  1938 W AS.PlaybackActivityMon: No piid assigned for invalid/internal port id 15
03-27 12:21:37.158   679   799 W AS.PlaybackActivityMon: No piid assigned for invalid/internal port id 15
03-27 12:21:37.168   679  1253 V GrammaticalInflectionUtils: AttributionSource: android.content.AttributionSource@a29c936b does not have READ_SYSTEM_GRAMMATICAL_GENDER permission.
03-27 12:21:37.184   500   601 D AudioFlinger: mixer(0x798576f23790) throttle end: throttle time(36)
03-27 12:21:37.204   679  1253 V ActivityTaskManager: TaskLaunchParamsModifier: phase=3 task=Task{455d298 #15 type=standard A=10231:co.ke.roadready.provider} activity=ActivityRecord{175981691 u0 co.ke.roadready.provider/.MainActivity t-1} display-from-option=0 display-id=0 task-display-area-windowing-mode=1 suggested-display-area=DefaultTaskDisplayArea@1591504 inherit-from-source=fullscreen non-freeform-task-display-area display-area=DefaultTaskDisplayArea@1591504 skip-bounds-fullscreen
03-27 12:21:37.205   679  1253 I ActivityTaskManager: START u0 {act=android.intent.action.MAIN cat=[android.intent.category.LAUNCHER] flg=0x10200000 xflg=0x4 cmp=co.ke.roadready.provider/.MainActivity bnds=[836,1929][1009,2124]} with LAUNCH_SINGLE_TASK from uid 10193 (com.google.android.apps.nexuslauncher) (sr=15627271) (BAL_ALLOW_VISIBLE_WINDOW) result code=0
03-27 12:21:37.211 10234 10234 D StatsLog: LAUNCHER_APP_LAUNCH_TAP
03-27 12:21:37.212 10234 10234 D StatsLog: LAUNCHER_HOTSEAT_RANKED
03-27 12:21:37.212   679   713 V GrammaticalInflectionUtils: AttributionSource: android.content.AttributionSource@a29c936b does not have READ_SYSTEM_GRAMMATICAL_GENDER permission.
03-27 12:21:37.213 10234 10234 D RecentsView: onTaskDisplayChanged: 15, new displayId = 0
03-27 12:21:37.219  1170  1244 V WindowManagerShell: Transition requested (#75): android.os.BinderProxy@48aa456 TransitionRequestInfo { type = OPEN, triggerTask = TaskInfo{userId=0 taskId=15 effectiveUid=10231 displayId=0 isRunning=true baseIntent=Intent { act=android.intent.action.MAIN cat=[android.intent.category.LAUNCHER] flg=0x10200000 cmp=co.ke.roadready.provider/.MainActivity } baseActivity=ComponentInfo{co.ke.roadready.provider/co.ke.roadready.provider.MainActivity} topActivity=ComponentInfo{co.ke.roadready.provider/co.ke.roadready.provider.MainActivity} origActivity=null realActivity=ComponentInfo{co.ke.roadready.provider/co.ke.roadready.provider.MainActivity} realActivityIsAppLockEnabled=false numActivities=1 lastActiveTime=7203088 supportsMultiWindow=true supportsMultiWindowWithoutConstraints=true resizeMode=1 isResizeable=true minWidth=-1 minHeight=-1 defaultMinSize=220 token=WCT{android.os.BinderProxy@bb780ad} topActivityType=1 pictureInPictureParams=null shouldDockBigOverlays=false launchIntoPipHostTaskId=-1 lastParentTaskIdBeforePip=-1 displayCutoutSafeInsets=Rect(0, 142 - 0, 0) topActivityInfo=ActivityInfo{924afe2 co.ke.roadready.provider.MainActivity} launchCookies=[android.os.BinderProxy@d01ef73] positionInParent=Point(0, 0) parentTaskId=-1 isFocused=false isInteractive=false isVisible=false isVisibleRequested=false isTopActivityNoDisplay=false isSleeping=false locusId=null displayAreaFeatureId=1 isTopActivityTransparent=false isActivityStackTransparent=false lastNonFullscreenBounds=null leafTaskBoundsFromOptions= false capturedLink=null capturedLinkTimestamp=0 requestedVisibleTypes=503 topActivityRequestOpenInBrowserEducationTimestamp=0 appCompatTaskInfo=AppCompatTaskInfo { topActivityInSizeCompat=false isLeafTask= true eligibleForLetterboxEducation= false isLetterboxEducationEnabled= true isLetterboxDoubleTapEnabled= false eligibleForUserAspectRatioButton= false topActivityBoundsLetterboxed= false isFromLetterboxDoubleTap= false topActivityLetterboxVerticalPosition= -1 topActivityLetterboxHorizontalPosition= -1 topActivityLetterboxWidth=-1 topActivityLetterboxHeight=-1 topActivityAppBounds=Rect(0, 142 - 1080, 2361) isUserFullscreenOverrideEnabled=false isSystemFullscreenOverrideEnabled=false hasMinAspectRatioOverride=false topActivityLetterboxBounds=null topNonResizableActivityAspectRatio=-1.0} topActivityMainWindowFrame=null isAppBubble=false}, pipChange = null, remoteTransitionInfo = RemoteTransitionInfo { remoteTransition = android.window.IRemoteTransition$Stub$Proxy@6ba2e30, debugName = QuickstepLaunch, filter = null }, displayChange = null, requestedLocation = null, userChange = null, windowingLayerChange = null, fullscreenRequestChange = null, flags = 0, debugId = 75 }
03-27 12:21:37.219  1170  1244 W DisconnectHandler: No disconnect change found in the transition, not handling request.
03-27 12:21:37.219  1170  1244 W DisconnectHandler: No disconnect change found in the transition, not handling request.
03-27 12:21:37.220  1170  1244 V ShellDesktopMode: DesktopTasksController: skipping handleRequest reason=triggerTask's display doesn't support desktop mode
03-27 12:21:37.220  1170  1244 D ShellSplitScreen: logExit: no-op, mLoggerSessionId is null
03-27 12:21:37.220  1170  1244 V WindowManagerShell: RemoteTransition directly requested for (#75) android.os.BinderProxy@48aa456: RemoteTransition { remoteTransition = android.window.IRemoteTransition$Stub$Proxy@6ba2e30, appThread = null, debugName = QuickstepLaunch, filter = null }
03-27 12:21:37.225 10234 10234 D BaseActivity: Launcher flags updated: [state_started|state_resumed|state_deferred_resumed|state_window_focused|state_user_active] -[]
03-27 12:21:37.227  1170  1244 V WindowManagerShell: Transition (#75): request handled by DefaultMixedHandler
03-27 12:21:37.228   506   666 I libbinder.BpBinder: onLastStrongRef automatically unlinking death recipients for binder (0x74c433c487c0) with descriptor: '(not cached)'
03-27 12:21:37.233   679  2166 W InputChannel-JNI: Channel already disposed.
03-27 12:21:37.238  1170  1244 V RecentTasksController: Notify recent tasks changed
03-27 12:21:37.240 10234 10234 D BaseActivity: Launcher flags updated: [state_started|state_resumed|state_deferred_resumed|state_window_focused] -[state_user_active]
03-27 12:21:37.243  1170  1244 D ShellDesktopMode: DesktopRepository(0): Removes freeform task: taskId=14
03-27 12:21:37.243  1170  1244 W ShellDesktopMode: DesktopRepository(0): No display id found for task: taskId=14
03-27 12:21:37.246   461   461 D Zygote  : Forked child process 18712
03-27 12:21:37.248 10234 10234 D BaseActivity: Launcher flags updated: [state_started|state_window_focused] -[state_resumed|state_deferred_resumed]
03-27 12:21:37.248 10234 10234 W SplitSelectStateCtor: Missing session instanceIds
03-27 12:21:37.248 10234 10234 D StatsLog: LAUNCHER_SPLIT_SELECTION_EXIT_INTERRUPTED
03-27 12:21:37.250  1170  1244 V RecentTasksController: Notify recent tasks changed
03-27 12:21:37.252  1170  1244 D WindowManagerShell: setLauncherKeepClearAreaHeight: visible=false, height=495
03-27 12:21:37.254 10234 10268 D QuickstepModelDelegate: notifyAppTargetEvent action=1 launchLocation=folder/hotseat/-1/[-1,0]/[1,1]
03-27 12:21:37.255   679   720 I ActivityManager: Start proc 18712:co.ke.roadready.provider/u0a231 for next-top-activity {co.ke.roadready.provider/co.ke.roadready.provider.MainActivity}
03-27 12:21:37.257  1170  1307 I Surface : Creating surface for consumer unnamed-1170-17 with slotExpansion=1 for 64 slots
03-27 12:21:37.274   679  2164 V WindowManager: Defer transition id=75 for TaskFragmentTransaction=android.os.Binder@919c7f3
03-27 12:21:37.280 10234 10234 D RecentTasksList: invalidateLoadedTasks - previous requestLoadId: -1
03-27 12:21:37.281 10234 10234 D RecentTasksList: invalidateLoadedTasks - previous requestLoadId: -1
03-27 12:21:37.281   679   720 W ActivityManager: Slow operation: 67ms so far, now at startProcess: done updating pids map
03-27 12:21:37.282 18712 18712 I Zygote  : Process 18712 created for co.ke.roadready.provider
03-27 12:21:37.284 18712 18712 I dready.provider: Using generational CollectorTypeCMC GC.
03-27 12:21:37.286 18712 18712 W dready.provider: Unexpected CPU variant for x86: x86_64.
03-27 12:21:37.286 18712 18712 W dready.provider: Known variants: atom, sandybridge, silvermont, goldmont, goldmont-plus, goldmont-without-sha-xsaves, tremont, kabylake, alderlake, lunarlake, default
03-27 12:21:37.287   679  2166 V WindowManager: Continue transition id=75 for TaskFragmentTransaction=android.os.Binder@919c7f3
03-27 12:21:37.307 18712 18712 D nativeloader: Load libframework-connectivity-tiramisu-jni.so using APEX ns com_android_tethering for caller /apex/com.android.tethering/javalib/framework-connectivity-t.jar: ok
03-27 12:21:37.316 10234 10234 D BaseActivity: Launcher flags updated: [state_started] -[state_window_focused]
03-27 12:21:37.317  1170  1307 E ConsumerBase: [ImageReader-420x420f1u2816m2-1170-5] abandonLocked: ConsumerBase is abandoned!
03-27 12:21:37.347  1170  1306 D WindowOnBackDispatcher: setTopOnBackInvokedCallback (unwrapped): android.view.ViewRootImpl$$ExternalSyntheticLambda13@fda29c7
03-27 12:21:37.358   679  1253 D WindowManager: setClientSurface Surface(name=VRI-Splash Screen co.ke.roadready.provider#508)/@0x6bbfaae for 2f0852d Splash Screen co.ke.roadready.provider
03-27 12:21:37.367 18712 18712 D CompatChangeReporter: Compat change id reported: 242716250; UID 10231; state: ENABLED
03-27 12:21:37.369   679  2164 D CoreBackPreview: Window{2f0852d u0 Splash Screen co.ke.roadready.provider}: Setting back callback OnBackInvokedCallbackInfo{mCallback=android.window.IOnBackInvokedCallback$Stub$Proxy@9de93dc, mPriority=0, mIsAnimationCallback=false, mOverrideBehavior=0}
03-27 12:21:37.374  1170  1306 I Surface : Creating surface for consumer unnamed-1170-18 with slotExpansion=1 for 64 slots
03-27 12:21:37.378  1170  1306 I Surface : Creating surface for consumer VRI[provider]#12(BLAST Consumer)12 with slotExpansion=1 for 64 slots
03-27 12:21:37.400   500   594 I APM_AudioPolicyManager: getNewOutputDevices io 13 recent device override {AUDIO_DEVICE_OUT_SPEAKER, @:}
03-27 12:21:37.402  1170  1244 V RecentTasksController: generateList(getRecentTasks)
03-27 12:21:37.402  1170  1244 V RecentTasksController: initializeDesksMap - allDeskIds: []
03-27 12:21:37.402  1170  1244 V RecentTasksController: Task 15 is not an active desktop task
03-27 12:21:37.402  1170  1244 V RecentTasksController: Added fullscreen task: 15
03-27 12:21:37.403  1170  1244 V RecentTasksController: generateList - complete
03-27 12:21:37.403  1170  1244 V RecentTasksController: Notify recent tasks changed
03-27 12:21:37.408 18712 18712 D ApplicationLoaders: Returning zygote-cached class loader: /system/framework/org.apache.http.legacy.jar
03-27 12:21:37.440 18712 18712 D nativeloader: Configuring clns-9 for other apk /data/app/~~8GPvcssbNPupqS-daUG7pg==/co.ke.roadready.provider-yQ3f4JDQ9WlPKBeQOI81IQ==/base.apk. target_sdk_version=34, uses_libraries=, library_path=/data/app/~~8GPvcssbNPupqS-daUG7pg==/co.ke.roadready.provider-yQ3f4JDQ9WlPKBeQOI81IQ==/lib/x86_64:/data/app/~~8GPvcssbNPupqS-daUG7pg==/co.ke.roadready.provider-yQ3f4JDQ9WlPKBeQOI81IQ==/base.apk!/lib/x86_64, permitted_path=/data:/mnt/expand:/data/user/0/co.ke.roadready.provider
03-27 12:21:37.454 10234 10234 D RecentTasksList: invalidateLoadedTasks - previous requestLoadId: -1
03-27 12:21:37.458 18712 18712 V GraphicsEnvironment: Currently set values for:
03-27 12:21:37.458 18712 18712 V GraphicsEnvironment:   angle_gl_driver_selection_pkgs=[]
03-27 12:21:37.458 18712 18712 V GraphicsEnvironment:   angle_gl_driver_selection_values=[]
03-27 12:21:37.458 18712 18712 V GraphicsEnvironment: co.ke.roadready.provider is not listed in per-application setting
03-27 12:21:37.458 18712 18712 V GraphicsEnvironment: No special selections for ANGLE, returning default driver choice
03-27 12:21:37.464 18712 18712 V GraphicsEnvironment: Neither updatable production driver nor prerelease driver is supported.
03-27 12:21:37.513 18712 18712 I FirebaseApp: Device unlocked: initializing all Firebase APIs for app [DEFAULT]
03-27 12:21:37.520 18712 18712 I FirebaseInitProvider: FirebaseApp initialization successful
03-27 12:21:37.521 18712 18712 D Sentry  : io.sentry.auto-init read: false
03-27 12:21:37.521 18712 18712 I Sentry  : Retrieving auto-init from AndroidManifest.xml
03-27 12:21:37.529 18712 18712 D WM-WrkMgrInitializer: Initializing WorkManager with default configuration.
03-27 12:21:37.557 18712 18712 W SoLoader: Initializing SoLoader: 0
03-27 12:21:37.558 18712 18712 W SoLoader: Recording new base apk path: /data/app/~~8GPvcssbNPupqS-daUG7pg==/co.ke.roadready.provider-yQ3f4JDQ9WlPKBeQOI81IQ==/base.apk
03-27 12:21:37.558 18712 18712 W SoLoader: Previously recorded 0 base apk paths.
03-27 12:21:37.570 18712 18712 W SoLoader: SoLoader initialized: 8
03-27 12:21:37.616 18712 18737 I DisplayManager: Choreographer implicitly registered for the refresh rate.
03-27 12:21:37.624   679  1938 D CompatChangeReporter: Compat change id reported: 161145287; UID 10231; state: ENABLED
03-27 12:21:37.642 18712 18712 D DesktopExperienceFlags: Toggle override initialized to: false
03-27 12:21:37.649 18712 18712 D AppCompatDelegate: Checking for metadata for AppLocalesMetadataHolderService : Service not found
03-27 12:21:37.668   679   710 V WindowManager: Sent Transition (#75) createdAt=03-27 12:21:37.171 via request=TransitionRequestInfo { type = OPEN, triggerTask = TaskInfo{userId=0 taskId=15 effectiveUid=10231 displayId=0 isRunning=true baseIntent=Intent { act=android.intent.action.MAIN cat=[android.intent.category.LAUNCHER] flg=0x10200000 cmp=co.ke.roadready.provider/.MainActivity } baseActivity=ComponentInfo{co.ke.roadready.provider/co.ke.roadready.provider.MainActivity} topActivity=ComponentInfo{co.ke.roadready.provider/co.ke.roadready.provider.MainActivity} origActivity=null realActivity=ComponentInfo{co.ke.roadready.provider/co.ke.roadready.provider.MainActivity} realActivityIsAppLockEnabled=false numActivities=1 lastActiveTime=7203088 supportsMultiWindow=true supportsMultiWindowWithoutConstraints=true resizeMode=1 isResizeable=true minWidth=-1 minHeight=-1 defaultMinSize=220 token=WCT{RemoteToken{dbe9c5b Task{455d298 #15 type=standard A=10231:co.ke.roadready.provider}}} topActivityType=1 pictureInPictureParams=null shouldDockBigOverlays=false launchIntoPipHostTaskId=-1 lastParentTaskIdBeforePip=-1 displayCutoutSafeInsets=Rect(0, 142 - 0, 0) topActivityInfo=ActivityInfo{72e7cf8 co.ke.roadready.provider.MainActivity} launchCookies=[android.os.BinderProxy@8aef5d1] positionInParent=Point(0, 0) parentTaskId=-1 isFocused=false isInteractive=false isVisible=false isVisibleRequested=false isTopActivityNoDisplay=false isSleeping=false locusId=null displayAreaFeatureId=1 isTopActivityTransparent=false isActivityStackTransparent=false lastNonFullscreenBounds=null leafTaskBoundsFromOptions= false capturedLink=null capturedLinkTimestamp=0 requestedVisibleTypes=503 topActivityRequestOpenInBrowserEducationTimestamp=0 appCompatTaskInfo=AppCompatTaskInfo { topActivityInSizeCompat=false isLeafTask= true eligibleForLetterboxEducation= false isLetterboxEducationEnabled= true isLetterboxDoubleTapEnabled= false eligibleForUserAspectRatioButton= false topActivityBoundsLetterboxed= false isFromLetterboxDoubleTap= false topActivityLetterboxVerticalPosition= -1 topActivityLetterboxHorizontalPosition= -1 topActivityLetterboxWidth=-1 topActivityLetterboxHeight=-1 topActivityAppBounds=Rect(0, 142 - 1080, 2361) isUserFullscreenOverrideEnabled=false isSystemFullscreenOverrideEnabled=false hasMinAspectRatioOverride=false topActivityLetterboxBounds=null topNonResizableActivityAspectRatio=-1.0} topActivityMainWindowFrame=null isAppBubble=false}, pipChange = null, remoteTransitionInfo = RemoteTransitionInfo { remoteTransition = android.window.IRemoteTransition$Stub$Proxy@20a8836, debugName = QuickstepLaunch, filter = null }, displayChange = null, requestedLocation = null, userChange = null, windowingLayerChange = null, fullscreenRequestChange = null, flags = 0, debugId = 75 }
03-27 12:21:37.671   679   710 V WindowManager:     startWCT=WindowContainerTransaction { changes= {} hops= [] flags= 0 errorCallbackToken=null taskFragmentOrganizer=null }
03-27 12:21:37.672   679   710 V WindowManager:     info={id=75 t=OPEN f=0x0 trk=0 r=[0@Point(0, 0)] c=[
03-27 12:21:37.672   679   710 V WindowManager:         {WCT{RemoteToken{dbe9c5b Task{455d298 #15 type=standard A=10231:co.ke.roadready.provider}}} m=OPEN f=MOVE_TO_TOP leash=Surface(name=Task=15#505)/@0xe291955 sb=Rect(0, 0 - 1080, 2424) eb=Rect(0, 0 - 1080, 2424) epz=Point(1080, 2424) d=0 taskParent=-1 winMode=1 userId=0},
03-27 12:21:37.672   679   710 V WindowManager:         {WCT{RemoteToken{beaa066 Task{31cd01 #1 type=home}}} m=TO_BACK f=SHOW_WALLPAPER leash=Surface(name=Task=1#34)/@0x1db118d sb=Rect(0, 0 - 1080, 2424) eb=Rect(0, 0 - 1080, 2424) epz=Point(1080, 2424) d=0 taskParent=-1 winMode=1 userId=0},
03-27 12:21:37.672   679   710 V WindowManager:         {m=TO_BACK f=IS_WALLPAPER leash=Surface(name=WallpaperWindowToken{71cefd8}#53)/@0x1e74325 sb=Rect(0, 0 - 1080, 2424) eb=Rect(0, 0 - 1080, 2424) epz=Point(1080, 2424) d=0}
03-27 12:21:37.672   679   710 V WindowManager:     ]}
03-27 12:21:37.675  1170  1244 V ShellTaskOrganizer: Task appeared taskId=15 listener=FullscreenTaskListener
03-27 12:21:37.676  1170  1244 V ShellTaskOrganizer: Fullscreen Task Appeared: #15
03-27 12:21:37.677  1170  1244 V RecentTasksController: Notify recent tasks changed
03-27 12:21:37.681 10234 10234 D RecentTasksList: invalidateLoadedTasks - previous requestLoadId: -1
03-27 12:21:37.688  1170  1340 V WindowManagerShell: onTransitionReady(transaction=2916282800311)
03-27 12:21:37.690  1170  1244 V WindowManagerShell: onTransitionReady (#75) android.os.BinderProxy@48aa456: {id=75 t=OPEN f=0x0 trk=0 r=[0@Point(0, 0)] c=[
03-27 12:21:37.690  1170  1244 V WindowManagerShell:         {m=OPEN f=MOVE_TO_TOP leash=Surface(name=Task=15#505)/@0xb37758c sb=Rect(0, 0 - 1080, 2424) eb=Rect(0, 0 - 1080, 2424) epz=Point(1080, 2424) d=0 taskParent=-1 winMode=1 userId=0},
03-27 12:21:37.690  1170  1244 V WindowManagerShell:         {m=TO_BACK f=SHOW_WALLPAPER leash=Surface(name=Task=1#34)/@0x2b5e4d5 sb=Rect(0, 0 - 1080, 2424) eb=Rect(0, 0 - 1080, 2424) epz=Point(1080, 2424) d=0 taskParent=-1 winMode=1 userId=0},
03-27 12:21:37.690  1170  1244 V WindowManagerShell:         {m=TO_BACK f=IS_WALLPAPER leash=Surface(name=WallpaperWindowToken{71cefd8}#53)/@0x4e984ea sb=Rect(0, 0 - 1080, 2424) eb=Rect(0, 0 - 1080, 2424) epz=Point(1080, 2424) d=0}
03-27 12:21:37.690  1170  1244 V WindowManagerShell:     ]}
03-27 12:21:37.695  1170  1244 V WindowManagerShell: Playing animation for (#75) android.os.BinderProxy@48aa456@0
03-27 12:21:37.696  1170  1244 V WindowManagerShell:  try firstHandler com.android.wm.shell.transition.DefaultMixedHandler@67da952
03-27 12:21:37.697  1170  1244 V WindowManagerShell: Mixed transition for opening an intent with a remote transition and PIP or Desktop #75
03-27 12:21:37.697  1170  1244 V WindowManagerShell: tryAnimateOpenIntentWithRemoteAndPipOrDesktop
03-27 12:21:37.701  1170  1244 V WindowManagerShell:  Delegate animation for (#75) to RemoteTransition { remoteTransition = android.window.IRemoteTransition$Stub$Proxy@6ba2e30, appThread = null, debugName = QuickstepLaunch, filter = null }
03-27 12:21:37.707  1170  1244 V WindowManagerShell:  animated by firstHandler
03-27 12:21:37.713 18712 18712 D DesktopModeFlags: Toggle override initialized to: OVERRIDE_UNSET
03-27 12:21:37.724 10234 10234 D LauncherStateManager: StateManager.cancelAnimation: animation ongoing: false, partial trace:
